=== LemonTree Clustering Debug Info ===
Cluster ID: 4
Input file: LemonPreprocessed_expression.txt
Output dir: .
LemonTree JAR: /home/borisvdm/repo/LemonIte/nextflow/LemonTree/lemontree_v3.1.1.jar
========================================
Java found: openjdk version "17.0.19" 2026-04-21 LTS
LemonTree directory: /home/borisvdm/repo/LemonIte/nextflow/LemonTree
Found lib directory at /home/borisvdm/repo/LemonIte/nextflow/LemonTree/lib
Classpath includes 11 dependency JARs
Final classpath: /home/borisvdm/repo/LemonIte/nextflow/LemonTree/lemontree_v3.1.1.jar:/home/borisvdm/repo/LemonIte/nextflow/LemonTree/lib/BiNGO.jar:/home/borisvdm/repo/LemonIte/nextflow/LemonTree/lib/colt.jar:/home/borisvdm/repo/LemonIte/nextflow/LemonTree/lib/commons-cli-1.1.jar:/home/borisvdm/repo/LemonIte/nextflow/LemonTree/lib/cytoscape.jar:/home/borisvdm/repo/LemonIte/nextflow/LemonTree/lib/cytoscape-task.jar:/home/borisvdm/repo/LemonIte/nextflow/LemonTree/lib/epsgraphics-1.0.0.jar:/home/borisvdm/repo/LemonIte/nextflow/LemonTree/lib/epsgraphics-1.1.jar:/home/borisvdm/repo/LemonIte/nextflow/LemonTree/lib/freehep-graphicsio.jar:/home/borisvdm/repo/LemonIte/nextflow/LemonTree/lib/giny.jar:/home/borisvdm/repo/LemonIte/nextflow/LemonTree/lib/xercesImpl.jar:/home/borisvdm/repo/LemonIte/nextflow/LemonTree/lib/xom-1.0a5.jar
Running LemonTree...

LemonTree - Version 3.1.1
-------------------------

Parameters
----------
task:               ganesh
data_file:          LemonPreprocessed_expression.txt
gene_file:          null
output_file:        ./Lemon_results/cluster_4
lambda:             0.1
mu:                 0.0
alpha:              0.1
beta:               0.1
num_steps:          100
burn_in:            50
sample_steps:       100
score_gain:         0.0
Reading expression data... [ok]
Number of genes in the data matrix: 4611
Number of conditions in the data matrix: 99
Number of missing values in the data matrix: 9222
Total number of expression values: 456489
Gibbs sampling modules...
Initial number of clusters: 2305
step 1 timestamp: Fri May 29 12:12:59 CEST 2026
step 2 timestamp: Fri May 29 12:13:41 CEST 2026
step 3 timestamp: Fri May 29 12:14:08 CEST 2026
step 4 timestamp: Fri May 29 12:14:31 CEST 2026
step 5 timestamp: Fri May 29 12:14:52 CEST 2026
step 6 timestamp: Fri May 29 12:15:13 CEST 2026
step 7 timestamp: Fri May 29 12:15:34 CEST 2026
step 8 timestamp: Fri May 29 12:15:56 CEST 2026
step 9 timestamp: Fri May 29 12:16:18 CEST 2026
step 10 timestamp: Fri May 29 12:16:39 CEST 2026
step 11 timestamp: Fri May 29 12:16:59 CEST 2026
step 12 timestamp: Fri May 29 12:17:19 CEST 2026
step 13 timestamp: Fri May 29 12:17:39 CEST 2026
step 14 timestamp: Fri May 29 12:17:59 CEST 2026
step 15 timestamp: Fri May 29 12:18:19 CEST 2026
step 16 timestamp: Fri May 29 12:18:40 CEST 2026
step 17 timestamp: Fri May 29 12:19:00 CEST 2026
step 18 timestamp: Fri May 29 12:19:20 CEST 2026
step 19 timestamp: Fri May 29 12:19:41 CEST 2026
step 20 timestamp: Fri May 29 12:20:02 CEST 2026
step 21 timestamp: Fri May 29 12:20:21 CEST 2026
step 22 timestamp: Fri May 29 12:20:42 CEST 2026
step 23 timestamp: Fri May 29 12:21:03 CEST 2026
step 24 timestamp: Fri May 29 12:21:23 CEST 2026
step 25 timestamp: Fri May 29 12:21:44 CEST 2026
step 26 timestamp: Fri May 29 12:22:04 CEST 2026
step 27 timestamp: Fri May 29 12:22:24 CEST 2026
step 28 timestamp: Fri May 29 12:22:45 CEST 2026
step 29 timestamp: Fri May 29 12:23:05 CEST 2026
step 30 timestamp: Fri May 29 12:23:25 CEST 2026
step 31 timestamp: Fri May 29 12:23:45 CEST 2026
step 32 timestamp: Fri May 29 12:24:06 CEST 2026
step 33 timestamp: Fri May 29 12:24:26 CEST 2026
step 34 timestamp: Fri May 29 12:24:47 CEST 2026
step 35 timestamp: Fri May 29 12:25:07 CEST 2026
step 36 timestamp: Fri May 29 12:25:28 CEST 2026
step 37 timestamp: Fri May 29 12:25:48 CEST 2026
step 38 timestamp: Fri May 29 12:26:08 CEST 2026
step 39 timestamp: Fri May 29 12:26:29 CEST 2026
step 40 timestamp: Fri May 29 12:26:49 CEST 2026
step 41 timestamp: Fri May 29 12:27:08 CEST 2026
step 42 timestamp: Fri May 29 12:27:29 CEST 2026
step 43 timestamp: Fri May 29 12:27:50 CEST 2026
step 44 timestamp: Fri May 29 12:28:11 CEST 2026
step 45 timestamp: Fri May 29 12:28:31 CEST 2026
step 46 timestamp: Fri May 29 12:28:51 CEST 2026
step 47 timestamp: Fri May 29 12:29:12 CEST 2026
step 48 timestamp: Fri May 29 12:29:32 CEST 2026
step 49 timestamp: Fri May 29 12:29:53 CEST 2026
step 50 timestamp: Fri May 29 12:30:15 CEST 2026
step 51 timestamp: Fri May 29 12:30:37 CEST 2026
step 52 timestamp: Fri May 29 12:30:59 CEST 2026
step 53 timestamp: Fri May 29 12:31:20 CEST 2026
step 54 timestamp: Fri May 29 12:31:40 CEST 2026
step 55 timestamp: Fri May 29 12:32:01 CEST 2026
step 56 timestamp: Fri May 29 12:32:22 CEST 2026
step 57 timestamp: Fri May 29 12:32:43 CEST 2026
step 58 timestamp: Fri May 29 12:33:03 CEST 2026
step 59 timestamp: Fri May 29 12:33:24 CEST 2026
step 60 timestamp: Fri May 29 12:33:45 CEST 2026
step 61 timestamp: Fri May 29 12:34:05 CEST 2026
step 62 timestamp: Fri May 29 12:34:26 CEST 2026
step 63 timestamp: Fri May 29 12:34:47 CEST 2026
step 64 timestamp: Fri May 29 12:35:08 CEST 2026
step 65 timestamp: Fri May 29 12:35:29 CEST 2026
step 66 timestamp: Fri May 29 12:35:49 CEST 2026
step 67 timestamp: Fri May 29 12:36:10 CEST 2026
step 68 timestamp: Fri May 29 12:36:31 CEST 2026
step 69 timestamp: Fri May 29 12:36:51 CEST 2026
step 70 timestamp: Fri May 29 12:37:12 CEST 2026
step 71 timestamp: Fri May 29 12:37:33 CEST 2026
step 72 timestamp: Fri May 29 12:37:54 CEST 2026
step 73 timestamp: Fri May 29 12:38:16 CEST 2026
step 74 timestamp: Fri May 29 12:38:38 CEST 2026
step 75 timestamp: Fri May 29 12:38:58 CEST 2026
step 76 timestamp: Fri May 29 12:39:19 CEST 2026
step 77 timestamp: Fri May 29 12:39:41 CEST 2026
step 78 timestamp: Fri May 29 12:40:02 CEST 2026
step 79 timestamp: Fri May 29 12:40:23 CEST 2026
step 80 timestamp: Fri May 29 12:40:44 CEST 2026
step 81 timestamp: Fri May 29 12:41:05 CEST 2026
step 82 timestamp: Fri May 29 12:41:26 CEST 2026
step 83 timestamp: Fri May 29 12:41:48 CEST 2026
step 84 timestamp: Fri May 29 12:42:09 CEST 2026
step 85 timestamp: Fri May 29 12:42:32 CEST 2026
step 86 timestamp: Fri May 29 12:42:52 CEST 2026
step 87 timestamp: Fri May 29 12:43:13 CEST 2026
step 88 timestamp: Fri May 29 12:43:34 CEST 2026
step 89 timestamp: Fri May 29 12:43:54 CEST 2026
step 90 timestamp: Fri May 29 12:44:16 CEST 2026
step 91 timestamp: Fri May 29 12:44:38 CEST 2026
step 92 timestamp: Fri May 29 12:45:00 CEST 2026
step 93 timestamp: Fri May 29 12:45:22 CEST 2026
