Using bundled network from projectDir: /home/borisvdm/repo/LemonIte/nextflow/PKN/CollecTRI_network.txt
Found core files:
Expression: data/Counts.tsv
Metadata: data/Metadata.txt
Prior network: /home/borisvdm/repo/LemonIte/nextflow/PKN/CollecTRI_network.txt
Copied name_map.csv to Preprocessing directory
WARNING: ignoring environment value of R_HOME

 Regulator types configuration:
   - TFs: Lovering_TF_list.txt (continuous)
   - Metabolites: Metabolomics.txt (continuous)
Metadata columns to include: diagnosis 
Loading required package: S4Vectors
Loading required package: stats4
Loading required package: BiocGenerics

Attaching package: ‘BiocGenerics’

The following objects are masked from ‘package:stats’:

    IQR, mad, sd, var, xtabs

The following objects are masked from ‘package:base’:

    anyDuplicated, aperm, append, as.data.frame, basename, cbind,
    colnames, dirname, do.call, duplicated, eval, evalq, Filter, Find,
    get, grep, grepl, intersect, is.unsorted, lapply, Map, mapply,
    match, mget, order, paste, pmax, pmax.int, pmin, pmin.int,
    Position, rank, rbind, Reduce, rownames, sapply, saveRDS, setdiff,
    table, tapply, union, unique, unsplit, which.max, which.min


Attaching package: ‘S4Vectors’

The following object is masked from ‘package:utils’:

    findMatches

The following objects are masked from ‘package:base’:

    expand.grid, I, unname

Loading required package: IRanges
Loading required package: GenomicRanges
Loading required package: GenomeInfoDb
Loading required package: SummarizedExperiment
Loading required package: MatrixGenerics
Loading required package: matrixStats

Attaching package: ‘MatrixGenerics’

The following objects are masked from ‘package:matrixStats’:

    colAlls, colAnyNAs, colAnys, colAvgsPerRowSet, colCollapse,
    colCounts, colCummaxs, colCummins, colCumprods, colCumsums,
    colDiffs, colIQRDiffs, colIQRs, colLogSumExps, colMadDiffs,
    colMads, colMaxs, colMeans2, colMedians, colMins, colOrderStats,
    colProds, colQuantiles, colRanges, colRanks, colSdDiffs, colSds,
    colSums2, colTabulates, colVarDiffs, colVars, colWeightedMads,
    colWeightedMeans, colWeightedMedians, colWeightedSds,
    colWeightedVars, rowAlls, rowAnyNAs, rowAnys, rowAvgsPerColSet,
    rowCollapse, rowCounts, rowCummaxs, rowCummins, rowCumprods,
    rowCumsums, rowDiffs, rowIQRDiffs, rowIQRs, rowLogSumExps,
    rowMadDiffs, rowMads, rowMaxs, rowMeans2, rowMedians, rowMins,
    rowOrderStats, rowProds, rowQuantiles, rowRanges, rowRanks,
    rowSdDiffs, rowSds, rowSums2, rowTabulates, rowVarDiffs, rowVars,
    rowWeightedMads, rowWeightedMeans, rowWeightedMedians,
    rowWeightedSds, rowWeightedVars

Loading required package: Biobase
Welcome to Bioconductor

    Vignettes contain introductory material; view with
    'browseVignettes()'. To cite Bioconductor, see
    'citation("Biobase")', and for packages 'citation("pkgname")'.


Attaching package: ‘Biobase’

The following object is masked from ‘package:MatrixGenerics’:

    rowMedians

The following objects are masked from ‘package:matrixStats’:

    anyMissing, rowMedians


Attaching package: ‘data.table’

The following object is masked from ‘package:SummarizedExperiment’:

    shift

The following object is masked from ‘package:GenomicRanges’:

    shift

The following object is masked from ‘package:IRanges’:

    shift

The following objects are masked from ‘package:S4Vectors’:

    first, second


Attaching package: ‘dplyr’

The following objects are masked from ‘package:data.table’:

    between, first, last

The following object is masked from ‘package:Biobase’:

    combine

The following object is masked from ‘package:matrixStats’:

    count

The following objects are masked from ‘package:GenomicRanges’:

    intersect, setdiff, union

The following object is masked from ‘package:GenomeInfoDb’:

    intersect

The following objects are masked from ‘package:IRanges’:

    collapse, desc, intersect, setdiff, slice, union

The following objects are masked from ‘package:S4Vectors’:

    first, intersect, rename, setdiff, setequal, union

The following objects are masked from ‘package:BiocGenerics’:

    combine, intersect, setdiff, union

The following objects are masked from ‘package:stats’:

    filter, lag

The following objects are masked from ‘package:base’:

    intersect, setdiff, setequal, union


Attaching package: ‘tidyr’

The following object is masked from ‘package:S4Vectors’:

    expand


Attaching package: ‘purrr’

The following object is masked from ‘package:data.table’:

    transpose

The following object is masked from ‘package:GenomicRanges’:

    reduce

The following object is masked from ‘package:IRanges’:

    reduce


Attaching package: ‘decoupleR’

The following object is masked from ‘package:data.table’:

    :=


Attaching package: ‘AnnotationDbi’

The following object is masked from ‘package:dplyr’:

    select

   [OK] Using custom TF list: TFs (data/Lovering_TF_list.txt)
   [OK] Identified TF list: TFs
   [OK] Identified regulator data: Metabolites (Metabolomics.txt)
Starting preprocessing with the following parameters:
Expression file: data/Counts.tsv 
Metadata file: data/Metadata.txt 
TF list file: data/Lovering_TF_list.txt 
Metabolites file: data/Metabolomics.txt
Metadata file: data/Metadata.txt 
Output directory: . 
Top n variable genes: 2000 
Perform TFA: TRUE 
Prior network: /home/borisvdm/repo/LemonIte/nextflow/PKN/CollecTRI_network.txt 
TF list: data/Lovering_TF_list.txt 

=== TFA ANALYSIS PREREQUISITES CHECK ===
[OK] Prior network file found: /home/borisvdm/repo/LemonIte/nextflow/PKN/CollecTRI_network.txt 
[OK] TFA analysis will proceed using available network source
============================================

=== METADATA REQUIREMENTS VALIDATION ===
 Expected metadata structure for Lemonite pipeline:
   - Sample IDs as row names or in column: Sample_ID 
   - Required columns: diagnosis (or diagnosis )
   - Optional columns: sex, age, batch, biopsy_location
   - File format: Tab-separated (.txt)
   - Output: DESeq_groups.txt for downstream analysis
=============================================

Reading RNA-seq data...
Connecting to Ensembl BioMart...
Trying Ensembl server: https://www.ensembl.org
Successfully connected to: https://www.ensembl.org
Processing metadata and performing normalization...
 Metadata file loaded:
   - Dimensions: 74 samples x 10 columns
   - Available columns: Sample_ID, cause_of_death, gender, age_at_diagnosis, progression_or_recurrence, site_of_resection_or_biopsy, diagnosis2, sample_type, diagnosis, rna_wang_cancer_cell_2017 
[OK] Using metadata columns: diagnosis 
 Setting row names from column: Sample_ID 
 DESeq_groups structure:
   - Dimensions: 74 samples x 1 columns
   - Column 'diagnosis': 4 levels (IDH mutant, nmf1, nmf2)

 DESeq2 contrast analysis setup:
   - Contrast column: diagnosis 
   - Unique conditions: nmf3, nmf1, nmf2, IDH mutant 
   - Sample distribution:
     * IDH mutant: 6 samples
     * nmf1: 21 samples
     * nmf2: 28 samples
     * nmf3: 19 samples
Auto-detected 4 groups in 'diagnosis': using nmf1 vs IDH mutant for DESeq2 normalization
Note: All groups (IDH mutant, nmf1, nmf2, nmf3) will be used for clustering, this contrast is only for normalization
RNA-seq samples found: 74 
Metadata samples found: 74 
Sample ID column used: Sample_ID 
Sample ID values in metadata: C3L-00365, C3L-00674, C3L-00677, C3L-01043, C3L-01045 
Sample ID values in RNA-seq: C3L-00365, C3L-00674, C3L-00677, C3L-01043, C3L-01045 
Using design formula: ~ diagnosis 
Final DESeq_groups columns (for DESeq2): diagnosis 
All metadata columns (for visualization): diagnosis 
converting counts to integer mode
  Note: levels of factors in the design contain characters other than
  letters, numbers, '_' and '.'. It is recommended (but not required) to use
  only letters, numbers, and delimiters '_' or '.', as these are safe characters
  for column names in R. [This is a message, not a warning or an error]
estimating size factors
  Note: levels of factors in the design contain characters other than
  letters, numbers, '_' and '.'. It is recommended (but not required) to use
  only letters, numbers, and delimiters '_' or '.', as these are safe characters
  for column names in R. [This is a message, not a warning or an error]
estimating dispersions
gene-wise dispersion estimates
mean-dispersion relationship
  Note: levels of factors in the design contain characters other than
  letters, numbers, '_' and '.'. It is recommended (but not required) to use
  only letters, numbers, and delimiters '_' or '.', as these are safe characters
  for column names in R. [This is a message, not a warning or an error]
final dispersion estimates
fitting model and testing
  Note: levels of factors in the design contain characters other than
  letters, numbers, '_' and '.'. It is recommended (but not required) to use
  only letters, numbers, and delimiters '_' or '.', as these are safe characters
  for column names in R. [This is a message, not a warning or an error]
-- replacing outliers and refitting for 741 genes
-- DESeq argument 'minReplicatesForReplace' = 7 
-- original counts are preserved in counts(dds)
estimating dispersions
fitting model and testing
  Note: levels of factors in the design contain characters other than
  letters, numbers, '_' and '.'. It is recommended (but not required) to use
  only letters, numbers, and delimiters '_' or '.', as these are safe characters
  for column names in R. [This is a message, not a warning or an error]
null device 
          1 
Number of variable genes selected: 2000 

=== Creating PCA plot for Transcriptomics ===
  Data dimensions: 17110 features x 74 samples
  Removing 3153 features with NA or infinite values
[OK] Saved PCA plot: ./LemonTree/Preprocessing/PCA_transcriptomics.pdf

=== RE-INTRODUCING TFs FROM USER LIST ===
 Reading TF list from: data/Lovering_TF_list.txt 
   [INFO]  Multi-column file detected, using first column
 Total TFs in user list: 1456 
 TFs found in expression data: 1364 
 TFs to add (not in HVG selection): 1227 
[OK] Added 1227 TFs to variable genes
   Total features now: 3227 ( 2000 HVGs + 1227 TFs )
=============================================


=== STARTING TFA ANALYSIS ===
perform_TFA: TRUE 
prior_network: /home/borisvdm/repo/LemonIte/nextflow/PKN/CollecTRI_network.txt 
prior_network exists: TRUE 
[OK] TFA analysis enabled, proceeding...
 Reading prior network from file: /home/borisvdm/repo/LemonIte/nextflow/PKN/CollecTRI_network.txt 
 Network loaded with 45398 interactions
 Running decouple analysis...
[ERROR] Error in TFA analysis: In index: 1. 
[WARNING]  Continuing without TFA...
[INFO] TFA analysis disabled (perform_TFA=FALSE)
=== CREATING EXPRESSION-ONLY DATASET (NO TFA) ===
[OK] Created expression-only dataset with 3227 features (all scaled)
=============================================

[INFO] Using expression-only dataset because TFA is disabled
===========================


 Processing Metabolites data from: data/Metabolomics.txt (data_type=c)

=======================================================================
Processing Metabolites data...
=======================================================================
Reading Metabolites file...
[WARNING]  fread failed, trying read.csv...
[OK] Successfully read with read.csv
  Data dimensions: 134 features x 75 columns
  First 5 feature names: 2_hydroxybutyric_acid, 2_hydroxyglutaric_acid, 3_hydroxybutyric_acid, 3_phosphoglycerate, adenine
  First 5 feature names (cleaned): 2_hydroxybutyric_acid, 2_hydroxyglutaric_acid, 3_hydroxybutyric_acid, 3_phosphoglycerate, adenine
[WARNING]  Data appears to be already log-transformed (median: 20.9 , max: 27.4 )
   Skipping log transformation to avoid double-logging
Using data as-is (already in log space)
Applying Pareto scaling for Metabolites ...
[OK] Saved visualization to: ./LemonTree/Preprocessing/Normalized_metabolites.pdf 

=== Creating PCA plot for Metabolites ===
  Data dimensions: 134 features x 74 samples
[OK] Saved PCA plot: ./LemonTree/Preprocessing/PCA_metabolites.pdf

=======================================================================
Creating output files...
=======================================================================
[OK] Saved: LemonPreprocessed_expression.txt (HVGs + Lovering TFs, NO TFA)
[OK] Prepared RNA data with TFA for complete dataframe
[OK] Saved: LemonPreprocessed_metabolomics.txt
[OK] Saved: metabolites regulator list (134 features, e.g. 2_hydroxybutyric_acid, 2_hydroxyglutaric_acid, 3_hydroxybutyric_acid) -> ./LemonTree/Preprocessing/metabolites.txt

 Processing TF list from: data/Lovering_TF_list.txt
   [INFO]  Multi-column file detected, using first column
[OK] Saved: tfs list (1456 TFs) -> ./LemonTree/Preprocessing/tfs.txt
[OK] Saved: LemonPreprocessed_complete.txt

 Creating DESeq_groups.txt for downstream analysis...
   - Format: Tab-separated with sample IDs as row names
   - Dimensions: 74 samples x 1 columns
   - Columns: diagnosis 

 Pipeline compatibility check:
   - [OK] DESeq_groups.txt: Compatible with DESeq2 and overview modules
   - [OK] Sample IDs: Available as row names for sample matching
   - [OK] Contrast column: ' diagnosis ' available for differential analysis
   - [INFO]  No additional metadata columns detected (sex, age, batch, etc.)
   -  Ready for module_overview_interactive.py and other downstream tools

 Preprocessing completed successfully!
 Output files created in: ./LemonTree/
   - LemonPreprocessed_expression.txt (without TFA)
   - LemonPreprocessed_complete.txt (with all omics data)
   - DESeq_groups.txt
   - tfs.txt (TF list)
   - LemonPreprocessed_metabolomics.txt
   - metabolites.txt (regulator list)
   - LemonPreprocessed_lovering_tf_list.txt
   - tfs.txt (regulator list)
 TFA ANALYSIS FILES:
 TFA visualization files in: ./TFA/
[INFO] No feature names were modified by cleaning — name_mapping.tsv is empty

=======================================================================
[OK] PREPROCESSING COMPLETED SUCCESSFULLY
=======================================================================
