=== Available staged files ===
total 32
drwxr-xr-x 5 borisvdm users  4096 Apr 30 14:54 .
drwxr-xr-x 3 borisvdm users    44 Apr 30 14:54 ..
-rw-r--r-- 1 borisvdm users     0 Apr 30 14:54 .command.begin
-rw-r--r-- 1 borisvdm users     0 Apr 30 14:54 .command.err
-rw-r--r-- 1 borisvdm users    31 Apr 30 14:54 .command.log
-rw-r--r-- 1 borisvdm users    31 Apr 30 14:54 .command.out
-rw-r--r-- 1 borisvdm users 13217 Apr 30 14:54 .command.run
-rw-r--r-- 1 borisvdm users  2290 Apr 30 14:54 .command.sh
-rw-r--r-- 1 borisvdm users     0 Apr 30 14:54 .command.trace
lrwxrwxrwx 1 borisvdm users   117 Apr 30 14:54 DESeq_groups.txt -> /home/borisvdm/repo/LemonIte/nextflow/work/64/cd8ef6393edfdaeec42e9096fa8394/LemonTree/Preprocessing/DESeq_groups.txt
lrwxrwxrwx 1 borisvdm users   134 Apr 30 14:54 expression_variance_histogram.pdf -> /home/borisvdm/repo/LemonIte/nextflow/work/64/cd8ef6393edfdaeec42e9096fa8394/LemonTree/Preprocessing/expression_variance_histogram.pdf
drwxr-xr-x 3 borisvdm users    27 Apr 30 14:54 Lemon_out
lrwxrwxrwx 1 borisvdm users   131 Apr 30 14:54 LemonPreprocessed_complete.txt -> /home/borisvdm/repo/LemonIte/nextflow/work/64/cd8ef6393edfdaeec42e9096fa8394/LemonTree/Preprocessing/LemonPreprocessed_complete.txt
lrwxrwxrwx 1 borisvdm users   133 Apr 30 14:54 LemonPreprocessed_expression.txt -> /home/borisvdm/repo/LemonIte/nextflow/work/64/cd8ef6393edfdaeec42e9096fa8394/LemonTree/Preprocessing/LemonPreprocessed_expression.txt
lrwxrwxrwx 1 borisvdm users   135 Apr 30 14:54 LemonPreprocessed_metabolomics.txt -> /home/borisvdm/repo/LemonIte/nextflow/work/64/cd8ef6393edfdaeec42e9096fa8394/LemonTree/Preprocessing/LemonPreprocessed_metabolomics.txt
drwxr-xr-x 2 borisvdm users    91 Apr 30 14:54 Lemon_results
lrwxrwxrwx 1 borisvdm users   116 Apr 30 14:54 metabolites.txt -> /home/borisvdm/repo/LemonIte/nextflow/work/64/cd8ef6393edfdaeec42e9096fa8394/LemonTree/Preprocessing/metabolites.txt
lrwxrwxrwx 1 borisvdm users   113 Apr 30 14:54 name_map.csv -> /home/borisvdm/repo/LemonIte/nextflow/work/64/cd8ef6393edfdaeec42e9096fa8394/LemonTree/Preprocessing/name_map.csv
lrwxrwxrwx 1 borisvdm users   117 Apr 30 14:54 name_mapping.tsv -> /home/borisvdm/repo/LemonIte/nextflow/work/64/cd8ef6393edfdaeec42e9096fa8394/LemonTree/Preprocessing/name_mapping.tsv
lrwxrwxrwx 1 borisvdm users   127 Apr 30 14:54 Normalized_metabolites.pdf -> /home/borisvdm/repo/LemonIte/nextflow/work/64/cd8ef6393edfdaeec42e9096fa8394/LemonTree/Preprocessing/Normalized_metabolites.pdf
lrwxrwxrwx 1 borisvdm users   120 Apr 30 14:54 PCA_metabolites.pdf -> /home/borisvdm/repo/LemonIte/nextflow/work/64/cd8ef6393edfdaeec42e9096fa8394/LemonTree/Preprocessing/PCA_metabolites.pdf
lrwxrwxrwx 1 borisvdm users   124 Apr 30 14:54 PCA_transcriptomics.pdf -> /home/borisvdm/repo/LemonIte/nextflow/work/64/cd8ef6393edfdaeec42e9096fa8394/LemonTree/Preprocessing/PCA_transcriptomics.pdf
drwxr-xr-x 2 borisvdm users     6 Apr 30 14:54 Preprocessing
lrwxrwxrwx 1 borisvdm users   108 Apr 30 14:54 tfs.txt -> /home/borisvdm/repo/LemonIte/nextflow/work/64/cd8ef6393edfdaeec42e9096fa8394/LemonTree/Preprocessing/tfs.txt
=============================
=== Files in Preprocessing directory ===
total 8424
drwxr-xr-x 2 borisvdm users    4096 Apr 30 14:54 .
drwxr-xr-x 5 borisvdm users    4096 Apr 30 14:54 ..
-rw-r--r-- 1 borisvdm users    1156 Apr 30 14:54 DESeq_groups.txt
-rw-r--r-- 1 borisvdm users   10178 Apr 30 14:54 expression_variance_histogram.pdf
-rw-r--r-- 1 borisvdm users 4264576 Apr 30 14:54 LemonPreprocessed_complete.txt
-rw-r--r-- 1 borisvdm users 4080745 Apr 30 14:54 LemonPreprocessed_expression.txt
-rw-r--r-- 1 borisvdm users  184436 Apr 30 14:54 LemonPreprocessed_metabolomics.txt
-rw-r--r-- 1 borisvdm users    1908 Apr 30 14:54 metabolites.txt
-rwxr-xr-x 1 borisvdm users    8995 Apr 30 14:54 name_map.csv
-rw-r--r-- 1 borisvdm users      17 Apr 30 14:54 name_mapping.tsv
-rw-r--r-- 1 borisvdm users    3611 Apr 30 14:54 Normalized_metabolites.pdf
-rw-r--r-- 1 borisvdm users   10159 Apr 30 14:54 PCA_metabolites.pdf
-rw-r--r-- 1 borisvdm users   10328 Apr 30 14:54 PCA_transcriptomics.pdf
-rw-r--r-- 1 borisvdm users    9088 Apr 30 14:54 tfs.txt
========================================
Running LemonTree post-clustering analysis...
=====================================================
LemonTree Post-Clustering Analysis
=====================================================
Regulator types: TFs:Lovering_TF_list.txt,Metabolites:Metabolomics.txt
LemonTree JAR: /home/borisvdm/repo/LemonIte/nextflow/LemonTree/lemontree_v3.1.1.jar
Working directory: .
=====================================================
Running LemonTree post-clustering analysis...
Creating consensus cluster file...
Searching for cluster files...
Found 10 cluster files
Generating tight clusters...

LemonTree - Version 3.1.1
-------------------------

Parameters
----------
task:               tight_clusters
data_file:          Preprocessing/LemonPreprocessed_expression.txt
cluster_file:       Lemon_out/clusterfile
output_file:        Lemon_out/tight_clusters.txt
node_clustering:    false
min_weight:         0.25
min_clust_size:     10
min_clust_score:    2

Reading expression data... [ok]
Number of genes in the data matrix: 3227
Number of conditions in the data matrix: 75
Number of missing values in the data matrix: 25057
Total number of expression values: 242025
Reading multiple cluster files...
Reading cluster file Lemon_results/cluster_1
 [ok]
Assigned genes: 3227
Not assigned genes: 0
Number of clusters: 128
Reading cluster file Lemon_results/cluster_2
 [ok]
Assigned genes: 3227
Not assigned genes: 0
Number of clusters: 129
Reading cluster file Lemon_results/cluster_3
 [ok]
Assigned genes: 3227
Not assigned genes: 0
Number of clusters: 130
Reading cluster file Lemon_results/cluster_4
 [ok]
Assigned genes: 3227
Not assigned genes: 0
Number of clusters: 134
Reading cluster file Lemon_results/cluster_5
 [ok]
Assigned genes: 3227
Not assigned genes: 0
Number of clusters: 148
Reading cluster file Lemon_results/cluster_1
 [ok]
Assigned genes: 3227
Not assigned genes: 0
Number of clusters: 128
Reading cluster file Lemon_results/cluster_2
 [ok]
Assigned genes: 3227
Not assigned genes: 0
Number of clusters: 129
Reading cluster file Lemon_results/cluster_3
 [ok]
Assigned genes: 3227
Not assigned genes: 0
Number of clusters: 130
Reading cluster file Lemon_results/cluster_4
 [ok]
Assigned genes: 3227
Not assigned genes: 0
Number of clusters: 134
Reading cluster file Lemon_results/cluster_5
 [ok]
Assigned genes: 3227
Not assigned genes: 0
Number of clusters: 148
[ok]
Init CoClustering... [ok]
Found cluster with score 66.74084507042262 and 71 nodes. Remaining network has 3051 nodes and 56502 edges.
Found cluster with score 44.12941176470586 and 68 nodes. Remaining network has 3051 nodes and 54343 edges.
Found cluster with score 35.89230769230768 and 65 nodes. Remaining network has 3051 nodes and 52536 edges.
Found cluster with score 45.79344262295083 and 61 nodes. Remaining network has 3051 nodes and 50762 edges.
Found cluster with score 41.574193548387086 and 62 nodes. Remaining network has 3051 nodes and 48935 edges.
Found cluster with score 36.906382978723414 and 47 nodes. Remaining network has 3051 nodes and 47868 edges.
Found cluster with score 31.719999999999995 and 65 nodes. Remaining network has 3051 nodes and 46132 edges.
Found cluster with score 31.67586206896552 and 58 nodes. Remaining network has 3051 nodes and 44669 edges.
Found cluster with score 35.11891891891892 and 37 nodes. Remaining network has 3051 nodes and 44003 edges.
Found cluster with score 33.57021276595744 and 94 nodes. Remaining network has 3051 nodes and 41672 edges.
Found cluster with score 31.11320754716981 and 53 nodes. Remaining network has 3051 nodes and 40378 edges.
Found cluster with score 28.813333333333336 and 45 nodes. Remaining network has 3051 nodes and 39461 edges.
Found cluster with score 26.33333333333334 and 66 nodes. Remaining network has 3051 nodes and 37916 edges.
Found cluster with score 28.503296703296705 and 91 nodes. Remaining network has 3021 nodes and 35958 edges.
Found cluster with score 27.422857142857158 and 35 nodes. Remaining network has 3021 nodes and 35365 edges.
Found cluster with score 24.400000000000006 and 50 nodes. Remaining network has 3021 nodes and 34310 edges.
Found cluster with score 21.276729559748418 and 159 nodes. Remaining network has 3007 nodes and 31084 edges.
Found cluster with score 23.323809523809526 and 42 nodes. Remaining network has 3007 nodes and 30289 edges.
Found cluster with score 24.47692307692308 and 26 nodes. Remaining network has 3007 nodes and 29964 edges.
Found cluster with score 20.63720930232558 and 43 nodes. Remaining network has 3007 nodes and 29202 edges.
Found cluster with score 20.388888888888893 and 36 nodes. Remaining network has 3007 nodes and 28636 edges.
Found cluster with score 17.866666666666667 and 48 nodes. Remaining network has 3007 nodes and 27870 edges.
Found cluster with score 18.396774193548378 and 124 nodes. Remaining network has 2988 nodes and 25913 edges.
Found cluster with score 17.942857142857147 and 42 nodes. Remaining network has 2988 nodes and 25266 edges.
Found cluster with score 20.629629629629633 and 27 nodes. Remaining network has 2977 nodes and 24921 edges.
Found cluster with score 18.682758620689658 and 29 nodes. Remaining network has 2977 nodes and 24520 edges.
Found cluster with score 16.52558139534884 and 43 nodes. Remaining network has 2972 nodes and 23959 edges.
Found cluster with score 15.864516129032262 and 31 nodes. Remaining network has 2972 nodes and 23544 edges.
Found cluster with score 16.599999999999998 and 27 nodes. Remaining network has 2971 nodes and 23216 edges.
Found cluster with score 17.609523809523814 and 21 nodes. Remaining network has 2971 nodes and 23007 edges.
Found cluster with score 15.256410256410259 and 39 nodes. Remaining network has 2971 nodes and 22464 edges.
Found cluster with score 15.66930693069307 and 101 nodes. Remaining network has 2965 nodes and 21139 edges.
Found cluster with score 14.3625 and 32 nodes. Remaining network has 2965 nodes and 20732 edges.
Found cluster with score 16.01176470588236 and 17 nodes. Remaining network has 2965 nodes and 20596 edges.
Found cluster with score 15.400000000000006 and 35 nodes. Remaining network has 2947 nodes and 20198 edges.
Found cluster with score 14.225806451612906 and 31 nodes. Remaining network has 2946 nodes and 19821 edges.
Found cluster with score 13.689655172413794 and 29 nodes. Remaining network has 2945 nodes and 19496 edges.
Found cluster with score 13.114285714285714 and 28 nodes. Remaining network has 2945 nodes and 19170 edges.
Found cluster with score 13.425806451612903 and 31 nodes. Remaining network has 2944 nodes and 18805 edges.
Found cluster with score 12.523076923076928 and 26 nodes. Remaining network has 2944 nodes and 18545 edges.
Found cluster with score 13.819047619047621 and 21 nodes. Remaining network has 2944 nodes and 18357 edges.
Found cluster with score 13.015384615384615 and 26 nodes. Remaining network has 2943 nodes and 18107 edges.
Found cluster with score 12.284848484848483 and 33 nodes. Remaining network has 2943 nodes and 17757 edges.
Found cluster with score 12.540000000000001 and 20 nodes. Remaining network has 2943 nodes and 17579 edges.
Found cluster with score 12.262500000000001 and 32 nodes. Remaining network has 2943 nodes and 17285 edges.
Found cluster with score 12.666666666666668 and 18 nodes. Remaining network has 2937 nodes and 17132 edges.
Found cluster with score 11.406060606060608 and 66 nodes. Remaining network has 2936 nodes and 16477 edges.
Found cluster with score 11.5 and 44 nodes. Remaining network has 2927 nodes and 16096 edges.
Found cluster with score 18.65217391304348 and 46 nodes. Remaining network has 2915 nodes and 15751 edges.
Found cluster with score 11.65 and 16 nodes. Remaining network has 2915 nodes and 15631 edges.
Found cluster with score 16.07586206896552 and 29 nodes. Remaining network has 2915 nodes and 15378 edges.
Found cluster with score 9.484210526315788 and 19 nodes. Remaining network has 2915 nodes and 15238 edges.
Found cluster with score 8.777777777777779 and 18 nodes. Remaining network has 2915 nodes and 15107 edges.
Found cluster with score 8.963636363636365 and 22 nodes. Remaining network has 2914 nodes and 14938 edges.
Found cluster with score 13.537704918032793 and 183 nodes. Remaining network has 2859 nodes and 13495 edges.
Found cluster with score 8.639999999999999 and 10 nodes. Remaining network has 2859 nodes and 13450 edges.
Found cluster with score 28.407092198581537 and 141 nodes. Remaining network has 2782 nodes and 12447 edges.
Found cluster with score 11.81739130434783 and 23 nodes. Remaining network has 2782 nodes and 12272 edges.
Found cluster with score 8.485714285714284 and 14 nodes. Remaining network has 2781 nodes and 12182 edges.
Found cluster with score 12.055172413793102 and 58 nodes. Remaining network has 2769 nodes and 11785 edges.
Found cluster with score 23.8665384615385 and 1040 nodes. Remaining network has 2025 nodes and 6695 edges.
Found cluster with score 7.3999999999999995 and 11 nodes. Remaining network has 2025 nodes and 6641 edges.
Found cluster with score 10.05833333333333 and 96 nodes. Remaining network has 1992 nodes and 6079 edges.
Found cluster with score 12.86206896551724 and 29 nodes. Remaining network has 1981 nodes and 5893 edges.
Found cluster with score 9.16 and 40 nodes. Remaining network has 1973 nodes and 5696 edges.
Found cluster with score 5.4727272727272736 and 11 nodes. Remaining network has 1968 nodes and 5658 edges.
Found cluster with score 9.34198473282443 and 131 nodes. Remaining network has 1939 nodes and 5070 edges.
Found cluster with score 6.266666666666668 and 12 nodes. Remaining network has 1938 nodes and 5011 edges.
Found cluster with score 12.115789473684213 and 19 nodes. Remaining network has 1922 nodes and 4919 edges.
Found cluster with score 8.277777777777775 and 108 nodes. Remaining network has 1880 nodes and 4486 edges.
Found cluster with score 31.286956521739118 and 46 nodes. Remaining network has 1836 nodes and 4351 edges.
Found cluster with score 35.54358974358977 and 39 nodes. Remaining network has 1799 nodes and 4243 edges.
Found cluster with score 8.23076923076923 and 13 nodes. Remaining network has 1799 nodes and 4204 edges.
Found cluster with score 11.6 and 16 nodes. Remaining network has 1794 nodes and 4088 edges.
Found cluster with score 4.633333333333334 and 12 nodes. Remaining network has 1794 nodes and 4046 edges.
Found cluster with score 9.925714285714285 and 35 nodes. Remaining network has 1771 nodes and 3908 edges.
Found cluster with score 5.50909090909091 and 22 nodes. Remaining network has 1767 nodes and 3823 edges.
Found cluster with score 10.466666666666667 and 18 nodes. Remaining network has 1756 nodes and 3743 edges.
Found cluster with score 4.6571428571428575 and 7 nodes. Remaining network has 1752 nodes and 3722 edges.
Found cluster with score 4.288888888888889 and 9 nodes. Remaining network has 1752 nodes and 3693 edges.
Found cluster with score 9.891428571428573 and 35 nodes. Remaining network has 1732 nodes and 3570 edges.
Found cluster with score 12.803978300180841 and 553 nodes. Remaining network has 1295 nodes and 2195 edges.
Found cluster with score 6.5076923076923086 and 13 nodes. Remaining network has 1289 nodes and 2156 edges.
Found cluster with score 10.636363636363635 and 11 nodes. Remaining network has 1288 nodes and 2101 edges.
Found cluster with score 23.325925925925926 and 27 nodes. Remaining network has 1261 nodes and 2075 edges.
Found cluster with score 18.709090909090904 and 22 nodes. Remaining network has 1242 nodes and 2018 edges.
Found cluster with score 4.55 and 8 nodes. Remaining network has 1237 nodes and 1994 edges.
Found cluster with score 6.269565217391305 and 23 nodes. Remaining network has 1226 nodes and 1927 edges.
Found cluster with score 8.604166666666666 and 384 nodes. Remaining network has 936 nodes and 1243 edges.
Found cluster with score 4.519999999999999 and 5 nodes. Remaining network has 936 nodes and 1233 edges.
Found cluster with score 7.903703703703707 and 27 nodes. Remaining network has 912 nodes and 1175 edges.
Found cluster with score 10.550000000000002 and 16 nodes. Remaining network has 901 nodes and 1120 edges.
Found cluster with score 8.344217687074828 and 147 nodes. Remaining network has 778 nodes and 871 edges.
Found cluster with score 12.253333333333334 and 15 nodes. Remaining network has 765 nodes and 845 edges.
Found cluster with score 12.475 and 16 nodes. Remaining network has 749 nodes and 806 edges.
Found cluster with score 9.892307692307694 and 13 nodes. Remaining network has 736 nodes and 794 edges.
Found cluster with score 5.0 and 6 nodes. Remaining network has 730 nodes and 779 edges.
Found cluster with score 3.8 and 8 nodes. Remaining network has 725 nodes and 769 edges.
Found cluster with score 5.311111111111111 and 9 nodes. Remaining network has 720 nodes and 752 edges.
Found cluster with score 8.200000000000001 and 13 nodes. Remaining network has 707 nodes and 740 edges.
Found cluster with score 5.0 and 5 nodes. Remaining network has 702 nodes and 730 edges.
Found cluster with score 9.90909090909091 and 11 nodes. Remaining network has 691 nodes and 720 edges.
Found cluster with score 5.457142857142857 and 7 nodes. Remaining network has 685 nodes and 710 edges.
Found cluster with score 3.2133333333333343 and 15 nodes. Remaining network has 678 nodes and 683 edges.
Found cluster with score 2.6 and 6 nodes. Remaining network has 676 nodes and 673 edges.
Found cluster with score 2.6 and 4 nodes. Remaining network has 676 nodes and 668 edges.
Found cluster with score 4.066666666666667 and 6 nodes. Remaining network has 672 nodes and 660 edges.
Found cluster with score 4.0 and 4 nodes. Remaining network has 668 nodes and 654 edges.
Found cluster with score 4.8999999999999995 and 8 nodes. Remaining network has 662 nodes and 640 edges.
Found cluster with score 2.066666666666667 and 3 nodes. Remaining network has 662 nodes and 637 edges.
Found cluster with score 3.9 and 8 nodes. Remaining network has 654 nodes and 630 edges.
Found cluster with score 5.044444444444443 and 9 nodes. Remaining network has 645 nodes and 622 edges.
Found cluster with score 3.3 and 8 nodes. Remaining network has 641 nodes and 610 edges.
Found cluster with score 2.2399999999999998 and 10 nodes. Remaining network has 634 nodes and 598 edges.
Found cluster with score 2.466666666666667 and 6 nodes. Remaining network has 628 nodes and 593 edges.
Found cluster with score 1.7999999999999998 and 3 nodes. Remaining network has 627 nodes and 590 edges.
Found cluster with score 5.685714285714285 and 7 nodes. Remaining network has 620 nodes and 584 edges.
Found cluster with score 4.885714285714286 and 7 nodes. Remaining network has 615 nodes and 574 edges.
Found cluster with score 2.927272727272727 and 11 nodes. Remaining network has 612 nodes and 559 edges.
Found cluster with score 2.6999999999999997 and 12 nodes. Remaining network has 602 nodes and 547 edges.
Found cluster with score 4.022222222222222 and 9 nodes. Remaining network has 597 nodes and 527 edges.
Found cluster with score 3.3999999999999995 and 7 nodes. Remaining network has 593 nodes and 517 edges.
Found cluster with score 2.6571428571428575 and 7 nodes. Remaining network has 590 nodes and 509 edges.
Found cluster with score 3.857142857142857 and 7 nodes. Remaining network has 583 nodes and 503 edges.
Found cluster with score 5.750000000000001 and 8 nodes. Remaining network has 575 nodes and 488 edges.
Found cluster with score 2.3999999999999995 and 8 nodes. Remaining network has 571 nodes and 477 edges.
Found cluster with score 3.0666666666666664 and 6 nodes. Remaining network has 568 nodes and 471 edges.
Found cluster with score 2.466666666666667 and 3 nodes. Remaining network has 566 nodes and 468 edges.
Found cluster with score 3.088888888888889 and 9 nodes. Remaining network has 559 nodes and 456 edges.
Found cluster with score 2.741176470588235 and 17 nodes. Remaining network has 546 nodes and 438 edges.
Found cluster with score 4.085714285714285 and 7 nodes. Remaining network has 539 nodes and 432 edges.
Found cluster with score 5.0 and 6 nodes. Remaining network has 533 nodes and 427 edges.
Found cluster with score 2.542857142857143 and 7 nodes. Remaining network has 526 nodes and 421 edges.
Found cluster with score 2.8857142857142857 and 7 nodes. Remaining network has 520 nodes and 414 edges.
Found cluster with score 2.6923076923076925 and 13 nodes. Remaining network has 512 nodes and 401 edges.
Found cluster with score 3.5999999999999996 and 6 nodes. Remaining network has 509 nodes and 393 edges.
Found cluster with score 2.7999999999999994 and 6 nodes. Remaining network has 503 nodes and 388 edges.
Found cluster with score 4.040000000000001 and 5 nodes. Remaining network has 498 nodes and 384 edges.
Found cluster with score 1.9600000000000002 and 5 nodes. Remaining network has 493 nodes and 380 edges.
Found cluster with score 4.040000000000001 and 5 nodes. Remaining network has 488 nodes and 376 edges.
Found cluster with score 2.6799999999999997 and 5 nodes. Remaining network has 483 nodes and 372 edges.
Found cluster with score 4.1 and 8 nodes. Remaining network has 475 nodes and 365 edges.
Found cluster with score 4.040000000000001 and 5 nodes. Remaining network has 470 nodes and 361 edges.
Found cluster with score 2.688888888888888 and 9 nodes. Remaining network has 461 nodes and 353 edges.
Found cluster with score 2.5199999999999996 and 5 nodes. Remaining network has 460 nodes and 347 edges.
Found cluster with score 4.3999999999999995 and 6 nodes. Remaining network has 454 nodes and 339 edges.
Found cluster with score 3.3499999999999996 and 8 nodes. Remaining network has 446 nodes and 332 edges.
Found cluster with score 2.4 and 6 nodes. Remaining network has 442 nodes and 326 edges.
Found cluster with score 2.644444444444444 and 9 nodes. Remaining network has 435 nodes and 314 edges.
Found cluster with score 3.56 and 5 nodes. Remaining network has 430 nodes and 310 edges.
Found cluster with score 2.6 and 6 nodes. Remaining network has 424 nodes and 305 edges.
Found cluster with score 3.3200000000000003 and 5 nodes. Remaining network has 419 nodes and 301 edges.
Found cluster with score 2.36 and 15 nodes. Remaining network has 404 nodes and 287 edges.
Found cluster with score 3.0 and 10 nodes. Remaining network has 399 nodes and 277 edges.
Found cluster with score 2.466666666666667 and 3 nodes. Remaining network has 396 nodes and 275 edges.
Found cluster with score 1.64 and 5 nodes. Remaining network has 391 nodes and 271 edges.
Found cluster with score 2.04 and 5 nodes. Remaining network has 386 nodes and 267 edges.
Found cluster with score 1.9714285714285715 and 7 nodes. Remaining network has 379 nodes and 261 edges.
Found cluster with score 2.8999999999999995 and 4 nodes. Remaining network has 375 nodes and 258 edges.
Found cluster with score 1.64 and 5 nodes. Remaining network has 370 nodes and 254 edges.
Found cluster with score 3.16 and 5 nodes. Remaining network has 365 nodes and 248 edges.
Found cluster with score 2.1636363636363636 and 11 nodes. Remaining network has 354 nodes and 238 edges.
Found cluster with score 1.6 and 4 nodes. Remaining network has 350 nodes and 235 edges.
Found cluster with score 1.7999999999999998 and 3 nodes. Remaining network has 348 nodes and 232 edges.
Found cluster with score 2.8999999999999995 and 4 nodes. Remaining network has 344 nodes and 229 edges.
Found cluster with score 3.4800000000000004 and 5 nodes. Remaining network has 339 nodes and 223 edges.
Found cluster with score 3.066666666666667 and 6 nodes. Remaining network has 333 nodes and 217 edges.
Found cluster with score 1.6 and 4 nodes. Remaining network has 329 nodes and 214 edges.
Found cluster with score 3.1999999999999997 and 10 nodes. Remaining network has 319 nodes and 205 edges.
Found cluster with score 1.5999999999999996 and 4 nodes. Remaining network has 315 nodes and 202 edges.
Found cluster with score 2.244444444444445 and 9 nodes. Remaining network has 306 nodes and 194 edges.
Found cluster with score 1.5999999999999996 and 4 nodes. Remaining network has 302 nodes and 191 edges.
Found cluster with score 2.8999999999999995 and 4 nodes. Remaining network has 298 nodes and 188 edges.
Found cluster with score 2.0999999999999996 and 4 nodes. Remaining network has 294 nodes and 185 edges.
Found cluster with score 1.64 and 5 nodes. Remaining network has 289 nodes and 181 edges.
Found cluster with score 1.7999999999999998 and 4 nodes. Remaining network has 285 nodes and 178 edges.
Found cluster with score 3.1 and 4 nodes. Remaining network has 281 nodes and 175 edges.
Found cluster with score 2.6 and 5 nodes. Remaining network has 276 nodes and 171 edges.
Found cluster with score 1.9333333333333333 and 3 nodes. Remaining network has 273 nodes and 169 edges.
Found cluster with score 1.6 and 4 nodes. Remaining network has 269 nodes and 166 edges.
Found cluster with score 1.5333333333333332 and 3 nodes. Remaining network has 266 nodes and 164 edges.
Found cluster with score 1.7999999999999998 and 4 nodes. Remaining network has 262 nodes and 161 edges.
Found cluster with score 2.5 and 4 nodes. Remaining network has 258 nodes and 157 edges.
Found cluster with score 2.1999999999999997 and 3 nodes. Remaining network has 255 nodes and 155 edges.
Found cluster with score 1.7999999999999998 and 3 nodes. Remaining network has 252 nodes and 153 edges.
Found cluster with score 1.7999999999999998 and 3 nodes. Remaining network has 249 nodes and 150 edges.
Found cluster with score 2.5999999999999996 and 4 nodes. Remaining network has 245 nodes and 146 edges.
Found cluster with score 1.7999999999999998 and 4 nodes. Remaining network has 241 nodes and 143 edges.
Found cluster with score 1.5333333333333332 and 3 nodes. Remaining network has 238 nodes and 141 edges.
Found cluster with score 1.5333333333333332 and 3 nodes. Remaining network has 235 nodes and 139 edges.
Found cluster with score 2.6999999999999997 and 4 nodes. Remaining network has 231 nodes and 135 edges.
Found cluster with score 2.5 and 4 nodes. Remaining network has 227 nodes and 131 edges.
Found cluster with score 1.9333333333333333 and 3 nodes. Remaining network has 224 nodes and 129 edges.
Found cluster with score 1.5333333333333332 and 3 nodes. Remaining network has 221 nodes and 127 edges.
Found cluster with score 2.3 and 4 nodes. Remaining network has 217 nodes and 123 edges.
Found cluster with score 1.5999999999999999 and 4 nodes. Remaining network has 213 nodes and 120 edges.
Found cluster with score 2.1999999999999997 and 3 nodes. Remaining network has 210 nodes and 118 edges.
Found cluster with score 1.5333333333333332 and 3 nodes. Remaining network has 207 nodes and 116 edges.
Found cluster with score 1.7999999999999998 and 3 nodes. Remaining network has 204 nodes and 114 edges.
Found cluster with score 1.5333333333333332 and 3 nodes. Remaining network has 201 nodes and 112 edges.
Found cluster with score 1.5333333333333332 and 3 nodes. Remaining network has 198 nodes and 110 edges.
Found cluster with score 1.5333333333333332 and 3 nodes. Remaining network has 195 nodes and 108 edges.
Found cluster with score 1.5333333333333332 and 3 nodes. Remaining network has 192 nodes and 106 edges.
Found cluster with score 1.6 and 4 nodes. Remaining network has 188 nodes and 103 edges.
Found cluster with score 1.5333333333333332 and 3 nodes. Remaining network has 185 nodes and 101 edges.
Found cluster with score 1.9333333333333333 and 3 nodes. Remaining network has 182 nodes and 99 edges.
Found cluster with score 2.1999999999999997 and 3 nodes. Remaining network has 179 nodes and 97 edges.
Found cluster with score 2.066666666666667 and 3 nodes. Remaining network has 176 nodes and 95 edges.
Found cluster with score 1.7999999999999998 and 4 nodes. Remaining network has 172 nodes and 92 edges.
Found cluster with score 2.066666666666667 and 3 nodes. Remaining network has 169 nodes and 90 edges.
Found cluster with score 1.5333333333333332 and 3 nodes. Remaining network has 166 nodes and 88 edges.
Found cluster with score 1.9333333333333333 and 3 nodes. Remaining network has 163 nodes and 86 edges.
Found cluster with score 1.5333333333333332 and 3 nodes. Remaining network has 160 nodes and 84 edges.
Found cluster with score 1.5333333333333332 and 3 nodes. Remaining network has 157 nodes and 82 edges.
Found cluster with score 2.066666666666667 and 3 nodes. Remaining network has 154 nodes and 80 edges.
Found cluster with score 1.7999999999999998 and 3 nodes. Remaining network has 151 nodes and 78 edges.
Found cluster with score 1.7999999999999998 and 3 nodes. Remaining network has 148 nodes and 76 edges.
Found cluster with score 1.5333333333333332 and 3 nodes. Remaining network has 145 nodes and 74 edges.
Found cluster with score 1.7999999999999998 and 3 nodes. Remaining network has 142 nodes and 72 edges.
Found cluster with score 1.9333333333333333 and 3 nodes. Remaining network has 139 nodes and 70 edges.
Found cluster with score 2.1999999999999997 and 3 nodes. Remaining network has 136 nodes and 68 edges.
Found cluster with score 1.6 and 2 nodes. Remaining network has 134 nodes and 67 edges.
Found cluster with score 1.4 and 2 nodes. Remaining network has 132 nodes and 66 edges.
Found cluster with score 1.4 and 2 nodes. Remaining network has 130 nodes and 65 edges.
Found cluster with score 1.4 and 2 nodes. Remaining network has 128 nodes and 64 edges.
Found cluster with score 1.4 and 2 nodes. Remaining network has 126 nodes and 63 edges.
Found cluster with score 1.4 and 2 nodes. Remaining network has 124 nodes and 62 edges.
Found cluster with score 1.4 and 2 nodes. Remaining network has 122 nodes and 61 edges.
Found cluster with score 1.4 and 2 nodes. Remaining network has 120 nodes and 60 edges.
Found cluster with score 1.4 and 2 nodes. Remaining network has 118 nodes and 59 edges.
Found cluster with score 1.4 and 2 nodes. Remaining network has 116 nodes and 58 edges.
Found cluster with score 1.4 and 2 nodes. Remaining network has 114 nodes and 57 edges.
Found cluster with score 1.4 and 2 nodes. Remaining network has 112 nodes and 56 edges.
Found cluster with score 1.4 and 2 nodes. Remaining network has 110 nodes and 55 edges.
Found cluster with score 1.4 and 2 nodes. Remaining network has 108 nodes and 54 edges.
Found cluster with score 1.4 and 2 nodes. Remaining network has 106 nodes and 53 edges.
Found cluster with score 1.4 and 2 nodes. Remaining network has 104 nodes and 52 edges.
Found cluster with score 1.4 and 2 nodes. Remaining network has 102 nodes and 51 edges.
Found cluster with score 1.4 and 2 nodes. Remaining network has 100 nodes and 50 edges.
Found cluster with score 1.4 and 2 nodes. Remaining network has 98 nodes and 49 edges.
Found cluster with score 1.4 and 2 nodes. Remaining network has 96 nodes and 48 edges.
Found cluster with score 1.4 and 2 nodes. Remaining network has 94 nodes and 47 edges.
Found cluster with score 1.4 and 2 nodes. Remaining network has 92 nodes and 46 edges.
Found cluster with score 1.4 and 2 nodes. Remaining network has 90 nodes and 45 edges.
Found cluster with score 1.4 and 2 nodes. Remaining network has 88 nodes and 44 edges.
Found cluster with score 1.4 and 2 nodes. Remaining network has 86 nodes and 43 edges.
Found cluster with score 1.4 and 2 nodes. Remaining network has 84 nodes and 42 edges.
Found cluster with score 1.4 and 2 nodes. Remaining network has 82 nodes and 41 edges.
Found cluster with score 1.4 and 2 nodes. Remaining network has 80 nodes and 40 edges.
Found cluster with score 1.4 and 2 nodes. Remaining network has 78 nodes and 39 edges.
Found cluster with score 1.4 and 2 nodes. Remaining network has 76 nodes and 38 edges.
Found cluster with score 1.4 and 2 nodes. Remaining network has 74 nodes and 37 edges.
Found cluster with score 1.4 and 2 nodes. Remaining network has 72 nodes and 36 edges.
Found cluster with score 1.4 and 2 nodes. Remaining network has 70 nodes and 35 edges.
Found cluster with score 1.4 and 2 nodes. Remaining network has 68 nodes and 34 edges.
Found cluster with score 1.4 and 2 nodes. Remaining network has 66 nodes and 33 edges.
Found cluster with score 1.4 and 2 nodes. Remaining network has 64 nodes and 32 edges.
Found cluster with score 1.4 and 2 nodes. Remaining network has 62 nodes and 31 edges.
Found cluster with score 1.4 and 2 nodes. Remaining network has 60 nodes and 30 edges.
Found cluster with score 1.4 and 2 nodes. Remaining network has 58 nodes and 29 edges.
Found cluster with score 1.4 and 2 nodes. Remaining network has 56 nodes and 28 edges.
Found cluster with score 1.4 and 2 nodes. Remaining network has 54 nodes and 27 edges.
Found cluster with score 1.4 and 2 nodes. Remaining network has 52 nodes and 26 edges.
Found cluster with score 1.4 and 2 nodes. Remaining network has 50 nodes and 25 edges.
Found cluster with score 1.4 and 2 nodes. Remaining network has 48 nodes and 24 edges.
Found cluster with score 1.4 and 2 nodes. Remaining network has 46 nodes and 23 edges.
Found cluster with score 1.4 and 2 nodes. Remaining network has 44 nodes and 22 edges.
Found cluster with score 1.4 and 2 nodes. Remaining network has 42 nodes and 21 edges.
Found cluster with score 1.4 and 2 nodes. Remaining network has 40 nodes and 20 edges.
Found cluster with score 1.4 and 2 nodes. Remaining network has 38 nodes and 19 edges.
Found cluster with score 1.4 and 2 nodes. Remaining network has 36 nodes and 18 edges.
Found cluster with score 1.4 and 2 nodes. Remaining network has 34 nodes and 17 edges.
Found cluster with score 1.4 and 2 nodes. Remaining network has 32 nodes and 16 edges.
Found cluster with score 1.4 and 2 nodes. Remaining network has 30 nodes and 15 edges.
Found cluster with score 1.4 and 2 nodes. Remaining network has 28 nodes and 14 edges.
Found cluster with score 1.4 and 2 nodes. Remaining network has 26 nodes and 13 edges.
Found cluster with score 1.4 and 2 nodes. Remaining network has 24 nodes and 12 edges.
Found cluster with score 1.4 and 2 nodes. Remaining network has 22 nodes and 11 edges.
Found cluster with score 1.4 and 2 nodes. Remaining network has 20 nodes and 10 edges.
Found cluster with score 1.4 and 2 nodes. Remaining network has 18 nodes and 9 edges.
Found cluster with score 1.4 and 2 nodes. Remaining network has 16 nodes and 8 edges.
Found cluster with score 1.4 and 2 nodes. Remaining network has 14 nodes and 7 edges.
Found cluster with score 1.4 and 2 nodes. Remaining network has 12 nodes and 6 edges.
Found cluster with score 1.4 and 2 nodes. Remaining network has 10 nodes and 5 edges.
Found cluster with score 1.4 and 2 nodes. Remaining network has 8 nodes and 4 edges.
Found cluster with score 1.4 and 2 nodes. Remaining network has 6 nodes and 3 edges.
Found cluster with score 1.4 and 2 nodes. Remaining network has 4 nodes and 2 edges.
Found cluster with score 1.4 and 2 nodes. Remaining network has 2 nodes and 1 edges.
Found cluster with score 1.4 and 2 nodes. Remaining network has 0 nodes and 0 edges.
Found 104 clusters with at least 10 nodes and score higher than 2.0.
Printing clusters... [ok]
Generating regulators for all regulator types...

Processing TFs regulators...
  Regulator list: ./Preprocessing/tfs.txt
  Data type: c (c=continuous, d=discrete)
  Output prefix: Lemon_out/TFs

LemonTree - Version 3.1.1
-------------------------

Parameters
----------
task:               regulators
data_file:          Preprocessing/LemonPreprocessed_complete.txt
reg_file:           ./Preprocessing/tfs.txt
cluster_file:       Lemon_out/tight_clusters.txt
output_file:        Lemon_out/TFs
lambda:             0.1
mu:                 0.0
alpha:              0.1
beta:               0.1
num_runs:           1
num_steps:          1100
burn_in:            100
sample_steps:       100
score_gain:         0.0
num_reg:            10
Reading expression data... [ok]
Number of genes in the data matrix: 3362
Number of conditions in the data matrix: 75
Number of missing values in the data matrix: 25192
Total number of expression values: 252150
Reading cluster file Lemon_out/tight_clusters.txt
 [ok]
Assigned genes: 6022
Not assigned genes: 0
Number of clusters: 104
Reading candidate regulators... [ok]
Found 1364 regulators belonging to the geneset.
0 of them are discrete
92 regulators do not belong to the gene set
dataMean: -2.4991663538603966E-17
dataSigma: 0.9932202608115087
dataMin: -6.5847528461407
dataMax: 6.02652929670819
Gibbs sampling hierarchical trees...
sampling module 0 timestamp: Thu Apr 30 14:54:47 CEST 2026
sampling module 1 timestamp: Thu Apr 30 14:54:51 CEST 2026
sampling module 2 timestamp: Thu Apr 30 14:54:54 CEST 2026
sampling module 3 timestamp: Thu Apr 30 14:54:57 CEST 2026
sampling module 4 timestamp: Thu Apr 30 14:55:00 CEST 2026
sampling module 5 timestamp: Thu Apr 30 14:55:03 CEST 2026
sampling module 6 timestamp: Thu Apr 30 14:55:06 CEST 2026
sampling module 7 timestamp: Thu Apr 30 14:55:09 CEST 2026
sampling module 8 timestamp: Thu Apr 30 14:55:11 CEST 2026
sampling module 9 timestamp: Thu Apr 30 14:55:13 CEST 2026
sampling module 10 timestamp: Thu Apr 30 14:55:17 CEST 2026
sampling module 11 timestamp: Thu Apr 30 14:55:19 CEST 2026
sampling module 12 timestamp: Thu Apr 30 14:55:21 CEST 2026
sampling module 13 timestamp: Thu Apr 30 14:55:23 CEST 2026
sampling module 14 timestamp: Thu Apr 30 14:55:27 CEST 2026
sampling module 15 timestamp: Thu Apr 30 14:55:28 CEST 2026
sampling module 16 timestamp: Thu Apr 30 14:55:30 CEST 2026
sampling module 17 timestamp: Thu Apr 30 14:55:35 CEST 2026
sampling module 18 timestamp: Thu Apr 30 14:55:36 CEST 2026
sampling module 19 timestamp: Thu Apr 30 14:55:38 CEST 2026
sampling module 20 timestamp: Thu Apr 30 14:55:39 CEST 2026
sampling module 21 timestamp: Thu Apr 30 14:55:40 CEST 2026
sampling module 22 timestamp: Thu Apr 30 14:55:42 CEST 2026
sampling module 23 timestamp: Thu Apr 30 14:55:46 CEST 2026
sampling module 24 timestamp: Thu Apr 30 14:55:47 CEST 2026
sampling module 25 timestamp: Thu Apr 30 14:55:48 CEST 2026
sampling module 26 timestamp: Thu Apr 30 14:55:49 CEST 2026
sampling module 27 timestamp: Thu Apr 30 14:55:50 CEST 2026
sampling module 28 timestamp: Thu Apr 30 14:55:51 CEST 2026
sampling module 29 timestamp: Thu Apr 30 14:55:52 CEST 2026
sampling module 30 timestamp: Thu Apr 30 14:55:52 CEST 2026
sampling module 31 timestamp: Thu Apr 30 14:55:53 CEST 2026
sampling module 32 timestamp: Thu Apr 30 14:55:56 CEST 2026
sampling module 33 timestamp: Thu Apr 30 14:55:57 CEST 2026
sampling module 34 timestamp: Thu Apr 30 14:55:58 CEST 2026
sampling module 35 timestamp: Thu Apr 30 14:55:59 CEST 2026
sampling module 36 timestamp: Thu Apr 30 14:56:00 CEST 2026
sampling module 37 timestamp: Thu Apr 30 14:56:01 CEST 2026
sampling module 38 timestamp: Thu Apr 30 14:56:02 CEST 2026
sampling module 39 timestamp: Thu Apr 30 14:56:02 CEST 2026
sampling module 40 timestamp: Thu Apr 30 14:56:03 CEST 2026
sampling module 41 timestamp: Thu Apr 30 14:56:04 CEST 2026
sampling module 42 timestamp: Thu Apr 30 14:56:05 CEST 2026
sampling module 43 timestamp: Thu Apr 30 14:56:07 CEST 2026
sampling module 44 timestamp: Thu Apr 30 14:56:07 CEST 2026
sampling module 45 timestamp: Thu Apr 30 14:56:08 CEST 2026
sampling module 46 timestamp: Thu Apr 30 14:56:09 CEST 2026
sampling module 47 timestamp: Thu Apr 30 14:56:10 CEST 2026
sampling module 48 timestamp: Thu Apr 30 14:56:11 CEST 2026
sampling module 49 timestamp: Thu Apr 30 14:56:13 CEST 2026
sampling module 50 timestamp: Thu Apr 30 14:56:13 CEST 2026
sampling module 51 timestamp: Thu Apr 30 14:56:14 CEST 2026
sampling module 52 timestamp: Thu Apr 30 14:56:15 CEST 2026
sampling module 53 timestamp: Thu Apr 30 14:56:15 CEST 2026
sampling module 54 timestamp: Thu Apr 30 14:56:15 CEST 2026
sampling module 55 timestamp: Thu Apr 30 14:56:21 CEST 2026
sampling module 56 timestamp: Thu Apr 30 14:56:21 CEST 2026
sampling module 57 timestamp: Thu Apr 30 14:56:26 CEST 2026
sampling module 58 timestamp: Thu Apr 30 14:56:27 CEST 2026
sampling module 59 timestamp: Thu Apr 30 14:56:27 CEST 2026
sampling module 60 timestamp: Thu Apr 30 14:56:29 CEST 2026
sampling module 61 timestamp: Thu Apr 30 14:57:19 CEST 2026
sampling module 62 timestamp: Thu Apr 30 14:57:19 CEST 2026
sampling module 63 timestamp: Thu Apr 30 14:57:21 CEST 2026
sampling module 64 timestamp: Thu Apr 30 14:57:22 CEST 2026
sampling module 65 timestamp: Thu Apr 30 14:57:23 CEST 2026
sampling module 66 timestamp: Thu Apr 30 14:57:23 CEST 2026
sampling module 67 timestamp: Thu Apr 30 14:57:27 CEST 2026
sampling module 68 timestamp: Thu Apr 30 14:57:27 CEST 2026
sampling module 69 timestamp: Thu Apr 30 14:57:28 CEST 2026
sampling module 70 timestamp: Thu Apr 30 14:57:30 CEST 2026
sampling module 71 timestamp: Thu Apr 30 14:57:31 CEST 2026
sampling module 72 timestamp: Thu Apr 30 14:57:33 CEST 2026
sampling module 73 timestamp: Thu Apr 30 14:57:33 CEST 2026
sampling module 74 timestamp: Thu Apr 30 14:57:34 CEST 2026
sampling module 75 timestamp: Thu Apr 30 14:57:34 CEST 2026
sampling module 76 timestamp: Thu Apr 30 14:57:35 CEST 2026
sampling module 77 timestamp: Thu Apr 30 14:57:35 CEST 2026
sampling module 78 timestamp: Thu Apr 30 14:57:36 CEST 2026
sampling module 79 timestamp: Thu Apr 30 14:57:37 CEST 2026
sampling module 80 timestamp: Thu Apr 30 14:58:04 CEST 2026
sampling module 81 timestamp: Thu Apr 30 14:58:04 CEST 2026
sampling module 82 timestamp: Thu Apr 30 14:58:05 CEST 2026
sampling module 83 timestamp: Thu Apr 30 14:58:06 CEST 2026
sampling module 84 timestamp: Thu Apr 30 14:58:07 CEST 2026
sampling module 85 timestamp: Thu Apr 30 14:58:07 CEST 2026
sampling module 86 timestamp: Thu Apr 30 14:58:17 CEST 2026
sampling module 87 timestamp: Thu Apr 30 14:58:18 CEST 2026
sampling module 88 timestamp: Thu Apr 30 14:58:19 CEST 2026
sampling module 89 timestamp: Thu Apr 30 14:58:22 CEST 2026
sampling module 90 timestamp: Thu Apr 30 14:58:23 CEST 2026
sampling module 91 timestamp: Thu Apr 30 14:58:23 CEST 2026
sampling module 92 timestamp: Thu Apr 30 14:58:24 CEST 2026
sampling module 93 timestamp: Thu Apr 30 14:58:24 CEST 2026
sampling module 94 timestamp: Thu Apr 30 14:58:25 CEST 2026
sampling module 95 timestamp: Thu Apr 30 14:58:25 CEST 2026
sampling module 96 timestamp: Thu Apr 30 14:58:25 CEST 2026
sampling module 97 timestamp: Thu Apr 30 14:58:25 CEST 2026
sampling module 98 timestamp: Thu Apr 30 14:58:26 CEST 2026
sampling module 99 timestamp: Thu Apr 30 14:58:26 CEST 2026
sampling module 100 timestamp: Thu Apr 30 14:58:27 CEST 2026
sampling module 101 timestamp: Thu Apr 30 14:58:27 CEST 2026
sampling module 102 timestamp: Thu Apr 30 14:58:27 CEST 2026
sampling module 103 timestamp: Thu Apr 30 14:58:27 CEST 2026
done.
Assigning regulators stochastically ...
module: 0
module: 1
module: 2
module: 3
module: 4
module: 5
module: 6
module: 7
module: 8
module: 9
module: 10
module: 11
module: 12
module: 13
module: 14
module: 15
module: 16
module: 17
module: 18
module: 19
module: 20
module: 21
module: 22
module: 23
module: 24
module: 25
module: 26
module: 27
module: 28
module: 29
module: 30
module: 31
module: 32
module: 33
module: 34
module: 35
module: 36
module: 37
module: 38
module: 39
module: 40
module: 41
module: 42
module: 43
module: 44
module: 45
module: 46
module: 47
module: 48
module: 49
module: 50
module: 51
module: 52
module: 53
module: 54
module: 55
module: 56
module: 57
module: 58
module: 59
module: 60
module: 61
module: 62
module: 63
module: 64
module: 65
module: 66
module: 67
module: 68
module: 69
module: 70
module: 71
module: 72
module: 73
module: 74
module: 75
module: 76
module: 77
module: 78
module: 79
module: 80
module: 81
module: 82
module: 83
module: 84
module: 85
module: 86
module: 87
module: 88
module: 89
module: 90
module: 91
module: 92
module: 93
module: 94
module: 95
module: 96
module: 97
module: 98
module: 99
module: 100
module: 101
module: 102
module: 103
[ok]
Printing regulator file Lemon_out/TFs.allreg.txt [ok]
Printing regulator file Lemon_out/TFs.topreg.txt [ok]
Printing random regulator file Lemon_out/TFs.randomreg.txt [ok]
Writing xml file Lemon_out/TFs.xml.gz [ok]
✅ Successfully generated TFs regulators (from ./Preprocessing/tfs.txt)

Processing Metabolites regulators...
  Regulator list: ./Preprocessing/metabolites.txt
  Data type: c (c=continuous, d=discrete)
  Output prefix: Lemon_out/Metabolites

LemonTree - Version 3.1.1
-------------------------

Parameters
----------
task:               regulators
data_file:          Preprocessing/LemonPreprocessed_complete.txt
reg_file:           ./Preprocessing/metabolites.txt
cluster_file:       Lemon_out/tight_clusters.txt
output_file:        Lemon_out/Metabolites
lambda:             0.1
mu:                 0.0
alpha:              0.1
beta:               0.1
num_runs:           1
num_steps:          1100
burn_in:            100
sample_steps:       100
score_gain:         0.0
num_reg:            10
Reading expression data... [ok]
Number of genes in the data matrix: 3362
Number of conditions in the data matrix: 75
Number of missing values in the data matrix: 25192
Total number of expression values: 252150
Reading cluster file Lemon_out/tight_clusters.txt
 [ok]
Assigned genes: 6022
Not assigned genes: 0
Number of clusters: 104
Reading candidate regulators... [ok]
Found 134 regulators belonging to the geneset.
0 of them are discrete
0 regulators do not belong to the gene set
dataMean: -2.4991663538603966E-17
dataSigma: 0.9932202608115087
dataMin: -6.5847528461407
dataMax: 6.02652929670819
Gibbs sampling hierarchical trees...
sampling module 0 timestamp: Thu Apr 30 15:07:24 CEST 2026
sampling module 1 timestamp: Thu Apr 30 15:07:28 CEST 2026
sampling module 2 timestamp: Thu Apr 30 15:07:31 CEST 2026
sampling module 3 timestamp: Thu Apr 30 15:07:33 CEST 2026
sampling module 4 timestamp: Thu Apr 30 15:07:36 CEST 2026
sampling module 5 timestamp: Thu Apr 30 15:07:38 CEST 2026
sampling module 6 timestamp: Thu Apr 30 15:07:40 CEST 2026
sampling module 7 timestamp: Thu Apr 30 15:07:42 CEST 2026
sampling module 8 timestamp: Thu Apr 30 15:07:44 CEST 2026
sampling module 9 timestamp: Thu Apr 30 15:07:46 CEST 2026
sampling module 10 timestamp: Thu Apr 30 15:07:50 CEST 2026
sampling module 11 timestamp: Thu Apr 30 15:07:52 CEST 2026
sampling module 12 timestamp: Thu Apr 30 15:07:54 CEST 2026
sampling module 13 timestamp: Thu Apr 30 15:07:56 CEST 2026
sampling module 14 timestamp: Thu Apr 30 15:08:00 CEST 2026
sampling module 15 timestamp: Thu Apr 30 15:08:02 CEST 2026
sampling module 16 timestamp: Thu Apr 30 15:08:04 CEST 2026
sampling module 17 timestamp: Thu Apr 30 15:08:09 CEST 2026
sampling module 18 timestamp: Thu Apr 30 15:08:11 CEST 2026
sampling module 19 timestamp: Thu Apr 30 15:08:12 CEST 2026
sampling module 20 timestamp: Thu Apr 30 15:08:13 CEST 2026
sampling module 21 timestamp: Thu Apr 30 15:08:14 CEST 2026
sampling module 22 timestamp: Thu Apr 30 15:08:16 CEST 2026
sampling module 23 timestamp: Thu Apr 30 15:08:22 CEST 2026
sampling module 24 timestamp: Thu Apr 30 15:08:24 CEST 2026
sampling module 25 timestamp: Thu Apr 30 15:08:25 CEST 2026
sampling module 26 timestamp: Thu Apr 30 15:08:26 CEST 2026
sampling module 27 timestamp: Thu Apr 30 15:08:27 CEST 2026
sampling module 28 timestamp: Thu Apr 30 15:08:27 CEST 2026
sampling module 29 timestamp: Thu Apr 30 15:08:28 CEST 2026
sampling module 30 timestamp: Thu Apr 30 15:08:29 CEST 2026
sampling module 31 timestamp: Thu Apr 30 15:08:30 CEST 2026
sampling module 32 timestamp: Thu Apr 30 15:08:33 CEST 2026
sampling module 33 timestamp: Thu Apr 30 15:08:34 CEST 2026
sampling module 34 timestamp: Thu Apr 30 15:08:34 CEST 2026
sampling module 35 timestamp: Thu Apr 30 15:08:35 CEST 2026
sampling module 36 timestamp: Thu Apr 30 15:08:36 CEST 2026
sampling module 37 timestamp: Thu Apr 30 15:08:37 CEST 2026
sampling module 38 timestamp: Thu Apr 30 15:08:38 CEST 2026
sampling module 39 timestamp: Thu Apr 30 15:08:38 CEST 2026
sampling module 40 timestamp: Thu Apr 30 15:08:39 CEST 2026
sampling module 41 timestamp: Thu Apr 30 15:08:40 CEST 2026
sampling module 42 timestamp: Thu Apr 30 15:08:41 CEST 2026
sampling module 43 timestamp: Thu Apr 30 15:08:41 CEST 2026
sampling module 44 timestamp: Thu Apr 30 15:08:42 CEST 2026
sampling module 45 timestamp: Thu Apr 30 15:08:43 CEST 2026
sampling module 46 timestamp: Thu Apr 30 15:08:43 CEST 2026
sampling module 47 timestamp: Thu Apr 30 15:08:45 CEST 2026
sampling module 48 timestamp: Thu Apr 30 15:08:46 CEST 2026
sampling module 49 timestamp: Thu Apr 30 15:08:47 CEST 2026
sampling module 50 timestamp: Thu Apr 30 15:08:48 CEST 2026
sampling module 51 timestamp: Thu Apr 30 15:08:49 CEST 2026
sampling module 52 timestamp: Thu Apr 30 15:08:49 CEST 2026
sampling module 53 timestamp: Thu Apr 30 15:08:50 CEST 2026
sampling module 54 timestamp: Thu Apr 30 15:08:50 CEST 2026
sampling module 55 timestamp: Thu Apr 30 15:08:57 CEST 2026
sampling module 56 timestamp: Thu Apr 30 15:08:57 CEST 2026
sampling module 57 timestamp: Thu Apr 30 15:09:02 CEST 2026
sampling module 58 timestamp: Thu Apr 30 15:09:03 CEST 2026
sampling module 59 timestamp: Thu Apr 30 15:09:04 CEST 2026
sampling module 60 timestamp: Thu Apr 30 15:09:06 CEST 2026
sampling module 61 timestamp: Thu Apr 30 15:09:57 CEST 2026
sampling module 62 timestamp: Thu Apr 30 15:09:57 CEST 2026
sampling module 63 timestamp: Thu Apr 30 15:09:59 CEST 2026
sampling module 64 timestamp: Thu Apr 30 15:10:00 CEST 2026
sampling module 65 timestamp: Thu Apr 30 15:10:01 CEST 2026
sampling module 66 timestamp: Thu Apr 30 15:10:02 CEST 2026
sampling module 67 timestamp: Thu Apr 30 15:10:06 CEST 2026
sampling module 68 timestamp: Thu Apr 30 15:10:06 CEST 2026
sampling module 69 timestamp: Thu Apr 30 15:10:07 CEST 2026
sampling module 70 timestamp: Thu Apr 30 15:10:09 CEST 2026
sampling module 71 timestamp: Thu Apr 30 15:10:11 CEST 2026
sampling module 72 timestamp: Thu Apr 30 15:10:12 CEST 2026
sampling module 73 timestamp: Thu Apr 30 15:10:12 CEST 2026
sampling module 74 timestamp: Thu Apr 30 15:10:13 CEST 2026
sampling module 75 timestamp: Thu Apr 30 15:10:13 CEST 2026
sampling module 76 timestamp: Thu Apr 30 15:10:14 CEST 2026
sampling module 77 timestamp: Thu Apr 30 15:10:15 CEST 2026
sampling module 78 timestamp: Thu Apr 30 15:10:15 CEST 2026
sampling module 79 timestamp: Thu Apr 30 15:10:17 CEST 2026
sampling module 80 timestamp: Thu Apr 30 15:10:40 CEST 2026
sampling module 81 timestamp: Thu Apr 30 15:10:41 CEST 2026
sampling module 82 timestamp: Thu Apr 30 15:10:41 CEST 2026
sampling module 83 timestamp: Thu Apr 30 15:10:42 CEST 2026
sampling module 84 timestamp: Thu Apr 30 15:10:43 CEST 2026
sampling module 85 timestamp: Thu Apr 30 15:10:44 CEST 2026
sampling module 86 timestamp: Thu Apr 30 15:10:54 CEST 2026
sampling module 87 timestamp: Thu Apr 30 15:10:55 CEST 2026
sampling module 88 timestamp: Thu Apr 30 15:10:55 CEST 2026
sampling module 89 timestamp: Thu Apr 30 15:10:59 CEST 2026
sampling module 90 timestamp: Thu Apr 30 15:10:59 CEST 2026
sampling module 91 timestamp: Thu Apr 30 15:11:00 CEST 2026
sampling module 92 timestamp: Thu Apr 30 15:11:00 CEST 2026
sampling module 93 timestamp: Thu Apr 30 15:11:01 CEST 2026
sampling module 94 timestamp: Thu Apr 30 15:11:01 CEST 2026
sampling module 95 timestamp: Thu Apr 30 15:11:01 CEST 2026
sampling module 96 timestamp: Thu Apr 30 15:11:02 CEST 2026
sampling module 97 timestamp: Thu Apr 30 15:11:02 CEST 2026
sampling module 98 timestamp: Thu Apr 30 15:11:02 CEST 2026
sampling module 99 timestamp: Thu Apr 30 15:11:03 CEST 2026
sampling module 100 timestamp: Thu Apr 30 15:11:03 CEST 2026
sampling module 101 timestamp: Thu Apr 30 15:11:03 CEST 2026
sampling module 102 timestamp: Thu Apr 30 15:11:04 CEST 2026
sampling module 103 timestamp: Thu Apr 30 15:11:04 CEST 2026
done.
Assigning regulators stochastically ...
module: 0
module: 1
module: 2
module: 3
module: 4
module: 5
module: 6
module: 7
module: 8
module: 9
module: 10
module: 11
module: 12
module: 13
module: 14
module: 15
module: 16
module: 17
module: 18
module: 19
module: 20
module: 21
module: 22
module: 23
module: 24
module: 25
module: 26
module: 27
module: 28
module: 29
module: 30
module: 31
module: 32
module: 33
module: 34
module: 35
module: 36
module: 37
module: 38
module: 39
module: 40
module: 41
module: 42
module: 43
module: 44
module: 45
module: 46
module: 47
module: 48
module: 49
module: 50
module: 51
module: 52
module: 53
module: 54
module: 55
module: 56
module: 57
module: 58
module: 59
module: 60
module: 61
module: 62
module: 63
module: 64
module: 65
module: 66
module: 67
module: 68
module: 69
module: 70
module: 71
module: 72
module: 73
module: 74
module: 75
module: 76
module: 77
module: 78
module: 79
module: 80
module: 81
module: 82
module: 83
module: 84
module: 85
module: 86
module: 87
module: 88
module: 89
module: 90
module: 91
module: 92
module: 93
module: 94
module: 95
module: 96
module: 97
module: 98
module: 99
module: 100
module: 101
module: 102
module: 103
[ok]
Printing regulator file Lemon_out/Metabolites.allreg.txt [ok]
Printing regulator file Lemon_out/Metabolites.topreg.txt [ok]
Printing random regulator file Lemon_out/Metabolites.randomreg.txt [ok]
Writing xml file Lemon_out/Metabolites.xml.gz [ok]
✅ Successfully generated Metabolites regulators (from ./Preprocessing/metabolites.txt)

LemonTree post-clustering analysis completed successfully
=== Files generated by post-clustering ===
Lemon_out/tight_clusters.txt
Lemon_out/TFs.allreg.txt
Lemon_out/TFs.topreg.txt
Lemon_out/TFs.randomreg.txt
Lemon_out/Metabolites.allreg.txt
Lemon_out/Metabolites.topreg.txt
Lemon_out/Metabolites.randomreg.txt
==========================================
