
Attaching package: ‘BiocGenerics’

The following objects are masked from ‘package:stats’:

    IQR, mad, sd, var, xtabs

The following objects are masked from ‘package:base’:

    anyDuplicated, aperm, append, as.data.frame, basename, cbind,
    colnames, dirname, do.call, duplicated, eval, evalq, Filter, Find,
    get, grep, grepl, intersect, is.unsorted, lapply, Map, mapply,
    match, mget, order, paste, pmax, pmax.int, pmin, pmin.int,
    Position, rank, rbind, Reduce, rownames, sapply, saveRDS, setdiff,
    table, tapply, union, unique, unsplit, which.max, which.min

Welcome to Bioconductor

    Vignettes contain introductory material; view with
    'browseVignettes()'. To cite Bioconductor, see
    'citation("Biobase")', and for packages 'citation("pkgname")'.


Attaching package: ‘S4Vectors’

The following objects are masked from ‘package:data.table’:

    first, second

The following object is masked from ‘package:utils’:

    findMatches

The following objects are masked from ‘package:base’:

    expand.grid, I, unname


Attaching package: ‘IRanges’

The following object is masked from ‘package:data.table’:

    shift




clusterProfiler v4.14.6 Learn more at https://yulab-smu.top/contribution-knowledge-mining/

Please cite:

T Wu, E Hu, S Xu, M Chen, P Guo, Z Dai, T Feng, L Zhou, W Tang, L Zhan,
X Fu, S Liu, X Bo, and G Yu. clusterProfiler 4.0: A universal
enrichment tool for interpreting omics data. The Innovation. 2021,
2(3):100141

Attaching package: ‘clusterProfiler’

The following object is masked from ‘package:AnnotationDbi’:

    select

The following object is masked from ‘package:IRanges’:

    slice

The following object is masked from ‘package:S4Vectors’:

    rename

The following object is masked from ‘package:stats’:

    filter

ReactomePA v1.50.0 Learn more at https://yulab-smu.top/contribution-knowledge-mining/

Please cite:

Guangchuang Yu, Qing-Yu He. ReactomePA: an R/Bioconductor package for
reactome pathway analysis and visualization. Molecular BioSystems.
2016, 12(2):477-479

Attaching package: ‘dplyr’

The following object is masked from ‘package:biomaRt’:

    select

The following object is masked from ‘package:AnnotationDbi’:

    select

The following objects are masked from ‘package:IRanges’:

    collapse, desc, intersect, setdiff, slice, union

The following objects are masked from ‘package:S4Vectors’:

    first, intersect, rename, setdiff, setequal, union

The following object is masked from ‘package:Biobase’:

    combine

The following objects are masked from ‘package:BiocGenerics’:

    combine, intersect, setdiff, union

The following objects are masked from ‘package:data.table’:

    between, first, last

The following objects are masked from ‘package:stats’:

    filter, lag

The following objects are masked from ‘package:base’:

    intersect, setdiff, setequal, union

enrichplot v1.26.6 Learn more at https://yulab-smu.top/contribution-knowledge-mining/

Please cite:

Guangchuang Yu, Li-Gen Wang, and Qing-Yu He. ChIPseeker: an
R/Bioconductor package for ChIP peak annotation, comparison and
visualization. Bioinformatics. 2015, 31(14):2382-2383

Attaching package: ‘fastcluster’

The following object is masked from ‘package:stats’:

    hclust


Attaching package: ‘WGCNA’

The following object is masked from ‘package:IRanges’:

    cor

The following object is masked from ‘package:S4Vectors’:

    cor

The following object is masked from ‘package:stats’:

    cor

Welcome to enrichR
Checking connections ... 
Enrichr ... Connection is Live!
FlyEnrichr ... Connection is Live!
WormEnrichr ... Connection is Live!
YeastEnrichr ... Connection is Live!
FishEnrichr ... Connection is Live!
OxEnrichr ... Connection is Live!
 
Warning: The system is configured to read the RTC time in the local time zone.
         This mode cannot be fully supported. It will create various problems
         with time zone changes and daylight saving time adjustments. The RTC
         time is never updated, it relies on external facilities to maintain it.
         If at all possible, use RTC in UTC by calling
         'timedatectl set-local-rtc 0'.
── Attaching core tidyverse packages ──────────────────────── tidyverse 2.0.0 ──
✔ forcats   1.0.1     ✔ readr     2.1.5
✔ lubridate 1.9.4     ✔ tibble    3.3.0
✔ purrr     1.1.0     ✔ tidyr     1.3.1
── Conflicts ────────────────────────────────────────── tidyverse_conflicts() ──
✖ lubridate::%within%() masks IRanges::%within%()
✖ dplyr::between()      masks data.table::between()
✖ dplyr::collapse()     masks IRanges::collapse()
✖ dplyr::combine()      masks Biobase::combine(), BiocGenerics::combine()
✖ dplyr::desc()         masks IRanges::desc()
✖ tidyr::expand()       masks S4Vectors::expand()
✖ dplyr::filter()       masks clusterProfiler::filter(), stats::filter()
✖ dplyr::first()        masks S4Vectors::first(), data.table::first()
✖ lubridate::hour()     masks data.table::hour()
✖ lubridate::isoweek()  masks data.table::isoweek()
✖ dplyr::lag()          masks stats::lag()
✖ dplyr::last()         masks data.table::last()
✖ lubridate::mday()     masks data.table::mday()
✖ lubridate::minute()   masks data.table::minute()
✖ lubridate::month()    masks data.table::month()
✖ ggplot2::Position()   masks BiocGenerics::Position(), base::Position()
✖ lubridate::quarter()  masks data.table::quarter()
✖ purrr::reduce()       masks IRanges::reduce()
✖ dplyr::rename()       masks clusterProfiler::rename(), S4Vectors::rename()
✖ lubridate::second()   masks S4Vectors::second(), data.table::second()
✖ lubridate::second<-() masks S4Vectors::second<-()
✖ dplyr::select()       masks biomaRt::select(), clusterProfiler::select(), AnnotationDbi::select()
✖ purrr::simplify()     masks clusterProfiler::simplify()
✖ dplyr::slice()        masks clusterProfiler::slice(), IRanges::slice()
✖ purrr::transpose()    masks data.table::transpose()
✖ lubridate::wday()     masks data.table::wday()
✖ lubridate::week()     masks data.table::week()
✖ lubridate::yday()     masks data.table::yday()
✖ lubridate::year()     masks data.table::year()
ℹ Use the conflicted package (<http://conflicted.r-lib.org/>) to force all conflicts to become errors
Connection changed to https://maayanlab.cloud/Enrichr/
Connection is Live!
Client error: (429) Too Many Requests (RFC 6585)
Client error: (429) Too Many Requests (RFC 6585)
Client error: (429) Too Many Requests (RFC 6585)
Client error: (429) Too Many Requests (RFC 6585)
Client error: (429) Too Many Requests (RFC 6585)
Client error: (429) Too Many Requests (RFC 6585)
Client error: (429) Too Many Requests (RFC 6585)
Client error: (429) Too Many Requests (RFC 6585)
Client error: (429) Too Many Requests (RFC 6585)
Client error: (429) Too Many Requests (RFC 6585)
Client error: (429) Too Many Requests (RFC 6585)
Client error: (429) Too Many Requests (RFC 6585)
There were 22 warnings (use warnings() to see them)
Connection changed to https://maayanlab.cloud/Enrichr/
Connection is Live!
Saving 7 x 7 in imageSaving 7 x 7 in imageSaving 7 x 7 in imageSaving 7 x 7 in imageSaving 7 x 7 in imageSaving 7 x 7 in imageSaving 7 x 7 in imageSaving 7 x 7 in imageSaving 7 x 7 in imageSaving 7 x 7 in imageClient error: (429) Too Many Requests (RFC 6585)
Saving 7 x 7 in imageSaving 7 x 7 in imageSaving 7 x 7 in imageSaving 7 x 7 in imageSaving 7 x 7 in imageSaving 7 x 7 in imageSaving 7 x 7 in imageSaving 7 x 7 in imageSaving 7 x 7 in imageSaving 7 x 7 in imageSaving 7 x 7 in imageSaving 7 x 7 in imageSaving 7 x 7 in imageSaving 7 x 7 in imageSaving 7 x 7 in imageSaving 7 x 7 in imageSaving 7 x 7 in imageSaving 7 x 7 in imageSaving 7 x 7 in imageSaving 7 x 7 in imageSaving 7 x 7 in imageSaving 7 x 7 in imageSaving 7 x 7 in imageSaving 7 x 7 in imageSaving 7 x 7 in imageSaving 7 x 7 in imageSaving 7 x 7 in imageSaving 7 x 7 in imageSaving 7 x 7 in imageSaving 7 x 7 in imageSaving 7 x 7 in imageSaving 7 x 7 in imageSaving 7 x 7 in imageSaving 7 x 7 in imageSaving 7 x 7 in imageSaving 7 x 7 in imageSaving 7 x 7 in imageSaving 7 x 7 in imageSaving 7 x 7 in imageSaving 7 x 7 in imageSaving 7 x 7 in imageSaving 7 x 7 in imageSaving 7 x 7 in imageSaving 7 x 7 in imageSaving 7 x 7 in imageSaving 7 x 7 in imageSaving 7 x 7 in imageSaving 7 x 7 in imageSaving 7 x 7 in imageSaving 7 x 7 in imageSaving 7 x 7 in imageSaving 7 x 7 in imageSaving 7 x 7 in imageSaving 7 x 7 in imageSaving 7 x 7 in imageSaving 7 x 7 in imageSaving 7 x 7 in imageSaving 7 x 7 in imageSaving 7 x 7 in imageSaving 7 x 7 in imageClient error: (429) Too Many Requests (RFC 6585)
Saving 7 x 7 in imageSaving 7 x 7 in imageSaving 7 x 7 in imageSaving 7 x 7 in imageSaving 7 x 7 in imageSaving 7 x 7 in imageSaving 7 x 7 in imageSaving 7 x 7 in imageSaving 7 x 7 in imageSaving 7 x 7 in imageSaving 7 x 7 in imageSaving 7 x 7 in imageSaving 7 x 7 in imageSaving 7 x 7 in imageSaving 7 x 7 in imageSaving 7 x 7 in imageSaving 7 x 7 in imageSaving 7 x 7 in imageSaving 7 x 7 in imageSaving 7 x 7 in imageSaving 7 x 7 in imageSaving 7 x 7 in imageSaving 7 x 7 in imageSaving 7 x 7 in imageSaving 7 x 7 in imageSaving 7 x 7 in imageSaving 7 x 7 in imageSaving 7 x 7 in imageSaving 7 x 7 in imageSaving 7 x 7 in imageSaving 7 x 7 in imageSaving 7 x 7 in imageSaving 7 x 7 in imageSaving 7 x 7 in imageSaving 7 x 7 in imageSaving 7 x 7 in imageSaving 7 x 7 in imageSaving 7 x 7 in imageSaving 7 x 7 in imageSaving 7 x 7 in imageSaving 7 x 7 in imageSaving 7 x 7 in imageSaving 7 x 7 in imageSaving 7 x 7 in imageSaving 7 x 7 in imageSaving 7 x 7 in imageSaving 7 x 7 in imageSaving 7 x 7 in imageSaving 7 x 7 in imageSaving 7 x 7 in imageSaving 7 x 7 in imageSaving 7 x 7 in imageSaving 7 x 7 in imageSaving 7 x 7 in imageSaving 7 x 7 in imageSaving 7 x 7 in imageSaving 7 x 7 in imageSaving 7 x 7 in imageSaving 7 x 7 in imageSaving 7 x 7 in imageSaving 7 x 7 in imageSaving 7 x 7 in imageSaving 7 x 7 in imageSaving 7 x 7 in imageSaving 7 x 7 in imageSaving 7 x 7 in imageSaving 7 x 7 in imageSaving 7 x 7 in imageSaving 7 x 7 in imageSaving 7 x 7 in imageSaving 7 x 7 in imageSaving 7 x 7 in imageSaving 7 x 7 in imageSaving 7 x 7 in imageSaving 7 x 7 in imageSaving 7 x 7 in imageSaving 7 x 7 in imageSaving 7 x 7 in imageSaving 7 x 7 in imageSaving 7 x 7 in imageSaving 7 x 7 in imageSaving 7 x 7 in imageSaving 7 x 7 in imageSaving 7 x 7 in imageSaving 7 x 7 in imageSaving 7 x 7 in imageSaving 7 x 7 in imageSaving 7 x 7 in imageSaving 7 x 7 in imageSaving 7 x 7 in imageSaving 7 x 7 in imageSaving 7 x 7 in imageSaving 7 x 7 in imageSaving 7 x 7 in imageSaving 7 x 7 in imageSaving 7 x 7 in imageSaving 7 x 7 in imageSaving 7 x 7 in imageSaving 7 x 7 in imageSaving 7 x 7 in imageSaving 7 x 7 in imageSaving 7 x 7 in imageSaving 7 x 7 in imageSaving 7 x 7 in imageSaving 7 x 7 in imageSaving 7 x 7 in imageSaving 7 x 7 in imageSaving 7 x 7 in imageSaving 7 x 7 in imageSaving 7 x 7 in imageSaving 7 x 7 in imageSaving 7 x 7 in imageSaving 7 x 7 in imageSaving 7 x 7 in imageSaving 7 x 7 in imageSaving 7 x 7 in imageSaving 7 x 7 in imageSaving 7 x 7 in imageSaving 7 x 7 in imageSaving 7 x 7 in imageSaving 7 x 7 in imageSaving 7 x 7 in imageSaving 7 x 7 in imageSaving 7 x 7 in imageSaving 7 x 7 in imageClient error: (429) Too Many Requests (RFC 6585)
Saving 7 x 7 in imageSaving 7 x 7 in imageSaving 7 x 7 in imageSaving 7 x 7 in imageSaving 7 x 7 in imageClient error: (429) Too Many Requests (RFC 6585)
Saving 7 x 7 in imageSaving 7 x 7 in imageSaving 7 x 7 in imageSaving 7 x 7 in imageSaving 7 x 7 in imageSaving 7 x 7 in imageSaving 7 x 7 in imageSaving 7 x 7 in imageSaving 7 x 7 in imageSaving 7 x 7 in imageClient error: (429) Too Many Requests (RFC 6585)
Saving 7 x 7 in imageSaving 7 x 7 in imageSaving 7 x 7 in imageSaving 7 x 7 in imageSaving 7 x 7 in imageClient error: (429) Too Many Requests (RFC 6585)
Saving 7 x 7 in imageSaving 7 x 7 in imageSaving 7 x 7 in imageSaving 7 x 7 in imageSaving 7 x 7 in imageSaving 7 x 7 in imageSaving 7 x 7 in imageSaving 7 x 7 in imageSaving 7 x 7 in imageSaving 7 x 7 in imageSaving 7 x 7 in imageSaving 7 x 7 in imageSaving 7 x 7 in imageSaving 7 x 7 in imageSaving 7 x 7 in imageClient error: (429) Too Many Requests (RFC 6585)
Saving 7 x 7 in imageSaving 7 x 7 in imageSaving 7 x 7 in imageSaving 7 x 7 in imageSaving 7 x 7 in imageSaving 7 x 7 in imageSaving 7 x 7 in imageSaving 7 x 7 in imageSaving 7 x 7 in imageSaving 7 x 7 in imageSaving 7 x 7 in imageSaving 7 x 7 in imageSaving 7 x 7 in imageSaving 7 x 7 in imageSaving 7 x 7 in imageSaving 7 x 7 in imageSaving 7 x 7 in imageSaving 7 x 7 in imageSaving 7 x 7 in imageSaving 7 x 7 in imageSaving 7 x 7 in imageSaving 7 x 7 in imageSaving 7 x 7 in imageSaving 7 x 7 in imageSaving 7 x 7 in imageSaving 7 x 7 in imageSaving 7 x 7 in imageSaving 7 x 7 in imageSaving 7 x 7 in imageSaving 7 x 7 in imageSaving 7 x 7 in imageSaving 7 x 7 in imageSaving 7 x 7 in imageSaving 7 x 7 in imageSaving 7 x 7 in imageSaving 7 x 7 in imageSaving 7 x 7 in imageSaving 7 x 7 in imageSaving 7 x 7 in imageSaving 7 x 7 in imageSaving 7 x 7 in imageSaving 7 x 7 in imageSaving 7 x 7 in imageSaving 7 x 7 in imageSaving 7 x 7 in imageSaving 7 x 7 in imageSaving 7 x 7 in imageSaving 7 x 7 in imageSaving 7 x 7 in imageSaving 7 x 7 in imageSaving 7 x 7 in imageSaving 7 x 7 in imageSaving 7 x 7 in imageSaving 7 x 7 in imageSaving 7 x 7 in imageSaving 7 x 7 in imageSaving 7 x 7 in imageSaving 7 x 7 in imageSaving 7 x 7 in imageSaving 7 x 7 in imageSaving 7 x 7 in imageSaving 7 x 7 in imageSaving 7 x 7 in imageSaving 7 x 7 in imageSaving 7 x 7 in imageClient error: (429) Too Many Requests (RFC 6585)
Saving 7 x 7 in imageSaving 7 x 7 in imageSaving 7 x 7 in imageSaving 7 x 7 in imageSaving 7 x 7 in imageSaving 7 x 7 in imageSaving 7 x 7 in imageSaving 7 x 7 in imageSaving 7 x 7 in imageSaving 7 x 7 in imageSaving 7 x 7 in imageSaving 7 x 7 in imageSaving 7 x 7 in imageSaving 7 x 7 in imageSaving 7 x 7 in imageSaving 7 x 7 in imageSaving 7 x 7 in imageSaving 7 x 7 in imageSaving 7 x 7 in imageSaving 7 x 7 in imageSaving 7 x 7 in imageSaving 7 x 7 in imageSaving 7 x 7 in imageSaving 7 x 7 in imageSaving 7 x 7 in imageClient error: (429) Too Many Requests (RFC 6585)
Saving 7 x 7 in imageSaving 7 x 7 in imageSaving 7 x 7 in imageSaving 7 x 7 in imageSaving 7 x 7 in imageSaving 7 x 7 in imageSaving 7 x 7 in imageSaving 7 x 7 in imageSaving 7 x 7 in imageSaving 7 x 7 in imageSaving 7 x 7 in imageSaving 7 x 7 in imageSaving 7 x 7 in imageSaving 7 x 7 in imageSaving 7 x 7 in imageSaving 7 x 7 in imageSaving 7 x 7 in imageSaving 7 x 7 in imageSaving 7 x 7 in imageSaving 7 x 7 in imageSaving 7 x 7 in imageSaving 7 x 7 in imageSaving 7 x 7 in imageSaving 7 x 7 in imageSaving 7 x 7 in imageSaving 7 x 7 in imageSaving 7 x 7 in imageSaving 7 x 7 in imageSaving 7 x 7 in imageSaving 7 x 7 in imageSaving 7 x 7 in imageSaving 7 x 7 in imageSaving 7 x 7 in imageSaving 7 x 7 in imageSaving 7 x 7 in imageClient error: (429) Too Many Requests (RFC 6585)
Saving 7 x 7 in imageSaving 7 x 7 in imageSaving 7 x 7 in imageSaving 7 x 7 in imageSaving 7 x 7 in imageClient error: (429) Too Many Requests (RFC 6585)
Saving 7 x 7 in imageSaving 7 x 7 in imageSaving 7 x 7 in imageSaving 7 x 7 in imageSaving 7 x 7 in imageSaving 7 x 7 in imageSaving 7 x 7 in imageSaving 7 x 7 in imageSaving 7 x 7 in imageSaving 7 x 7 in imageSaving 7 x 7 in imageSaving 7 x 7 in imageSaving 7 x 7 in imageSaving 7 x 7 in imageSaving 7 x 7 in imageSaving 7 x 7 in imageSaving 7 x 7 in imageSaving 7 x 7 in imageSaving 7 x 7 in imageSaving 7 x 7 in imageSaving 7 x 7 in imageSaving 7 x 7 in imageSaving 7 x 7 in imageSaving 7 x 7 in imageSaving 7 x 7 in imageClient error: (429) Too Many Requests (RFC 6585)
Saving 7 x 7 in imageSaving 7 x 7 in imageSaving 7 x 7 in imageSaving 7 x 7 in imageSaving 7 x 7 in imageClient error: (429) Too Many Requests (RFC 6585)
Saving 7 x 7 in imageSaving 7 x 7 in imageSaving 7 x 7 in imageSaving 7 x 7 in imageSaving 7 x 7 in imageSaving 7 x 7 in imageSaving 7 x 7 in imageSaving 7 x 7 in imageSaving 7 x 7 in imageSaving 7 x 7 in imageSaving 7 x 7 in imageSaving 7 x 7 in imageSaving 7 x 7 in imageSaving 7 x 7 in imageSaving 7 x 7 in imageClient error: (429) Too Many Requests (RFC 6585)
Saving 7 x 7 in imageSaving 7 x 7 in imageSaving 7 x 7 in imageSaving 7 x 7 in imageSaving 7 x 7 in imageSaving 7 x 7 in imageSaving 7 x 7 in imageSaving 7 x 7 in imageSaving 7 x 7 in imageSaving 7 x 7 in imageClient error: (429) Too Many Requests (RFC 6585)
Saving 7 x 7 in imageSaving 7 x 7 in imageSaving 7 x 7 in imageSaving 7 x 7 in imageSaving 7 x 7 in imageSaving 7 x 7 in imageSaving 7 x 7 in imageSaving 7 x 7 in imageSaving 7 x 7 in imageSaving 7 x 7 in imageSaving 7 x 7 in imageSaving 7 x 7 in imageSaving 7 x 7 in imageSaving 7 x 7 in imageSaving 7 x 7 in imageSaving 7 x 7 in imageSaving 7 x 7 in imageSaving 7 x 7 in imageSaving 7 x 7 in imageSaving 7 x 7 in imageSaving 7 x 7 in imageSaving 7 x 7 in imageSaving 7 x 7 in imageSaving 7 x 7 in imageSaving 7 x 7 in imageSaving 7 x 7 in imageSaving 7 x 7 in imageSaving 7 x 7 in imageSaving 7 x 7 in imageSaving 7 x 7 in imageSaving 7 x 7 in imageSaving 7 x 7 in imageSaving 7 x 7 in imageSaving 7 x 7 in imageSaving 7 x 7 in imageSaving 7 x 7 in imageSaving 7 x 7 in imageSaving 7 x 7 in imageSaving 7 x 7 in imageSaving 7 x 7 in imageSaving 7 x 7 in imageSaving 7 x 7 in imageSaving 7 x 7 in imageSaving 7 x 7 in imageSaving 7 x 7 in imageSaving 7 x 7 in imageSaving 7 x 7 in imageSaving 7 x 7 in imageSaving 7 x 7 in imageSaving 7 x 7 in imageSaving 7 x 7 in imageSaving 7 x 7 in imageSaving 7 x 7 in imageSaving 7 x 7 in imageSaving 7 x 7 in imageClient error: (429) Too Many Requests (RFC 6585)
Saving 7 x 7 in imageSaving 7 x 7 in imageSaving 7 x 7 in imageSaving 7 x 7 in imageSaving 7 x 7 in imageSaving 7 x 7 in imageSaving 7 x 7 in imageSaving 7 x 7 in imageSaving 7 x 7 in imageSaving 7 x 7 in imageSaving 7 x 7 in imageSaving 7 x 7 in imageSaving 7 x 7 in imageSaving 7 x 7 in imageSaving 7 x 7 in imageSaving 7 x 7 in imageSaving 7 x 7 in imageSaving 7 x 7 in imageSaving 7 x 7 in imageSaving 7 x 7 in imageSaving 7 x 7 in imageSaving 7 x 7 in imageSaving 7 x 7 in imageSaving 7 x 7 in imageSaving 7 x 7 in imageSaving 7 x 7 in imageSaving 7 x 7 in imageSaving 7 x 7 in imageSaving 7 x 7 in imageSaving 7 x 7 in imageSaving 7 x 7 in imageSaving 7 x 7 in imageSaving 7 x 7 in imageSaving 7 x 7 in imageSaving 7 x 7 in imageClient error: (429) Too Many Requests (RFC 6585)
Saving 7 x 7 in imageSaving 7 x 7 in imageSaving 7 x 7 in imageSaving 7 x 7 in imageSaving 7 x 7 in imageSaving 7 x 7 in imageSaving 7 x 7 in imageSaving 7 x 7 in imageSaving 7 x 7 in imageSaving 7 x 7 in imageSaving 7 x 7 in imageSaving 7 x 7 in imageSaving 7 x 7 in imageSaving 7 x 7 in imageSaving 7 x 7 in imageSaving 7 x 7 in imageSaving 7 x 7 in imageSaving 7 x 7 in imageSaving 7 x 7 in imageSaving 7 x 7 in imageSaving 7 x 7 in imageSaving 7 x 7 in imageSaving 7 x 7 in imageSaving 7 x 7 in imageSaving 7 x 7 in imageSaving 7 x 7 in imageSaving 7 x 7 in imageSaving 7 x 7 in imageSaving 7 x 7 in imageSaving 7 x 7 in imageSaving 7 x 7 in imageSaving 7 x 7 in imageSaving 7 x 7 in imageSaving 7 x 7 in imageSaving 7 x 7 in imageSaving 7 x 7 in imageSaving 7 x 7 in imageSaving 7 x 7 in imageSaving 7 x 7 in imageSaving 7 x 7 in imageSaving 7 x 7 in imageSaving 7 x 7 in imageSaving 7 x 7 in imageSaving 7 x 7 in imageSaving 7 x 7 in imageSaving 7 x 7 in imageSaving 7 x 7 in imageSaving 7 x 7 in imageSaving 7 x 7 in imageSaving 7 x 7 in imageSaving 7 x 7 in imageSaving 7 x 7 in imageSaving 7 x 7 in imageSaving 7 x 7 in imageSaving 7 x 7 in imageSaving 7 x 7 in imageSaving 7 x 7 in imageSaving 7 x 7 in imageSaving 7 x 7 in imageSaving 7 x 7 in imageSaving 7 x 7 in imageSaving 7 x 7 in imageSaving 7 x 7 in imageSaving 7 x 7 in imageSaving 7 x 7 in imageSaving 7 x 7 in imageSaving 7 x 7 in imageSaving 7 x 7 in imageSaving 7 x 7 in imageSaving 7 x 7 in imageSaving 7 x 7 in imageSaving 7 x 7 in imageSaving 7 x 7 in imageSaving 7 x 7 in imageSaving 7 x 7 in imageSaving 7 x 7 in imageSaving 7 x 7 in imageSaving 7 x 7 in imageSaving 7 x 7 in imageSaving 7 x 7 in imageClient error: (429) Too Many Requests (RFC 6585)
Saving 7 x 7 in imageSaving 7 x 7 in imageSaving 7 x 7 in imageSaving 7 x 7 in imageSaving 7 x 7 in imageSaving 7 x 7 in imageSaving 7 x 7 in imageSaving 7 x 7 in imageSaving 7 x 7 in imageSaving 7 x 7 in imageSaving 7 x 7 in imageSaving 7 x 7 in imageSaving 7 x 7 in imageSaving 7 x 7 in imageSaving 7 x 7 in imageSaving 7 x 7 in imageSaving 7 x 7 in imageSaving 7 x 7 in imageSaving 7 x 7 in imageSaving 7 x 7 in imageClient error: (429) Too Many Requests (RFC 6585)
Saving 7 x 7 in imageSaving 7 x 7 in imageSaving 7 x 7 in imageSaving 7 x 7 in imageSaving 7 x 7 in imageSaving 7 x 7 in imageSaving 7 x 7 in imageSaving 7 x 7 in imageSaving 7 x 7 in imageSaving 7 x 7 in imageClient error: (429) Too Many Requests (RFC 6585)
Saving 7 x 7 in imageSaving 7 x 7 in imageSaving 7 x 7 in imageSaving 7 x 7 in imageSaving 7 x 7 in imageSaving 7 x 7 in imageSaving 7 x 7 in imageSaving 7 x 7 in imageSaving 7 x 7 in imageSaving 7 x 7 in imageSaving 7 x 7 in imageSaving 7 x 7 in imageSaving 7 x 7 in imageSaving 7 x 7 in imageSaving 7 x 7 in imageSaving 7 x 7 in imageSaving 7 x 7 in imageSaving 7 x 7 in imageSaving 7 x 7 in imageSaving 7 x 7 in imageClient error: (429) Too Many Requests (RFC 6585)
Saving 7 x 7 in imageSaving 7 x 7 in imageSaving 7 x 7 in imageSaving 7 x 7 in imageSaving 7 x 7 in imageSaving 7 x 7 in imageSaving 7 x 7 in imageSaving 7 x 7 in imageSaving 7 x 7 in imageSaving 7 x 7 in imageSaving 7 x 7 in imageSaving 7 x 7 in imageSaving 7 x 7 in imageSaving 7 x 7 in imageSaving 7 x 7 in imageSaving 7 x 7 in imageSaving 7 x 7 in imageSaving 7 x 7 in imageSaving 7 x 7 in imageSaving 7 x 7 in imageSaving 7 x 7 in imageSaving 7 x 7 in imageSaving 7 x 7 in imageSaving 7 x 7 in imageSaving 7 x 7 in imageClient error: (429) Too Many Requests (RFC 6585)
Saving 7 x 7 in imageSaving 7 x 7 in imageSaving 7 x 7 in imageSaving 7 x 7 in imageSaving 7 x 7 in imageSaving 7 x 7 in imageSaving 7 x 7 in imageSaving 7 x 7 in imageSaving 7 x 7 in imageSaving 7 x 7 in imageSaving 7 x 7 in imageSaving 7 x 7 in imageSaving 7 x 7 in imageSaving 7 x 7 in imageSaving 7 x 7 in imageSaving 7 x 7 in imageSaving 7 x 7 in imageSaving 7 x 7 in imageSaving 7 x 7 in imageSaving 7 x 7 in imageSaving 7 x 7 in imageSaving 7 x 7 in imageSaving 7 x 7 in imageSaving 7 x 7 in imageSaving 7 x 7 in imageSaving 7 x 7 in imageSaving 7 x 7 in imageSaving 7 x 7 in imageSaving 7 x 7 in imageSaving 7 x 7 in imageClient error: (429) Too Many Requests (RFC 6585)
Saving 7 x 7 in imageSaving 7 x 7 in imageSaving 7 x 7 in imageSaving 7 x 7 in imageSaving 7 x 7 in imageSaving 7 x 7 in imageSaving 7 x 7 in imageSaving 7 x 7 in imageSaving 7 x 7 in imageSaving 7 x 7 in imageSaving 7 x 7 in imageSaving 7 x 7 in imageSaving 7 x 7 in imageSaving 7 x 7 in imageSaving 7 x 7 in imageClient error: (429) Too Many Requests (RFC 6585)
Saving 7 x 7 in imageSaving 7 x 7 in imageSaving 7 x 7 in imageSaving 7 x 7 in imageSaving 7 x 7 in imageSaving 7 x 7 in imageSaving 7 x 7 in imageSaving 7 x 7 in imageSaving 7 x 7 in imageSaving 7 x 7 in imageSaving 7 x 7 in imageSaving 7 x 7 in imageSaving 7 x 7 in imageSaving 7 x 7 in imageSaving 7 x 7 in imageSaving 7 x 7 in imageSaving 7 x 7 in imageSaving 7 x 7 in imageSaving 7 x 7 in imageSaving 7 x 7 in imageClient error: (429) Too Many Requests (RFC 6585)
Saving 7 x 7 in imageSaving 7 x 7 in imageSaving 7 x 7 in imageSaving 7 x 7 in imageSaving 7 x 7 in imageSaving 7 x 7 in imageSaving 7 x 7 in imageSaving 7 x 7 in imageSaving 7 x 7 in imageSaving 7 x 7 in imageSaving 7 x 7 in imageSaving 7 x 7 in imageSaving 7 x 7 in imageSaving 7 x 7 in imageSaving 7 x 7 in imageSaving 7 x 7 in imageSaving 7 x 7 in imageSaving 7 x 7 in imageSaving 7 x 7 in imageSaving 7 x 7 in imageSaving 7 x 7 in imageSaving 7 x 7 in imageSaving 7 x 7 in imageSaving 7 x 7 in imageSaving 7 x 7 in imageSaving 7 x 7 in imageSaving 7 x 7 in imageSaving 7 x 7 in imageSaving 7 x 7 in imageSaving 7 x 7 in imageSaving 7 x 7 in imageSaving 7 x 7 in imageSaving 7 x 7 in imageSaving 7 x 7 in imageSaving 7 x 7 in imageSaving 7 x 7 in imageSaving 7 x 7 in imageSaving 7 x 7 in imageSaving 7 x 7 in imageSaving 7 x 7 in imageSaving 7 x 7 in imageSaving 7 x 7 in imageSaving 7 x 7 in imageSaving 7 x 7 in imageSaving 7 x 7 in imageClient error: (429) Too Many Requests (RFC 6585)
Saving 7 x 7 in imageSaving 7 x 7 in imageSaving 7 x 7 in imageSaving 7 x 7 in imageSaving 7 x 7 in imageSaving 7 x 7 in imageSaving 7 x 7 in imageSaving 7 x 7 in imageSaving 7 x 7 in imageSaving 7 x 7 in imageSaving 7 x 7 in imageSaving 7 x 7 in imageSaving 7 x 7 in imageSaving 7 x 7 in imageSaving 7 x 7 in imageSaving 7 x 7 in imageSaving 7 x 7 in imageSaving 7 x 7 in imageSaving 7 x 7 in imageSaving 7 x 7 in imageClient error: (429) Too Many Requests (RFC 6585)
Saving 7 x 7 in imageSaving 7 x 7 in imageSaving 7 x 7 in imageSaving 7 x 7 in imageSaving 7 x 7 in imageSaving 7 x 7 in imageSaving 7 x 7 in imageSaving 7 x 7 in imageSaving 7 x 7 in imageSaving 7 x 7 in imageSaving 7 x 7 in imageSaving 7 x 7 in imageSaving 7 x 7 in imageSaving 7 x 7 in imageSaving 7 x 7 in imageSaving 7 x 7 in imageSaving 7 x 7 in imageSaving 7 x 7 in imageSaving 7 x 7 in imageSaving 7 x 7 in imageSaving 7 x 7 in imageSaving 7 x 7 in imageSaving 7 x 7 in imageSaving 7 x 7 in imageSaving 7 x 7 in imageClient error: (429) Too Many Requests (RFC 6585)
Saving 7 x 7 in imageSaving 7 x 7 in imageSaving 7 x 7 in imageSaving 7 x 7 in imageSaving 7 x 7 in imageSaving 7 x 7 in imageSaving 7 x 7 in imageSaving 7 x 7 in imageSaving 7 x 7 in imageSaving 7 x 7 in imageSaving 7 x 7 in imageSaving 7 x 7 in imageSaving 7 x 7 in imageSaving 7 x 7 in imageSaving 7 x 7 in imageSaving 7 x 7 in imageSaving 7 x 7 in imageSaving 7 x 7 in imageSaving 7 x 7 in imageSaving 7 x 7 in imageClient error: (429) Too Many Requests (RFC 6585)
Saving 7 x 7 in imageSaving 7 x 7 in imageSaving 7 x 7 in imageSaving 7 x 7 in imageSaving 7 x 7 in imageSaving 7 x 7 in imageSaving 7 x 7 in imageSaving 7 x 7 in imageSaving 7 x 7 in imageSaving 7 x 7 in imageSaving 7 x 7 in imageSaving 7 x 7 in imageSaving 7 x 7 in imageSaving 7 x 7 in imageSaving 7 x 7 in imageSaving 7 x 7 in imageSaving 7 x 7 in imageSaving 7 x 7 in imageSaving 7 x 7 in imageSaving 7 x 7 in imageSaving 7 x 7 in imageSaving 7 x 7 in imageSaving 7 x 7 in imageSaving 7 x 7 in imageSaving 7 x 7 in imageSaving 7 x 7 in imageSaving 7 x 7 in imageSaving 7 x 7 in imageSaving 7 x 7 in imageSaving 7 x 7 in imageSaving 7 x 7 in imageSaving 7 x 7 in imageSaving 7 x 7 in imageSaving 7 x 7 in imageSaving 7 x 7 in imageSaving 7 x 7 in imageSaving 7 x 7 in imageSaving 7 x 7 in imageSaving 7 x 7 in imageSaving 7 x 7 in imageSaving 7 x 7 in imageSaving 7 x 7 in imageSaving 7 x 7 in imageSaving 7 x 7 in imageSaving 7 x 7 in imageSaving 7 x 7 in imageSaving 7 x 7 in imageSaving 7 x 7 in imageSaving 7 x 7 in imageSaving 7 x 7 in imageSaving 7 x 7 in imageSaving 7 x 7 in imageSaving 7 x 7 in imageSaving 7 x 7 in imageSaving 7 x 7 in imageClient error: (429) Too Many Requests (RFC 6585)
Saving 7 x 7 in imageSaving 7 x 7 in imageSaving 7 x 7 in imageSaving 7 x 7 in imageSaving 7 x 7 in imageSaving 7 x 7 in imageSaving 7 x 7 in imageSaving 7 x 7 in imageSaving 7 x 7 in imageSaving 7 x 7 in imageSaving 7 x 7 in imageSaving 7 x 7 in imageSaving 7 x 7 in imageSaving 7 x 7 in imageSaving 7 x 7 in imageSaving 7 x 7 in imageSaving 7 x 7 in imageSaving 7 x 7 in imageSaving 7 x 7 in imageSaving 7 x 7 in imageSaving 7 x 7 in imageSaving 7 x 7 in imageSaving 7 x 7 in imageSaving 7 x 7 in imageSaving 7 x 7 in imageSaving 7 x 7 in imageSaving 7 x 7 in imageSaving 7 x 7 in imageSaving 7 x 7 in imageSaving 7 x 7 in imageSaving 7 x 7 in imageSaving 7 x 7 in imageSaving 7 x 7 in imageSaving 7 x 7 in imageSaving 7 x 7 in imageSaving 7 x 7 in imageSaving 7 x 7 in imageSaving 7 x 7 in imageSaving 7 x 7 in imageSaving 7 x 7 in imageSaving 7 x 7 in imageSaving 7 x 7 in imageSaving 7 x 7 in imageSaving 7 x 7 in imageSaving 7 x 7 in imageSaving 7 x 7 in imageSaving 7 x 7 in imageSaving 7 x 7 in imageSaving 7 x 7 in imageSaving 7 x 7 in imageSaving 7 x 7 in imageSaving 7 x 7 in imageSaving 7 x 7 in imageSaving 7 x 7 in imageSaving 7 x 7 in imageSaving 7 x 7 in imageSaving 7 x 7 in imageSaving 7 x 7 in imageSaving 7 x 7 in imageSaving 7 x 7 in imageSaving 7 x 7 in imageSaving 7 x 7 in imageSaving 7 x 7 in imageSaving 7 x 7 in imageSaving 7 x 7 in imageSaving 7 x 7 in imageSaving 7 x 7 in imageSaving 7 x 7 in imageSaving 7 x 7 in imageSaving 7 x 7 in imageSaving 7 x 7 in imageSaving 7 x 7 in imageSaving 7 x 7 in imageSaving 7 x 7 in imageSaving 7 x 7 in imageSaving 7 x 7 in imageSaving 7 x 7 in imageSaving 7 x 7 in imageSaving 7 x 7 in imageSaving 7 x 7 in imageSaving 7 x 7 in imageSaving 7 x 7 in imageSaving 7 x 7 in imageSaving 7 x 7 in imageSaving 7 x 7 in imageSaving 7 x 7 in imageSaving 7 x 7 in imageSaving 7 x 7 in imageSaving 7 x 7 in imageSaving 7 x 7 in imageSaving 7 x 7 in imageSaving 7 x 7 in imageSaving 7 x 7 in imageSaving 7 x 7 in imageSaving 7 x 7 in imageSaving 7 x 7 in imageSaving 7 x 7 in imageSaving 7 x 7 in imageSaving 7 x 7 in imageSaving 7 x 7 in imageSaving 7 x 7 in imageSaving 7 x 7 in imageSaving 7 x 7 in imageSaving 7 x 7 in imageSaving 7 x 7 in imageSaving 7 x 7 in imageSaving 7 x 7 in imageSaving 7 x 7 in imageSaving 7 x 7 in imageSaving 7 x 7 in imageSaving 7 x 7 in imageSaving 7 x 7 in imageSaving 7 x 7 in imageSaving 7 x 7 in imageSaving 7 x 7 in imageSaving 7 x 7 in imageSaving 7 x 7 in imageSaving 7 x 7 in imageSaving 7 x 7 in imageSaving 7 x 7 in imageClient error: (429) Too Many Requests (RFC 6585)
Saving 7 x 7 in imageSaving 7 x 7 in imageSaving 7 x 7 in imageSaving 7 x 7 in imageSaving 7 x 7 in imageSaving 7 x 7 in imageSaving 7 x 7 in imageSaving 7 x 7 in imageSaving 7 x 7 in imageSaving 7 x 7 in imageSaving 7 x 7 in imageSaving 7 x 7 in imageSaving 7 x 7 in imageSaving 7 x 7 in imageSaving 7 x 7 in imageSaving 7 x 7 in imageSaving 7 x 7 in imageSaving 7 x 7 in imageSaving 7 x 7 in imageSaving 7 x 7 in imageSaving 7 x 7 in imageSaving 7 x 7 in imageSaving 7 x 7 in imageSaving 7 x 7 in imageSaving 7 x 7 in imageSaving 7 x 7 in imageSaving 7 x 7 in imageSaving 7 x 7 in imageSaving 7 x 7 in imageSaving 7 x 7 in imageSaving 7 x 7 in imageSaving 7 x 7 in imageSaving 7 x 7 in imageSaving 7 x 7 in imageSaving 7 x 7 in imageSaving 7 x 7 in imageSaving 7 x 7 in imageSaving 7 x 7 in imageSaving 7 x 7 in imageSaving 7 x 7 in imageSaving 7 x 7 in imageSaving 7 x 7 in imageSaving 7 x 7 in imageSaving 7 x 7 in imageSaving 7 x 7 in imageClient error: (429) Too Many Requests (RFC 6585)
Saving 7 x 7 in imageSaving 7 x 7 in imageSaving 7 x 7 in imageSaving 7 x 7 in imageSaving 7 x 7 in imageSaving 7 x 7 in imageSaving 7 x 7 in imageSaving 7 x 7 in imageSaving 7 x 7 in imageSaving 7 x 7 in imageClient error: (429) Too Many Requests (RFC 6585)
Saving 7 x 7 in imageSaving 7 x 7 in imageSaving 7 x 7 in imageSaving 7 x 7 in imageSaving 7 x 7 in imageSaving 7 x 7 in imageSaving 7 x 7 in imageSaving 7 x 7 in imageSaving 7 x 7 in imageSaving 7 x 7 in imageSaving 7 x 7 in imageSaving 7 x 7 in imageSaving 7 x 7 in imageSaving 7 x 7 in imageSaving 7 x 7 in imageSaving 7 x 7 in imageSaving 7 x 7 in imageSaving 7 x 7 in imageSaving 7 x 7 in imageSaving 7 x 7 in imageSaving 7 x 7 in imageSaving 7 x 7 in imageSaving 7 x 7 in imageSaving 7 x 7 in imageSaving 7 x 7 in imageSaving 7 x 7 in imageSaving 7 x 7 in imageSaving 7 x 7 in imageSaving 7 x 7 in imageSaving 7 x 7 in imageSaving 7 x 7 in imageSaving 7 x 7 in imageSaving 7 x 7 in imageSaving 7 x 7 in imageSaving 7 x 7 in imageSaving 7 x 7 in imageSaving 7 x 7 in imageSaving 7 x 7 in imageSaving 7 x 7 in imageSaving 7 x 7 in imageSaving 7 x 7 in imageSaving 7 x 7 in imageSaving 7 x 7 in imageSaving 7 x 7 in imageSaving 7 x 7 in imageClient error: (429) Too Many Requests (RFC 6585)
Saving 7 x 7 in imageSaving 7 x 7 in imageSaving 7 x 7 in imageSaving 7 x 7 in imageSaving 7 x 7 in imageSaving 7 x 7 in imageSaving 7 x 7 in imageSaving 7 x 7 in imageSaving 7 x 7 in imageSaving 7 x 7 in imageSaving 7 x 7 in imageSaving 7 x 7 in imageSaving 7 x 7 in imageSaving 7 x 7 in imageSaving 7 x 7 in imageSaving 7 x 7 in imageSaving 7 x 7 in imageSaving 7 x 7 in imageSaving 7 x 7 in imageSaving 7 x 7 in imageSaving 7 x 7 in imageSaving 7 x 7 in imageSaving 7 x 7 in imageSaving 7 x 7 in imageSaving 7 x 7 in imageSaving 7 x 7 in imageSaving 7 x 7 in imageSaving 7 x 7 in imageSaving 7 x 7 in imageSaving 7 x 7 in imageSaving 7 x 7 in imageSaving 7 x 7 in imageSaving 7 x 7 in imageSaving 7 x 7 in imageSaving 7 x 7 in imageSaving 7 x 7 in imageSaving 7 x 7 in imageSaving 7 x 7 in imageSaving 7 x 7 in imageSaving 7 x 7 in imageSaving 7 x 7 in imageSaving 7 x 7 in imageSaving 7 x 7 in imageSaving 7 x 7 in imageSaving 7 x 7 in imageSaving 7 x 7 in imageSaving 7 x 7 in imageSaving 7 x 7 in imageSaving 7 x 7 in imageSaving 7 x 7 in imageSaving 7 x 7 in imageSaving 7 x 7 in imageSaving 7 x 7 in imageSaving 7 x 7 in imageSaving 7 x 7 in imageSaving 7 x 7 in imageSaving 7 x 7 in imageSaving 7 x 7 in imageSaving 7 x 7 in imageSaving 7 x 7 in imageSaving 7 x 7 in imageSaving 7 x 7 in imageSaving 7 x 7 in imageSaving 7 x 7 in imageSaving 7 x 7 in imageSaving 7 x 7 in imageSaving 7 x 7 in imageSaving 7 x 7 in imageSaving 7 x 7 in imageSaving 7 x 7 in imageSaving 7 x 7 in imageSaving 7 x 7 in imageSaving 7 x 7 in imageSaving 7 x 7 in imageSaving 7 x 7 in imageSaving 7 x 7 in imageSaving 7 x 7 in imageSaving 7 x 7 in imageSaving 7 x 7 in imageSaving 7 x 7 in imageSaving 7 x 7 in imageSaving 7 x 7 in imageSaving 7 x 7 in imageSaving 7 x 7 in imageSaving 7 x 7 in imageSaving 7 x 7 in imageSaving 7 x 7 in imageSaving 7 x 7 in imageSaving 7 x 7 in imageSaving 7 x 7 in imageSaving 7 x 7 in imageSaving 7 x 7 in imageSaving 7 x 7 in imageSaving 7 x 7 in imageSaving 7 x 7 in imageSaving 7 x 7 in imageSaving 7 x 7 in imageSaving 7 x 7 in imageSaving 7 x 7 in imageSaving 7 x 7 in imageSaving 7 x 7 in imageSaving 7 x 7 in imageSaving 7 x 7 in imageSaving 7 x 7 in imageSaving 7 x 7 in imageSaving 7 x 7 in imageSaving 7 x 7 in imageSaving 7 x 7 in imageSaving 7 x 7 in imageSaving 7 x 7 in imageSaving 7 x 7 in imageSaving 7 x 7 in imageSaving 7 x 7 in imageSaving 7 x 7 in imageSaving 7 x 7 in imageSaving 7 x 7 in imageSaving 7 x 7 in imageSaving 7 x 7 in imageSaving 7 x 7 in imageSaving 7 x 7 in imageSaving 7 x 7 in imageSaving 7 x 7 in imageSaving 7 x 7 in imageSaving 7 x 7 in imageSaving 7 x 7 in imageSaving 7 x 7 in imageSaving 7 x 7 in imageSaving 7 x 7 in imageSaving 7 x 7 in imageSaving 7 x 7 in imageSaving 7 x 7 in imageSaving 7 x 7 in imageSaving 7 x 7 in imageSaving 7 x 7 in imageSaving 7 x 7 in imageSaving 7 x 7 in imageSaving 7 x 7 in imageSaving 7 x 7 in imageSaving 7 x 7 in imageSaving 7 x 7 in imageSaving 7 x 7 in imageSaving 7 x 7 in imageSaving 7 x 7 in imageSaving 7 x 7 in imageSaving 7 x 7 in imageSaving 7 x 7 in imageSaving 7 x 7 in imageSaving 7 x 7 in imageSaving 7 x 7 in imageSaving 7 x 7 in imageSaving 7 x 7 in imageSaving 7 x 7 in imageSaving 7 x 7 in imageSaving 7 x 7 in imageSaving 7 x 7 in imageSaving 7 x 7 in imageSaving 7 x 7 in imageSaving 7 x 7 in imageSaving 7 x 7 in imageSaving 7 x 7 in imageSaving 7 x 7 in imageSaving 7 x 7 in imageSaving 7 x 7 in imageSaving 7 x 7 in imageSaving 7 x 7 in imageSaving 7 x 7 in imageSaving 7 x 7 in imageSaving 7 x 7 in imageSaving 7 x 7 in imageSaving 7 x 7 in imageSaving 7 x 7 in imageSaving 7 x 7 in imageSaving 7 x 7 in imageSaving 7 x 7 in imageSaving 7 x 7 in imageSaving 7 x 7 in imageSaving 7 x 7 in imageSaving 7 x 7 in imageSaving 7 x 7 in imageSaving 7 x 7 in imageSaving 7 x 7 in imageSaving 7 x 7 in imageSaving 7 x 7 in imageSaving 7 x 7 in imageSaving 7 x 7 in imageSaving 7 x 7 in imageSaving 7 x 7 in imageSaving 7 x 7 in imageSaving 7 x 7 in imageSaving 7 x 7 in imageSaving 7 x 7 in imageSaving 7 x 7 in imageSaving 7 x 7 in imageSaving 7 x 7 in imageSaving 7 x 7 in imageSaving 7 x 7 in imageSaving 7 x 7 in imageSaving 7 x 7 in imageSaving 7 x 7 in imageSaving 7 x 7 in imageSaving 7 x 7 in imageSaving 7 x 7 in imageSaving 7 x 7 in imageSaving 7 x 7 in imageSaving 7 x 7 in imageSaving 7 x 7 in imageSaving 7 x 7 in imageSaving 7 x 7 in imageSaving 7 x 7 in imageSaving 7 x 7 in imageSaving 7 x 7 in imageSaving 7 x 7 in imageSaving 7 x 7 in imageSaving 7 x 7 in imageSaving 7 x 7 in imageSaving 7 x 7 in imageSaving 7 x 7 in imageSaving 7 x 7 in imageSaving 7 x 7 in imageSaving 7 x 7 in imageSaving 7 x 7 in imageSaving 7 x 7 in imageSaving 7 x 7 in imageSaving 7 x 7 in imageSaving 7 x 7 in imageSaving 7 x 7 in imageSaving 7 x 7 in imageSaving 7 x 7 in imageSaving 7 x 7 in imageSaving 7 x 7 in imageSaving 7 x 7 in imageSaving 7 x 7 in imageSaving 7 x 7 in imageSaving 7 x 7 in imageSaving 7 x 7 in imageSaving 7 x 7 in imageSaving 7 x 7 in imageSaving 7 x 7 in imageSaving 7 x 7 in imageSaving 7 x 7 in imageSaving 7 x 7 in imageSaving 7 x 7 in imageSaving 7 x 7 in imageSaving 7 x 7 in imageSaving 7 x 7 in imageSaving 7 x 7 in imageSaving 7 x 7 in imageSaving 7 x 7 in imageSaving 7 x 7 in imageSaving 7 x 7 in imageSaving 7 x 7 in imageSaving 7 x 7 in imageSaving 7 x 7 in imageSaving 7 x 7 in imageSaving 7 x 7 in imageSaving 7 x 7 in imageSaving 7 x 7 in imageSaving 7 x 7 in imageSaving 7 x 7 in imageSaving 7 x 7 in imageSaving 7 x 7 in imageSaving 7 x 7 in imageSaving 7 x 7 in imageSaving 7 x 7 in imageSaving 7 x 7 in imageSaving 7 x 7 in imageSaving 7 x 7 in imageSaving 7 x 7 in imageSaving 7 x 7 in imageSaving 7 x 7 in imageSaving 7 x 7 in imageSaving 7 x 7 in imageSaving 7 x 7 in imageSaving 7 x 7 in imageSaving 7 x 7 in imageSaving 7 x 7 in imageSaving 7 x 7 in imageSaving 7 x 7 in imageSaving 7 x 7 in imageSaving 7 x 7 in imageSaving 7 x 7 in imageSaving 7 x 7 in imageSaving 7 x 7 in imageSaving 7 x 7 in imageSaving 7 x 7 in imageSaving 7 x 7 in imageSaving 7 x 7 in imageSaving 7 x 7 in imageSaving 7 x 7 in imageSaving 7 x 7 in imageSaving 7 x 7 in imageSaving 7 x 7 in imageSaving 7 x 7 in imageSaving 7 x 7 in imageSaving 7 x 7 in imageSaving 7 x 7 in imageSaving 7 x 7 in imageSaving 7 x 7 in imageSaving 7 x 7 in imageSaving 7 x 7 in imageSaving 7 x 7 in imageSaving 7 x 7 in imageSaving 7 x 7 in imageSaving 7 x 7 in imageSaving 7 x 7 in imageSaving 7 x 7 in imageSaving 7 x 7 in imageSaving 7 x 7 in imageSaving 7 x 7 in imageSaving 7 x 7 in imageSaving 7 x 7 in imageSaving 7 x 7 in imageSaving 7 x 7 in imageSaving 7 x 7 in imageSaving 7 x 7 in imageSaving 7 x 7 in imageSaving 7 x 7 in imageSaving 7 x 7 in imageSaving 7 x 7 in imageSaving 7 x 7 in imageSaving 7 x 7 in imageSaving 7 x 7 in imageSaving 7 x 7 in imageSaving 7 x 7 in imageSaving 7 x 7 in imageSaving 7 x 7 in imageSaving 7 x 7 in imageSaving 7 x 7 in imageSaving 7 x 7 in imageSaving 7 x 7 in imageSaving 7 x 7 in imageSaving 7 x 7 in imageSaving 7 x 7 in imageSaving 7 x 7 in imageSaving 7 x 7 in imageSaving 7 x 7 in imageSaving 7 x 7 in imageSaving 7 x 7 in imageSaving 7 x 7 in imageSaving 7 x 7 in imageSaving 7 x 7 in imageSaving 7 x 7 in imageSaving 7 x 7 in imageSaving 7 x 7 in imageSaving 7 x 7 in imageSaving 7 x 7 in imageSaving 7 x 7 in imageSaving 7 x 7 in imageSaving 7 x 7 in imageSaving 7 x 7 in imageSaving 7 x 7 in imageSaving 7 x 7 in imageSaving 7 x 7 in imageSaving 7 x 7 in imageSaving 7 x 7 in imageSaving 7 x 7 in imageSaving 7 x 7 in imageSaving 7 x 7 in imageSaving 7 x 7 in imageSaving 7 x 7 in imageSaving 7 x 7 in imageSaving 7 x 7 in imageSaving 7 x 7 in imageSaving 7 x 7 in imageSaving 7 x 7 in imageSaving 7 x 7 in imageSaving 7 x 7 in imageSaving 7 x 7 in imageSaving 7 x 7 in imageSaving 7 x 7 in imageSaving 7 x 7 in imageSaving 7 x 7 in imageSaving 7 x 7 in imageSaving 7 x 7 in imageSaving 7 x 7 in imageSaving 7 x 7 in imageSaving 7 x 7 in imageSaving 7 x 7 in imageSaving 7 x 7 in imageSaving 7 x 7 in imageSaving 7 x 7 in imageSaving 7 x 7 in imageSaving 7 x 7 in imageSaving 7 x 7 in imageSaving 7 x 7 in imageSaving 7 x 7 in imageSaving 7 x 7 in imageSaving 7 x 7 in imageSaving 7 x 7 in imageSaving 7 x 7 in imageSaving 7 x 7 in imageSaving 7 x 7 in imageSaving 7 x 7 in imageSaving 7 x 7 in imageSaving 7 x 7 in imageSaving 7 x 7 in imageSaving 7 x 7 in imageSaving 7 x 7 in imageSaving 7 x 7 in imageSaving 7 x 7 in imageSaving 7 x 7 in imageSaving 7 x 7 in imageSaving 7 x 7 in imageSaving 7 x 7 in imageSaving 7 x 7 in imageSaving 7 x 7 in imageSaving 7 x 7 in imageSaving 7 x 7 in imageSaving 7 x 7 in imageSaving 7 x 7 in imageSaving 7 x 7 in imageSaving 7 x 7 in imageSaving 7 x 7 in imageSaving 7 x 7 in imageSaving 7 x 7 in imageSaving 7 x 7 in imageSaving 7 x 7 in imageSaving 7 x 7 in imageSaving 7 x 7 in imageSaving 7 x 7 in imageSaving 7 x 7 in imageSaving 7 x 7 in imageSaving 7 x 7 in imageSaving 7 x 7 in imageSaving 7 x 7 in imageSaving 7 x 7 in imageSaving 7 x 7 in imageSaving 7 x 7 in imageSaving 7 x 7 in imageSaving 7 x 7 in imageSaving 7 x 7 in imageSaving 7 x 7 in imageSaving 7 x 7 in imageSaving 7 x 7 in imageSaving 7 x 7 in imageSaving 7 x 7 in imageSaving 7 x 7 in imageSaving 7 x 7 in imageSaving 7 x 7 in imageSaving 7 x 7 in imageSaving 7 x 7 in imageSaving 7 x 7 in imageSaving 7 x 7 in imageSaving 7 x 7 in imageSaving 7 x 7 in imageSaving 7 x 7 in imageSaving 7 x 7 in imageSaving 7 x 7 in imageSaving 7 x 7 in imageSaving 7 x 7 in imageSaving 7 x 7 in imageSaving 7 x 7 in imageSaving 7 x 7 in imageSaving 7 x 7 in imageSaving 7 x 7 in imageSaving 7 x 7 in imageSaving 7 x 7 in imageSaving 7 x 7 in imageSaving 7 x 7 in imageSaving 7 x 7 in imageSaving 7 x 7 in imageSaving 7 x 7 in imageSaving 7 x 7 in imageSaving 7 x 7 in imageSaving 7 x 7 in imageSaving 7 x 7 in imageSaving 7 x 7 in imageSaving 7 x 7 in imageSaving 7 x 7 in imageSaving 7 x 7 in imageSaving 7 x 7 in imageSaving 7 x 7 in imageSaving 7 x 7 in imageSaving 7 x 7 in imageSaving 7 x 7 in imageSaving 7 x 7 in imageSaving 7 x 7 in imageSaving 7 x 7 in imageSaving 7 x 7 in imageSaving 7 x 7 in imageSaving 7 x 7 in imageSaving 7 x 7 in imageSaving 7 x 7 in imageSaving 7 x 7 in imageSaving 7 x 7 in imageSaving 7 x 7 in imageSaving 7 x 7 in imageSaving 7 x 7 in imageSaving 7 x 7 in imageSaving 7 x 7 in imageSaving 7 x 7 in imageSaving 7 x 7 in imageSaving 7 x 7 in imageSaving 7 x 7 in imageSaving 7 x 7 in imageSaving 7 x 7 in imageSaving 7 x 7 in imageSaving 7 x 7 in imageSaving 7 x 7 in imageSaving 7 x 7 in imageSaving 7 x 7 in imageSaving 7 x 7 in imageSaving 7 x 7 in imageSaving 7 x 7 in imageSaving 7 x 7 in imageSaving 7 x 7 in imageSaving 7 x 7 in imageSaving 7 x 7 in imageSaving 7 x 7 in imageSaving 7 x 7 in imageSaving 7 x 7 in imageSaving 7 x 7 in imageSaving 7 x 7 in imageSaving 7 x 7 in imageSaving 7 x 7 in imageSaving 7 x 7 in imageSaving 7 x 7 in imageSaving 7 x 7 in imageSaving 7 x 7 in imageSaving 7 x 7 in imageSaving 7 x 7 in imageSaving 7 x 7 in imageSaving 7 x 7 in imageSaving 7 x 7 in imageSaving 7 x 7 in imageSaving 7 x 7 in imageSaving 7 x 7 in imageSaving 7 x 7 in imageSaving 7 x 7 in imageSaving 7 x 7 in imageSaving 7 x 7 in imageSaving 7 x 7 in imageSaving 7 x 7 in imageSaving 7 x 7 in imageSaving 7 x 7 in imageSaving 7 x 7 in imageSaving 7 x 7 in imageSaving 7 x 7 in imageSaving 7 x 7 in imageSaving 7 x 7 in imageSaving 7 x 7 in imageSaving 7 x 7 in imageSaving 7 x 7 in imageSaving 7 x 7 in imageSaving 7 x 7 in imageSaving 7 x 7 in imageSaving 7 x 7 in imageSaving 7 x 7 in imageSaving 7 x 7 in imageSaving 7 x 7 in imageSaving 7 x 7 in imageSaving 7 x 7 in imageSaving 7 x 7 in imageSaving 7 x 7 in imageSaving 7 x 7 in imageSaving 7 x 7 in imageSaving 7 x 7 in imageSaving 7 x 7 in imageSaving 7 x 7 in imageSaving 7 x 7 in imageSaving 7 x 7 in imageSaving 7 x 7 in imageSaving 7 x 7 in imageSaving 7 x 7 in imageSaving 7 x 7 in imageSaving 7 x 7 in imageSaving 7 x 7 in imageSaving 7 x 7 in imageSaving 7 x 7 in imageSaving 7 x 7 in imageSaving 7 x 7 in imageSaving 7 x 7 in imageSaving 7 x 7 in imageSaving 7 x 7 in imageSaving 7 x 7 in imageSaving 7 x 7 in imageSaving 7 x 7 in imageSaving 7 x 7 in imageSaving 7 x 7 in imageSaving 7 x 7 in imageSaving 7 x 7 in imageSaving 7 x 7 in imageSaving 7 x 7 in imageSaving 7 x 7 in imageSaving 7 x 7 in imageSaving 7 x 7 in imageSaving 7 x 7 in imageSaving 7 x 7 in imageSaving 7 x 7 in imageSaving 7 x 7 in imageSaving 7 x 7 in imageSaving 7 x 7 in imageSaving 7 x 7 in imageSaving 7 x 7 in imageSaving 7 x 7 in imageSaving 7 x 7 in imageSaving 7 x 7 in imageSaving 7 x 7 in imageSaving 7 x 7 in imageSaving 7 x 7 in imageSaving 7 x 7 in imageSaving 7 x 7 in imageSaving 7 x 7 in imageSaving 7 x 7 in imageSaving 7 x 7 in imageSaving 7 x 7 in imageSaving 7 x 7 in imageSaving 7 x 7 in imageSaving 7 x 7 in imageSaving 7 x 7 in imageSaving 7 x 7 in imageSaving 7 x 7 in imageSaving 7 x 7 in imageSaving 7 x 7 in imageSaving 7 x 7 in imageSaving 7 x 7 in imageSaving 7 x 7 in imageSaving 7 x 7 in imageSaving 7 x 7 in imageSaving 7 x 7 in imageSaving 7 x 7 in imageSaving 7 x 7 in imageSaving 7 x 7 in imageSaving 7 x 7 in imageSaving 7 x 7 in imageSaving 7 x 7 in imageSaving 7 x 7 in imageSaving 7 x 7 in imageSaving 7 x 7 in imageSaving 7 x 7 in imageSaving 7 x 7 in imageSaving 7 x 7 in imageSaving 7 x 7 in imageSaving 7 x 7 in imageSaving 7 x 7 in imageSaving 7 x 7 in imageSaving 7 x 7 in imageSaving 7 x 7 in imageSaving 7 x 7 in imageSaving 7 x 7 in imageSaving 7 x 7 in imageSaving 7 x 7 in imageSaving 7 x 7 in imageSaving 7 x 7 in imageSaving 7 x 7 in imageSaving 7 x 7 in imageSaving 7 x 7 in imageSaving 7 x 7 in imageSaving 7 x 7 in imageSaving 7 x 7 in imageSaving 7 x 7 in imageSaving 7 x 7 in imageSaving 7 x 7 in imageSaving 7 x 7 in imageSaving 7 x 7 in imageSaving 7 x 7 in imageSaving 7 x 7 in imageSaving 7 x 7 in imageSaving 7 x 7 in imageSaving 7 x 7 in imageSaving 7 x 7 in imageSaving 7 x 7 in imageSaving 7 x 7 in imageSaving 7 x 7 in imageSaving 7 x 7 in imageSaving 7 x 7 in imageSaving 7 x 7 in imageSaving 7 x 7 in imageSaving 7 x 7 in imageSaving 7 x 7 in imageSaving 7 x 7 in imageSaving 7 x 7 in imageSaving 7 x 7 in imageSaving 7 x 7 in imageSaving 7 x 7 in imageSaving 7 x 7 in imageSaving 7 x 7 in imageSaving 7 x 7 in imageSaving 7 x 7 in imageSaving 7 x 7 in imageSaving 7 x 7 in imageSaving 7 x 7 in imageSaving 7 x 7 in imageSaving 7 x 7 in imageSaving 7 x 7 in imageSaving 7 x 7 in imageSaving 7 x 7 in imageSaving 7 x 7 in imageSaving 7 x 7 in imageSaving 7 x 7 in imageSaving 7 x 7 in imageSaving 7 x 7 in imageSaving 7 x 7 in imageSaving 7 x 7 in imageSaving 7 x 7 in imageSaving 7 x 7 in imageSaving 7 x 7 in imageSaving 7 x 7 in imageSaving 7 x 7 in imageSaving 7 x 7 in imageSaving 7 x 7 in imageSaving 7 x 7 in imageSaving 7 x 7 in imageSaving 7 x 7 in imageSaving 7 x 7 in imageSaving 7 x 7 in imageSaving 7 x 7 in imageSaving 7 x 7 in imageSaving 7 x 7 in imageSaving 7 x 7 in imageSaving 7 x 7 in imageSaving 7 x 7 in imageSaving 7 x 7 in imageSaving 7 x 7 in imageSaving 7 x 7 in imageSaving 7 x 7 in imageSaving 7 x 7 in imageSaving 7 x 7 in imageSaving 7 x 7 in imageSaving 7 x 7 in imageSaving 7 x 7 in imageSaving 7 x 7 in imageSaving 7 x 7 in imageSaving 7 x 7 in imageSaving 7 x 7 in imageSaving 7 x 7 in imageSaving 7 x 7 in imageSaving 7 x 7 in imageSaving 7 x 7 in imageSaving 7 x 7 in imageSaving 7 x 7 in imageSaving 7 x 7 in imageSaving 7 x 7 in imageSaving 7 x 7 in imageSaving 7 x 7 in imageSaving 7 x 7 in imageSaving 7 x 7 in imageSaving 7 x 7 in imageSaving 7 x 7 in imageSaving 7 x 7 in imageSaving 7 x 7 in imageSaving 7 x 7 in imageSaving 7 x 7 in imageSaving 7 x 7 in imageSaving 7 x 7 in imageSaving 7 x 7 in imageSaving 7 x 7 in imageSaving 7 x 7 in imageSaving 7 x 7 in imageSaving 7 x 7 in imageSaving 7 x 7 in imageSaving 7 x 7 in imageSaving 7 x 7 in imageSaving 7 x 7 in imageSaving 7 x 7 in imageSaving 7 x 7 in imageSaving 7 x 7 in imageSaving 7 x 7 in imageSaving 7 x 7 in imageSaving 7 x 7 in imageSaving 7 x 7 in imageSaving 7 x 7 in imageSaving 7 x 7 in imageSaving 7 x 7 in imageSaving 7 x 7 in imageSaving 7 x 7 in imageSaving 7 x 7 in imageSaving 7 x 7 in imageSaving 7 x 7 in imageSaving 7 x 7 in imageSaving 7 x 7 in imageSaving 7 x 7 in imageSaving 7 x 7 in imageSaving 7 x 7 in imageSaving 7 x 7 in imageSaving 7 x 7 in imageSaving 7 x 7 in imageSaving 7 x 7 in imageSaving 7 x 7 in imageSaving 7 x 7 in imageSaving 7 x 7 in imageSaving 7 x 7 in imageSaving 7 x 7 in imageSaving 7 x 7 in imageSaving 7 x 7 in imageSaving 7 x 7 in imageSaving 7 x 7 in imageSaving 7 x 7 in imageSaving 7 x 7 in imageSaving 7 x 7 in imageSaving 7 x 7 in imageSaving 7 x 7 in imageSaving 7 x 7 in imageSaving 7 x 7 in imageSaving 7 x 7 in imageSaving 7 x 7 in imageSaving 7 x 7 in imageSaving 7 x 7 in imageSaving 7 x 7 in imageSaving 7 x 7 in imageSaving 7 x 7 in imageSaving 7 x 7 in imageSaving 7 x 7 in imageSaving 7 x 7 in imageSaving 7 x 7 in imageSaving 7 x 7 in imageSaving 7 x 7 in imageSaving 7 x 7 in imageSaving 7 x 7 in imageSaving 7 x 7 in imageConnection changed to https://maayanlab.cloud/Enrichr/
Connection is Live!
Saving 7 x 7 in imageSaving 7 x 7 in imageSaving 7 x 7 in imageSaving 7 x 7 in imageSaving 7 x 7 in imageSaving 7 x 7 in imageSaving 7 x 7 in imageSaving 7 x 7 in imageSaving 7 x 7 in imageSaving 7 x 7 in imageSaving 7 x 7 in imageSaving 7 x 7 in imageSaving 7 x 7 in imageSaving 7 x 7 in imageSaving 7 x 7 in imageSaving 7 x 7 in imageSaving 7 x 7 in imageSaving 7 x 7 in imageSaving 7 x 7 in imageSaving 7 x 7 in imageSaving 7 x 7 in imageSaving 7 x 7 in imageSaving 7 x 7 in imageSaving 7 x 7 in imageSaving 7 x 7 in imageSaving 7 x 7 in imageSaving 7 x 7 in imageSaving 7 x 7 in imageSaving 7 x 7 in imageSaving 7 x 7 in imageSaving 7 x 7 in imageSaving 7 x 7 in imageSaving 7 x 7 in imageSaving 7 x 7 in imageSaving 7 x 7 in imageSaving 7 x 7 in imageSaving 7 x 7 in imageSaving 7 x 7 in imageSaving 7 x 7 in imageSaving 7 x 7 in imageSaving 7 x 7 in imageSaving 7 x 7 in imageSaving 7 x 7 in imageSaving 7 x 7 in imageSaving 7 x 7 in imageSaving 7 x 7 in imageSaving 7 x 7 in imageSaving 7 x 7 in imageSaving 7 x 7 in imageSaving 7 x 7 in imageSaving 7 x 7 in imageSaving 7 x 7 in imageSaving 7 x 7 in imageSaving 7 x 7 in imageSaving 7 x 7 in imageSaving 7 x 7 in imageSaving 7 x 7 in imageSaving 7 x 7 in imageSaving 7 x 7 in imageSaving 7 x 7 in imageSaving 7 x 7 in imageSaving 7 x 7 in imageSaving 7 x 7 in imageSaving 7 x 7 in imageSaving 7 x 7 in imageClient error: (429) Too Many Requests (RFC 6585)
Saving 7 x 7 in imageSaving 7 x 7 in imageSaving 7 x 7 in imageSaving 7 x 7 in imageSaving 7 x 7 in imageSaving 7 x 7 in imageSaving 7 x 7 in imageSaving 7 x 7 in imageSaving 7 x 7 in imageSaving 7 x 7 in imageSaving 7 x 7 in imageSaving 7 x 7 in imageSaving 7 x 7 in imageSaving 7 x 7 in imageSaving 7 x 7 in imageSaving 7 x 7 in imageSaving 7 x 7 in imageSaving 7 x 7 in imageSaving 7 x 7 in imageSaving 7 x 7 in imageSaving 7 x 7 in imageSaving 7 x 7 in imageSaving 7 x 7 in imageSaving 7 x 7 in imageSaving 7 x 7 in imageSaving 7 x 7 in imageSaving 7 x 7 in imageSaving 7 x 7 in imageSaving 7 x 7 in imageSaving 7 x 7 in imageSaving 7 x 7 in imageSaving 7 x 7 in imageSaving 7 x 7 in imageSaving 7 x 7 in imageSaving 7 x 7 in imageSaving 7 x 7 in imageSaving 7 x 7 in imageSaving 7 x 7 in imageSaving 7 x 7 in imageSaving 7 x 7 in imageSaving 7 x 7 in imageSaving 7 x 7 in imageSaving 7 x 7 in imageSaving 7 x 7 in imageSaving 7 x 7 in imageClient error: (429) Too Many Requests (RFC 6585)
Saving 7 x 7 in imageSaving 7 x 7 in imageSaving 7 x 7 in imageSaving 7 x 7 in imageSaving 7 x 7 in imageClient error: (429) Too Many Requests (RFC 6585)
Saving 7 x 7 in imageSaving 7 x 7 in imageSaving 7 x 7 in imageSaving 7 x 7 in imageSaving 7 x 7 in imageSaving 7 x 7 in imageSaving 7 x 7 in imageSaving 7 x 7 in imageSaving 7 x 7 in imageSaving 7 x 7 in imageSaving 7 x 7 in imageSaving 7 x 7 in imageSaving 7 x 7 in imageSaving 7 x 7 in imageSaving 7 x 7 in imageSaving 7 x 7 in imageSaving 7 x 7 in imageSaving 7 x 7 in imageSaving 7 x 7 in imageSaving 7 x 7 in imageClient error: (429) Too Many Requests (RFC 6585)
Saving 7 x 7 in imageSaving 7 x 7 in imageSaving 7 x 7 in imageSaving 7 x 7 in imageSaving 7 x 7 in imageSaving 7 x 7 in imageSaving 7 x 7 in imageSaving 7 x 7 in imageSaving 7 x 7 in imageSaving 7 x 7 in imageSaving 7 x 7 in imageSaving 7 x 7 in imageSaving 7 x 7 in imageSaving 7 x 7 in imageSaving 7 x 7 in imageClient error: (429) Too Many Requests (RFC 6585)
Saving 7 x 7 in imageSaving 7 x 7 in imageSaving 7 x 7 in imageSaving 7 x 7 in imageSaving 7 x 7 in imageSaving 7 x 7 in imageSaving 7 x 7 in imageSaving 7 x 7 in imageSaving 7 x 7 in imageSaving 7 x 7 in imageSaving 7 x 7 in imageSaving 7 x 7 in imageSaving 7 x 7 in imageSaving 7 x 7 in imageSaving 7 x 7 in imageSaving 7 x 7 in imageSaving 7 x 7 in imageSaving 7 x 7 in imageSaving 7 x 7 in imageSaving 7 x 7 in imageSaving 7 x 7 in imageSaving 7 x 7 in imageSaving 7 x 7 in imageSaving 7 x 7 in imageSaving 7 x 7 in imageSaving 7 x 7 in imageSaving 7 x 7 in imageSaving 7 x 7 in imageSaving 7 x 7 in imageSaving 7 x 7 in imageSaving 7 x 7 in imageSaving 7 x 7 in imageSaving 7 x 7 in imageSaving 7 x 7 in imageSaving 7 x 7 in imageSaving 7 x 7 in imageSaving 7 x 7 in imageSaving 7 x 7 in imageSaving 7 x 7 in imageSaving 7 x 7 in imageSaving 7 x 7 in imageSaving 7 x 7 in imageSaving 7 x 7 in imageSaving 7 x 7 in imageSaving 7 x 7 in imageSaving 7 x 7 in imageSaving 7 x 7 in imageSaving 7 x 7 in imageSaving 7 x 7 in imageSaving 7 x 7 in imageSaving 7 x 7 in imageSaving 7 x 7 in imageSaving 7 x 7 in imageSaving 7 x 7 in imageSaving 7 x 7 in imageSaving 7 x 7 in imageSaving 7 x 7 in imageSaving 7 x 7 in imageSaving 7 x 7 in imageSaving 7 x 7 in imageSaving 7 x 7 in imageSaving 7 x 7 in imageSaving 7 x 7 in imageSaving 7 x 7 in imageSaving 7 x 7 in imageSaving 7 x 7 in imageSaving 7 x 7 in imageSaving 7 x 7 in imageSaving 7 x 7 in imageSaving 7 x 7 in imageSaving 7 x 7 in imageSaving 7 x 7 in imageSaving 7 x 7 in imageSaving 7 x 7 in imageSaving 7 x 7 in imageSaving 7 x 7 in imageSaving 7 x 7 in imageSaving 7 x 7 in imageSaving 7 x 7 in imageSaving 7 x 7 in imageSaving 7 x 7 in imageSaving 7 x 7 in imageSaving 7 x 7 in imageSaving 7 x 7 in imageSaving 7 x 7 in imageSaving 7 x 7 in imageSaving 7 x 7 in imageSaving 7 x 7 in imageSaving 7 x 7 in imageSaving 7 x 7 in imageSaving 7 x 7 in imageSaving 7 x 7 in imageSaving 7 x 7 in imageSaving 7 x 7 in imageSaving 7 x 7 in imageSaving 7 x 7 in imageSaving 7 x 7 in imageSaving 7 x 7 in imageSaving 7 x 7 in imageSaving 7 x 7 in imageSaving 7 x 7 in imageSaving 7 x 7 in imageSaving 7 x 7 in imageSaving 7 x 7 in imageSaving 7 x 7 in imageSaving 7 x 7 in imageSaving 7 x 7 in imageSaving 7 x 7 in imageSaving 7 x 7 in imageSaving 7 x 7 in imageSaving 7 x 7 in imageSaving 7 x 7 in imageSaving 7 x 7 in imageSaving 7 x 7 in imageSaving 7 x 7 in imageSaving 7 x 7 in imageSaving 7 x 7 in imageSaving 7 x 7 in imageSaving 7 x 7 in imageSaving 7 x 7 in imageSaving 7 x 7 in imageSaving 7 x 7 in imageSaving 7 x 7 in imageSaving 7 x 7 in imageSaving 7 x 7 in imageSaving 7 x 7 in imageSaving 7 x 7 in imageSaving 7 x 7 in imageSaving 7 x 7 in imageSaving 7 x 7 in imageSaving 7 x 7 in imageSaving 7 x 7 in imageSaving 7 x 7 in imageSaving 7 x 7 in imageSaving 7 x 7 in imageSaving 7 x 7 in imageSaving 7 x 7 in imageSaving 7 x 7 in imageSaving 7 x 7 in imageSaving 7 x 7 in imageSaving 7 x 7 in imageSaving 7 x 7 in imageSaving 7 x 7 in imageSaving 7 x 7 in imageSaving 7 x 7 in imageSaving 7 x 7 in imageSaving 7 x 7 in imageSaving 7 x 7 in imageSaving 7 x 7 in imageSaving 7 x 7 in imageSaving 7 x 7 in imageSaving 7 x 7 in imageSaving 7 x 7 in imageSaving 7 x 7 in imageSaving 7 x 7 in imageSaving 7 x 7 in imageSaving 7 x 7 in imageSaving 7 x 7 in imageSaving 7 x 7 in imageSaving 7 x 7 in imageSaving 7 x 7 in imageSaving 7 x 7 in imageSaving 7 x 7 in imageSaving 7 x 7 in imageSaving 7 x 7 in imageThere were 50 or more warnings (use warnings() to see the first 50)
