=== Available staged files ===
total 32
drwxr-xr-x 5 borisvdm users  4096 Apr 30 09:35 .
drwxr-xr-x 3 borisvdm users    44 Apr 30 09:35 ..
-rw-r--r-- 1 borisvdm users     0 Apr 30 09:35 .command.begin
-rw-r--r-- 1 borisvdm users     0 Apr 30 09:35 .command.err
-rw-r--r-- 1 borisvdm users    31 Apr 30 09:35 .command.log
-rw-r--r-- 1 borisvdm users    31 Apr 30 09:35 .command.out
-rw-r--r-- 1 borisvdm users 13042 Apr 30 09:35 .command.run
-rw-r--r-- 1 borisvdm users  2290 Apr 30 09:35 .command.sh
-rw-r--r-- 1 borisvdm users     0 Apr 30 09:35 .command.trace
lrwxrwxrwx 1 borisvdm users   117 Apr 30 09:35 DESeq_groups.txt -> /home/borisvdm/repo/LemonIte/nextflow/work/1b/708df727bed98696b3c2accd053347/LemonTree/Preprocessing/DESeq_groups.txt
lrwxrwxrwx 1 borisvdm users   134 Apr 30 09:35 expression_variance_histogram.pdf -> /home/borisvdm/repo/LemonIte/nextflow/work/1b/708df727bed98696b3c2accd053347/LemonTree/Preprocessing/expression_variance_histogram.pdf
drwxr-xr-x 3 borisvdm users    27 Apr 30 09:35 Lemon_out
lrwxrwxrwx 1 borisvdm users   131 Apr 30 09:35 LemonPreprocessed_complete.txt -> /home/borisvdm/repo/LemonIte/nextflow/work/1b/708df727bed98696b3c2accd053347/LemonTree/Preprocessing/LemonPreprocessed_complete.txt
lrwxrwxrwx 1 borisvdm users   133 Apr 30 09:35 LemonPreprocessed_expression.txt -> /home/borisvdm/repo/LemonIte/nextflow/work/1b/708df727bed98696b3c2accd053347/LemonTree/Preprocessing/LemonPreprocessed_expression.txt
lrwxrwxrwx 1 borisvdm users   135 Apr 30 09:35 LemonPreprocessed_metabolomics.txt -> /home/borisvdm/repo/LemonIte/nextflow/work/1b/708df727bed98696b3c2accd053347/LemonTree/Preprocessing/LemonPreprocessed_metabolomics.txt
drwxr-xr-x 2 borisvdm users    91 Apr 30 09:35 Lemon_results
lrwxrwxrwx 1 borisvdm users   116 Apr 30 09:35 metabolites.txt -> /home/borisvdm/repo/LemonIte/nextflow/work/1b/708df727bed98696b3c2accd053347/LemonTree/Preprocessing/metabolites.txt
lrwxrwxrwx 1 borisvdm users   113 Apr 30 09:35 name_map.csv -> /home/borisvdm/repo/LemonIte/nextflow/work/1b/708df727bed98696b3c2accd053347/LemonTree/Preprocessing/name_map.csv
lrwxrwxrwx 1 borisvdm users   117 Apr 30 09:35 name_mapping.tsv -> /home/borisvdm/repo/LemonIte/nextflow/work/1b/708df727bed98696b3c2accd053347/LemonTree/Preprocessing/name_mapping.tsv
lrwxrwxrwx 1 borisvdm users   127 Apr 30 09:35 Normalized_metabolites.pdf -> /home/borisvdm/repo/LemonIte/nextflow/work/1b/708df727bed98696b3c2accd053347/LemonTree/Preprocessing/Normalized_metabolites.pdf
lrwxrwxrwx 1 borisvdm users   120 Apr 30 09:35 PCA_metabolites.pdf -> /home/borisvdm/repo/LemonIte/nextflow/work/1b/708df727bed98696b3c2accd053347/LemonTree/Preprocessing/PCA_metabolites.pdf
lrwxrwxrwx 1 borisvdm users   124 Apr 30 09:35 PCA_transcriptomics.pdf -> /home/borisvdm/repo/LemonIte/nextflow/work/1b/708df727bed98696b3c2accd053347/LemonTree/Preprocessing/PCA_transcriptomics.pdf
drwxr-xr-x 2 borisvdm users     6 Apr 30 09:35 Preprocessing
lrwxrwxrwx 1 borisvdm users   108 Apr 30 09:35 tfs.txt -> /home/borisvdm/repo/LemonIte/nextflow/work/1b/708df727bed98696b3c2accd053347/LemonTree/Preprocessing/tfs.txt
=============================
=== Files in Preprocessing directory ===
total 8424
drwxr-xr-x 2 borisvdm users    4096 Apr 30 09:35 .
drwxr-xr-x 5 borisvdm users    4096 Apr 30 09:35 ..
-rw-r--r-- 1 borisvdm users    1156 Apr 30 09:35 DESeq_groups.txt
-rw-r--r-- 1 borisvdm users   10194 Apr 30 09:35 expression_variance_histogram.pdf
-rw-r--r-- 1 borisvdm users 4264628 Apr 30 09:35 LemonPreprocessed_complete.txt
-rw-r--r-- 1 borisvdm users 4080797 Apr 30 09:35 LemonPreprocessed_expression.txt
-rw-r--r-- 1 borisvdm users  184436 Apr 30 09:35 LemonPreprocessed_metabolomics.txt
-rw-r--r-- 1 borisvdm users    1908 Apr 30 09:35 metabolites.txt
-rwxr-xr-x 1 borisvdm users    8995 Apr 30 09:35 name_map.csv
-rw-r--r-- 1 borisvdm users      17 Apr 30 09:35 name_mapping.tsv
-rw-r--r-- 1 borisvdm users    3611 Apr 30 09:35 Normalized_metabolites.pdf
-rw-r--r-- 1 borisvdm users   10159 Apr 30 09:35 PCA_metabolites.pdf
-rw-r--r-- 1 borisvdm users   10327 Apr 30 09:35 PCA_transcriptomics.pdf
-rw-r--r-- 1 borisvdm users    9088 Apr 30 09:35 tfs.txt
========================================
Running LemonTree post-clustering analysis...
=====================================================
LemonTree Post-Clustering Analysis
=====================================================
Regulator types: TFs:Lovering_TF_list.txt,Metabolites:Metabolomics.txt
LemonTree JAR: /home/borisvdm/repo/LemonIte/nextflow/LemonTree/lemontree_v3.1.1.jar
Working directory: .
=====================================================
Running LemonTree post-clustering analysis...
Creating consensus cluster file...
Searching for cluster files...
Found 10 cluster files
Generating tight clusters...

LemonTree - Version 3.1.1
-------------------------

Parameters
----------
task:               tight_clusters
data_file:          Preprocessing/LemonPreprocessed_expression.txt
cluster_file:       Lemon_out/clusterfile
output_file:        Lemon_out/tight_clusters.txt
node_clustering:    false
min_weight:         0.25
min_clust_size:     10
min_clust_score:    2

Reading expression data... [ok]
Number of genes in the data matrix: 3227
Number of conditions in the data matrix: 75
Number of missing values in the data matrix: 25057
Total number of expression values: 242025
Reading multiple cluster files...
Reading cluster file Lemon_results/cluster_1
 [ok]
Assigned genes: 3227
Not assigned genes: 0
Number of clusters: 134
Reading cluster file Lemon_results/cluster_2
 [ok]
Assigned genes: 3227
Not assigned genes: 0
Number of clusters: 139
Reading cluster file Lemon_results/cluster_3
 [ok]
Assigned genes: 3227
Not assigned genes: 0
Number of clusters: 133
Reading cluster file Lemon_results/cluster_4
 [ok]
Assigned genes: 3227
Not assigned genes: 0
Number of clusters: 132
Reading cluster file Lemon_results/cluster_5
 [ok]
Assigned genes: 3227
Not assigned genes: 0
Number of clusters: 141
Reading cluster file Lemon_results/cluster_1
 [ok]
Assigned genes: 3227
Not assigned genes: 0
Number of clusters: 134
Reading cluster file Lemon_results/cluster_2
 [ok]
Assigned genes: 3227
Not assigned genes: 0
Number of clusters: 139
Reading cluster file Lemon_results/cluster_3
 [ok]
Assigned genes: 3227
Not assigned genes: 0
Number of clusters: 133
Reading cluster file Lemon_results/cluster_4
 [ok]
Assigned genes: 3227
Not assigned genes: 0
Number of clusters: 132
Reading cluster file Lemon_results/cluster_5
 [ok]
Assigned genes: 3227
Not assigned genes: 0
Number of clusters: 141
[ok]
Init CoClustering... [ok]
Found cluster with score 66.42222222222222 and 72 nodes. Remaining network has 3051 nodes and 55929 edges.
Found cluster with score 48.17014925373136 and 67 nodes. Remaining network has 3051 nodes and 53760 edges.
Found cluster with score 48.936231884057996 and 69 nodes. Remaining network has 3051 nodes and 51470 edges.
Found cluster with score 41.85625000000002 and 64 nodes. Remaining network has 3051 nodes and 49526 edges.
Found cluster with score 40.501538461538445 and 65 nodes. Remaining network has 3051 nodes and 47539 edges.
Found cluster with score 37.63076923076925 and 52 nodes. Remaining network has 3031 nodes and 46218 edges.
Found cluster with score 39.7245283018868 and 53 nodes. Remaining network has 3031 nodes and 44865 edges.
Found cluster with score 35.685714285714305 and 77 nodes. Remaining network has 3031 nodes and 42796 edges.
Found cluster with score 33.36756756756756 and 37 nodes. Remaining network has 3006 nodes and 42130 edges.
Found cluster with score 27.42666666666666 and 105 nodes. Remaining network has 2985 nodes and 39620 edges.
Found cluster with score 27.11320754716981 and 53 nodes. Remaining network has 2985 nodes and 38438 edges.
Found cluster with score 28.920000000000023 and 40 nodes. Remaining network has 2985 nodes and 37676 edges.
Found cluster with score 29.0 and 29 nodes. Remaining network has 2985 nodes and 37270 edges.
Found cluster with score 24.552380952380954 and 42 nodes. Remaining network has 2985 nodes and 36480 edges.
Found cluster with score 24.52380952380953 and 42 nodes. Remaining network has 2985 nodes and 35701 edges.
Found cluster with score 24.430136986301374 and 73 nodes. Remaining network has 2979 nodes and 34288 edges.
Found cluster with score 23.887500000000014 and 32 nodes. Remaining network has 2979 nodes and 33792 edges.
Found cluster with score 23.879999999999992 and 25 nodes. Remaining network has 2979 nodes and 33492 edges.
Found cluster with score 20.088963210702346 and 299 nodes. Remaining network has 2965 nodes and 28119 edges.
Found cluster with score 17.635897435897444 and 39 nodes. Remaining network has 2962 nodes and 27518 edges.
Found cluster with score 19.341818181818184 and 55 nodes. Remaining network has 2960 nodes and 26604 edges.
Found cluster with score 18.362790697674424 and 86 nodes. Remaining network has 2949 nodes and 25259 edges.
Found cluster with score 16.189189189189193 and 37 nodes. Remaining network has 2949 nodes and 24746 edges.
Found cluster with score 18.488000000000003 and 25 nodes. Remaining network has 2949 nodes and 24448 edges.
Found cluster with score 16.291428571428582 and 35 nodes. Remaining network has 2949 nodes and 23948 edges.
Found cluster with score 16.584313725490205 and 51 nodes. Remaining network has 2947 nodes and 23291 edges.
Found cluster with score 15.912500000000005 and 32 nodes. Remaining network has 2947 nodes and 22871 edges.
Found cluster with score 14.234645669291343 and 127 nodes. Remaining network has 2939 nodes and 21260 edges.
Found cluster with score 17.342857142857145 and 21 nodes. Remaining network has 2939 nodes and 21050 edges.
Found cluster with score 16.12592592592593 and 27 nodes. Remaining network has 2938 nodes and 20724 edges.
Found cluster with score 16.41052631578948 and 19 nodes. Remaining network has 2922 nodes and 20555 edges.
Found cluster with score 15.761904761904765 and 21 nodes. Remaining network has 2922 nodes and 20350 edges.
Found cluster with score 14.260000000000002 and 20 nodes. Remaining network has 2922 nodes and 20163 edges.
Found cluster with score 16.32857142857143 and 28 nodes. Remaining network has 2922 nodes and 19853 edges.
Found cluster with score 13.571428571428575 and 28 nodes. Remaining network has 2922 nodes and 19515 edges.
Found cluster with score 13.461538461538462 and 26 nodes. Remaining network has 2920 nodes and 19238 edges.
Found cluster with score 12.63478260869565 and 23 nodes. Remaining network has 2920 nodes and 19021 edges.
Found cluster with score 13.139130434782611 and 23 nodes. Remaining network has 2919 nodes and 18793 edges.
Found cluster with score 22.641791044776113 and 67 nodes. Remaining network has 2887 nodes and 18120 edges.
Found cluster with score 13.112000000000002 and 25 nodes. Remaining network has 2886 nodes and 17829 edges.
Found cluster with score 12.08 and 20 nodes. Remaining network has 2883 nodes and 17645 edges.
Found cluster with score 13.236363636363638 and 22 nodes. Remaining network has 2883 nodes and 17428 edges.
Found cluster with score 13.609523809523811 and 21 nodes. Remaining network has 2876 nodes and 17223 edges.
Found cluster with score 12.825000000000003 and 16 nodes. Remaining network has 2868 nodes and 17103 edges.
Found cluster with score 12.725 and 16 nodes. Remaining network has 2868 nodes and 16984 edges.
Found cluster with score 11.4 and 53 nodes. Remaining network has 2868 nodes and 16509 edges.
Found cluster with score 12.640816326530617 and 49 nodes. Remaining network has 2868 nodes and 16062 edges.
Found cluster with score 10.926315789473687 and 38 nodes. Remaining network has 2868 nodes and 15725 edges.
Found cluster with score 10.84 and 15 nodes. Remaining network has 2868 nodes and 15625 edges.
Found cluster with score 9.872727272727273 and 22 nodes. Remaining network has 2868 nodes and 15433 edges.
Found cluster with score 23.784108527131803 and 1032 nodes. Remaining network has 2206 nodes and 8470 edges.
Found cluster with score 10.705263157894738 and 19 nodes. Remaining network has 2202 nodes and 8327 edges.
Found cluster with score 9.51111111111111 and 18 nodes. Remaining network has 2202 nodes and 8186 edges.
Found cluster with score 11.090721649484536 and 97 nodes. Remaining network has 2194 nodes and 7476 edges.
Found cluster with score 12.25238095238095 and 84 nodes. Remaining network has 2182 nodes and 6982 edges.
Found cluster with score 14.663157894736843 and 19 nodes. Remaining network has 2168 nodes and 6902 edges.
Found cluster with score 8.485714285714286 and 14 nodes. Remaining network has 2163 nodes and 6818 edges.
Found cluster with score 22.322222222222234 and 36 nodes. Remaining network has 2133 nodes and 6599 edges.
Found cluster with score 6.44 and 15 nodes. Remaining network has 2132 nodes and 6517 edges.
Found cluster with score 9.454545454545459 and 110 nodes. Remaining network has 2094 nodes and 5971 edges.
Found cluster with score 14.93488372093024 and 43 nodes. Remaining network has 2080 nodes and 5779 edges.
Found cluster with score 40.09295774647887 and 71 nodes. Remaining network has 2021 nodes and 5481 edges.
Found cluster with score 10.333333333333334 and 18 nodes. Remaining network has 2014 nodes and 5380 edges.
Found cluster with score 5.749999999999999 and 16 nodes. Remaining network has 2007 nodes and 5315 edges.
Found cluster with score 12.591044776119409 and 134 nodes. Remaining network has 1945 nodes and 4743 edges.
Found cluster with score 11.826666666666666 and 15 nodes. Remaining network has 1936 nodes and 4638 edges.
Found cluster with score 8.8 and 10 nodes. Remaining network has 1929 nodes and 4614 edges.
Found cluster with score 4.942857142857143 and 7 nodes. Remaining network has 1929 nodes and 4593 edges.
Found cluster with score 5.622222222222223 and 9 nodes. Remaining network has 1929 nodes and 4567 edges.
Found cluster with score 4.911111111111111 and 9 nodes. Remaining network has 1928 nodes and 4534 edges.
Found cluster with score 10.142857142857142 and 35 nodes. Remaining network has 1910 nodes and 4384 edges.
Found cluster with score 4.745454545454546 and 11 nodes. Remaining network has 1908 nodes and 4350 edges.
Found cluster with score 5.057142857142857 and 7 nodes. Remaining network has 1902 nodes and 4330 edges.
Found cluster with score 3.9142857142857146 and 7 nodes. Remaining network has 1901 nodes and 4313 edges.
Found cluster with score 7.207692307692309 and 52 nodes. Remaining network has 1880 nodes and 4115 edges.
Found cluster with score 5.509090909090909 and 11 nodes. Remaining network has 1879 nodes and 4071 edges.
Found cluster with score 4.4 and 8 nodes. Remaining network has 1879 nodes and 4047 edges.
Found cluster with score 5.933333333333334 and 15 nodes. Remaining network has 1875 nodes and 4002 edges.
Found cluster with score 7.260869565217392 and 23 nodes. Remaining network has 1864 nodes and 3923 edges.
Found cluster with score 12.364705882352945 and 17 nodes. Remaining network has 1852 nodes and 3871 edges.
Found cluster with score 28.741935483870954 and 31 nodes. Remaining network has 1821 nodes and 3813 edges.
Found cluster with score 4.764102564102564 and 39 nodes. Remaining network has 1813 nodes and 3692 edges.
Found cluster with score 13.28952380952381 and 105 nodes. Remaining network has 1758 nodes and 3384 edges.
Found cluster with score 6.6499999999999995 and 16 nodes. Remaining network has 1752 nodes and 3332 edges.
Found cluster with score 4.846153846153846 and 13 nodes. Remaining network has 1750 nodes and 3292 edges.
Found cluster with score 7.327272727272727 and 44 nodes. Remaining network has 1730 nodes and 3165 edges.
Found cluster with score 4.4799999999999995 and 10 nodes. Remaining network has 1727 nodes and 3135 edges.
Found cluster with score 5.028169014084509 and 71 nodes. Remaining network has 1709 nodes and 2935 edges.
Found cluster with score 4.283333333333334 and 24 nodes. Remaining network has 1705 nodes and 2878 edges.
Found cluster with score 14.09135802469136 and 81 nodes. Remaining network has 1650 nodes and 2705 edges.
Found cluster with score 8.066666666666665 and 12 nodes. Remaining network has 1640 nodes and 2671 edges.
Found cluster with score 3.7542857142857136 and 35 nodes. Remaining network has 1632 nodes and 2594 edges.
Found cluster with score 8.824 and 25 nodes. Remaining network has 1616 nodes and 2540 edges.
Found cluster with score 6.24 and 10 nodes. Remaining network has 1611 nodes and 2512 edges.
Found cluster with score 5.82 and 20 nodes. Remaining network has 1599 nodes and 2462 edges.
Found cluster with score 6.112 and 50 nodes. Remaining network has 1568 nodes and 2371 edges.
Found cluster with score 11.0 and 11 nodes. Remaining network has 1557 nodes and 2316 edges.
Found cluster with score 20.31199999999999 and 25 nodes. Remaining network has 1532 nodes and 2292 edges.
Found cluster with score 3.5777777777777775 and 9 nodes. Remaining network has 1528 nodes and 2273 edges.
Found cluster with score 6.266666666666667 and 12 nodes. Remaining network has 1521 nodes and 2248 edges.
Found cluster with score 6.454545454545456 and 11 nodes. Remaining network has 1512 nodes and 2218 edges.
Found cluster with score 5.1818181818181825 and 11 nodes. Remaining network has 1504 nodes and 2190 edges.
Found cluster with score 8.7 and 12 nodes. Remaining network has 1496 nodes and 2163 edges.
Found cluster with score 6.163636363636365 and 11 nodes. Remaining network has 1489 nodes and 2139 edges.
Found cluster with score 7.958333333333332 and 48 nodes. Remaining network has 1461 nodes and 2060 edges.
Found cluster with score 4.066666666666667 and 6 nodes. Remaining network has 1456 nodes and 2052 edges.
Found cluster with score 19.49523809523809 and 21 nodes. Remaining network has 1435 nodes and 2032 edges.
Found cluster with score 4.95 and 8 nodes. Remaining network has 1429 nodes and 2012 edges.
Found cluster with score 5.1499999999999995 and 8 nodes. Remaining network has 1422 nodes and 1996 edges.
Found cluster with score 5.48 and 10 nodes. Remaining network has 1416 nodes and 1971 edges.
Found cluster with score 3.599999999999999 and 6 nodes. Remaining network has 1414 nodes and 1959 edges.
Found cluster with score 3.577777777777778 and 9 nodes. Remaining network has 1411 nodes and 1944 edges.
Found cluster with score 4.670588235294118 and 34 nodes. Remaining network has 1399 nodes and 1883 edges.
Found cluster with score 3.0000000000000004 and 4 nodes. Remaining network has 1398 nodes and 1880 edges.
Found cluster with score 13.988235294117644 and 17 nodes. Remaining network has 1381 nodes and 1864 edges.
Found cluster with score 13.533333333333331 and 15 nodes. Remaining network has 1366 nodes and 1850 edges.
Found cluster with score 11.315789473684207 and 19 nodes. Remaining network has 1347 nodes and 1816 edges.
Found cluster with score 4.757142857142857 and 56 nodes. Remaining network has 1318 nodes and 1702 edges.
Found cluster with score 9.615384615384617 and 13 nodes. Remaining network has 1305 nodes and 1690 edges.
Found cluster with score 3.4000000000000004 and 9 nodes. Remaining network has 1302 nodes and 1674 edges.
Found cluster with score 4.76 and 10 nodes. Remaining network has 1297 nodes and 1655 edges.
Found cluster with score 2.8999999999999995 and 4 nodes. Remaining network has 1294 nodes and 1649 edges.
Found cluster with score 5.938461538461539 and 26 nodes. Remaining network has 1280 nodes and 1599 edges.
Found cluster with score 2.7999999999999994 and 6 nodes. Remaining network has 1277 nodes and 1588 edges.
Found cluster with score 3.1777777777777776 and 9 nodes. Remaining network has 1273 nodes and 1571 edges.
Found cluster with score 3.0 and 7 nodes. Remaining network has 1270 nodes and 1561 edges.
Found cluster with score 5.0 and 6 nodes. Remaining network has 1264 nodes and 1546 edges.
Found cluster with score 10.969230769230771 and 13 nodes. Remaining network has 1251 nodes and 1524 edges.
Found cluster with score 3.9333333333333345 and 15 nodes. Remaining network has 1244 nodes and 1498 edges.
Found cluster with score 6.050000000000001 and 8 nodes. Remaining network has 1237 nodes and 1485 edges.
Found cluster with score 2.6799999999999997 and 5 nodes. Remaining network has 1235 nodes and 1476 edges.
Found cluster with score 4.15 and 8 nodes. Remaining network has 1231 nodes and 1464 edges.
Found cluster with score 6.639999999999999 and 10 nodes. Remaining network has 1223 nodes and 1448 edges.
Found cluster with score 3.1333333333333333 and 9 nodes. Remaining network has 1220 nodes and 1432 edges.
Found cluster with score 3.9454545454545453 and 11 nodes. Remaining network has 1215 nodes and 1411 edges.
Found cluster with score 5.0 and 8 nodes. Remaining network has 1208 nodes and 1396 edges.
Found cluster with score 3.6769230769230767 and 13 nodes. Remaining network has 1204 nodes and 1375 edges.
Found cluster with score 3.0170212765957443 and 47 nodes. Remaining network has 1190 nodes and 1306 edges.
Found cluster with score 2.9999999999999996 and 5 nodes. Remaining network has 1187 nodes and 1298 edges.
Found cluster with score 2.5999999999999996 and 9 nodes. Remaining network has 1182 nodes and 1285 edges.
Found cluster with score 3.1249999999999996 and 16 nodes. Remaining network has 1174 nodes and 1261 edges.
Found cluster with score 5.433333333333334 and 12 nodes. Remaining network has 1169 nodes and 1242 edges.
Found cluster with score 4.0875 and 32 nodes. Remaining network has 1146 nodes and 1194 edges.
Found cluster with score 4.6 and 7 nodes. Remaining network has 1142 nodes and 1184 edges.
Found cluster with score 2.1199999999999997 and 5 nodes. Remaining network has 1141 nodes and 1177 edges.
Found cluster with score 4.199999999999999 and 8 nodes. Remaining network has 1136 nodes and 1165 edges.
Found cluster with score 4.847619047619048 and 21 nodes. Remaining network has 1122 nodes and 1135 edges.
Found cluster with score 4.247058823529412 and 17 nodes. Remaining network has 1105 nodes and 1119 edges.
Found cluster with score 3.8000000000000007 and 55 nodes. Remaining network has 1063 nodes and 1047 edges.
Found cluster with score 2.2 and 5 nodes. Remaining network has 1063 nodes and 1041 edges.
Found cluster with score 3.8000000000000003 and 7 nodes. Remaining network has 1059 nodes and 1032 edges.
Found cluster with score 2.3 and 4 nodes. Remaining network has 1058 nodes and 1027 edges.
Found cluster with score 3.2190476190476187 and 42 nodes. Remaining network has 1030 nodes and 977 edges.
Found cluster with score 3.228571428571428 and 7 nodes. Remaining network has 1026 nodes and 965 edges.
Found cluster with score 3.0000000000000004 and 7 nodes. Remaining network has 1023 nodes and 958 edges.
Found cluster with score 2.12 and 5 nodes. Remaining network has 1020 nodes and 953 edges.
Found cluster with score 4.624242424242424 and 33 nodes. Remaining network has 994 nodes and 917 edges.
Found cluster with score 6.249999999999999 and 8 nodes. Remaining network has 986 nodes and 910 edges.
Found cluster with score 5.9 and 8 nodes. Remaining network has 979 nodes and 898 edges.
Found cluster with score 3.075 and 16 nodes. Remaining network has 971 nodes and 878 edges.
Found cluster with score 3.3448275862068972 and 58 nodes. Remaining network has 914 nodes and 821 edges.
Found cluster with score 3.6799999999999997 and 20 nodes. Remaining network has 894 nodes and 802 edges.
Found cluster with score 6.854545454545455 and 11 nodes. Remaining network has 884 nodes and 775 edges.
Found cluster with score 3.285714285714285 and 21 nodes. Remaining network has 868 nodes and 752 edges.
Found cluster with score 2.542857142857143 and 7 nodes. Remaining network has 865 nodes and 744 edges.
Found cluster with score 3.2 and 4 nodes. Remaining network has 862 nodes and 738 edges.
Found cluster with score 3.211764705882353 and 17 nodes. Remaining network has 847 nodes and 720 edges.
Found cluster with score 3.1599999999999993 and 5 nodes. Remaining network has 843 nodes and 714 edges.
Found cluster with score 2.2 and 3 nodes. Remaining network has 841 nodes and 712 edges.
Found cluster with score 4.426086956521739 and 23 nodes. Remaining network has 818 nodes and 690 edges.
Found cluster with score 3.106666666666666 and 15 nodes. Remaining network has 809 nodes and 674 edges.
Found cluster with score 6.15 and 8 nodes. Remaining network has 801 nodes and 662 edges.
Found cluster with score 3.72 and 10 nodes. Remaining network has 791 nodes and 653 edges.
Found cluster with score 2.6333333333333333 and 12 nodes. Remaining network has 779 nodes and 642 edges.
Found cluster with score 5.65 and 8 nodes. Remaining network has 771 nodes and 630 edges.
Found cluster with score 5.685714285714286 and 7 nodes. Remaining network has 764 nodes and 624 edges.
Found cluster with score 3.16 and 5 nodes. Remaining network has 761 nodes and 618 edges.
Found cluster with score 2.066666666666667 and 3 nodes. Remaining network has 759 nodes and 615 edges.
Found cluster with score 2.6 and 5 nodes. Remaining network has 757 nodes and 610 edges.
Found cluster with score 2.6799999999999997 and 5 nodes. Remaining network has 754 nodes and 604 edges.
Found cluster with score 2.371428571428571 and 14 nodes. Remaining network has 744 nodes and 588 edges.
Found cluster with score 3.2181818181818183 and 11 nodes. Remaining network has 733 nodes and 577 edges.
Found cluster with score 4.314285714285714 and 7 nodes. Remaining network has 726 nodes and 571 edges.
Found cluster with score 4.733333333333333 and 6 nodes. Remaining network has 720 nodes and 566 edges.
Found cluster with score 3.2 and 8 nodes. Remaining network has 712 nodes and 559 edges.
Found cluster with score 2.2666666666666666 and 6 nodes. Remaining network has 706 nodes and 554 edges.
Found cluster with score 2.5 and 4 nodes. Remaining network has 703 nodes and 549 edges.
Found cluster with score 5.6000000000000005 and 16 nodes. Remaining network has 687 nodes and 534 edges.
Found cluster with score 4.2 and 6 nodes. Remaining network has 681 nodes and 529 edges.
Found cluster with score 3.16 and 5 nodes. Remaining network has 677 nodes and 523 edges.
Found cluster with score 2.9999999999999996 and 10 nodes. Remaining network has 667 nodes and 514 edges.
Found cluster with score 1.9999999999999996 and 4 nodes. Remaining network has 665 nodes and 510 edges.
Found cluster with score 2.4 and 8 nodes. Remaining network has 657 nodes and 503 edges.
Found cluster with score 2.0 and 6 nodes. Remaining network has 654 nodes and 498 edges.
Found cluster with score 3.2399999999999998 and 5 nodes. Remaining network has 650 nodes and 492 edges.
Found cluster with score 3.057142857142857 and 7 nodes. Remaining network has 643 nodes and 486 edges.
Found cluster with score 2.4 and 8 nodes. Remaining network has 635 nodes and 479 edges.
Found cluster with score 2.1199999999999997 and 5 nodes. Remaining network has 633 nodes and 473 edges.
Found cluster with score 3.5999999999999996 and 6 nodes. Remaining network has 627 nodes and 467 edges.
Found cluster with score 3.8 and 5 nodes. Remaining network has 622 nodes and 463 edges.
Found cluster with score 3.514285714285714 and 7 nodes. Remaining network has 616 nodes and 451 edges.
Found cluster with score 2.9076923076923076 and 13 nodes. Remaining network has 603 nodes and 439 edges.
Found cluster with score 2.52 and 5 nodes. Remaining network has 598 nodes and 435 edges.
Found cluster with score 1.9714285714285715 and 7 nodes. Remaining network has 591 nodes and 429 edges.
Found cluster with score 1.9714285714285713 and 7 nodes. Remaining network has 585 nodes and 422 edges.
Found cluster with score 2.0 and 8 nodes. Remaining network has 577 nodes and 415 edges.
Found cluster with score 3.1599999999999997 and 5 nodes. Remaining network has 572 nodes and 411 edges.
Found cluster with score 3.16 and 5 nodes. Remaining network has 567 nodes and 407 edges.
Found cluster with score 3.72 and 5 nodes. Remaining network has 562 nodes and 403 edges.
Found cluster with score 1.7000000000000002 and 4 nodes. Remaining network has 558 nodes and 400 edges.
Found cluster with score 2.1999999999999997 and 6 nodes. Remaining network has 553 nodes and 394 edges.
Found cluster with score 2.4999999999999996 and 4 nodes. Remaining network has 549 nodes and 391 edges.
Found cluster with score 2.3333333333333335 and 6 nodes. Remaining network has 545 nodes and 385 edges.
Found cluster with score 2.5999999999999996 and 9 nodes. Remaining network has 536 nodes and 377 edges.
Found cluster with score 2.3333333333333335 and 6 nodes. Remaining network has 530 nodes and 372 edges.
Found cluster with score 2.1999999999999997 and 9 nodes. Remaining network has 521 nodes and 364 edges.
Found cluster with score 2.114285714285714 and 14 nodes. Remaining network has 507 nodes and 351 edges.
Found cluster with score 2.6999999999999997 and 4 nodes. Remaining network has 503 nodes and 348 edges.
Found cluster with score 1.9538461538461538 and 13 nodes. Remaining network has 490 nodes and 336 edges.
Found cluster with score 1.5999999999999996 and 4 nodes. Remaining network has 486 nodes and 333 edges.
Found cluster with score 1.8 and 5 nodes. Remaining network has 481 nodes and 329 edges.
Found cluster with score 1.6 and 4 nodes. Remaining network has 477 nodes and 326 edges.
Found cluster with score 2.2 and 7 nodes. Remaining network has 470 nodes and 320 edges.
Found cluster with score 2.7999999999999994 and 6 nodes. Remaining network has 464 nodes and 314 edges.
Found cluster with score 2.1 and 4 nodes. Remaining network has 460 nodes and 311 edges.
Found cluster with score 1.8800000000000001 and 5 nodes. Remaining network has 455 nodes and 307 edges.
Found cluster with score 1.9142857142857141 and 7 nodes. Remaining network has 448 nodes and 301 edges.
Found cluster with score 2.7599999999999993 and 5 nodes. Remaining network has 443 nodes and 295 edges.
Found cluster with score 2.7600000000000002 and 5 nodes. Remaining network has 438 nodes and 291 edges.
Found cluster with score 3.0999999999999996 and 4 nodes. Remaining network has 434 nodes and 288 edges.
Found cluster with score 2.4399999999999995 and 5 nodes. Remaining network has 429 nodes and 284 edges.
Found cluster with score 1.9714285714285713 and 7 nodes. Remaining network has 422 nodes and 278 edges.
Found cluster with score 2.1 and 4 nodes. Remaining network has 418 nodes and 275 edges.
Found cluster with score 2.7 and 4 nodes. Remaining network has 415 nodes and 271 edges.
Found cluster with score 2.2800000000000002 and 5 nodes. Remaining network has 410 nodes and 267 edges.
Found cluster with score 3.2400000000000007 and 10 nodes. Remaining network has 400 nodes and 258 edges.
Found cluster with score 2.466666666666667 and 6 nodes. Remaining network has 394 nodes and 253 edges.
Found cluster with score 2.0 and 4 nodes. Remaining network has 390 nodes and 250 edges.
Found cluster with score 3.1 and 4 nodes. Remaining network has 386 nodes and 247 edges.
Found cluster with score 2.04 and 5 nodes. Remaining network has 381 nodes and 243 edges.
Found cluster with score 1.7999999999999998 and 3 nodes. Remaining network has 379 nodes and 240 edges.
Found cluster with score 1.6 and 4 nodes. Remaining network has 375 nodes and 237 edges.
Found cluster with score 2.1333333333333333 and 6 nodes. Remaining network has 369 nodes and 232 edges.
Found cluster with score 2.066666666666667 and 3 nodes. Remaining network has 366 nodes and 230 edges.
Found cluster with score 1.5333333333333332 and 3 nodes. Remaining network has 363 nodes and 228 edges.
Found cluster with score 2.1999999999999997 and 3 nodes. Remaining network has 360 nodes and 226 edges.
Found cluster with score 2.12 and 5 nodes. Remaining network has 355 nodes and 222 edges.
Found cluster with score 2.0 and 4 nodes. Remaining network has 351 nodes and 219 edges.
Found cluster with score 1.9333333333333333 and 3 nodes. Remaining network has 348 nodes and 217 edges.
Found cluster with score 1.5333333333333332 and 3 nodes. Remaining network has 345 nodes and 215 edges.
Found cluster with score 1.5333333333333332 and 3 nodes. Remaining network has 342 nodes and 213 edges.
Found cluster with score 2.266666666666667 and 6 nodes. Remaining network has 336 nodes and 208 edges.
Found cluster with score 1.8800000000000001 and 5 nodes. Remaining network has 331 nodes and 204 edges.
Found cluster with score 1.6 and 4 nodes. Remaining network has 327 nodes and 201 edges.
Found cluster with score 1.9599999999999997 and 5 nodes. Remaining network has 322 nodes and 197 edges.
Found cluster with score 1.7999999999999998 and 3 nodes. Remaining network has 319 nodes and 195 edges.
Found cluster with score 1.7999999999999998 and 3 nodes. Remaining network has 316 nodes and 193 edges.
Found cluster with score 1.5333333333333332 and 3 nodes. Remaining network has 313 nodes and 191 edges.
Found cluster with score 2.1999999999999997 and 3 nodes. Remaining network has 310 nodes and 189 edges.
Found cluster with score 1.7999999999999998 and 3 nodes. Remaining network has 307 nodes and 187 edges.
Found cluster with score 1.5333333333333332 and 3 nodes. Remaining network has 304 nodes and 185 edges.
Found cluster with score 1.7999999999999998 and 3 nodes. Remaining network has 301 nodes and 183 edges.
Found cluster with score 1.5333333333333332 and 3 nodes. Remaining network has 298 nodes and 181 edges.
Found cluster with score 1.7999999999999998 and 3 nodes. Remaining network has 295 nodes and 178 edges.
Found cluster with score 1.7999999999999996 and 6 nodes. Remaining network has 289 nodes and 173 edges.
Found cluster with score 1.7999999999999998 and 3 nodes. Remaining network has 286 nodes and 171 edges.
Found cluster with score 1.9333333333333333 and 3 nodes. Remaining network has 283 nodes and 169 edges.
Found cluster with score 1.9333333333333333 and 3 nodes. Remaining network has 280 nodes and 167 edges.
Found cluster with score 2.0 and 4 nodes. Remaining network has 276 nodes and 164 edges.
Found cluster with score 1.5333333333333332 and 3 nodes. Remaining network has 273 nodes and 162 edges.
Found cluster with score 1.9333333333333333 and 3 nodes. Remaining network has 270 nodes and 160 edges.
Found cluster with score 2.1999999999999997 and 3 nodes. Remaining network has 267 nodes and 158 edges.
Found cluster with score 1.5333333333333332 and 3 nodes. Remaining network has 264 nodes and 156 edges.
Found cluster with score 2.1999999999999997 and 3 nodes. Remaining network has 261 nodes and 154 edges.
Found cluster with score 1.9333333333333333 and 3 nodes. Remaining network has 258 nodes and 152 edges.
Found cluster with score 1.7999999999999998 and 3 nodes. Remaining network has 255 nodes and 150 edges.
Found cluster with score 2.3 and 4 nodes. Remaining network has 251 nodes and 146 edges.
Found cluster with score 2.5999999999999996 and 4 nodes. Remaining network has 247 nodes and 142 edges.
Found cluster with score 2.0 and 6 nodes. Remaining network has 241 nodes and 137 edges.
Found cluster with score 1.9333333333333333 and 3 nodes. Remaining network has 238 nodes and 135 edges.
Found cluster with score 2.1999999999999997 and 3 nodes. Remaining network has 235 nodes and 133 edges.
Found cluster with score 1.5333333333333332 and 3 nodes. Remaining network has 232 nodes and 131 edges.
Found cluster with score 2.066666666666667 and 3 nodes. Remaining network has 229 nodes and 129 edges.
Found cluster with score 2.066666666666667 and 3 nodes. Remaining network has 226 nodes and 127 edges.
Found cluster with score 1.9 and 4 nodes. Remaining network has 222 nodes and 124 edges.
Found cluster with score 1.5333333333333332 and 3 nodes. Remaining network has 219 nodes and 122 edges.
Found cluster with score 1.8800000000000001 and 5 nodes. Remaining network has 214 nodes and 118 edges.
Found cluster with score 2.1999999999999997 and 3 nodes. Remaining network has 211 nodes and 116 edges.
Found cluster with score 2.0 and 4 nodes. Remaining network has 207 nodes and 113 edges.
Found cluster with score 1.7999999999999998 and 4 nodes. Remaining network has 203 nodes and 110 edges.
Found cluster with score 1.9999999999999998 and 4 nodes. Remaining network has 199 nodes and 107 edges.
Found cluster with score 1.5333333333333332 and 3 nodes. Remaining network has 196 nodes and 105 edges.
Found cluster with score 1.5333333333333332 and 3 nodes. Remaining network has 193 nodes and 103 edges.
Found cluster with score 1.5333333333333332 and 3 nodes. Remaining network has 190 nodes and 101 edges.
Found cluster with score 2.1999999999999997 and 3 nodes. Remaining network has 187 nodes and 99 edges.
Found cluster with score 1.5333333333333332 and 3 nodes. Remaining network has 184 nodes and 97 edges.
Found cluster with score 1.5333333333333332 and 3 nodes. Remaining network has 181 nodes and 95 edges.
Found cluster with score 2.1999999999999997 and 3 nodes. Remaining network has 178 nodes and 93 edges.
Found cluster with score 2.1999999999999997 and 3 nodes. Remaining network has 175 nodes and 91 edges.
Found cluster with score 1.5333333333333332 and 3 nodes. Remaining network has 172 nodes and 89 edges.
Found cluster with score 1.5333333333333332 and 3 nodes. Remaining network has 169 nodes and 87 edges.
Found cluster with score 1.7999999999999998 and 3 nodes. Remaining network has 166 nodes and 85 edges.
Found cluster with score 1.9333333333333333 and 3 nodes. Remaining network has 163 nodes and 83 edges.
Found cluster with score 1.7999999999999998 and 3 nodes. Remaining network has 160 nodes and 81 edges.
Found cluster with score 2.1999999999999997 and 3 nodes. Remaining network has 157 nodes and 79 edges.
Found cluster with score 1.5333333333333332 and 3 nodes. Remaining network has 154 nodes and 77 edges.
Found cluster with score 1.4 and 2 nodes. Remaining network has 152 nodes and 76 edges.
Found cluster with score 1.4 and 2 nodes. Remaining network has 150 nodes and 75 edges.
Found cluster with score 1.4 and 2 nodes. Remaining network has 148 nodes and 74 edges.
Found cluster with score 1.4 and 2 nodes. Remaining network has 146 nodes and 73 edges.
Found cluster with score 1.4 and 2 nodes. Remaining network has 144 nodes and 72 edges.
Found cluster with score 1.4 and 2 nodes. Remaining network has 142 nodes and 71 edges.
Found cluster with score 1.4 and 2 nodes. Remaining network has 140 nodes and 70 edges.
Found cluster with score 1.4 and 2 nodes. Remaining network has 138 nodes and 69 edges.
Found cluster with score 1.4 and 2 nodes. Remaining network has 136 nodes and 68 edges.
Found cluster with score 1.4 and 2 nodes. Remaining network has 134 nodes and 67 edges.
Found cluster with score 1.4 and 2 nodes. Remaining network has 132 nodes and 66 edges.
Found cluster with score 1.4 and 2 nodes. Remaining network has 130 nodes and 65 edges.
Found cluster with score 1.4 and 2 nodes. Remaining network has 128 nodes and 64 edges.
Found cluster with score 1.4 and 2 nodes. Remaining network has 126 nodes and 63 edges.
Found cluster with score 1.4 and 2 nodes. Remaining network has 124 nodes and 62 edges.
Found cluster with score 1.4 and 2 nodes. Remaining network has 122 nodes and 61 edges.
Found cluster with score 1.4 and 2 nodes. Remaining network has 120 nodes and 60 edges.
Found cluster with score 1.4 and 2 nodes. Remaining network has 118 nodes and 59 edges.
Found cluster with score 1.4 and 2 nodes. Remaining network has 116 nodes and 58 edges.
Found cluster with score 1.4 and 2 nodes. Remaining network has 114 nodes and 57 edges.
Found cluster with score 1.4 and 2 nodes. Remaining network has 112 nodes and 56 edges.
Found cluster with score 1.4 and 2 nodes. Remaining network has 110 nodes and 55 edges.
Found cluster with score 1.4 and 2 nodes. Remaining network has 108 nodes and 54 edges.
Found cluster with score 1.4 and 2 nodes. Remaining network has 106 nodes and 53 edges.
Found cluster with score 1.4 and 2 nodes. Remaining network has 104 nodes and 52 edges.
Found cluster with score 1.4 and 2 nodes. Remaining network has 102 nodes and 51 edges.
Found cluster with score 1.4 and 2 nodes. Remaining network has 100 nodes and 50 edges.
Found cluster with score 1.4 and 2 nodes. Remaining network has 98 nodes and 49 edges.
Found cluster with score 1.4 and 2 nodes. Remaining network has 96 nodes and 48 edges.
Found cluster with score 1.4 and 2 nodes. Remaining network has 94 nodes and 47 edges.
Found cluster with score 1.4 and 2 nodes. Remaining network has 92 nodes and 46 edges.
Found cluster with score 1.4 and 2 nodes. Remaining network has 90 nodes and 45 edges.
Found cluster with score 1.4 and 2 nodes. Remaining network has 88 nodes and 44 edges.
Found cluster with score 1.4 and 2 nodes. Remaining network has 86 nodes and 43 edges.
Found cluster with score 1.4 and 2 nodes. Remaining network has 84 nodes and 42 edges.
Found cluster with score 1.4 and 2 nodes. Remaining network has 82 nodes and 41 edges.
Found cluster with score 1.4 and 2 nodes. Remaining network has 80 nodes and 40 edges.
Found cluster with score 1.4 and 2 nodes. Remaining network has 78 nodes and 39 edges.
Found cluster with score 1.4 and 2 nodes. Remaining network has 76 nodes and 38 edges.
Found cluster with score 1.4 and 2 nodes. Remaining network has 74 nodes and 37 edges.
Found cluster with score 1.4 and 2 nodes. Remaining network has 72 nodes and 36 edges.
Found cluster with score 1.4 and 2 nodes. Remaining network has 70 nodes and 35 edges.
Found cluster with score 1.4 and 2 nodes. Remaining network has 68 nodes and 34 edges.
Found cluster with score 1.4 and 2 nodes. Remaining network has 66 nodes and 33 edges.
Found cluster with score 1.4 and 2 nodes. Remaining network has 64 nodes and 32 edges.
Found cluster with score 1.4 and 2 nodes. Remaining network has 62 nodes and 31 edges.
Found cluster with score 1.4 and 2 nodes. Remaining network has 60 nodes and 30 edges.
Found cluster with score 1.4 and 2 nodes. Remaining network has 58 nodes and 29 edges.
Found cluster with score 1.4 and 2 nodes. Remaining network has 56 nodes and 28 edges.
Found cluster with score 1.4 and 2 nodes. Remaining network has 54 nodes and 27 edges.
Found cluster with score 1.4 and 2 nodes. Remaining network has 52 nodes and 26 edges.
Found cluster with score 1.4 and 2 nodes. Remaining network has 50 nodes and 25 edges.
Found cluster with score 1.4 and 2 nodes. Remaining network has 48 nodes and 24 edges.
Found cluster with score 1.4 and 2 nodes. Remaining network has 46 nodes and 23 edges.
Found cluster with score 1.4 and 2 nodes. Remaining network has 44 nodes and 22 edges.
Found cluster with score 1.4 and 2 nodes. Remaining network has 42 nodes and 21 edges.
Found cluster with score 1.4 and 2 nodes. Remaining network has 40 nodes and 20 edges.
Found cluster with score 1.4 and 2 nodes. Remaining network has 38 nodes and 19 edges.
Found cluster with score 1.4 and 2 nodes. Remaining network has 36 nodes and 18 edges.
Found cluster with score 1.4 and 2 nodes. Remaining network has 34 nodes and 17 edges.
Found cluster with score 1.4 and 2 nodes. Remaining network has 32 nodes and 16 edges.
Found cluster with score 1.4 and 2 nodes. Remaining network has 30 nodes and 15 edges.
Found cluster with score 1.4 and 2 nodes. Remaining network has 28 nodes and 14 edges.
Found cluster with score 1.4 and 2 nodes. Remaining network has 26 nodes and 13 edges.
Found cluster with score 1.4 and 2 nodes. Remaining network has 24 nodes and 12 edges.
Found cluster with score 1.4 and 2 nodes. Remaining network has 22 nodes and 11 edges.
Found cluster with score 1.4 and 2 nodes. Remaining network has 20 nodes and 10 edges.
Found cluster with score 1.4 and 2 nodes. Remaining network has 18 nodes and 9 edges.
Found cluster with score 1.4 and 2 nodes. Remaining network has 16 nodes and 8 edges.
Found cluster with score 1.4 and 2 nodes. Remaining network has 14 nodes and 7 edges.
Found cluster with score 1.4 and 2 nodes. Remaining network has 12 nodes and 6 edges.
Found cluster with score 1.4 and 2 nodes. Remaining network has 10 nodes and 5 edges.
Found cluster with score 1.4 and 2 nodes. Remaining network has 8 nodes and 4 edges.
Found cluster with score 1.4 and 2 nodes. Remaining network has 6 nodes and 3 edges.
Found cluster with score 1.4 and 2 nodes. Remaining network has 4 nodes and 2 edges.
Found cluster with score 1.4 and 2 nodes. Remaining network has 2 nodes and 1 edges.
Found cluster with score 1.4 and 2 nodes. Remaining network has 0 nodes and 0 edges.
Found 139 clusters with at least 10 nodes and score higher than 2.0.
Printing clusters... [ok]
Generating regulators for all regulator types...

Processing TFs regulators...
  Regulator list: ./Preprocessing/tfs.txt
  Data type: c (c=continuous, d=discrete)
  Output prefix: Lemon_out/TFs

LemonTree - Version 3.1.1
-------------------------

Parameters
----------
task:               regulators
data_file:          Preprocessing/LemonPreprocessed_complete.txt
reg_file:           ./Preprocessing/tfs.txt
cluster_file:       Lemon_out/tight_clusters.txt
output_file:        Lemon_out/TFs
lambda:             0.1
mu:                 0.0
alpha:              0.1
beta:               0.1
num_runs:           1
num_steps:          1100
burn_in:            100
sample_steps:       100
score_gain:         0.0
num_reg:            10
Reading expression data... [ok]
Number of genes in the data matrix: 3362
Number of conditions in the data matrix: 75
Number of missing values in the data matrix: 25192
Total number of expression values: 252150
Reading cluster file Lemon_out/tight_clusters.txt
 [ok]
Assigned genes: 5874
Not assigned genes: 0
Number of clusters: 139
Reading candidate regulators... [ok]
Found 1364 regulators belonging to the geneset.
0 of them are discrete
92 regulators do not belong to the gene set
dataMean: 1.940328018212573E-17
dataSigma: 0.9932202608114999
dataMin: -6.16334781623368
dataMax: 6.02661172204246
Gibbs sampling hierarchical trees...
sampling module 0 timestamp: Thu Apr 30 09:35:56 CEST 2026
sampling module 1 timestamp: Thu Apr 30 09:36:00 CEST 2026
sampling module 2 timestamp: Thu Apr 30 09:36:02 CEST 2026
sampling module 3 timestamp: Thu Apr 30 09:36:05 CEST 2026
sampling module 4 timestamp: Thu Apr 30 09:36:08 CEST 2026
sampling module 5 timestamp: Thu Apr 30 09:36:10 CEST 2026
sampling module 6 timestamp: Thu Apr 30 09:36:12 CEST 2026
sampling module 7 timestamp: Thu Apr 30 09:36:14 CEST 2026
sampling module 8 timestamp: Thu Apr 30 09:36:17 CEST 2026
sampling module 9 timestamp: Thu Apr 30 09:36:18 CEST 2026
sampling module 10 timestamp: Thu Apr 30 09:36:23 CEST 2026
sampling module 11 timestamp: Thu Apr 30 09:36:25 CEST 2026
sampling module 12 timestamp: Thu Apr 30 09:36:26 CEST 2026
sampling module 13 timestamp: Thu Apr 30 09:36:28 CEST 2026
sampling module 14 timestamp: Thu Apr 30 09:36:29 CEST 2026
sampling module 15 timestamp: Thu Apr 30 09:36:31 CEST 2026
sampling module 16 timestamp: Thu Apr 30 09:36:33 CEST 2026
sampling module 17 timestamp: Thu Apr 30 09:36:34 CEST 2026
sampling module 18 timestamp: Thu Apr 30 09:36:35 CEST 2026
sampling module 19 timestamp: Thu Apr 30 09:36:46 CEST 2026
sampling module 20 timestamp: Thu Apr 30 09:36:47 CEST 2026
sampling module 21 timestamp: Thu Apr 30 09:36:48 CEST 2026
sampling module 22 timestamp: Thu Apr 30 09:36:51 CEST 2026
sampling module 23 timestamp: Thu Apr 30 09:36:52 CEST 2026
sampling module 24 timestamp: Thu Apr 30 09:36:54 CEST 2026
sampling module 25 timestamp: Thu Apr 30 09:36:55 CEST 2026
sampling module 26 timestamp: Thu Apr 30 09:36:57 CEST 2026
sampling module 27 timestamp: Thu Apr 30 09:36:58 CEST 2026
sampling module 28 timestamp: Thu Apr 30 09:37:03 CEST 2026
sampling module 29 timestamp: Thu Apr 30 09:37:03 CEST 2026
sampling module 30 timestamp: Thu Apr 30 09:37:05 CEST 2026
sampling module 31 timestamp: Thu Apr 30 09:37:05 CEST 2026
sampling module 32 timestamp: Thu Apr 30 09:37:06 CEST 2026
sampling module 33 timestamp: Thu Apr 30 09:37:07 CEST 2026
sampling module 34 timestamp: Thu Apr 30 09:37:08 CEST 2026
sampling module 35 timestamp: Thu Apr 30 09:37:08 CEST 2026
sampling module 36 timestamp: Thu Apr 30 09:37:09 CEST 2026
sampling module 37 timestamp: Thu Apr 30 09:37:10 CEST 2026
sampling module 38 timestamp: Thu Apr 30 09:37:11 CEST 2026
sampling module 39 timestamp: Thu Apr 30 09:37:14 CEST 2026
sampling module 40 timestamp: Thu Apr 30 09:37:15 CEST 2026
sampling module 41 timestamp: Thu Apr 30 09:37:15 CEST 2026
sampling module 42 timestamp: Thu Apr 30 09:37:16 CEST 2026
sampling module 43 timestamp: Thu Apr 30 09:37:17 CEST 2026
sampling module 44 timestamp: Thu Apr 30 09:37:17 CEST 2026
sampling module 45 timestamp: Thu Apr 30 09:37:18 CEST 2026
sampling module 46 timestamp: Thu Apr 30 09:37:20 CEST 2026
sampling module 47 timestamp: Thu Apr 30 09:37:22 CEST 2026
sampling module 48 timestamp: Thu Apr 30 09:37:23 CEST 2026
sampling module 49 timestamp: Thu Apr 30 09:37:23 CEST 2026
sampling module 50 timestamp: Thu Apr 30 09:37:24 CEST 2026
sampling module 51 timestamp: Thu Apr 30 09:38:23 CEST 2026
sampling module 52 timestamp: Thu Apr 30 09:38:24 CEST 2026
sampling module 53 timestamp: Thu Apr 30 09:38:24 CEST 2026
sampling module 54 timestamp: Thu Apr 30 09:38:28 CEST 2026
sampling module 55 timestamp: Thu Apr 30 09:38:30 CEST 2026
sampling module 56 timestamp: Thu Apr 30 09:38:31 CEST 2026
sampling module 57 timestamp: Thu Apr 30 09:38:31 CEST 2026
sampling module 58 timestamp: Thu Apr 30 09:38:33 CEST 2026
sampling module 59 timestamp: Thu Apr 30 09:38:33 CEST 2026
sampling module 60 timestamp: Thu Apr 30 09:38:35 CEST 2026
sampling module 61 timestamp: Thu Apr 30 09:38:36 CEST 2026
sampling module 62 timestamp: Thu Apr 30 09:38:39 CEST 2026
sampling module 63 timestamp: Thu Apr 30 09:38:39 CEST 2026
sampling module 64 timestamp: Thu Apr 30 09:38:40 CEST 2026
sampling module 65 timestamp: Thu Apr 30 09:38:45 CEST 2026
sampling module 66 timestamp: Thu Apr 30 09:38:46 CEST 2026
sampling module 67 timestamp: Thu Apr 30 09:38:46 CEST 2026
sampling module 68 timestamp: Thu Apr 30 09:38:47 CEST 2026
sampling module 69 timestamp: Thu Apr 30 09:38:47 CEST 2026
sampling module 70 timestamp: Thu Apr 30 09:38:49 CEST 2026
sampling module 71 timestamp: Thu Apr 30 09:38:49 CEST 2026
sampling module 72 timestamp: Thu Apr 30 09:38:50 CEST 2026
sampling module 73 timestamp: Thu Apr 30 09:38:50 CEST 2026
sampling module 74 timestamp: Thu Apr 30 09:38:51 CEST 2026
sampling module 75 timestamp: Thu Apr 30 09:38:52 CEST 2026
sampling module 76 timestamp: Thu Apr 30 09:38:53 CEST 2026
sampling module 77 timestamp: Thu Apr 30 09:38:56 CEST 2026
sampling module 78 timestamp: Thu Apr 30 09:38:57 CEST 2026
sampling module 79 timestamp: Thu Apr 30 09:38:57 CEST 2026
sampling module 80 timestamp: Thu Apr 30 09:38:58 CEST 2026
sampling module 81 timestamp: Thu Apr 30 09:38:58 CEST 2026
sampling module 82 timestamp: Thu Apr 30 09:39:00 CEST 2026
sampling module 83 timestamp: Thu Apr 30 09:39:00 CEST 2026
sampling module 84 timestamp: Thu Apr 30 09:39:02 CEST 2026
sampling module 85 timestamp: Thu Apr 30 09:39:03 CEST 2026
sampling module 86 timestamp: Thu Apr 30 09:39:03 CEST 2026
sampling module 87 timestamp: Thu Apr 30 09:39:04 CEST 2026
sampling module 88 timestamp: Thu Apr 30 09:39:04 CEST 2026
sampling module 89 timestamp: Thu Apr 30 09:39:05 CEST 2026
sampling module 90 timestamp: Thu Apr 30 09:39:06 CEST 2026
sampling module 91 timestamp: Thu Apr 30 09:39:06 CEST 2026
sampling module 92 timestamp: Thu Apr 30 09:39:07 CEST 2026
sampling module 93 timestamp: Thu Apr 30 09:39:08 CEST 2026
sampling module 94 timestamp: Thu Apr 30 09:39:08 CEST 2026
sampling module 95 timestamp: Thu Apr 30 09:39:08 CEST 2026
sampling module 96 timestamp: Thu Apr 30 09:39:09 CEST 2026
sampling module 97 timestamp: Thu Apr 30 09:39:09 CEST 2026
sampling module 98 timestamp: Thu Apr 30 09:39:10 CEST 2026
sampling module 99 timestamp: Thu Apr 30 09:39:11 CEST 2026
sampling module 100 timestamp: Thu Apr 30 09:39:11 CEST 2026
sampling module 101 timestamp: Thu Apr 30 09:39:12 CEST 2026
sampling module 102 timestamp: Thu Apr 30 09:39:12 CEST 2026
sampling module 103 timestamp: Thu Apr 30 09:39:13 CEST 2026
sampling module 104 timestamp: Thu Apr 30 09:39:13 CEST 2026
sampling module 105 timestamp: Thu Apr 30 09:39:15 CEST 2026
sampling module 106 timestamp: Thu Apr 30 09:39:15 CEST 2026
sampling module 107 timestamp: Thu Apr 30 09:39:15 CEST 2026
sampling module 108 timestamp: Thu Apr 30 09:39:16 CEST 2026
sampling module 109 timestamp: Thu Apr 30 09:39:16 CEST 2026
sampling module 110 timestamp: Thu Apr 30 09:39:17 CEST 2026
sampling module 111 timestamp: Thu Apr 30 09:39:17 CEST 2026
sampling module 112 timestamp: Thu Apr 30 09:39:18 CEST 2026
sampling module 113 timestamp: Thu Apr 30 09:39:18 CEST 2026
sampling module 114 timestamp: Thu Apr 30 09:39:18 CEST 2026
sampling module 115 timestamp: Thu Apr 30 09:39:19 CEST 2026
sampling module 116 timestamp: Thu Apr 30 09:39:19 CEST 2026
sampling module 117 timestamp: Thu Apr 30 09:39:20 CEST 2026
sampling module 118 timestamp: Thu Apr 30 09:39:20 CEST 2026
sampling module 119 timestamp: Thu Apr 30 09:39:21 CEST 2026
sampling module 120 timestamp: Thu Apr 30 09:39:22 CEST 2026
sampling module 121 timestamp: Thu Apr 30 09:39:22 CEST 2026
sampling module 122 timestamp: Thu Apr 30 09:39:23 CEST 2026
sampling module 123 timestamp: Thu Apr 30 09:39:24 CEST 2026
sampling module 124 timestamp: Thu Apr 30 09:39:25 CEST 2026
sampling module 125 timestamp: Thu Apr 30 09:39:25 CEST 2026
sampling module 126 timestamp: Thu Apr 30 09:39:26 CEST 2026
sampling module 127 timestamp: Thu Apr 30 09:39:26 CEST 2026
sampling module 128 timestamp: Thu Apr 30 09:39:27 CEST 2026
sampling module 129 timestamp: Thu Apr 30 09:39:27 CEST 2026
sampling module 130 timestamp: Thu Apr 30 09:39:28 CEST 2026
sampling module 131 timestamp: Thu Apr 30 09:39:28 CEST 2026
sampling module 132 timestamp: Thu Apr 30 09:39:28 CEST 2026
sampling module 133 timestamp: Thu Apr 30 09:39:29 CEST 2026
sampling module 134 timestamp: Thu Apr 30 09:39:29 CEST 2026
sampling module 135 timestamp: Thu Apr 30 09:39:29 CEST 2026
sampling module 136 timestamp: Thu Apr 30 09:39:30 CEST 2026
sampling module 137 timestamp: Thu Apr 30 09:39:30 CEST 2026
sampling module 138 timestamp: Thu Apr 30 09:39:30 CEST 2026
done.
Assigning regulators stochastically ...
module: 0
module: 1
module: 2
module: 3
module: 4
module: 5
module: 6
module: 7
module: 8
module: 9
module: 10
module: 11
module: 12
module: 13
module: 14
module: 15
module: 16
module: 17
module: 18
module: 19
module: 20
module: 21
module: 22
module: 23
module: 24
module: 25
module: 26
module: 27
module: 28
module: 29
module: 30
module: 31
module: 32
module: 33
module: 34
module: 35
module: 36
module: 37
module: 38
module: 39
module: 40
module: 41
module: 42
module: 43
module: 44
module: 45
module: 46
module: 47
module: 48
module: 49
module: 50
module: 51
module: 52
module: 53
module: 54
module: 55
module: 56
module: 57
module: 58
module: 59
module: 60
module: 61
module: 62
module: 63
module: 64
module: 65
module: 66
module: 67
module: 68
module: 69
module: 70
module: 71
module: 72
module: 73
module: 74
module: 75
module: 76
module: 77
module: 78
module: 79
module: 80
module: 81
module: 82
module: 83
module: 84
module: 85
module: 86
module: 87
module: 88
module: 89
module: 90
module: 91
module: 92
module: 93
module: 94
module: 95
module: 96
module: 97
module: 98
module: 99
module: 100
module: 101
module: 102
module: 103
module: 104
module: 105
module: 106
module: 107
module: 108
module: 109
module: 110
module: 111
module: 112
module: 113
module: 114
module: 115
module: 116
module: 117
module: 118
module: 119
module: 120
module: 121
module: 122
module: 123
module: 124
module: 125
module: 126
module: 127
module: 128
module: 129
module: 130
module: 131
module: 132
module: 133
module: 134
module: 135
module: 136
module: 137
module: 138
[ok]
Printing regulator file Lemon_out/TFs.allreg.txt [ok]
Printing regulator file Lemon_out/TFs.topreg.txt [ok]
Printing random regulator file Lemon_out/TFs.randomreg.txt [ok]
Writing xml file Lemon_out/TFs.xml.gz [ok]
✅ Successfully generated TFs regulators (from ./Preprocessing/tfs.txt)

Processing Metabolites regulators...
  Regulator list: ./Preprocessing/metabolites.txt
  Data type: c (c=continuous, d=discrete)
  Output prefix: Lemon_out/Metabolites

LemonTree - Version 3.1.1
-------------------------

Parameters
----------
task:               regulators
data_file:          Preprocessing/LemonPreprocessed_complete.txt
reg_file:           ./Preprocessing/metabolites.txt
cluster_file:       Lemon_out/tight_clusters.txt
output_file:        Lemon_out/Metabolites
lambda:             0.1
mu:                 0.0
alpha:              0.1
beta:               0.1
num_runs:           1
num_steps:          1100
burn_in:            100
sample_steps:       100
score_gain:         0.0
num_reg:            10
Reading expression data... [ok]
Number of genes in the data matrix: 3362
Number of conditions in the data matrix: 75
Number of missing values in the data matrix: 25192
Total number of expression values: 252150
Reading cluster file Lemon_out/tight_clusters.txt
 [ok]
Assigned genes: 5874
Not assigned genes: 0
Number of clusters: 139
Reading candidate regulators... [ok]
Found 134 regulators belonging to the geneset.
0 of them are discrete
0 regulators do not belong to the gene set
dataMean: 1.940328018212573E-17
dataSigma: 0.9932202608114999
dataMin: -6.16334781623368
dataMax: 6.02661172204246
Gibbs sampling hierarchical trees...
sampling module 0 timestamp: Thu Apr 30 09:50:45 CEST 2026
sampling module 1 timestamp: Thu Apr 30 09:50:49 CEST 2026
sampling module 2 timestamp: Thu Apr 30 09:50:52 CEST 2026
sampling module 3 timestamp: Thu Apr 30 09:50:55 CEST 2026
sampling module 4 timestamp: Thu Apr 30 09:50:58 CEST 2026
sampling module 5 timestamp: Thu Apr 30 09:51:00 CEST 2026
sampling module 6 timestamp: Thu Apr 30 09:51:03 CEST 2026
sampling module 7 timestamp: Thu Apr 30 09:51:05 CEST 2026
sampling module 8 timestamp: Thu Apr 30 09:51:09 CEST 2026
sampling module 9 timestamp: Thu Apr 30 09:51:10 CEST 2026
sampling module 10 timestamp: Thu Apr 30 09:51:14 CEST 2026
sampling module 11 timestamp: Thu Apr 30 09:51:16 CEST 2026
sampling module 12 timestamp: Thu Apr 30 09:51:17 CEST 2026
sampling module 13 timestamp: Thu Apr 30 09:51:19 CEST 2026
sampling module 14 timestamp: Thu Apr 30 09:51:20 CEST 2026
sampling module 15 timestamp: Thu Apr 30 09:51:21 CEST 2026
sampling module 16 timestamp: Thu Apr 30 09:51:24 CEST 2026
sampling module 17 timestamp: Thu Apr 30 09:51:25 CEST 2026
sampling module 18 timestamp: Thu Apr 30 09:51:26 CEST 2026
sampling module 19 timestamp: Thu Apr 30 09:51:37 CEST 2026
sampling module 20 timestamp: Thu Apr 30 09:51:38 CEST 2026
sampling module 21 timestamp: Thu Apr 30 09:51:39 CEST 2026
sampling module 22 timestamp: Thu Apr 30 09:51:42 CEST 2026
sampling module 23 timestamp: Thu Apr 30 09:51:43 CEST 2026
sampling module 24 timestamp: Thu Apr 30 09:51:44 CEST 2026
sampling module 25 timestamp: Thu Apr 30 09:51:46 CEST 2026
sampling module 26 timestamp: Thu Apr 30 09:51:48 CEST 2026
sampling module 27 timestamp: Thu Apr 30 09:51:49 CEST 2026
sampling module 28 timestamp: Thu Apr 30 09:51:54 CEST 2026
sampling module 29 timestamp: Thu Apr 30 09:51:54 CEST 2026
sampling module 30 timestamp: Thu Apr 30 09:51:55 CEST 2026
sampling module 31 timestamp: Thu Apr 30 09:51:56 CEST 2026
sampling module 32 timestamp: Thu Apr 30 09:51:57 CEST 2026
sampling module 33 timestamp: Thu Apr 30 09:51:57 CEST 2026
sampling module 34 timestamp: Thu Apr 30 09:51:58 CEST 2026
sampling module 35 timestamp: Thu Apr 30 09:51:59 CEST 2026
sampling module 36 timestamp: Thu Apr 30 09:52:00 CEST 2026
sampling module 37 timestamp: Thu Apr 30 09:52:00 CEST 2026
sampling module 38 timestamp: Thu Apr 30 09:52:01 CEST 2026
sampling module 39 timestamp: Thu Apr 30 09:52:04 CEST 2026
sampling module 40 timestamp: Thu Apr 30 09:52:05 CEST 2026
sampling module 41 timestamp: Thu Apr 30 09:52:05 CEST 2026
sampling module 42 timestamp: Thu Apr 30 09:52:06 CEST 2026
sampling module 43 timestamp: Thu Apr 30 09:52:06 CEST 2026
sampling module 44 timestamp: Thu Apr 30 09:52:07 CEST 2026
sampling module 45 timestamp: Thu Apr 30 09:52:07 CEST 2026
sampling module 46 timestamp: Thu Apr 30 09:52:09 CEST 2026
sampling module 47 timestamp: Thu Apr 30 09:52:11 CEST 2026
sampling module 48 timestamp: Thu Apr 30 09:52:12 CEST 2026
sampling module 49 timestamp: Thu Apr 30 09:52:13 CEST 2026
sampling module 50 timestamp: Thu Apr 30 09:52:13 CEST 2026
sampling module 51 timestamp: Thu Apr 30 09:53:16 CEST 2026
sampling module 52 timestamp: Thu Apr 30 09:53:16 CEST 2026
sampling module 53 timestamp: Thu Apr 30 09:53:17 CEST 2026
sampling module 54 timestamp: Thu Apr 30 09:53:20 CEST 2026
sampling module 55 timestamp: Thu Apr 30 09:53:23 CEST 2026
sampling module 56 timestamp: Thu Apr 30 09:53:24 CEST 2026
sampling module 57 timestamp: Thu Apr 30 09:53:24 CEST 2026
sampling module 58 timestamp: Thu Apr 30 09:53:25 CEST 2026
sampling module 59 timestamp: Thu Apr 30 09:53:26 CEST 2026
sampling module 60 timestamp: Thu Apr 30 09:53:28 CEST 2026
sampling module 61 timestamp: Thu Apr 30 09:53:29 CEST 2026
sampling module 62 timestamp: Thu Apr 30 09:53:32 CEST 2026
sampling module 63 timestamp: Thu Apr 30 09:53:33 CEST 2026
sampling module 64 timestamp: Thu Apr 30 09:53:33 CEST 2026
sampling module 65 timestamp: Thu Apr 30 09:53:38 CEST 2026
sampling module 66 timestamp: Thu Apr 30 09:53:39 CEST 2026
sampling module 67 timestamp: Thu Apr 30 09:53:39 CEST 2026
sampling module 68 timestamp: Thu Apr 30 09:53:40 CEST 2026
sampling module 69 timestamp: Thu Apr 30 09:53:40 CEST 2026
sampling module 70 timestamp: Thu Apr 30 09:53:42 CEST 2026
sampling module 71 timestamp: Thu Apr 30 09:53:42 CEST 2026
sampling module 72 timestamp: Thu Apr 30 09:53:42 CEST 2026
sampling module 73 timestamp: Thu Apr 30 09:53:43 CEST 2026
sampling module 74 timestamp: Thu Apr 30 09:53:43 CEST 2026
sampling module 75 timestamp: Thu Apr 30 09:53:45 CEST 2026
sampling module 76 timestamp: Thu Apr 30 09:53:45 CEST 2026
sampling module 77 timestamp: Thu Apr 30 09:53:49 CEST 2026
sampling module 78 timestamp: Thu Apr 30 09:53:49 CEST 2026
sampling module 79 timestamp: Thu Apr 30 09:53:50 CEST 2026
sampling module 80 timestamp: Thu Apr 30 09:53:51 CEST 2026
sampling module 81 timestamp: Thu Apr 30 09:53:51 CEST 2026
sampling module 82 timestamp: Thu Apr 30 09:53:52 CEST 2026
sampling module 83 timestamp: Thu Apr 30 09:53:53 CEST 2026
sampling module 84 timestamp: Thu Apr 30 09:53:55 CEST 2026
sampling module 85 timestamp: Thu Apr 30 09:53:55 CEST 2026
sampling module 86 timestamp: Thu Apr 30 09:53:56 CEST 2026
sampling module 87 timestamp: Thu Apr 30 09:53:56 CEST 2026
sampling module 88 timestamp: Thu Apr 30 09:53:57 CEST 2026
sampling module 89 timestamp: Thu Apr 30 09:53:57 CEST 2026
sampling module 90 timestamp: Thu Apr 30 09:53:59 CEST 2026
sampling module 91 timestamp: Thu Apr 30 09:53:59 CEST 2026
sampling module 92 timestamp: Thu Apr 30 09:54:00 CEST 2026
sampling module 93 timestamp: Thu Apr 30 09:54:01 CEST 2026
sampling module 94 timestamp: Thu Apr 30 09:54:01 CEST 2026
sampling module 95 timestamp: Thu Apr 30 09:54:02 CEST 2026
sampling module 96 timestamp: Thu Apr 30 09:54:02 CEST 2026
sampling module 97 timestamp: Thu Apr 30 09:54:03 CEST 2026
sampling module 98 timestamp: Thu Apr 30 09:54:04 CEST 2026
sampling module 99 timestamp: Thu Apr 30 09:54:05 CEST 2026
sampling module 100 timestamp: Thu Apr 30 09:54:06 CEST 2026
sampling module 101 timestamp: Thu Apr 30 09:54:07 CEST 2026
sampling module 102 timestamp: Thu Apr 30 09:54:07 CEST 2026
sampling module 103 timestamp: Thu Apr 30 09:54:08 CEST 2026
sampling module 104 timestamp: Thu Apr 30 09:54:09 CEST 2026
sampling module 105 timestamp: Thu Apr 30 09:54:10 CEST 2026
sampling module 106 timestamp: Thu Apr 30 09:54:11 CEST 2026
sampling module 107 timestamp: Thu Apr 30 09:54:11 CEST 2026
sampling module 108 timestamp: Thu Apr 30 09:54:12 CEST 2026
sampling module 109 timestamp: Thu Apr 30 09:54:13 CEST 2026
sampling module 110 timestamp: Thu Apr 30 09:54:13 CEST 2026
sampling module 111 timestamp: Thu Apr 30 09:54:14 CEST 2026
sampling module 112 timestamp: Thu Apr 30 09:54:14 CEST 2026
sampling module 113 timestamp: Thu Apr 30 09:54:14 CEST 2026
sampling module 114 timestamp: Thu Apr 30 09:54:15 CEST 2026
sampling module 115 timestamp: Thu Apr 30 09:54:15 CEST 2026
sampling module 116 timestamp: Thu Apr 30 09:54:16 CEST 2026
sampling module 117 timestamp: Thu Apr 30 09:54:17 CEST 2026
sampling module 118 timestamp: Thu Apr 30 09:54:17 CEST 2026
sampling module 119 timestamp: Thu Apr 30 09:54:17 CEST 2026
sampling module 120 timestamp: Thu Apr 30 09:54:19 CEST 2026
sampling module 121 timestamp: Thu Apr 30 09:54:19 CEST 2026
sampling module 122 timestamp: Thu Apr 30 09:54:20 CEST 2026
sampling module 123 timestamp: Thu Apr 30 09:54:20 CEST 2026
sampling module 124 timestamp: Thu Apr 30 09:54:21 CEST 2026
sampling module 125 timestamp: Thu Apr 30 09:54:22 CEST 2026
sampling module 126 timestamp: Thu Apr 30 09:54:22 CEST 2026
sampling module 127 timestamp: Thu Apr 30 09:54:23 CEST 2026
sampling module 128 timestamp: Thu Apr 30 09:54:24 CEST 2026
sampling module 129 timestamp: Thu Apr 30 09:54:24 CEST 2026
sampling module 130 timestamp: Thu Apr 30 09:54:25 CEST 2026
sampling module 131 timestamp: Thu Apr 30 09:54:25 CEST 2026
sampling module 132 timestamp: Thu Apr 30 09:54:25 CEST 2026
sampling module 133 timestamp: Thu Apr 30 09:54:26 CEST 2026
sampling module 134 timestamp: Thu Apr 30 09:54:26 CEST 2026
sampling module 135 timestamp: Thu Apr 30 09:54:27 CEST 2026
sampling module 136 timestamp: Thu Apr 30 09:54:27 CEST 2026
sampling module 137 timestamp: Thu Apr 30 09:54:27 CEST 2026
sampling module 138 timestamp: Thu Apr 30 09:54:28 CEST 2026
done.
Assigning regulators stochastically ...
module: 0
module: 1
module: 2
module: 3
module: 4
module: 5
module: 6
module: 7
module: 8
module: 9
module: 10
module: 11
module: 12
module: 13
module: 14
module: 15
module: 16
module: 17
module: 18
module: 19
module: 20
module: 21
module: 22
module: 23
module: 24
module: 25
module: 26
module: 27
module: 28
module: 29
module: 30
module: 31
module: 32
module: 33
module: 34
module: 35
module: 36
module: 37
module: 38
module: 39
module: 40
module: 41
module: 42
module: 43
module: 44
module: 45
module: 46
module: 47
module: 48
module: 49
module: 50
module: 51
module: 52
module: 53
module: 54
module: 55
module: 56
module: 57
module: 58
module: 59
module: 60
module: 61
module: 62
module: 63
module: 64
module: 65
module: 66
module: 67
module: 68
module: 69
module: 70
module: 71
module: 72
module: 73
module: 74
module: 75
module: 76
module: 77
module: 78
module: 79
module: 80
module: 81
module: 82
module: 83
module: 84
module: 85
module: 86
module: 87
module: 88
module: 89
module: 90
module: 91
module: 92
module: 93
module: 94
module: 95
module: 96
module: 97
module: 98
module: 99
module: 100
module: 101
module: 102
module: 103
module: 104
module: 105
module: 106
module: 107
module: 108
module: 109
module: 110
module: 111
module: 112
module: 113
module: 114
module: 115
module: 116
module: 117
module: 118
module: 119
module: 120
module: 121
module: 122
module: 123
module: 124
module: 125
module: 126
module: 127
module: 128
module: 129
module: 130
module: 131
module: 132
module: 133
module: 134
module: 135
module: 136
module: 137
module: 138
[ok]
Printing regulator file Lemon_out/Metabolites.allreg.txt [ok]
Printing regulator file Lemon_out/Metabolites.topreg.txt [ok]
Printing random regulator file Lemon_out/Metabolites.randomreg.txt [ok]
Writing xml file Lemon_out/Metabolites.xml.gz [ok]
✅ Successfully generated Metabolites regulators (from ./Preprocessing/metabolites.txt)

LemonTree post-clustering analysis completed successfully
=== Files generated by post-clustering ===
Lemon_out/tight_clusters.txt
Lemon_out/TFs.allreg.txt
Lemon_out/TFs.topreg.txt
Lemon_out/TFs.randomreg.txt
Lemon_out/Metabolites.allreg.txt
Lemon_out/Metabolites.topreg.txt
Lemon_out/Metabolites.randomreg.txt
==========================================
