=== Module Overview Generation ===
Found files:
  Clusters: ./clusters_list.txt
  Coherence scores: Module_coherence_scores.txt
Expression: LemonPreprocessed_expression.txt (provided as input)
  DESeq groups: DESeq_groups.txt (provided as input)
  MVF file: ./metabolite_LemoniteKG_interactions.mvf
Regulator types: TFs:Lovering_TF_list.txt,Metabolites:Metabolomics.txt
Parameters:
  Enrichment method: EnrichR
  N clusters: 5
  Organism: human
  Coherence threshold: 0.5
  Clustering workflow: canonical MegaGO top_30 + rrvgo
  PKN file: Lemonite_PKN.tsv
  Metabolite mapping: name_map.csv
=== Enrichment directory contents ===
lrwxrwxrwx 1 borisvdm users 87 Apr 30 15:30 Enrichment -> /home/borisvdm/repo/LemonIte/nextflow/work/b1/06a7af1c0926df3e61d625580765dd/Enrichment
=====================================
Found TFs regulator file: TFs.selected_regs_list.txt
Found TFs regulator score file: TFs.selected_regulators_scores.txt
Found Metabolites regulator file: Metabolites.selected_regs_list.txt
Found Metabolites regulator score file: Metabolites.selected_regulators_scores.txt
Functional clustering: canonical MegaGO top_30, n_clusters=5
PKN file provided for edge categorization
Metabolite name mapping provided
Name mapping provided for original name restoration
Expression-based prioritization enabled
Running module overview generation...
Command: python3 /home/borisvdm/repo/LemonIte/nextflow/scripts/module_overview_interactive.py --input_dir . --output_dir . --enrichment_method EnrichR --coherence_threshold 0.5 --group_column diagnosis --regulator_files TFs:TFs.selected_regs_list.txt,Metabolites:Metabolites.selected_regs_list.txt --regulator_score_files TFs:TFs.selected_regulators_scores.txt,Metabolites:Metabolites.selected_regulators_scores.txt --n_clusters 5 --organism human --pkn_file Lemonite_PKN.tsv --metabolite_mapping name_map.csv --name_mapping name_mapping.tsv --prioritize_by_expression --expression_file LemonPreprocessed_expression.txt --metadata_file DESeq_groups.txt
Megago available for functional clustering
============================================================
INTERACTIVE MODULE OVERVIEW GENERATOR
============================================================
Input directory: .
Output directory: ./Module_Overview
Regulator files: TFs:TFs.selected_regs_list.txt,Metabolites:Metabolites.selected_regs_list.txt
Enrichment method: EnrichR
Number of clusters: 5
Organism: human
Coherence threshold: 0.5
Expression prioritization: True
Clustering workflow: canonical MegaGO top_30 + rrvgo
PKN file: Lemonite_PKN.tsv
Metabolite mapping: name_map.csv
Name mapping: name_mapping.tsv
Grouping column: diagnosis

Loading module data...
Loaded 0 name mappings for original name restoration
Found regulator types: ['TFs', 'Metabolites']
Reading TFs regulators from TFs.selected_regs_list.txt
Reading Metabolites regulators from Metabolites.selected_regs_list.txt
Reading TFs regulator scores from TFs.selected_regulators_scores.txt
Reading Metabolites regulator scores from Metabolites.selected_regulators_scores.txt
  TFs: 852 regulator-module pairs loaded
  Metabolites: 233 regulator-module pairs loaded
Loaded data for 104 modules
- TFs regulators: 104 modules
- Metabolites regulators: 96 modules
Found enrichment CSV files (4):
  - ./Enrichment/Modules_enrichr/Enrichr_all_enriched_pathways_up_per_module.csv
  - ./Enrichment/Modules_enrichr/Enrichr_all_enriched_pathways_down_per_module.csv
  - ./Enrichment/Modules_enrichr/Enrichr_top_10_enriched_pathways_up_per_module.csv
  - ./Enrichment/Modules_enrichr/Enrichr_top_10_enriched_pathways_down_per_module.csv
Using EnrichR enrichment files (all) for module overview integration
Loaded enrichment file: Enrichr_all_enriched_pathways_up_per_module.csv (4578 rows)

Loading PPI enrichment data...
✓ Loaded PPI enrichment data from ./PPI_enrichment_results.csv: 104 modules
  - Modules significantly enriched for PPIs (FDR < 0.05): 55
  - Mean fold enrichment: 5.93

Loading metabolite-gene interaction enrichment data...
✓ Loaded metabolite-gene enrichment data from ./Metabolite_Gene_enrichment_results.csv: 82 modules
  - Modules significantly enriched (FDR < 0.05): 1
  - Mean fold enrichment: 0.63

Loading coherence-filtered modules...
Loaded 75 coherence-filtered modules from Networks/specific_modules.txt
   Filtered modules: ['0', '1', '10', '101', '103', '11', '12', '13', '14', '15', '16', '17', '18', '19', '2', '20', '21', '23', '24', '25', '26', '27', '28', '29', '3', '30', '32', '33', '34', '36', '37', '38', '39', '4', '40', '41', '42', '43', '44', '45', '46', '47', '49', '5', '50', '51', '52', '53', '55', '57', '58', '59', '6', '61', '63', '65', '67', '68', '7', '70', '71', '72', '73', '74', '78', '8', '81', '82', '83', '86', '89', '9', '90', '95', '96']
Using coherence-filtered modules from Networks/specific_modules.txt
   Processing 75 modules that passed coherence filtering
Found coherence scores file: ./Module_coherence_scores.txt
Loaded coherence scores for 104 modules
Coherence filtering (threshold = 0.5):
- Modules passing filter: 75
- Modules removed: 29
- Removed modules: [22, 31, 35, 48, 54, 56, 60, 62, 64, 66, 69, 75, 76, 77, 79, 80, 84, 85, 87, 88, 91, 92, 93, 94, 97, 98, 99, 100, 102]
Prepared data for 75 modules

Performing expression-based module prioritization...
Found expression file: LemonPreprocessed_expression.txt
Found metadata file: DESeq_groups.txt
Loading expression data from: LemonPreprocessed_expression.txt
Loading metadata from: DESeq_groups.txt
Auto-detected 4 groups in 'diagnosis': ['nmf3', 'nmf1', 'nmf2', 'IDH mutant']
Expression analysis completed: 104 modules tested; 87 significant (FDR<0.05)
Expression analysis results saved to: ./Module_Overview/module_expression_analysis.csv

Performing functional clustering with canonical MegaGO top_30 workflow...
Prepared canonical BP top_30 terms for 71 modules
Top_30 BP term file: ./Module_Overview/top_30/bp_terms_top_30.csv

Attempting canonical MegaGO clustering...
   Found canonical BP top_30 terms with 1185 rows
Creating MegaGO files with canonical BP top_30 terms for each module...
Created 71 GO BP term files for MegaGO clustering
   Created MegaGO files in: ./Module_Overview/top_30/megaGO_files
Found 71 BP term files for MegaGO analysis
Processing 71 modules: ['101', '103', '10', '11', '12', '13', '14', '15', '16', '17', '18', '19', '20', '21', '23', '24', '25', '26', '27', '28', '29', '30', '33', '34', '36', '37', '38', '39', '3', '40', '41', '42', '43', '44', '45', '46', '47', '49', '4', '50', '51', '52', '53', '55', '57', '58', '59', '5', '61', '63', '65', '67', '68', '6', '70', '71', '72', '73', '74', '78', '7', '81', '82', '83', '86', '89', '8', '90', '95', '96', '9']
Will run 2485 pairwise MegaGO comparisons
  [OK] 101 vs 12: 0.3883
  [OK] 101 vs 14: 0.5303
  [OK] 101 vs 13: 0.2540
  [OK] 101 vs 10: 0.1451
  [OK] 101 vs 15: 0.2398
  [OK] 101 vs 11: 0.3883
  [OK] 101 vs 16: 0.4461
  [OK] 101 vs 103: 0.5571
  [OK] 101 vs 17: 0.7093
  [OK] 101 vs 18: 0.2983
  [OK] 101 vs 23: 0.2490
  [OK] 101 vs 21: 0.2490
  [OK] 101 vs 19: 0.2983
  [OK] 101 vs 24: 0.6000
  [OK] 101 vs 20: 0.2983
  [OK] 101 vs 25: 0.3004
  [OK] 101 vs 26: 0.3004
  [OK] 101 vs 27: 0.6448
  [OK] 101 vs 30: 0.5362
  [OK] 101 vs 29: 0.6191
  [OK] 101 vs 34: 0.5430
  [OK] 101 vs 28: 0.6303
  [OK] 101 vs 33: 0.5809
  [OK] 101 vs 36: 0.0320
  [OK] 101 vs 37: 0.7389
  [OK] 101 vs 3: 0.7034
  [OK] 101 vs 40: 0.2494
  [OK] 101 vs 38: 0.7160
  [OK] 101 vs 39: 0.2321
  [OK] 101 vs 42: 0.2494
  [OK] 101 vs 43: 0.3987
  [OK] 101 vs 41: 0.2494
  [OK] 101 vs 44: 0.3003
  [OK] 101 vs 45: 0.5076
  [OK] 101 vs 4: 0.4658
  [OK] 101 vs 47: 0.1664
  [OK] 101 vs 46: 0.4605
  [OK] 101 vs 49: 0.3053
  [OK] 101 vs 51: 0.5400
  [OK] 101 vs 50: 0.6698
  [OK] 101 vs 52: 0.3918
  [OK] 101 vs 57: 0.3441
  [OK] 101 vs 53: 0.4226
  [OK] 101 vs 55: 0.3733
  [OK] 101 vs 58: 0.3650
  [OK] 101 vs 59: 0.2274
  [OK] 101 vs 61: 0.4637
  [OK] 101 vs 5: 0.3836
  [OK] 101 vs 63: 0.4018
  [OK] 101 vs 67: 0.5825
  [OK] 101 vs 68: 0.6698
  [OK] 101 vs 65: 0.4855
  [OK] 101 vs 70: 0.1331
  [OK] 101 vs 6: 0.7512
  [OK] 101 vs 71: 0.6698
  [OK] 101 vs 72: 0.5337
  [OK] 101 vs 73: 0.2954
  [OK] 101 vs 74: 0.1133
  [OK] 101 vs 7: 0.7512
  [OK] 101 vs 78: 0.3715
  [OK] 101 vs 81: 0.4256
  [OK] 101 vs 82: 0.2983
  [OK] 101 vs 83: 0.6698
  [OK] 101 vs 86: 0.5832
  [OK] 101 vs 89: 0.5067
  [OK] 101 vs 8: 0.1734
  [OK] 101 vs 95: 0.3519
  [OK] 101 vs 96: 0.1179
  [OK] 101 vs 90: 0.7034
  [OK] 101 vs 9: 0.6698
  [OK] 103 vs 10: 0.2553
  [OK] 103 vs 11: 0.3232
  [OK] 103 vs 13: 0.2980
  [OK] 103 vs 16: 0.2575
  [OK] 103 vs 12: 0.3232
  [OK] 103 vs 15: 0.1690
  [OK] 103 vs 14: 0.5036
  [OK] 103 vs 18: 0.2342
  [OK] 103 vs 19: 0.2342
  [OK] 103 vs 17: 0.5918
  [OK] 103 vs 20: 0.2342
  [OK] 103 vs 24: 0.4991
  [OK] 103 vs 23: 0.1823
  [OK] 103 vs 21: 0.1823
  [OK] 103 vs 25: 0.1930
  [OK] 103 vs 28: 0.4788
  [OK] 103 vs 27: 0.5065
  [OK] 103 vs 26: 0.1930
  [OK] 103 vs 29: 0.5937
  [OK] 103 vs 33: 0.4550
  [OK] 103 vs 30: 0.5663
  [OK] 103 vs 34: 0.3695
  [OK] 103 vs 36: 0.1482
  [OK] 103 vs 37: 0.5970
  [OK] 103 vs 38: 0.5967
  [OK] 103 vs 39: 0.1527
  [OK] 103 vs 3: 0.5554
  [OK] 103 vs 41: 0.2886
  [OK] 103 vs 40: 0.2886
  [OK] 103 vs 43: 0.2720
  [OK] 103 vs 42: 0.2886
  [OK] 103 vs 44: 0.2271
  [OK] 103 vs 45: 0.4674
  [OK] 103 vs 46: 0.4850
  [OK] 103 vs 47: 0.1089
  [OK] 103 vs 49: 0.2674
  [OK] 103 vs 51: 0.4623
  [OK] 103 vs 52: 0.2951
  [OK] 103 vs 50: 0.5000
  [OK] 103 vs 4: 0.2677
  [OK] 103 vs 55: 0.3431
  [OK] 103 vs 53: 0.4368
  [OK] 103 vs 57: 0.3098
  [OK] 103 vs 58: 0.3186
  [OK] 103 vs 59: 0.2003
  [OK] 103 vs 63: 0.2968
  [OK] 103 vs 61: 0.3941
  [OK] 103 vs 5: 0.3686
  [OK] 103 vs 65: 0.3961
  [OK] 103 vs 67: 0.4263
  [OK] 103 vs 68: 0.5000
  [OK] 103 vs 6: 0.6456
  [OK] 103 vs 70: 0.2702
  [OK] 103 vs 71: 0.5000
  [OK] 103 vs 74: 0.0334
  [OK] 103 vs 72: 0.3868
  [OK] 103 vs 73: 0.1395
  [OK] 103 vs 78: 0.3010
  [OK] 103 vs 7: 0.6456
  [OK] 103 vs 82: 0.2342
  [OK] 103 vs 81: 0.4272
  [OK] 103 vs 86: 0.5377
  [OK] 103 vs 83: 0.5000
  [OK] 103 vs 8: 0.2704
  [OK] 103 vs 90: 0.5554
  [OK] 103 vs 89: 0.4233
  [OK] 103 vs 95: 0.3323
  [OK] 103 vs 96: 0.3365
  [OK] 103 vs 9: 0.5000
  [OK] 10 vs 11: 0.2918
  [OK] 10 vs 12: 0.2918
  [OK] 10 vs 13: 0.2334
  [OK] 10 vs 14: 0.3585
  [OK] 10 vs 15: 0.0724
  [OK] 10 vs 16: 0.1020
  [OK] 10 vs 17: 0.1329
  [OK] 10 vs 18: 0.2960
  [OK] 10 vs 19: 0.2960
  [OK] 10 vs 21: 0.1285
  [OK] 10 vs 20: 0.2960
  [OK] 10 vs 24: 0.3984
  [OK] 10 vs 23: 0.1285
  [OK] 10 vs 25: 0.1578
  [OK] 10 vs 26: 0.1578
  [OK] 10 vs 27: 0.2417
  [OK] 10 vs 30: 0.3924
  [OK] 10 vs 28: 0.1566
  [OK] 10 vs 29: 0.3472
  [OK] 10 vs 33: 0.2749
  [OK] 10 vs 34: 0.2224
  [OK] 10 vs 36: 0.3787
  [OK] 10 vs 38: 0.1367
  [OK] 10 vs 37: 0.0962
  [OK] 10 vs 39: 0.1194
  [OK] 10 vs 3: 0.0880
  [OK] 10 vs 42: 0.2011
  [OK] 10 vs 40: 0.2011
  [OK] 10 vs 41: 0.2011
  [OK] 10 vs 43: 0.3573
  [OK] 10 vs 45: 0.4306
  [OK] 10 vs 44: 0.1774
  [OK] 10 vs 46: 0.5013
  [OK] 10 vs 47: 0.1127
  [OK] 10 vs 49: 0.4304
  [OK] 10 vs 4: 0.3528
  [OK] 10 vs 50: 0.0788
  [OK] 10 vs 51: 0.3428
  [OK] 10 vs 52: 0.3262
  [OK] 10 vs 53: 0.5499
  [OK] 10 vs 57: 0.3742
  [OK] 10 vs 55: 0.3037
  [OK] 10 vs 59: 0.1981
  [OK] 10 vs 58: 0.3794
  [OK] 10 vs 5: 0.4626
  [OK] 10 vs 61: 0.3557
  [OK] 10 vs 63: 0.2580
  [OK] 10 vs 65: 0.3114
  [OK] 10 vs 67: 0.2389
  [OK] 10 vs 70: 0.5338
  [OK] 10 vs 68: 0.0788
  [OK] 10 vs 6: 0.1481
  [OK] 10 vs 71: 0.0788
  [OK] 10 vs 72: 0.2953
  [OK] 10 vs 73: 0.2439
  [OK] 10 vs 74: 0.1782
  [OK] 10 vs 78: 0.2000
  [OK] 10 vs 7: 0.1481
  [OK] 10 vs 82: 0.2965
  [OK] 10 vs 83: 0.0788
  [OK] 10 vs 81: 0.3987
  [OK] 10 vs 86: 0.2472
  [OK] 10 vs 89: 0.3577
  [OK] 10 vs 8: 0.5384
  [OK] 10 vs 90: 0.0880
  [OK] 10 vs 95: 0.4504
  [OK] 10 vs 9: 0.0788
  [OK] 10 vs 96: 0.1430
  [OK] 11 vs 13: 0.0305
  [OK] 11 vs 12: 0.9412
  [OK] 11 vs 14: 0.4858
  [OK] 11 vs 15: 0.2932
  [OK] 11 vs 16: 0.2453
  [OK] 11 vs 18: 0.7953
  [OK] 11 vs 17: 0.4366
  [OK] 11 vs 20: 0.7944
  [OK] 11 vs 19: 0.7944
  [OK] 11 vs 21: 0.3307
  [OK] 11 vs 23: 0.3188
  [OK] 11 vs 25: 0.3653
  [OK] 11 vs 24: 0.5491
  [OK] 11 vs 26: 0.3890
  [OK] 11 vs 27: 0.5559
  [OK] 11 vs 29: 0.5325
  [OK] 11 vs 28: 0.6038
  [OK] 11 vs 30: 0.4789
  [OK] 11 vs 33: 0.4768
  [OK] 11 vs 37: 0.4029
  [OK] 11 vs 34: 0.6890
  [OK] 11 vs 36: 0.0167
  [OK] 11 vs 38: 0.5057
  [OK] 11 vs 39: 0.2299
  [OK] 11 vs 3: 0.3640
  [OK] 11 vs 40: 0.0268
  [OK] 11 vs 41: 0.0268
  [OK] 11 vs 43: 0.5610
  [OK] 11 vs 44: 0.3635
  [OK] 11 vs 42: 0.0268
  [OK] 11 vs 45: 0.5210
  [OK] 11 vs 46: 0.7105
  [OK] 11 vs 49: 0.5231
  [OK] 11 vs 47: 0.3481
  [OK] 11 vs 4: 0.6190
  [OK] 11 vs 50: 0.3596
  [OK] 11 vs 51: 0.5803
  [OK] 11 vs 53: 0.2818
  [OK] 11 vs 52: 0.4433
  [OK] 11 vs 55: 0.5214
  [OK] 11 vs 58: 0.6492
  [OK] 11 vs 57: 0.4481
  [OK] 11 vs 59: 0.2426
  [OK] 11 vs 5: 0.4604
  [OK] 11 vs 61: 0.6212
  [OK] 11 vs 63: 0.6311
  [OK] 11 vs 65: 0.5105
  [OK] 11 vs 67: 0.5164
  [OK] 11 vs 68: 0.3596
  [OK] 11 vs 6: 0.4422
  [OK] 11 vs 70: 0.2090
  [OK] 11 vs 72: 0.7739
  [OK] 11 vs 71: 0.3596
  [OK] 11 vs 73: 0.5041
  [OK] 11 vs 78: 0.4982
  [OK] 11 vs 74: 0.0419
  [OK] 11 vs 7: 0.4422
  [OK] 11 vs 81: 0.4608
  [OK] 11 vs 82: 0.7807
  [OK] 11 vs 83: 0.3596
  [OK] 11 vs 86: 0.5431
  [OK] 11 vs 8: 0.4643
  [OK] 11 vs 89: 0.5312
  [OK] 11 vs 90: 0.3640
  [OK] 11 vs 95: 0.4725
  [OK] 11 vs 96: 0.0534
  [OK] 11 vs 9: 0.3596
  [OK] 12 vs 13: 0.0305
  [OK] 12 vs 14: 0.4858
  [OK] 12 vs 16: 0.2453
  [OK] 12 vs 19: 0.7944
  [OK] 12 vs 17: 0.4425
  [OK] 12 vs 15: 0.2932
  [OK] 12 vs 18: 0.7807
  [OK] 12 vs 20: 0.7944
  [OK] 12 vs 21: 0.3496
  [OK] 12 vs 23: 0.3307
  [OK] 12 vs 25: 0.3890
  [OK] 12 vs 24: 0.5380
  [OK] 12 vs 27: 0.5559
  [OK] 12 vs 26: 0.3890
  [OK] 12 vs 28: 0.5524
  [OK] 12 vs 29: 0.5373
  [OK] 12 vs 30: 0.4789
  [OK] 12 vs 34: 0.6881
  [OK] 12 vs 33: 0.4768
  [OK] 12 vs 36: 0.0167
  [OK] 12 vs 37: 0.4029
  [OK] 12 vs 39: 0.2299
  [OK] 12 vs 38: 0.4906
  [OK] 12 vs 3: 0.3640
  [OK] 12 vs 40: 0.0268
  [OK] 12 vs 41: 0.0268
  [OK] 12 vs 42: 0.0268
  [OK] 12 vs 44: 0.3621
  [OK] 12 vs 43: 0.5610
  [OK] 12 vs 45: 0.5210
  [OK] 12 vs 46: 0.7022
  [OK] 12 vs 47: 0.3398
  [OK] 12 vs 50: 0.3596
  [OK] 12 vs 51: 0.5803
  [OK] 12 vs 4: 0.6272
  [OK] 12 vs 49: 0.5231
  [OK] 12 vs 52: 0.4433
  [OK] 12 vs 57: 0.4481
  [OK] 12 vs 53: 0.2818
  [OK] 12 vs 55: 0.5066
  [OK] 12 vs 59: 0.2426
  [OK] 12 vs 61: 0.6284
  [OK] 12 vs 58: 0.6492
  [OK] 12 vs 5: 0.4719
  [OK] 12 vs 63: 0.6311
  [OK] 12 vs 67: 0.5049
  [OK] 12 vs 65: 0.5105
  [OK] 12 vs 68: 0.3596
  [OK] 12 vs 72: 0.7739
  [OK] 12 vs 6: 0.4422
  [OK] 12 vs 71: 0.3596
  [OK] 12 vs 74: 0.0419
  [OK] 12 vs 70: 0.2090
  [OK] 12 vs 73: 0.5352
  [OK] 12 vs 7: 0.4422
  [OK] 12 vs 78: 0.4982
  [OK] 12 vs 83: 0.3596
  [OK] 12 vs 89: 0.5235
  [OK] 12 vs 82: 0.7798
  [OK] 12 vs 81: 0.4608
  [OK] 12 vs 86: 0.5431
  [OK] 12 vs 95: 0.4725
  [OK] 12 vs 90: 0.3640
  [OK] 12 vs 8: 0.4643
  [OK] 13 vs 15: 0.0563
  [OK] 13 vs 14: 0.2825
  [OK] 12 vs 96: 0.0534
  [OK] 12 vs 9: 0.3596
  [OK] 13 vs 17: 0.0000
  [OK] 13 vs 16: 0.1958
  [OK] 13 vs 19: 0.0348
  [OK] 13 vs 18: 0.0348
  [OK] 13 vs 20: 0.0348
  [OK] 13 vs 21: 0.0000
  [OK] 13 vs 27: 0.1370
  [OK] 13 vs 25: 0.0472
  [OK] 13 vs 23: 0.0000
  [OK] 13 vs 24: 0.1902
  [OK] 13 vs 26: 0.0472
  [OK] 13 vs 28: 0.0536
  [OK] 13 vs 29: 0.0608
  [OK] 13 vs 37: 0.0000
  [OK] 13 vs 30: 0.2821
  [OK] 13 vs 33: 0.1793
  [OK] 13 vs 36: 0.1508
  [OK] 13 vs 34: 0.0431
  [OK] 13 vs 38: 0.0000
  [OK] 13 vs 39: 0.0000
  [OK] 13 vs 3: 0.0000
  [OK] 13 vs 40: 0.7307
  [OK] 13 vs 41: 0.7307
  [OK] 13 vs 42: 0.7297
  [OK] 13 vs 43: 0.1690
  [OK] 13 vs 45: 0.2824
  [OK] 13 vs 44: 0.0000
  [OK] 13 vs 46: 0.1936
  [OK] 13 vs 47: 0.0000
  [OK] 13 vs 4: 0.0543
  [OK] 13 vs 49: 0.2930
  [OK] 13 vs 50: 0.0000
  [OK] 13 vs 51: 0.1117
  [OK] 13 vs 52: 0.2179
  [OK] 13 vs 53: 0.3334
  [OK] 13 vs 55: 0.3383
  [OK] 13 vs 57: 0.1649
  [OK] 13 vs 5: 0.1951
  [OK] 13 vs 59: 0.0676
  [OK] 13 vs 58: 0.1323
  [OK] 13 vs 63: 0.1099
  [OK] 13 vs 61: 0.2615
  [OK] 13 vs 65: 0.2141
  [OK] 13 vs 67: 0.1351
  [OK] 13 vs 68: 0.0000
  [OK] 13 vs 71: 0.0000
  [OK] 13 vs 6: 0.0767
  [OK] 13 vs 72: 0.0299
  [OK] 13 vs 70: 0.2558
  [OK] 13 vs 73: 0.0881
  [OK] 13 vs 74: 0.2017
  [OK] 13 vs 78: 0.2739
  [OK] 13 vs 7: 0.0767
  [OK] 13 vs 81: 0.0909
  [OK] 13 vs 82: 0.0348
  [OK] 13 vs 8: 0.2171
  [OK] 13 vs 86: 0.1524
  [OK] 13 vs 83: 0.0000
  [OK] 13 vs 89: 0.2206
  [OK] 13 vs 90: 0.0000
  [OK] 13 vs 95: 0.2275
  [OK] 13 vs 96: 0.1423
  [OK] 13 vs 9: 0.0000
  [OK] 14 vs 16: 0.2916
  [OK] 14 vs 15: 0.1968
  [OK] 14 vs 18: 0.3871
  [OK] 14 vs 17: 0.4849
  [OK] 14 vs 19: 0.3875
  [OK] 14 vs 20: 0.3871
  [OK] 14 vs 21: 0.3193
  [OK] 14 vs 23: 0.3193
  [OK] 14 vs 26: 0.2144
  [OK] 14 vs 24: 0.6913
  [OK] 14 vs 27: 0.6850
  [OK] 14 vs 25: 0.2144
  [OK] 14 vs 28: 0.4574
  [OK] 14 vs 29: 0.6521
  [OK] 14 vs 30: 0.6824
  [OK] 14 vs 33: 0.5795
  [OK] 14 vs 37: 0.4216
  [OK] 14 vs 34: 0.4660
  [OK] 14 vs 38: 0.4427
  [OK] 14 vs 36: 0.0273
  [OK] 14 vs 39: 0.1630
  [OK] 14 vs 3: 0.3883
  [OK] 14 vs 43: 0.4417
  [OK] 14 vs 41: 0.3022
  [OK] 14 vs 44: 0.2755
  [OK] 14 vs 46: 0.6729
  [OK] 14 vs 40: 0.3123
  [OK] 14 vs 45: 0.6955
  [OK] 14 vs 42: 0.3123
  [OK] 14 vs 47: 0.4813
  [OK] 14 vs 49: 0.3816
  [OK] 14 vs 52: 0.5364
  [OK] 14 vs 50: 0.3664
  [OK] 14 vs 4: 0.3796
  [OK] 14 vs 51: 0.5236
  [OK] 14 vs 55: 0.5826
  [OK] 14 vs 53: 0.4760
  [OK] 14 vs 57: 0.5910
  [OK] 14 vs 58: 0.5646
  [OK] 14 vs 5: 0.5169
  [OK] 14 vs 65: 0.5981
  [OK] 14 vs 59: 0.1425
  [OK] 14 vs 61: 0.7000
  [OK] 14 vs 63: 0.4333
  [OK] 14 vs 67: 0.4799
  [OK] 14 vs 68: 0.3664
  [OK] 14 vs 6: 0.4645
  [OK] 14 vs 71: 0.3664
  [OK] 14 vs 70: 0.2411
  [OK] 14 vs 73: 0.3318
  [OK] 14 vs 72: 0.5210
  [OK] 14 vs 74: 0.1190
  [OK] 14 vs 78: 0.5387
  [OK] 14 vs 81: 0.5014
  [OK] 14 vs 7: 0.4645
  [OK] 14 vs 82: 0.3871
  [OK] 14 vs 83: 0.3664
  [OK] 14 vs 8: 0.3319
  [OK] 14 vs 86: 0.6810
  [OK] 14 vs 89: 0.6397
  [OK] 14 vs 90: 0.3883
  [OK] 14 vs 95: 0.4670
  [OK] 14 vs 9: 0.3664
  [OK] 14 vs 96: 0.0266
  [OK] 15 vs 16: 0.1273
  [OK] 15 vs 20: 0.2710
  [OK] 15 vs 19: 0.2710
  [OK] 15 vs 17: 0.3203
  [OK] 15 vs 18: 0.2710
  [OK] 15 vs 21: 0.1677
  [OK] 15 vs 23: 0.1677
  [OK] 15 vs 24: 0.1827
  [OK] 15 vs 25: 0.1969
  [OK] 15 vs 29: 0.2650
  [OK] 15 vs 28: 0.3933
  [OK] 15 vs 27: 0.2377
  [OK] 15 vs 26: 0.1969
  [OK] 15 vs 30: 0.1946
  [OK] 15 vs 34: 0.2771
  [OK] 15 vs 33: 0.2533
  [OK] 15 vs 36: 0.0471
  [OK] 15 vs 37: 0.3478
  [OK] 15 vs 39: 0.2357
  [OK] 15 vs 38: 0.3239
  [OK] 15 vs 3: 0.3497
  [OK] 15 vs 40: 0.0447
  [OK] 15 vs 41: 0.0447
  [OK] 15 vs 42: 0.0447
  [OK] 15 vs 43: 0.1328
  [OK] 15 vs 44: 0.2294
  [OK] 15 vs 47: 0.1112
  [OK] 15 vs 46: 0.2072
  [OK] 15 vs 45: 0.1686
  [OK] 15 vs 49: 0.1436
  [OK] 15 vs 4: 0.2038
  [OK] 15 vs 50: 0.3491
  [OK] 15 vs 51: 0.2541
  [OK] 15 vs 52: 0.1479
  [OK] 15 vs 55: 0.1272
  [OK] 15 vs 57: 0.1766
  [OK] 15 vs 53: 0.1060
  [OK] 15 vs 58: 0.1762
  [OK] 15 vs 59: 0.1132
  [OK] 15 vs 5: 0.2181
  [OK] 15 vs 61: 0.1698
  [OK] 15 vs 63: 0.1722
  [OK] 15 vs 65: 0.2146
  [OK] 15 vs 68: 0.3491
  [OK] 15 vs 67: 0.2801
  [OK] 15 vs 6: 0.4136
  [OK] 15 vs 70: 0.0698
  [OK] 15 vs 71: 0.3491
  [OK] 15 vs 72: 0.2536
  [OK] 15 vs 74: 0.0332
  [OK] 15 vs 73: 0.1662
  [OK] 15 vs 78: 0.1682
  [OK] 15 vs 7: 0.4136
  [OK] 15 vs 82: 0.2710
  [OK] 15 vs 83: 0.3491
  [OK] 15 vs 81: 0.2197
  [OK] 15 vs 86: 0.2558
  [OK] 15 vs 8: 0.1248
  [OK] 15 vs 89: 0.1787
  [OK] 15 vs 95: 0.1387
  [OK] 15 vs 90: 0.3497
  [OK] 15 vs 9: 0.3491
  [OK] 15 vs 96: 0.0353
  [OK] 16 vs 17: 0.2632
  [OK] 16 vs 18: 0.2229
  [OK] 16 vs 20: 0.2229
  [OK] 16 vs 19: 0.2229
  [OK] 16 vs 23: 0.3004
  [OK] 16 vs 21: 0.3004
  [OK] 16 vs 25: 0.3649
  [OK] 16 vs 24: 0.3197
  [OK] 16 vs 26: 0.3649
  [OK] 16 vs 27: 0.5057
  [OK] 16 vs 28: 0.2850
  [OK] 16 vs 29: 0.2508
  [OK] 16 vs 33: 0.3630
  [OK] 16 vs 30: 0.3487
  [OK] 16 vs 37: 0.2658
  [OK] 16 vs 34: 0.4102
  [OK] 16 vs 36: 0.0367
  [OK] 16 vs 38: 0.2785
  [OK] 16 vs 39: 0.2352
  [OK] 16 vs 3: 0.2498
  [OK] 16 vs 41: 0.1977
  [OK] 16 vs 40: 0.1977
  [OK] 16 vs 43: 0.3529
  [OK] 16 vs 42: 0.1977
  [OK] 16 vs 44: 0.3612
  [OK] 16 vs 45: 0.3395
  [OK] 16 vs 46: 0.2213
  [OK] 16 vs 47: 0.0736
  [OK] 16 vs 4: 0.3861
  [OK] 16 vs 49: 0.2510
  [OK] 16 vs 50: 0.2244
  [OK] 16 vs 51: 0.3303
  [OK] 16 vs 52: 0.3415
  [OK] 16 vs 53: 0.1899
  [OK] 16 vs 55: 0.2223
  [OK] 16 vs 57: 0.2531
  [OK] 16 vs 58: 0.2884
  [OK] 16 vs 59: 0.1884
  [OK] 16 vs 5: 0.3531
  [OK] 16 vs 63: 0.3833
  [OK] 16 vs 61: 0.3254
  [OK] 16 vs 68: 0.2244
  [OK] 16 vs 67: 0.3302
  [OK] 16 vs 65: 0.3701
  [OK] 16 vs 6: 0.2975
  [OK] 16 vs 70: 0.0947
  [OK] 16 vs 71: 0.2244
  [OK] 16 vs 73: 0.2976
  [OK] 16 vs 72: 0.3570
  [OK] 16 vs 7: 0.2975
  [OK] 16 vs 74: 0.1851
  [OK] 16 vs 78: 0.2341
  [OK] 16 vs 81: 0.2189
  [OK] 16 vs 82: 0.2229
  [OK] 16 vs 83: 0.2244
  [OK] 16 vs 89: 0.3628
  [OK] 16 vs 86: 0.2871
  [OK] 16 vs 8: 0.1111
  [OK] 16 vs 95: 0.3445
  [OK] 16 vs 90: 0.2498
  [OK] 16 vs 96: 0.1630
  [OK] 16 vs 9: 0.2244
  [OK] 17 vs 18: 0.3164
  [OK] 17 vs 19: 0.3237
  [OK] 17 vs 20: 0.3237
  [OK] 17 vs 23: 0.3578
  [OK] 17 vs 24: 0.5328
  [OK] 17 vs 21: 0.3578
  [OK] 17 vs 25: 0.3724
  [OK] 17 vs 26: 0.3724
  [OK] 17 vs 27: 0.7300
  [OK] 17 vs 28: 0.8686
  [OK] 17 vs 30: 0.4407
  [OK] 17 vs 29: 0.8057
  [OK] 17 vs 36: 0.0000
  [OK] 17 vs 33: 0.5919
  [OK] 17 vs 34: 0.5262
  [OK] 17 vs 37: 0.9132
  [OK] 17 vs 38: 0.8525
  [OK] 17 vs 39: 0.3265
  [OK] 17 vs 3: 0.9001
  [OK] 17 vs 42: 0.0000
  [OK] 17 vs 40: 0.0000
  [OK] 17 vs 41: 0.0000
  [OK] 17 vs 43: 0.2796
  [OK] 17 vs 44: 0.4334
  [OK] 17 vs 45: 0.4127
  [OK] 17 vs 46: 0.5706
  [OK] 17 vs 47: 0.2341
  [OK] 17 vs 50: 0.8877
  [OK] 17 vs 49: 0.2676
  [OK] 17 vs 4: 0.4045
  [OK] 17 vs 51: 0.5805
  [OK] 17 vs 52: 0.3003
  [OK] 17 vs 53: 0.3946
  [OK] 17 vs 55: 0.2798
  [OK] 17 vs 57: 0.3801
  [OK] 17 vs 58: 0.4046
  [OK] 17 vs 59: 0.2193
  [OK] 17 vs 5: 0.3421
  [OK] 17 vs 61: 0.4613
  [OK] 17 vs 63: 0.3572
  [OK] 17 vs 65: 0.3518
  [OK] 17 vs 67: 0.7047
  [OK] 17 vs 68: 0.8877
  [OK] 17 vs 72: 0.5490
  [OK] 17 vs 6: 0.8924
  [OK] 17 vs 71: 0.8877
  [OK] 17 vs 70: 0.0964
  [OK] 17 vs 73: 0.1821
  [OK] 17 vs 74: 0.0000
  [OK] 17 vs 78: 0.3150
  [OK] 17 vs 7: 0.8924
  [OK] 17 vs 81: 0.5525
  [OK] 17 vs 83: 0.8877
  [OK] 17 vs 82: 0.3164
  [OK] 17 vs 89: 0.4722
  [OK] 17 vs 86: 0.7067
  [OK] 17 vs 8: 0.1482
  [OK] 17 vs 90: 0.9001
  [OK] 17 vs 95: 0.2842
  [OK] 17 vs 96: 0.0000
  [OK] 17 vs 9: 0.8877
  [OK] 18 vs 21: 0.2458
  [OK] 18 vs 19: 0.9590
  [OK] 18 vs 20: 0.9590
  [OK] 18 vs 23: 0.2458
  [OK] 18 vs 24: 0.5165
  [OK] 18 vs 25: 0.2653
  [OK] 18 vs 26: 0.2853
  [OK] 18 vs 28: 0.5114
  [OK] 18 vs 29: 0.3948
  [OK] 18 vs 27: 0.4439
  [OK] 18 vs 30: 0.4667
  [OK] 18 vs 33: 0.4481
  [OK] 18 vs 34: 0.6278
  [OK] 18 vs 36: 0.0214
  [OK] 18 vs 37: 0.2665
  [OK] 18 vs 3: 0.2615
  [OK] 18 vs 39: 0.1649
  [OK] 18 vs 38: 0.3433
  [OK] 18 vs 40: 0.0310
  [OK] 18 vs 41: 0.0310
  [OK] 18 vs 42: 0.0310
  [OK] 18 vs 43: 0.4597
  [OK] 18 vs 44: 0.2683
  [OK] 18 vs 46: 0.6404
  [OK] 18 vs 47: 0.2236
  [OK] 18 vs 45: 0.5117
  [OK] 18 vs 49: 0.4689
  [OK] 18 vs 4: 0.6332
  [OK] 18 vs 50: 0.2554
  [OK] 18 vs 51: 0.4536
  [OK] 18 vs 52: 0.3522
  [OK] 18 vs 53: 0.2739
  [OK] 18 vs 55: 0.4747
  [OK] 18 vs 57: 0.3387
  [OK] 18 vs 58: 0.5121
  [OK] 18 vs 59: 0.3050
  [OK] 18 vs 5: 0.4057
  [OK] 18 vs 61: 0.5375
  [OK] 18 vs 63: 0.4920
  [OK] 18 vs 67: 0.4704
  [OK] 18 vs 65: 0.4491
  [OK] 18 vs 68: 0.2554
  [OK] 18 vs 70: 0.1307
  [OK] 18 vs 6: 0.3200
  [OK] 18 vs 71: 0.2554
  [OK] 18 vs 72: 0.6871
  [OK] 18 vs 73: 0.5768
  [OK] 18 vs 74: 0.1432
  [OK] 18 vs 78: 0.3240
  [OK] 18 vs 7: 0.3200
  [OK] 18 vs 81: 0.3967
  [OK] 18 vs 82: 0.9590
  [OK] 18 vs 83: 0.2554
  [OK] 18 vs 86: 0.4195
  [OK] 18 vs 89: 0.5245
  [OK] 18 vs 8: 0.3146
  [OK] 18 vs 90: 0.2615
  [OK] 18 vs 96: 0.0967
  [OK] 18 vs 95: 0.4048
  [OK] 18 vs 9: 0.2554
  [OK] 19 vs 20: 0.9590
  [OK] 19 vs 21: 0.2458
  [OK] 19 vs 23: 0.2323
  [OK] 19 vs 26: 0.2853
  [OK] 19 vs 25: 0.2653
  [OK] 19 vs 24: 0.5003
  [OK] 19 vs 27: 0.4507
  [OK] 19 vs 28: 0.5454
  [OK] 19 vs 29: 0.3888
  [OK] 19 vs 30: 0.4667
  [OK] 19 vs 33: 0.4449
  [OK] 19 vs 36: 0.0214
  [OK] 19 vs 34: 0.6278
  [OK] 19 vs 37: 0.2665
  [OK] 19 vs 39: 0.1649
  [OK] 19 vs 38: 0.3433
  [OK] 19 vs 3: 0.2615
  [OK] 19 vs 40: 0.0310
  [OK] 19 vs 41: 0.0310
  [OK] 19 vs 42: 0.0310
  [OK] 19 vs 43: 0.4464
  [OK] 19 vs 44: 0.2683
  [OK] 19 vs 45: 0.5122
  [OK] 19 vs 46: 0.6404
  [OK] 19 vs 47: 0.2316
  [OK] 19 vs 49: 0.4689
  [OK] 19 vs 4: 0.6332
  [OK] 19 vs 51: 0.4622
  [OK] 19 vs 50: 0.2554
  [OK] 19 vs 52: 0.3492
  [OK] 19 vs 57: 0.3387
  [OK] 19 vs 53: 0.2739
  [OK] 19 vs 55: 0.4818
  [OK] 19 vs 58: 0.5091
  [OK] 19 vs 59: 0.3050
  [OK] 19 vs 5: 0.4058
  [OK] 19 vs 61: 0.5465
  [OK] 19 vs 63: 0.4920
  [OK] 19 vs 68: 0.2554
  [OK] 19 vs 67: 0.4704
  [OK] 19 vs 65: 0.4466
  [OK] 19 vs 6: 0.3200
  [OK] 19 vs 70: 0.1307
  [OK] 19 vs 71: 0.2554
  [OK] 19 vs 72: 0.6865
  [OK] 19 vs 73: 0.5746
  [OK] 19 vs 74: 0.1432
  [OK] 19 vs 7: 0.3200
  [OK] 19 vs 78: 0.3165
  [OK] 19 vs 81: 0.4014
  [OK] 19 vs 82: 0.9590
  [OK] 19 vs 86: 0.4134
  [OK] 19 vs 83: 0.2554
  [OK] 19 vs 89: 0.5218
  [OK] 19 vs 90: 0.2615
  [OK] 19 vs 8: 0.3146
  [OK] 19 vs 95: 0.3932
  [OK] 19 vs 96: 0.0967
  [OK] 19 vs 9: 0.2554
  [OK] 20 vs 21: 0.2458
  [OK] 20 vs 23: 0.2458
  [OK] 20 vs 24: 0.5164
  [OK] 20 vs 25: 0.2853
  [OK] 20 vs 26: 0.2853
  [OK] 20 vs 27: 0.4507
  [OK] 20 vs 28: 0.5433
  [OK] 20 vs 29: 0.3948
  [OK] 20 vs 30: 0.4678
  [OK] 20 vs 33: 0.4481
  [OK] 20 vs 34: 0.6278
  [OK] 20 vs 36: 0.0214
  [OK] 20 vs 38: 0.3433
  [OK] 20 vs 37: 0.2665
  [OK] 20 vs 39: 0.1649
  [OK] 20 vs 3: 0.2615
  [OK] 20 vs 40: 0.0310
  [OK] 20 vs 41: 0.0310
  [OK] 20 vs 42: 0.0310
  [OK] 20 vs 43: 0.4597
  [OK] 20 vs 44: 0.2649
  [OK] 20 vs 45: 0.5161
  [OK] 20 vs 46: 0.6404
  [OK] 20 vs 47: 0.2236
  [OK] 20 vs 50: 0.2554
  [OK] 20 vs 49: 0.4689
  [OK] 20 vs 4: 0.6366
  [OK] 20 vs 52: 0.3492
  [OK] 20 vs 51: 0.4536
  [OK] 20 vs 53: 0.2739
  [OK] 20 vs 55: 0.4769
  [OK] 20 vs 57: 0.3393
  [OK] 20 vs 58: 0.5109
  [OK] 20 vs 59: 0.3050
  [OK] 20 vs 61: 0.5365
  [OK] 20 vs 5: 0.4012
  [OK] 20 vs 65: 0.4468
  [OK] 20 vs 63: 0.4920
  [OK] 20 vs 67: 0.4683
  [OK] 20 vs 68: 0.2554
  [OK] 20 vs 6: 0.3200
  [OK] 20 vs 70: 0.1307
  [OK] 20 vs 71: 0.2554
  [OK] 20 vs 72: 0.6865
  [OK] 20 vs 74: 0.1432
  [OK] 20 vs 73: 0.5746
  [OK] 20 vs 78: 0.3240
  [OK] 20 vs 7: 0.3200
  [OK] 20 vs 81: 0.4014
  [OK] 20 vs 82: 0.9590
  [OK] 20 vs 83: 0.2554
  [OK] 20 vs 86: 0.4195
  [OK] 20 vs 8: 0.3146
  [OK] 20 vs 89: 0.5134
  [OK] 20 vs 90: 0.2615
  [OK] 20 vs 95: 0.4059
  [OK] 20 vs 96: 0.0967
  [OK] 20 vs 9: 0.2554
  [OK] 21 vs 23: 0.9383
  [OK] 21 vs 24: 0.2396
  [OK] 21 vs 25: 0.1700
  [OK] 21 vs 27: 0.3553
  [OK] 21 vs 26: 0.1700
  [OK] 21 vs 28: 0.3197
  [OK] 21 vs 29: 0.3189
  [OK] 21 vs 30: 0.1922
  [OK] 21 vs 33: 0.2744
  [OK] 21 vs 34: 0.2991
  [OK] 21 vs 36: 0.0000
  [OK] 21 vs 37: 0.2927
  [OK] 21 vs 38: 0.2967
  [OK] 21 vs 39: 0.2363
  [OK] 21 vs 3: 0.2850
  [OK] 21 vs 41: 0.0000
  [OK] 21 vs 40: 0.0000
  [OK] 21 vs 42: 0.0000
  [OK] 21 vs 43: 0.2282
  [OK] 21 vs 44: 0.7441
  [OK] 21 vs 45: 0.2463
  [OK] 21 vs 46: 0.2712
  [OK] 21 vs 47: 0.5416
  [OK] 21 vs 49: 0.1950
  [OK] 21 vs 4: 0.2659
  [OK] 21 vs 51: 0.3159
  [OK] 21 vs 50: 0.2734
  [OK] 21 vs 52: 0.3884
  [OK] 21 vs 53: 0.1215
  [OK] 21 vs 55: 0.1898
  [OK] 21 vs 59: 0.1204
  [OK] 21 vs 57: 0.4650
  [OK] 21 vs 61: 0.3243
  [OK] 21 vs 5: 0.2794
  [OK] 21 vs 58: 0.3732
  [OK] 21 vs 63: 0.4407
  [OK] 21 vs 67: 0.3027
  [OK] 21 vs 65: 0.2484
  [OK] 21 vs 6: 0.3067
  [OK] 21 vs 68: 0.2734
  [OK] 21 vs 72: 0.2774
  [OK] 21 vs 70: 0.0954
  [OK] 21 vs 71: 0.2734
  [OK] 21 vs 73: 0.2327
  [OK] 21 vs 74: 0.1785
  [OK] 21 vs 78: 0.1563
  [OK] 21 vs 7: 0.3067
  [OK] 21 vs 81: 0.2829
  [OK] 21 vs 82: 0.2323
  [OK] 21 vs 86: 0.3256
  [OK] 21 vs 89: 0.2709
  [OK] 21 vs 83: 0.2734
  [OK] 21 vs 8: 0.1137
  [OK] 21 vs 90: 0.2850
  [OK] 21 vs 95: 0.2348
  [OK] 21 vs 96: 0.0000
  [OK] 21 vs 9: 0.2734
  [OK] 23 vs 26: 0.1700
  [OK] 23 vs 24: 0.2853
  [OK] 23 vs 25: 0.1700
  [OK] 23 vs 27: 0.3553
  [OK] 23 vs 28: 0.3197
  [OK] 23 vs 29: 0.3189
  [OK] 23 vs 33: 0.2744
  [OK] 23 vs 30: 0.1922
  [OK] 23 vs 34: 0.2991
  [OK] 23 vs 36: 0.0000
  [OK] 23 vs 37: 0.2927
  [OK] 23 vs 38: 0.2967
  [OK] 23 vs 39: 0.2363
  [OK] 23 vs 3: 0.2850
  [OK] 23 vs 40: 0.0000
  [OK] 23 vs 41: 0.0000
  [OK] 23 vs 42: 0.0000
  [OK] 23 vs 43: 0.2867
  [OK] 23 vs 44: 0.7441
  [OK] 23 vs 45: 0.2272
  [OK] 23 vs 46: 0.2712
  [OK] 23 vs 47: 0.5416
  [OK] 23 vs 4: 0.2659
  [OK] 23 vs 49: 0.1950
  [OK] 23 vs 50: 0.2734
  [OK] 23 vs 52: 0.3929
  [OK] 23 vs 51: 0.3210
  [OK] 23 vs 53: 0.1215
  [OK] 23 vs 55: 0.1898
  [OK] 23 vs 59: 0.1204
  [OK] 23 vs 61: 0.3391
  [OK] 23 vs 57: 0.4650
  [OK] 23 vs 58: 0.3732
  [OK] 23 vs 5: 0.2794
  [OK] 23 vs 63: 0.4407
  [OK] 23 vs 65: 0.2681
  [OK] 23 vs 67: 0.3027
  [OK] 23 vs 68: 0.2734
  [OK] 23 vs 72: 0.2774
  [OK] 23 vs 6: 0.3067
  [OK] 23 vs 71: 0.2734
  [OK] 23 vs 70: 0.0954
  [OK] 23 vs 73: 0.2327
  [OK] 23 vs 74: 0.1835
  [OK] 23 vs 78: 0.1563
  [OK] 23 vs 7: 0.3067
  [OK] 23 vs 81: 0.2829
  [OK] 23 vs 82: 0.2323
  [OK] 23 vs 89: 0.2761
  [OK] 23 vs 8: 0.1137
  [OK] 23 vs 86: 0.3256
  [OK] 23 vs 83: 0.2734
  [OK] 23 vs 90: 0.2850
  [OK] 23 vs 9: 0.2734
  [OK] 23 vs 96: 0.0000
  [OK] 23 vs 95: 0.2295
  [OK] 24 vs 25: 0.3202
  [OK] 24 vs 26: 0.3241
  [OK] 24 vs 27: 0.6769
  [OK] 24 vs 28: 0.5749
  [OK] 24 vs 29: 0.6402
  [OK] 24 vs 34: 0.6663
  [OK] 24 vs 33: 0.6576
  [OK] 24 vs 36: 0.1037
  [OK] 24 vs 30: 0.7416
  [OK] 24 vs 37: 0.4531
  [OK] 24 vs 38: 0.4713
  [OK] 24 vs 39: 0.1746
  [OK] 24 vs 3: 0.4293
  [OK] 24 vs 40: 0.1956
  [OK] 24 vs 46: 0.7451
  [OK] 24 vs 45: 0.7133
  [OK] 24 vs 43: 0.6518
  [OK] 24 vs 41: 0.1956
  [OK] 24 vs 44: 0.2920
  [OK] 24 vs 42: 0.1956
  [OK] 24 vs 47: 0.2581
  [OK] 24 vs 49: 0.4517
  [OK] 24 vs 52: 0.5636
  [OK] 24 vs 53: 0.4647
  [OK] 24 vs 4: 0.6424
  [OK] 24 vs 50: 0.4122
  [OK] 24 vs 51: 0.6349
  [OK] 24 vs 57: 0.4765
  [OK] 24 vs 55: 0.5466
  [OK] 24 vs 58: 0.6295
  [OK] 24 vs 59: 0.2840
  [OK] 24 vs 5: 0.5291
  [OK] 24 vs 68: 0.4122
  [OK] 24 vs 65: 0.6274
  [OK] 24 vs 61: 0.7084
  [OK] 24 vs 63: 0.5116
  [OK] 24 vs 67: 0.5977
  [OK] 24 vs 6: 0.4880
  [OK] 24 vs 73: 0.4324
  [OK] 24 vs 71: 0.4122
  [OK] 24 vs 70: 0.4011
  [OK] 24 vs 7: 0.4893
  [OK] 24 vs 74: 0.1223
  [OK] 24 vs 72: 0.6837
  [OK] 24 vs 78: 0.4095
  [OK] 24 vs 89: 0.7268
  [OK] 24 vs 81: 0.5645
  [OK] 24 vs 8: 0.4680
  [OK] 24 vs 90: 0.4293
  [OK] 24 vs 82: 0.5034
  [OK] 24 vs 86: 0.6226
  [OK] 24 vs 83: 0.4108
  [OK] 24 vs 95: 0.5278
  [OK] 25 vs 27: 0.3591
  [OK] 24 vs 9: 0.4108
  [OK] 25 vs 30: 0.2649
  [OK] 25 vs 26: 0.5250
  [OK] 25 vs 28: 0.3888
  [OK] 25 vs 29: 0.3202
  [OK] 24 vs 96: 0.0963
  [OK] 25 vs 33: 0.3549
  [OK] 25 vs 34: 0.4305
  [OK] 25 vs 3: 0.3271
  [OK] 25 vs 36: 0.0353
  [OK] 25 vs 38: 0.4974
  [OK] 25 vs 37: 0.3996
  [OK] 25 vs 40: 0.0385
  [OK] 25 vs 39: 0.6438
  [OK] 25 vs 41: 0.0385
  [OK] 25 vs 43: 0.3487
  [OK] 25 vs 42: 0.0385
  [OK] 25 vs 45: 0.2821
  [OK] 25 vs 44: 0.4455
  [OK] 25 vs 47: 0.1183
  [OK] 25 vs 46: 0.2679
  [OK] 25 vs 4: 0.4487
  [OK] 25 vs 49: 0.4053
  [OK] 25 vs 51: 0.4066
  [OK] 25 vs 50: 0.3119
  [OK] 25 vs 53: 0.1291
  [OK] 25 vs 52: 0.3585
  [OK] 25 vs 55: 0.2721
  [OK] 25 vs 58: 0.2642
  [OK] 25 vs 57: 0.2050
  [OK] 25 vs 59: 0.2166
  [OK] 25 vs 61: 0.2923
  [OK] 25 vs 5: 0.3864
  [OK] 25 vs 65: 0.3359
  [OK] 25 vs 68: 0.3119
  [OK] 25 vs 63: 0.3622
  [OK] 25 vs 70: 0.0780
  [OK] 25 vs 6: 0.3859
  [OK] 25 vs 67: 0.3585
  [OK] 25 vs 71: 0.3119
  [OK] 25 vs 73: 0.2684
  [OK] 25 vs 72: 0.4489
  [OK] 25 vs 7: 0.3859
  [OK] 25 vs 78: 0.2666
  [OK] 25 vs 74: 0.1432
  [OK] 25 vs 82: 0.2853
  [OK] 25 vs 81: 0.2871
  [OK] 25 vs 86: 0.3081
  [OK] 25 vs 83: 0.3119
  [OK] 25 vs 8: 0.1422
  [OK] 25 vs 89: 0.3231
  [OK] 25 vs 90: 0.3271
  [OK] 25 vs 96: 0.1579
  [OK] 25 vs 95: 0.2660
  [OK] 25 vs 9: 0.3119
  [OK] 26 vs 28: 0.3389
  [OK] 26 vs 27: 0.3591
  [OK] 26 vs 34: 0.4305
  [OK] 26 vs 30: 0.2649
  [OK] 26 vs 29: 0.3202
  [OK] 26 vs 36: 0.0353
  [OK] 26 vs 33: 0.3549
  [OK] 26 vs 37: 0.3996
  [OK] 26 vs 38: 0.4974
  [OK] 26 vs 39: 0.6438
  [OK] 26 vs 3: 0.3271
  [OK] 26 vs 40: 0.0385
  [OK] 26 vs 41: 0.0385
  [OK] 26 vs 43: 0.3487
  [OK] 26 vs 42: 0.0385
  [OK] 26 vs 44: 0.4455
  [OK] 26 vs 45: 0.2821
  [OK] 26 vs 46: 0.2679
  [OK] 26 vs 47: 0.1183
  [OK] 26 vs 49: 0.4053
  [OK] 26 vs 50: 0.3119
  [OK] 26 vs 4: 0.4487
  [OK] 26 vs 52: 0.3585
  [OK] 26 vs 51: 0.4134
  [OK] 26 vs 55: 0.2721
  [OK] 26 vs 53: 0.1291
  [OK] 26 vs 58: 0.2456
  [OK] 26 vs 57: 0.2050
  [OK] 26 vs 5: 0.3864
  [OK] 26 vs 59: 0.2166
  [OK] 26 vs 61: 0.2923
  [OK] 26 vs 63: 0.3622
  [OK] 26 vs 65: 0.3359
  [OK] 26 vs 67: 0.3758
  [OK] 26 vs 6: 0.3859
  [OK] 26 vs 70: 0.0780
  [OK] 26 vs 68: 0.3119
  [OK] 26 vs 71: 0.3119
  [OK] 26 vs 73: 0.2684
  [OK] 26 vs 72: 0.4489
  [OK] 26 vs 78: 0.2666
  [OK] 26 vs 74: 0.1432
  [OK] 26 vs 81: 0.2871
  [OK] 26 vs 83: 0.3119
  [OK] 26 vs 7: 0.3859
  [OK] 26 vs 82: 0.2653
  [OK] 26 vs 86: 0.3081
  [OK] 26 vs 89: 0.3161
  [OK] 26 vs 9: 0.3119
  [OK] 26 vs 8: 0.1422
  [OK] 26 vs 90: 0.3271
  [OK] 26 vs 96: 0.1579
  [OK] 27 vs 28: 0.6852
  [OK] 27 vs 29: 0.7587
  [OK] 26 vs 95: 0.2589
  [OK] 27 vs 30: 0.6134
  [OK] 27 vs 34: 0.6982
  [OK] 27 vs 33: 0.7048
  [OK] 27 vs 37: 0.6296
  [OK] 27 vs 36: 0.0190
  [OK] 27 vs 3: 0.5957
  [OK] 27 vs 38: 0.6267
  [OK] 27 vs 40: 0.1467
  [OK] 27 vs 39: 0.2905
  [OK] 27 vs 43: 0.5506
  [OK] 27 vs 41: 0.1467
  [OK] 27 vs 42: 0.1467
  [OK] 27 vs 44: 0.4135
  [OK] 27 vs 46: 0.6721
  [OK] 27 vs 45: 0.6085
  [OK] 27 vs 47: 0.2891
  [OK] 27 vs 49: 0.3541
  [OK] 27 vs 4: 0.5942
  [OK] 27 vs 51: 0.6253
  [OK] 27 vs 50: 0.5645
  [OK] 27 vs 53: 0.3980
  [OK] 27 vs 52: 0.4994
  [OK] 27 vs 55: 0.3988
  [OK] 27 vs 57: 0.5471
  [OK] 27 vs 58: 0.6191
  [OK] 27 vs 59: 0.2299
  [OK] 27 vs 5: 0.4726
  [OK] 27 vs 65: 0.6002
  [OK] 27 vs 61: 0.6518
  [OK] 27 vs 67: 0.6608
  [OK] 27 vs 63: 0.5310
  [OK] 27 vs 68: 0.5645
  [OK] 27 vs 6: 0.6553
  [OK] 27 vs 70: 0.1507
  [OK] 27 vs 72: 0.7033
  [OK] 27 vs 71: 0.5645
  [OK] 27 vs 73: 0.3935
  [OK] 27 vs 78: 0.4302
  [OK] 27 vs 74: 0.1626
  [OK] 27 vs 7: 0.6553
  [OK] 27 vs 81: 0.5479
  [OK] 27 vs 82: 0.4507
  [OK] 27 vs 86: 0.7064
  [OK] 27 vs 83: 0.5645
  [OK] 27 vs 89: 0.6282
  [OK] 27 vs 8: 0.2180
  [OK] 27 vs 95: 0.4194
  [OK] 27 vs 90: 0.5957
  [OK] 27 vs 96: 0.0888
  [OK] 28 vs 29: 0.7209
  [OK] 28 vs 33: 0.6372
  [OK] 27 vs 9: 0.5645
  [OK] 28 vs 30: 0.4608
  [OK] 28 vs 34: 0.6914
  [OK] 28 vs 36: 0.0340
  [OK] 28 vs 37: 0.7555
  [OK] 28 vs 38: 0.7186
  [OK] 28 vs 39: 0.2654
  [OK] 28 vs 3: 0.7316
  [OK] 28 vs 40: 0.0432
  [OK] 28 vs 41: 0.0432
  [OK] 28 vs 42: 0.0432
  [OK] 28 vs 44: 0.4140
  [OK] 28 vs 43: 0.3548
  [OK] 28 vs 45: 0.4561
  [OK] 28 vs 46: 0.6138
  [OK] 28 vs 49: 0.3486
  [OK] 28 vs 47: 0.1910
  [OK] 28 vs 4: 0.6001
  [OK] 28 vs 50: 0.6982
  [OK] 28 vs 53: 0.3322
  [OK] 28 vs 51: 0.6151
  [OK] 28 vs 52: 0.3246
  [OK] 28 vs 55: 0.3068
  [OK] 28 vs 58: 0.4649
  [OK] 28 vs 57: 0.3427
  [OK] 28 vs 59: 0.3508
  [OK] 28 vs 61: 0.4752
  [OK] 28 vs 63: 0.4293
  [OK] 28 vs 5: 0.3971
  [OK] 28 vs 65: 0.3841
  [OK] 28 vs 67: 0.6885
  [OK] 28 vs 6: 0.7949
  [OK] 28 vs 68: 0.6982
  [OK] 28 vs 70: 0.1208
  [OK] 28 vs 73: 0.4405
  [OK] 28 vs 74: 0.0917
  [OK] 28 vs 72: 0.6772
  [OK] 28 vs 71: 0.6982
  [OK] 28 vs 78: 0.2959
  [OK] 28 vs 7: 0.7949
  [OK] 28 vs 81: 0.5373
  [OK] 28 vs 82: 0.5117
  [OK] 28 vs 83: 0.6982
  [OK] 28 vs 86: 0.6526
  [OK] 28 vs 8: 0.2014
  [OK] 28 vs 89: 0.5347
  [OK] 28 vs 90: 0.7316
  [OK] 28 vs 96: 0.1357
  [OK] 28 vs 95: 0.2853
  [OK] 29 vs 36: 0.1036
  [OK] 28 vs 9: 0.6982
  [OK] 29 vs 30: 0.5083
  [OK] 29 vs 34: 0.5490
  [OK] 29 vs 33: 0.5863
  [OK] 29 vs 37: 0.7218
  [OK] 29 vs 38: 0.7165
  [OK] 29 vs 39: 0.2636
  [OK] 29 vs 42: 0.0309
  [OK] 29 vs 3: 0.6941
  [OK] 29 vs 40: 0.0309
  [OK] 29 vs 41: 0.0309
  [OK] 29 vs 43: 0.4059
  [OK] 29 vs 44: 0.3644
  [OK] 29 vs 46: 0.7849
  [OK] 29 vs 45: 0.4976
  [OK] 29 vs 47: 0.2995
  [OK] 29 vs 50: 0.6735
  [OK] 29 vs 4: 0.4536
  [OK] 29 vs 51: 0.6399
  [OK] 29 vs 49: 0.3529
  [OK] 29 vs 52: 0.3729
  [OK] 29 vs 53: 0.4639
  [OK] 29 vs 55: 0.3674
  [OK] 29 vs 57: 0.5194
  [OK] 29 vs 59: 0.2631
  [OK] 29 vs 5: 0.4958
  [OK] 29 vs 58: 0.5215
  [OK] 29 vs 61: 0.5967
  [OK] 29 vs 63: 0.3841
  [OK] 29 vs 65: 0.4314
  [OK] 29 vs 6: 0.7415
  [OK] 29 vs 70: 0.2947
  [OK] 29 vs 71: 0.6735
  [OK] 29 vs 67: 0.6633
  [OK] 29 vs 68: 0.6735
  [OK] 29 vs 72: 0.6148
  [OK] 29 vs 73: 0.2565
  [OK] 29 vs 74: 0.0192
  [OK] 29 vs 78: 0.4296
  [OK] 29 vs 81: 0.6546
  [OK] 29 vs 82: 0.3888
  [OK] 29 vs 7: 0.7415
  [OK] 29 vs 83: 0.6735
  [OK] 29 vs 86: 0.7303
  [OK] 29 vs 89: 0.5642
  [OK] 29 vs 8: 0.3559
  [OK] 29 vs 90: 0.6941
  [OK] 29 vs 96: 0.0624
  [OK] 29 vs 95: 0.3376
  [OK] 29 vs 9: 0.6735
  [OK] 30 vs 34: 0.5139
  [OK] 30 vs 33: 0.6035
  [OK] 30 vs 36: 0.0555
  [OK] 30 vs 37: 0.3766
  [OK] 30 vs 3: 0.3392
  [OK] 30 vs 41: 0.3361
  [OK] 30 vs 39: 0.1925
  [OK] 30 vs 38: 0.4501
  [OK] 30 vs 42: 0.3361
  [OK] 30 vs 40: 0.3361
  [OK] 30 vs 43: 0.4923
  [OK] 30 vs 44: 0.2466
  [OK] 30 vs 47: 0.1523
  [OK] 30 vs 46: 0.5900
  [OK] 30 vs 49: 0.4922
  [OK] 30 vs 45: 0.7243
  [OK] 30 vs 50: 0.3173
  [OK] 30 vs 4: 0.5001
  [OK] 30 vs 51: 0.5161
  [OK] 30 vs 52: 0.5496
  [OK] 30 vs 55: 0.6143
  [OK] 30 vs 58: 0.5380
  [OK] 30 vs 57: 0.4406
  [OK] 30 vs 53: 0.4935
  [OK] 30 vs 59: 0.2029
  [OK] 30 vs 5: 0.5118
  [OK] 30 vs 61: 0.6185
  [OK] 30 vs 63: 0.4930
  [OK] 30 vs 65: 0.6438
  [OK] 30 vs 67: 0.4341
  [OK] 30 vs 6: 0.4136
  [OK] 30 vs 70: 0.2743
  [OK] 30 vs 68: 0.3173
  [OK] 30 vs 71: 0.3173
  [OK] 30 vs 72: 0.5461
  [OK] 30 vs 73: 0.3705
  [OK] 30 vs 74: 0.0458
  [OK] 30 vs 78: 0.4405
  [OK] 30 vs 83: 0.3173
  [OK] 30 vs 81: 0.4571
  [OK] 30 vs 7: 0.4136
  [OK] 30 vs 82: 0.4729
  [OK] 30 vs 86: 0.6365
  [OK] 30 vs 89: 0.6257
  [OK] 30 vs 8: 0.3793
  [OK] 30 vs 9: 0.3173
  [OK] 30 vs 96: 0.0448
  [OK] 30 vs 90: 0.3392
  [OK] 30 vs 95: 0.6125
  [OK] 33 vs 34: 0.7026
  [OK] 33 vs 36: 0.1424
  [OK] 33 vs 37: 0.4724
  [OK] 33 vs 40: 0.1746
  [OK] 33 vs 41: 0.1746
  [OK] 33 vs 39: 0.1871
  [OK] 33 vs 38: 0.5485
  [OK] 33 vs 3: 0.4550
  [OK] 33 vs 42: 0.1746
  [OK] 33 vs 43: 0.5443
  [OK] 33 vs 44: 0.2993
  [OK] 33 vs 46: 0.5376
  [OK] 33 vs 47: 0.1629
  [OK] 33 vs 45: 0.6763
  [OK] 33 vs 4: 0.7050
  [OK] 33 vs 49: 0.3176
  [OK] 33 vs 50: 0.4374
  [OK] 33 vs 51: 0.6563
  [OK] 33 vs 52: 0.3786
  [OK] 33 vs 59: 0.2208
  [OK] 33 vs 58: 0.5388
  [OK] 33 vs 53: 0.4376
  [OK] 33 vs 57: 0.3494
  [OK] 33 vs 55: 0.4733
  [OK] 33 vs 61: 0.6456
  [OK] 33 vs 5: 0.4632
  [OK] 33 vs 63: 0.4958
  [OK] 33 vs 6: 0.5141
  [OK] 33 vs 70: 0.2626
  [OK] 33 vs 65: 0.6639
  [OK] 33 vs 72: 0.6680
  [OK] 33 vs 67: 0.6826
  [OK] 33 vs 71: 0.4374
  [OK] 33 vs 68: 0.4374
  [OK] 33 vs 73: 0.5180
  [OK] 33 vs 74: 0.1626
  [OK] 33 vs 82: 0.4449
  [OK] 33 vs 78: 0.2884
  [OK] 33 vs 86: 0.6395
  [OK] 33 vs 81: 0.5629
  [OK] 33 vs 7: 0.5141
  [OK] 33 vs 83: 0.4374
  [OK] 33 vs 89: 0.6953
  [OK] 33 vs 90: 0.4550
  [OK] 33 vs 8: 0.3050
  [OK] 33 vs 96: 0.1032
  [OK] 34 vs 37: 0.4503
  [OK] 33 vs 95: 0.5987
  [OK] 34 vs 36: 0.0278
  [OK] 33 vs 9: 0.4374
  [OK] 34 vs 38: 0.4910
  [OK] 34 vs 3: 0.4257
  [OK] 34 vs 39: 0.2091
  [OK] 34 vs 40: 0.0385
  [OK] 34 vs 42: 0.0385
  [OK] 34 vs 43: 0.5561
  [OK] 34 vs 44: 0.2947
  [OK] 34 vs 41: 0.0385
  [OK] 34 vs 45: 0.5151
  [OK] 34 vs 46: 0.5672
  [OK] 34 vs 4: 0.7215
  [OK] 34 vs 47: 0.2015
  [OK] 34 vs 49: 0.4282
  [OK] 34 vs 52: 0.5051
  [OK] 34 vs 50: 0.4070
  [OK] 34 vs 51: 0.7259
  [OK] 34 vs 55: 0.3786
  [OK] 34 vs 53: 0.3223
  [OK] 34 vs 58: 0.6288
  [OK] 34 vs 59: 0.2909
  [OK] 34 vs 57: 0.3448
  [OK] 34 vs 63: 0.6000
  [OK] 34 vs 61: 0.5344
  [OK] 34 vs 5: 0.5279
  [OK] 34 vs 65: 0.5571
  [OK] 34 vs 68: 0.4070
  [OK] 34 vs 67: 0.6959
  [OK] 34 vs 6: 0.5155
  [OK] 34 vs 70: 0.1699
  [OK] 34 vs 71: 0.4070
  [OK] 34 vs 73: 0.5271
  [OK] 34 vs 72: 0.7448
  [OK] 34 vs 81: 0.5628
  [OK] 34 vs 74: 0.2094
  [OK] 34 vs 7: 0.5155
  [OK] 34 vs 78: 0.2965
  [OK] 34 vs 89: 0.6465
  [OK] 34 vs 83: 0.4070
  [OK] 34 vs 86: 0.5410
  [OK] 34 vs 82: 0.6283
  [OK] 36 vs 37: 0.0000
  [OK] 34 vs 9: 0.4070
  [OK] 34 vs 8: 0.3016
  [OK] 34 vs 90: 0.4257
  [OK] 34 vs 95: 0.4957
  [OK] 34 vs 96: 0.1354
  [OK] 36 vs 39: 0.0000
  [OK] 36 vs 38: 0.0000
  [OK] 36 vs 40: 0.0839
  [OK] 36 vs 3: 0.0000
  [OK] 36 vs 41: 0.0839
  [OK] 36 vs 42: 0.0839
  [OK] 36 vs 43: 0.0597
  [OK] 36 vs 46: 0.1825
  [OK] 36 vs 44: 0.0000
  [OK] 36 vs 45: 0.1371
  [OK] 36 vs 49: 0.0525
  [OK] 36 vs 4: 0.1441
  [OK] 36 vs 47: 0.0000
  [OK] 36 vs 50: 0.0000
  [OK] 36 vs 52: 0.0574
  [OK] 36 vs 53: 0.1248
  [OK] 36 vs 51: 0.0939
  [OK] 36 vs 55: 0.0967
  [OK] 36 vs 5: 0.2366
  [OK] 36 vs 57: 0.1503
  [OK] 36 vs 65: 0.0199
  [OK] 36 vs 59: 0.1881
  [OK] 36 vs 58: 0.0499
  [OK] 36 vs 61: 0.0219
  [OK] 36 vs 67: 0.0422
  [OK] 36 vs 63: 0.0486
  [OK] 36 vs 68: 0.0000
  [OK] 36 vs 72: 0.0162
  [OK] 36 vs 6: 0.0442
  [OK] 36 vs 71: 0.0000
  [OK] 36 vs 70: 0.7308
  [OK] 36 vs 73: 0.1546
  [OK] 36 vs 74: 0.0638
  [OK] 36 vs 78: 0.0381
  [OK] 36 vs 7: 0.0442
  [OK] 36 vs 82: 0.0214
  [OK] 36 vs 81: 0.1380
  [OK] 36 vs 86: 0.0234
  [OK] 36 vs 89: 0.1205
  [OK] 36 vs 83: 0.0000
  [OK] 36 vs 8: 0.6467
  [OK] 36 vs 90: 0.0000
  [OK] 36 vs 95: 0.1991
  [OK] 36 vs 96: 0.1438
  [OK] 36 vs 9: 0.0000
  [OK] 37 vs 39: 0.3550
  [OK] 37 vs 40: 0.0000
  [OK] 37 vs 38: 0.9046
  [OK] 37 vs 3: 0.9955
  [OK] 37 vs 41: 0.0000
  [OK] 37 vs 42: 0.0000
  [OK] 37 vs 43: 0.2310
  [OK] 37 vs 44: 0.3612
  [OK] 37 vs 45: 0.3402
  [OK] 37 vs 47: 0.2325
  [OK] 37 vs 4: 0.3079
  [OK] 37 vs 46: 0.4761
  [OK] 37 vs 49: 0.2631
  [OK] 37 vs 50: 0.9950
  [OK] 37 vs 51: 0.5256
  [OK] 37 vs 59: 0.2187
  [OK] 37 vs 52: 0.2704
  [OK] 37 vs 55: 0.2382
  [OK] 37 vs 57: 0.3312
  [OK] 37 vs 53: 0.3731
  [OK] 37 vs 58: 0.3033
  [OK] 37 vs 5: 0.3087
  [OK] 37 vs 61: 0.3804
  [OK] 37 vs 68: 0.9950
  [OK] 37 vs 67: 0.5958
  [OK] 37 vs 6: 0.9577
  [OK] 37 vs 63: 0.3248
  [OK] 37 vs 65: 0.3106
  [OK] 37 vs 70: 0.0838
  [OK] 37 vs 71: 0.9950
  [OK] 37 vs 72: 0.4841
  [OK] 37 vs 73: 0.1537
  [OK] 37 vs 78: 0.3258
  [OK] 37 vs 74: 0.0000
  [OK] 37 vs 7: 0.9577
  [OK] 37 vs 81: 0.4449
  [OK] 37 vs 82: 0.2665
  [OK] 37 vs 83: 0.9950
  [OK] 37 vs 86: 0.6175
  [OK] 37 vs 89: 0.3974
  [OK] 37 vs 90: 0.9955
  [OK] 37 vs 8: 0.1388
  [OK] 37 vs 95: 0.2166
  [OK] 37 vs 96: 0.0000
  [OK] 37 vs 9: 0.9950
  [OK] 38 vs 39: 0.4069
  [OK] 38 vs 3: 0.8756
  [OK] 38 vs 40: 0.0000
  [OK] 38 vs 42: 0.0000
  [OK] 38 vs 44: 0.4004
  [OK] 38 vs 41: 0.0000
  [OK] 38 vs 43: 0.2979
  [OK] 38 vs 46: 0.5062
  [OK] 38 vs 45: 0.4217
  [OK] 38 vs 47: 0.2433
  [OK] 38 vs 4: 0.3656
  [OK] 38 vs 49: 0.3412
  [OK] 38 vs 50: 0.8618
  [OK] 38 vs 51: 0.5867
  [OK] 38 vs 52: 0.3080
  [OK] 38 vs 53: 0.4082
  [OK] 38 vs 55: 0.3041
  [OK] 38 vs 57: 0.3488
  [OK] 38 vs 58: 0.3220
  [OK] 38 vs 59: 0.2311
  [OK] 38 vs 61: 0.4396
  [OK] 38 vs 63: 0.4071
  [OK] 38 vs 5: 0.3776
  [OK] 38 vs 65: 0.3922
  [OK] 38 vs 67: 0.5957
  [OK] 38 vs 68: 0.8618
  [OK] 38 vs 70: 0.1058
  [OK] 38 vs 6: 0.8942
  [OK] 38 vs 71: 0.8618
  [OK] 38 vs 72: 0.5491
  [OK] 38 vs 73: 0.1724
  [OK] 38 vs 78: 0.3677
  [OK] 38 vs 74: 0.0000
  [OK] 38 vs 7: 0.8942
  [OK] 38 vs 81: 0.4617
  [OK] 38 vs 83: 0.8618
  [OK] 38 vs 82: 0.3433
  [OK] 38 vs 89: 0.4566
  [OK] 38 vs 86: 0.6768
  [OK] 38 vs 90: 0.8756
  [OK] 38 vs 8: 0.1838
  [OK] 38 vs 95: 0.2932
  [OK] 38 vs 96: 0.0000
  [OK] 39 vs 41: 0.0000
  [OK] 38 vs 9: 0.8618
  [OK] 39 vs 40: 0.0000
  [OK] 39 vs 3: 0.3569
  [OK] 39 vs 42: 0.0000
  [OK] 39 vs 43: 0.1381
  [OK] 39 vs 44: 0.5254
  [OK] 39 vs 45: 0.1644
  [OK] 39 vs 47: 0.1127
  [OK] 39 vs 4: 0.1887
  [OK] 39 vs 46: 0.1964
  [OK] 39 vs 49: 0.2217
  [OK] 39 vs 50: 0.3564
  [OK] 39 vs 51: 0.2506
  [OK] 39 vs 52: 0.2222
  [OK] 39 vs 53: 0.0822
  [OK] 39 vs 55: 0.1108
  [OK] 39 vs 61: 0.1827
  [OK] 39 vs 59: 0.1038
  [OK] 39 vs 57: 0.2237
  [OK] 39 vs 58: 0.1703
  [OK] 39 vs 5: 0.2805
  [OK] 39 vs 63: 0.1898
  [OK] 39 vs 65: 0.1650
  [OK] 39 vs 68: 0.3564
  [OK] 39 vs 67: 0.2239
  [OK] 39 vs 71: 0.3564
  [OK] 39 vs 6: 0.3510
  [OK] 39 vs 70: 0.0311
  [OK] 39 vs 72: 0.2082
  [OK] 39 vs 73: 0.0874
  [OK] 39 vs 74: 0.0000
  [OK] 39 vs 7: 0.3510
  [OK] 39 vs 82: 0.1649
  [OK] 39 vs 81: 0.1955
  [OK] 39 vs 83: 0.3564
  [OK] 39 vs 78: 0.1549
  [OK] 39 vs 86: 0.2563
  [OK] 39 vs 89: 0.1732
  [OK] 39 vs 8: 0.0621
  [OK] 39 vs 90: 0.3569
  [OK] 39 vs 95: 0.1467
  [OK] 3 vs 40: 0.0000
  [OK] 39 vs 96: 0.0000
  [OK] 3 vs 41: 0.0000
  [OK] 39 vs 9: 0.3564
  [OK] 3 vs 42: 0.0000
  [OK] 3 vs 43: 0.2029
  [OK] 3 vs 44: 0.3603
  [OK] 3 vs 45: 0.3046
  [OK] 3 vs 46: 0.4473
  [OK] 3 vs 47: 0.2181
  [OK] 3 vs 4: 0.2907
  [OK] 3 vs 49: 0.2353
  [OK] 3 vs 50: 0.9997
  [OK] 3 vs 51: 0.4800
  [OK] 3 vs 55: 0.1882
  [OK] 3 vs 53: 0.3332
  [OK] 3 vs 52: 0.2468
  [OK] 3 vs 57: 0.3033
  [OK] 3 vs 59: 0.2052
  [OK] 3 vs 58: 0.2897
  [OK] 3 vs 5: 0.2972
  [OK] 3 vs 61: 0.3561
  [OK] 3 vs 67: 0.5503
  [OK] 3 vs 63: 0.3007
  [OK] 3 vs 68: 0.9997
  [OK] 3 vs 6: 0.9506
  [OK] 3 vs 65: 0.2796
  [OK] 3 vs 70: 0.0729
  [OK] 3 vs 71: 0.9997
  [OK] 3 vs 72: 0.4490
  [OK] 3 vs 78: 0.2748
  [OK] 3 vs 73: 0.1444
  [OK] 3 vs 7: 0.9506
  [OK] 3 vs 74: 0.0000
  [OK] 3 vs 81: 0.4183
  [OK] 3 vs 82: 0.2615
  [OK] 3 vs 83: 0.9997
  [OK] 3 vs 86: 0.5862
  [OK] 3 vs 89: 0.3616
  [OK] 3 vs 90: 1.0000
  [OK] 3 vs 8: 0.1178
  [OK] 3 vs 96: 0.0000
  [OK] 3 vs 95: 0.1899
  [OK] 3 vs 9: 0.9997
  [OK] 40 vs 41: 0.8564
  [OK] 40 vs 42: 0.8564
  [OK] 40 vs 46: 0.1524
  [OK] 40 vs 45: 0.2875
  [OK] 40 vs 43: 0.1644
  [OK] 40 vs 44: 0.0000
  [OK] 40 vs 47: 0.0000
  [OK] 40 vs 49: 0.3719
  [OK] 40 vs 4: 0.0472
  [OK] 40 vs 50: 0.0000
  [OK] 40 vs 51: 0.0946
  [OK] 40 vs 55: 0.3838
  [OK] 40 vs 53: 0.3433
  [OK] 40 vs 52: 0.2587
  [OK] 40 vs 57: 0.1722
  [OK] 40 vs 58: 0.1289
  [OK] 40 vs 59: 0.0385
  [OK] 40 vs 5: 0.1764
  [OK] 40 vs 61: 0.3210
  [OK] 40 vs 65: 0.2245
  [OK] 40 vs 63: 0.1196
  [OK] 40 vs 68: 0.0000
  [OK] 40 vs 67: 0.1585
  [OK] 40 vs 6: 0.0580
  [OK] 40 vs 70: 0.1786
  [OK] 40 vs 72: 0.0261
  [OK] 40 vs 71: 0.0000
  [OK] 40 vs 73: 0.0889
  [OK] 40 vs 78: 0.2551
  [OK] 40 vs 74: 0.2400
  [OK] 40 vs 7: 0.0580
  [OK] 40 vs 81: 0.0575
  [OK] 40 vs 82: 0.0310
  [OK] 40 vs 83: 0.0000
  [OK] 40 vs 90: 0.0000
  [OK] 40 vs 8: 0.1541
  [OK] 40 vs 86: 0.1723
  [OK] 40 vs 89: 0.2210
  [OK] 40 vs 95: 0.2527
  [OK] 40 vs 96: 0.1147
  [OK] 40 vs 9: 0.0000
  [OK] 41 vs 43: 0.1644
  [OK] 41 vs 42: 0.8564
  [OK] 41 vs 44: 0.0000
  [OK] 41 vs 45: 0.2864
  [OK] 41 vs 47: 0.0000
  [OK] 41 vs 46: 0.1524
  [OK] 41 vs 49: 0.3719
  [OK] 41 vs 4: 0.0472
  [OK] 41 vs 53: 0.3433
  [OK] 41 vs 52: 0.2584
  [OK] 41 vs 51: 0.0938
  [OK] 41 vs 50: 0.0000
  [OK] 41 vs 55: 0.3838
  [OK] 41 vs 57: 0.1722
  [OK] 41 vs 58: 0.1289
  [OK] 41 vs 59: 0.0385
  [OK] 41 vs 5: 0.1764
  [OK] 41 vs 63: 0.1196
  [OK] 41 vs 61: 0.3210
  [OK] 41 vs 65: 0.2284
  [OK] 41 vs 6: 0.0580
  [OK] 41 vs 67: 0.1585
  [OK] 41 vs 68: 0.0000
  [OK] 41 vs 70: 0.1786
  [OK] 41 vs 71: 0.0000
  [OK] 41 vs 73: 0.0897
  [OK] 41 vs 72: 0.0261
  [OK] 41 vs 78: 0.2551
  [OK] 41 vs 74: 0.2363
  [OK] 41 vs 7: 0.0580
  [OK] 41 vs 81: 0.0570
  [OK] 41 vs 83: 0.0000
  [OK] 41 vs 82: 0.0310
  [OK] 41 vs 86: 0.1713
  [OK] 41 vs 89: 0.2210
  [OK] 41 vs 8: 0.1541
  [OK] 41 vs 95: 0.2479
  [OK] 41 vs 96: 0.1155
  [OK] 41 vs 90: 0.0000
  [OK] 42 vs 43: 0.1644
  [OK] 41 vs 9: 0.0000
  [OK] 42 vs 44: 0.0000
  [OK] 42 vs 45: 0.2875
  [OK] 42 vs 46: 0.1524
  [OK] 42 vs 47: 0.0000
  [OK] 42 vs 49: 0.3719
  [OK] 42 vs 4: 0.0472
  [OK] 42 vs 51: 0.0944
  [OK] 42 vs 50: 0.0000
  [OK] 42 vs 52: 0.2592
  [OK] 42 vs 53: 0.3433
  [OK] 42 vs 55: 0.3841
  [OK] 42 vs 57: 0.1722
  [OK] 42 vs 59: 0.0385
  [OK] 42 vs 58: 0.1289
  [OK] 42 vs 61: 0.3210
  [OK] 42 vs 5: 0.1764
  [OK] 42 vs 63: 0.1196
  [OK] 42 vs 65: 0.2245
  [OK] 42 vs 67: 0.1585
  [OK] 42 vs 68: 0.0000
  [OK] 42 vs 6: 0.0580
  [OK] 42 vs 70: 0.1786
  [OK] 42 vs 72: 0.0261
  [OK] 42 vs 71: 0.0000
  [OK] 42 vs 73: 0.0889
  [OK] 42 vs 74: 0.1915
  [OK] 42 vs 7: 0.0580
  [OK] 42 vs 78: 0.2551
  [OK] 42 vs 81: 0.0557
  [OK] 42 vs 83: 0.0000
  [OK] 42 vs 82: 0.0310
  [OK] 42 vs 86: 0.1728
  [OK] 42 vs 89: 0.2200
  [OK] 42 vs 8: 0.1541
  [OK] 42 vs 95: 0.2522
  [OK] 42 vs 90: 0.0000
  [OK] 42 vs 9: 0.0000
  [OK] 42 vs 96: 0.1137
  [OK] 43 vs 44: 0.3033
  [OK] 43 vs 45: 0.5617
  [OK] 43 vs 46: 0.5089
  [OK] 43 vs 49: 0.4747
  [OK] 43 vs 47: 0.1894
  [OK] 43 vs 50: 0.1952
  [OK] 43 vs 4: 0.5674
  [OK] 43 vs 51: 0.5224
  [OK] 43 vs 52: 0.6059
  [OK] 43 vs 53: 0.3457
  [OK] 43 vs 55: 0.4734
  [OK] 43 vs 57: 0.4374
  [OK] 43 vs 58: 0.5875
  [OK] 43 vs 59: 0.2200
  [OK] 43 vs 5: 0.4756
  [OK] 43 vs 61: 0.6122
  [OK] 43 vs 63: 0.5836
  [OK] 43 vs 67: 0.4722
  [OK] 43 vs 65: 0.6038
  [OK] 43 vs 68: 0.1952
  [OK] 43 vs 70: 0.3234
  [OK] 43 vs 6: 0.2595
  [OK] 43 vs 72: 0.5795
  [OK] 43 vs 71: 0.1952
  [OK] 43 vs 73: 0.4365
  [OK] 43 vs 74: 0.1375
  [OK] 43 vs 78: 0.3775
  [OK] 43 vs 7: 0.2595
  [OK] 43 vs 81: 0.4896
  [OK] 43 vs 82: 0.4464
  [OK] 43 vs 83: 0.1952
  [OK] 43 vs 86: 0.4122
  [OK] 43 vs 89: 0.5573
  [OK] 43 vs 8: 0.3754
  [OK] 43 vs 90: 0.2029
  [OK] 43 vs 95: 0.4965
  [OK] 43 vs 96: 0.1964
  [OK] 44 vs 45: 0.2621
  [OK] 43 vs 9: 0.1952
  [OK] 44 vs 46: 0.3013
  [OK] 44 vs 47: 0.3777
  [OK] 44 vs 49: 0.2710
  [OK] 44 vs 4: 0.3004
  [OK] 44 vs 50: 0.3569
  [OK] 44 vs 51: 0.3703
  [OK] 44 vs 53: 0.1469
  [OK] 44 vs 52: 0.3911
  [OK] 44 vs 58: 0.3590
  [OK] 44 vs 55: 0.2137
  [OK] 44 vs 57: 0.3896
  [OK] 44 vs 59: 0.1599
  [OK] 44 vs 5: 0.3709
  [OK] 44 vs 65: 0.2800
  [OK] 44 vs 67: 0.3464
  [OK] 44 vs 6: 0.3660
  [OK] 44 vs 68: 0.3569
  [OK] 44 vs 63: 0.4207
  [OK] 44 vs 61: 0.3344
  [OK] 44 vs 70: 0.1606
  [OK] 44 vs 71: 0.3569
  [OK] 44 vs 72: 0.3261
  [OK] 44 vs 73: 0.2265
  [OK] 44 vs 81: 0.3062
  [OK] 44 vs 74: 0.1008
  [OK] 44 vs 7: 0.3660
  [OK] 44 vs 78: 0.1952
  [OK] 44 vs 83: 0.3569
  [OK] 44 vs 82: 0.2649
  [OK] 44 vs 89: 0.2822
  [OK] 44 vs 86: 0.3596
  [OK] 44 vs 95: 0.2801
  [OK] 44 vs 90: 0.3603
  [OK] 44 vs 8: 0.1648
  [OK] 44 vs 96: 0.0000
  [OK] 45 vs 46: 0.6272
  [OK] 44 vs 9: 0.3569
  [OK] 45 vs 47: 0.2085
  [OK] 45 vs 49: 0.4451
  [OK] 45 vs 50: 0.2836
  [OK] 45 vs 4: 0.5114
  [OK] 45 vs 51: 0.5759
  [OK] 45 vs 52: 0.5505
  [OK] 45 vs 55: 0.6135
  [OK] 45 vs 53: 0.4194
  [OK] 45 vs 57: 0.4401
  [OK] 45 vs 58: 0.5908
  [OK] 45 vs 59: 0.2283
  [OK] 45 vs 63: 0.5442
  [OK] 45 vs 5: 0.5283
  [OK] 45 vs 61: 0.6329
  [OK] 45 vs 65: 0.6939
  [OK] 45 vs 67: 0.4533
  [OK] 45 vs 68: 0.2836
  [OK] 45 vs 6: 0.3939
  [OK] 45 vs 70: 0.4015
  [OK] 45 vs 72: 0.5574
  [OK] 45 vs 73: 0.4255
  [OK] 45 vs 71: 0.2836
  [OK] 45 vs 74: 0.1601
  [OK] 45 vs 78: 0.4216
  [OK] 45 vs 7: 0.3939
  [OK] 45 vs 81: 0.4797
  [OK] 45 vs 82: 0.5117
  [OK] 45 vs 86: 0.6208
  [OK] 45 vs 83: 0.2836
  [OK] 45 vs 89: 0.6676
  [OK] 45 vs 90: 0.3046
  [OK] 45 vs 8: 0.4995
  [OK] 45 vs 95: 0.6111
  [OK] 45 vs 96: 0.1376
  [OK] 45 vs 9: 0.2836
  [OK] 46 vs 49: 0.4310
  [OK] 46 vs 47: 0.3856
  [OK] 46 vs 4: 0.5197
  [OK] 46 vs 50: 0.4244
  [OK] 46 vs 51: 0.6534
  [OK] 46 vs 52: 0.4416
  [OK] 46 vs 53: 0.4472
  [OK] 46 vs 55: 0.5042
  [OK] 46 vs 58: 0.6047
  [OK] 46 vs 57: 0.5537
  [OK] 46 vs 59: 0.2809
  [OK] 46 vs 5: 0.5828
  [OK] 46 vs 61: 0.6762
  [OK] 46 vs 63: 0.4376
  [OK] 46 vs 65: 0.4822
  [OK] 46 vs 67: 0.5540
  [OK] 46 vs 6: 0.5164
  [OK] 46 vs 68: 0.4244
  [OK] 46 vs 70: 0.4663
  [OK] 46 vs 72: 0.6864
  [OK] 46 vs 71: 0.4244
  [OK] 46 vs 73: 0.3823
  [OK] 46 vs 74: 0.0368
  [OK] 46 vs 78: 0.5123
  [OK] 46 vs 7: 0.5164
  [OK] 46 vs 82: 0.6404
  [OK] 46 vs 81: 0.6142
  [OK] 46 vs 83: 0.4244
  [OK] 46 vs 86: 0.6607
  [OK] 46 vs 89: 0.6834
  [OK] 46 vs 8: 0.5473
  [OK] 46 vs 90: 0.4473
  [OK] 46 vs 9: 0.4244
  [OK] 46 vs 95: 0.4307
  [OK] 47 vs 49: 0.1494
  [OK] 46 vs 96: 0.0964
  [OK] 47 vs 4: 0.1938
  [OK] 47 vs 50: 0.1960
  [OK] 47 vs 51: 0.2149
  [OK] 47 vs 52: 0.2773
  [OK] 47 vs 53: 0.0653
  [OK] 47 vs 59: 0.0653
  [OK] 47 vs 57: 0.4561
  [OK] 47 vs 55: 0.1857
  [OK] 47 vs 58: 0.3225
  [OK] 47 vs 5: 0.1929
  [OK] 47 vs 61: 0.3954
  [OK] 47 vs 63: 0.2963
  [OK] 47 vs 6: 0.2504
  [OK] 47 vs 68: 0.1960
  [OK] 47 vs 67: 0.2222
  [OK] 47 vs 65: 0.2259
  [OK] 47 vs 70: 0.0821
  [OK] 47 vs 71: 0.1960
  [OK] 47 vs 72: 0.2710
  [OK] 47 vs 73: 0.2523
  [OK] 47 vs 7: 0.2504
  [OK] 47 vs 74: 0.1827
  [OK] 47 vs 81: 0.2145
  [OK] 47 vs 78: 0.2954
  [OK] 47 vs 82: 0.2236
  [OK] 47 vs 83: 0.1960
  [OK] 47 vs 8: 0.1250
  [OK] 47 vs 86: 0.2662
  [OK] 47 vs 89: 0.2664
  [OK] 47 vs 90: 0.2181
  [OK] 47 vs 96: 0.0000
  [OK] 47 vs 95: 0.1485
  [OK] 47 vs 9: 0.1960
  [OK] 49 vs 4: 0.5023
  [OK] 49 vs 52: 0.4769
  [OK] 49 vs 50: 0.2249
  [OK] 49 vs 51: 0.4525
  [OK] 49 vs 53: 0.4639
  [OK] 49 vs 55: 0.4634
  [OK] 49 vs 57: 0.2897
  [OK] 49 vs 58: 0.3802
  [OK] 49 vs 59: 0.1995
  [OK] 49 vs 61: 0.4989
  [OK] 49 vs 5: 0.4652
  [OK] 49 vs 65: 0.4136
  [OK] 49 vs 63: 0.4142
  [OK] 49 vs 67: 0.3791
  [OK] 49 vs 6: 0.2921
  [OK] 49 vs 68: 0.2249
  [OK] 49 vs 70: 0.2082
  [OK] 49 vs 71: 0.2249
  [OK] 49 vs 72: 0.5058
  [OK] 49 vs 73: 0.2887
  [OK] 49 vs 74: 0.2337
  [OK] 49 vs 78: 0.2798
  [OK] 49 vs 7: 0.2921
  [OK] 49 vs 81: 0.3791
  [OK] 49 vs 82: 0.4689
  [OK] 49 vs 86: 0.3589
  [OK] 49 vs 89: 0.4173
  [OK] 49 vs 83: 0.2249
  [OK] 49 vs 8: 0.3240
  [OK] 49 vs 90: 0.2353
  [OK] 49 vs 95: 0.4483
  [OK] 49 vs 9: 0.2249
  [OK] 49 vs 96: 0.1859
  [OK] 4 vs 52: 0.5407
  [OK] 4 vs 50: 0.2832
  [OK] 4 vs 51: 0.6043
  [OK] 4 vs 55: 0.4571
  [OK] 4 vs 53: 0.3099
  [OK] 4 vs 57: 0.3706
  [OK] 4 vs 59: 0.3094
  [OK] 4 vs 58: 0.5696
  [OK] 4 vs 5: 0.5037
  [OK] 4 vs 63: 0.5777
  [OK] 4 vs 61: 0.5650
  [OK] 4 vs 68: 0.2832
  [OK] 4 vs 65: 0.5745
  [OK] 4 vs 67: 0.6453
  [OK] 4 vs 6: 0.3727
  [OK] 4 vs 70: 0.2241
  [OK] 4 vs 71: 0.2832
  [OK] 4 vs 72: 0.7674
  [OK] 4 vs 74: 0.2032
  [OK] 4 vs 73: 0.6100
  [OK] 4 vs 78: 0.3396
  [OK] 4 vs 7: 0.3699
  [OK] 4 vs 82: 0.6332
  [OK] 4 vs 81: 0.5189
  [OK] 4 vs 86: 0.4603
  [OK] 4 vs 83: 0.2826
  [OK] 4 vs 89: 0.6334
  [OK] 4 vs 8: 0.3172
  [OK] 4 vs 90: 0.2945
  [OK] 4 vs 95: 0.5570
  [OK] 4 vs 96: 0.1473
  [OK] 4 vs 9: 0.2826
  [OK] 50 vs 51: 0.4635
  [OK] 50 vs 52: 0.2395
  [OK] 50 vs 55: 0.1797
  [OK] 50 vs 53: 0.2857
  [OK] 50 vs 57: 0.2807
  [OK] 50 vs 59: 0.1844
  [OK] 50 vs 58: 0.2778
  [OK] 50 vs 5: 0.2836
  [OK] 50 vs 61: 0.3359
  [OK] 50 vs 63: 0.2907
  [OK] 50 vs 65: 0.2643
  [OK] 50 vs 68: 1.0000
  [OK] 50 vs 67: 0.5203
  [OK] 50 vs 6: 0.9442
  [OK] 50 vs 71: 1.0000
  [OK] 50 vs 70: 0.0606
  [OK] 50 vs 72: 0.4314
  [OK] 50 vs 73: 0.1338
  [OK] 50 vs 74: 0.0000
  [OK] 50 vs 7: 0.9442
  [OK] 50 vs 81: 0.3981
  [OK] 50 vs 78: 0.2579
  [OK] 50 vs 82: 0.2554
  [OK] 50 vs 83: 1.0000
  [OK] 50 vs 86: 0.5680
  [OK] 50 vs 89: 0.3407
  [OK] 50 vs 8: 0.1067
  [OK] 50 vs 90: 0.9997
  [OK] 50 vs 96: 0.0000
  [OK] 50 vs 9: 1.0000
  [OK] 50 vs 95: 0.1785
  [OK] 51 vs 52: 0.4906
  [OK] 51 vs 53: 0.4083
  [OK] 51 vs 55: 0.4699
  [OK] 51 vs 57: 0.3929
  [OK] 51 vs 58: 0.6090
  [OK] 51 vs 59: 0.3094
  [OK] 51 vs 5: 0.5008
  [OK] 51 vs 61: 0.6010
  [OK] 51 vs 65: 0.4988
  [OK] 51 vs 63: 0.5555
  [OK] 51 vs 67: 0.6306
  [OK] 51 vs 68: 0.4635
  [OK] 51 vs 6: 0.6026
  [OK] 51 vs 71: 0.4635
  [OK] 51 vs 70: 0.3841
  [OK] 51 vs 72: 0.6860
  [OK] 51 vs 73: 0.4178
  [OK] 51 vs 74: 0.1810
  [OK] 51 vs 78: 0.3575
  [OK] 51 vs 7: 0.6027
  [OK] 51 vs 81: 0.6357
  [OK] 51 vs 83: 0.4637
  [OK] 51 vs 82: 0.4636
  [OK] 51 vs 86: 0.6834
  [OK] 51 vs 89: 0.6041
  [OK] 51 vs 8: 0.4647
  [OK] 51 vs 90: 0.4802
  [OK] 51 vs 95: 0.4704
  [OK] 51 vs 96: 0.2099
  [OK] 52 vs 53: 0.2611
  [OK] 51 vs 9: 0.4626
  [OK] 52 vs 55: 0.4987
  [OK] 52 vs 57: 0.4588
  [OK] 52 vs 58: 0.5779
  [OK] 52 vs 5: 0.4180
  [OK] 52 vs 59: 0.2219
  [OK] 52 vs 61: 0.6316
  [OK] 52 vs 63: 0.5623
  [OK] 52 vs 65: 0.6247
  [OK] 52 vs 67: 0.4104
  [OK] 52 vs 6: 0.2849
  [OK] 52 vs 68: 0.2395
  [OK] 52 vs 71: 0.2395
  [OK] 52 vs 70: 0.2725
  [OK] 52 vs 72: 0.4849
  [OK] 52 vs 73: 0.4620
  [OK] 52 vs 78: 0.3264
  [OK] 52 vs 74: 0.2192
  [OK] 52 vs 7: 0.2849
  [OK] 52 vs 82: 0.3572
  [OK] 52 vs 81: 0.3959
  [OK] 52 vs 83: 0.2395
  [OK] 52 vs 86: 0.4363
  [OK] 52 vs 89: 0.4946
  [OK] 52 vs 8: 0.3327
  [OK] 52 vs 90: 0.2468
  [OK] 52 vs 95: 0.5751
  [OK] 52 vs 9: 0.2395
  [OK] 52 vs 96: 0.0991
  [OK] 53 vs 55: 0.3092
  [OK] 53 vs 57: 0.2807
  [OK] 53 vs 58: 0.3286
  [OK] 53 vs 59: 0.1292
  [OK] 53 vs 5: 0.3356
  [OK] 53 vs 61: 0.4052
  [OK] 53 vs 63: 0.2562
  [OK] 53 vs 65: 0.3382
  [OK] 53 vs 67: 0.4268
  [OK] 53 vs 68: 0.2857
  [OK] 53 vs 6: 0.4466
  [OK] 53 vs 70: 0.2513
  [OK] 53 vs 71: 0.2857
  [OK] 53 vs 7: 0.4466
  [OK] 53 vs 78: 0.2968
  [OK] 53 vs 72: 0.3799
  [OK] 53 vs 73: 0.1309
  [OK] 53 vs 74: 0.1862
  [OK] 53 vs 81: 0.3747
  [OK] 53 vs 82: 0.2739
  [OK] 53 vs 83: 0.2857
  [OK] 53 vs 8: 0.2546
  [OK] 53 vs 86: 0.4583
  [OK] 53 vs 95: 0.3724
  [OK] 53 vs 89: 0.4100
  [OK] 53 vs 90: 0.3332
  [OK] 53 vs 96: 0.0875
  [OK] 53 vs 9: 0.2857
  [OK] 55 vs 57: 0.3863
  [OK] 55 vs 58: 0.4246
  [OK] 55 vs 59: 0.1496
  [OK] 55 vs 63: 0.4394
  [OK] 55 vs 5: 0.4345
  [OK] 55 vs 61: 0.5394
  [OK] 55 vs 65: 0.5522
  [OK] 55 vs 67: 0.3226
  [OK] 55 vs 68: 0.1797
  [OK] 55 vs 70: 0.2798
  [OK] 55 vs 6: 0.2689
  [OK] 55 vs 71: 0.1797
  [OK] 55 vs 73: 0.3666
  [OK] 55 vs 72: 0.4535
  [OK] 55 vs 74: 0.2583
  [OK] 55 vs 78: 0.4196
  [OK] 55 vs 7: 0.2689
  [OK] 55 vs 82: 0.4802
  [OK] 55 vs 86: 0.5642
  [OK] 55 vs 81: 0.4474
  [OK] 55 vs 83: 0.1797
  [OK] 55 vs 8: 0.3610
  [OK] 55 vs 89: 0.5569
  [OK] 55 vs 90: 0.1882
  [OK] 55 vs 95: 0.5422
  [OK] 55 vs 96: 0.1875
  [OK] 55 vs 9: 0.1797
  [OK] 57 vs 58: 0.5049
  [OK] 57 vs 59: 0.2539
  [OK] 57 vs 5: 0.4589
  [OK] 57 vs 61: 0.5345
  [OK] 57 vs 63: 0.4155
  [OK] 57 vs 65: 0.4429
  [OK] 57 vs 67: 0.3957
  [OK] 57 vs 68: 0.2807
  [OK] 57 vs 70: 0.3181
  [OK] 57 vs 6: 0.3551
  [OK] 57 vs 71: 0.2807
  [OK] 57 vs 72: 0.4058
  [OK] 57 vs 73: 0.3067
  [OK] 57 vs 74: 0.2026
  [OK] 57 vs 78: 0.4141
  [OK] 57 vs 7: 0.3600
  [OK] 57 vs 81: 0.4174
  [OK] 57 vs 82: 0.3387
  [OK] 57 vs 83: 0.2864
  [OK] 57 vs 86: 0.4338
  [OK] 57 vs 89: 0.4496
  [OK] 57 vs 8: 0.3487
  [OK] 57 vs 90: 0.3033
  [OK] 57 vs 95: 0.3514
  [OK] 57 vs 96: 0.0651
  [OK] 58 vs 59: 0.2244
  [OK] 57 vs 9: 0.2852
  [OK] 58 vs 5: 0.5375
  [OK] 58 vs 61: 0.6802
  [OK] 58 vs 63: 0.5592
  [OK] 58 vs 67: 0.5214
  [OK] 58 vs 65: 0.5812
  [OK] 58 vs 68: 0.2778
  [OK] 58 vs 6: 0.3416
  [OK] 58 vs 70: 0.3219
  [OK] 58 vs 71: 0.2778
  [OK] 58 vs 72: 0.6201
  [OK] 58 vs 73: 0.5040
  [OK] 58 vs 74: 0.1142
  [OK] 58 vs 78: 0.3736
  [OK] 58 vs 7: 0.3416
  [OK] 58 vs 81: 0.4738
  [OK] 58 vs 82: 0.5107
  [OK] 58 vs 83: 0.2778
  [OK] 58 vs 86: 0.5090
  [OK] 58 vs 90: 0.2897
  [OK] 58 vs 89: 0.5939
  [OK] 58 vs 8: 0.4006
  [OK] 58 vs 95: 0.4923
  [OK] 58 vs 9: 0.2778
  [OK] 58 vs 96: 0.1326
  [OK] 59 vs 5: 0.2356
  [OK] 59 vs 61: 0.1865
  [OK] 59 vs 63: 0.2871
  [OK] 59 vs 67: 0.2557
  [OK] 59 vs 65: 0.1653
  [OK] 59 vs 68: 0.1844
  [OK] 59 vs 70: 0.2572
  [OK] 59 vs 6: 0.2455
  [OK] 59 vs 71: 0.1844
  [OK] 59 vs 72: 0.2783
  [OK] 59 vs 73: 0.2655
  [OK] 59 vs 78: 0.1236
  [OK] 59 vs 74: 0.1425
  [OK] 59 vs 7: 0.2455
  [OK] 59 vs 82: 0.3050
  [OK] 59 vs 81: 0.2779
  [OK] 59 vs 83: 0.1844
  [OK] 59 vs 86: 0.2209
  [OK] 59 vs 89: 0.2786
  [OK] 59 vs 8: 0.2581
  [OK] 59 vs 90: 0.2052
  [OK] 59 vs 95: 0.1469
  [OK] 59 vs 96: 0.2134
  [OK] 59 vs 9: 0.1844
  [OK] 5 vs 61: 0.4842
  [OK] 5 vs 63: 0.4242
  [OK] 5 vs 65: 0.4942
  [OK] 5 vs 67: 0.4102
  [OK] 5 vs 68: 0.2836
  [OK] 5 vs 70: 0.5138
  [OK] 5 vs 71: 0.2836
  [OK] 5 vs 6: 0.3649
  [OK] 5 vs 72: 0.5430
  [OK] 5 vs 73: 0.3820
  [OK] 5 vs 74: 0.1158
  [OK] 5 vs 78: 0.3240
  [OK] 5 vs 7: 0.3649
  [OK] 5 vs 83: 0.2836
  [OK] 5 vs 81: 0.5432
  [OK] 5 vs 82: 0.4012
  [OK] 5 vs 86: 0.4249
  [OK] 5 vs 89: 0.5855
  [OK] 5 vs 8: 0.5547
  [OK] 5 vs 90: 0.2972
  [OK] 5 vs 95: 0.5131
  [OK] 5 vs 96: 0.1610
  [OK] 61 vs 63: 0.5794
  [OK] 5 vs 9: 0.2836
  [OK] 61 vs 65: 0.6459
  [OK] 61 vs 67: 0.5637
  [OK] 61 vs 68: 0.3359
  [OK] 61 vs 6: 0.4161
  [OK] 61 vs 70: 0.2394
  [OK] 61 vs 71: 0.3359
  [OK] 61 vs 72: 0.5977
  [OK] 61 vs 73: 0.5061
  [OK] 61 vs 74: 0.1805
  [OK] 61 vs 7: 0.4161
  [OK] 61 vs 78: 0.4645
  [OK] 61 vs 81: 0.4978
  [OK] 61 vs 82: 0.5418
  [OK] 61 vs 89: 0.6762
  [OK] 61 vs 83: 0.3359
  [OK] 61 vs 86: 0.6088
  [OK] 61 vs 8: 0.3690
  [OK] 61 vs 90: 0.3561
  [OK] 61 vs 96: 0.0849
  [OK] 61 vs 95: 0.5559
  [OK] 61 vs 9: 0.3359
  [OK] 63 vs 65: 0.5724
  [OK] 63 vs 67: 0.4408
  [OK] 63 vs 68: 0.2890
  [OK] 63 vs 6: 0.3428
  [OK] 63 vs 71: 0.2903
  [OK] 63 vs 72: 0.6323
  [OK] 63 vs 70: 0.2562
  [OK] 63 vs 73: 0.4524
  [OK] 63 vs 81: 0.3648
  [OK] 63 vs 74: 0.2485
  [OK] 63 vs 7: 0.3437
  [OK] 63 vs 78: 0.3915
  [OK] 63 vs 83: 0.2907
  [OK] 63 vs 82: 0.4920
  [OK] 63 vs 86: 0.4318
  [OK] 63 vs 89: 0.6398
  [OK] 63 vs 8: 0.3510
  [OK] 63 vs 95: 0.5154
  [OK] 63 vs 90: 0.3007
  [OK] 63 vs 96: 0.0853
  [OK] 63 vs 9: 0.2907
  [OK] 65 vs 67: 0.4279
  [OK] 65 vs 68: 0.2654
  [OK] 65 vs 6: 0.3505
  [OK] 65 vs 70: 0.2345
  [OK] 65 vs 71: 0.2602
  [OK] 65 vs 73: 0.4394
  [OK] 65 vs 72: 0.5611
  [OK] 65 vs 74: 0.1929
  [OK] 65 vs 78: 0.3535
  [OK] 65 vs 7: 0.3505
  [OK] 65 vs 81: 0.4470
  [OK] 65 vs 82: 0.4491
  [OK] 65 vs 83: 0.2643
  [OK] 65 vs 86: 0.5542
  [OK] 65 vs 89: 0.6269
  [OK] 65 vs 90: 0.2796
  [OK] 65 vs 8: 0.2831
  [OK] 65 vs 95: 0.6531
  [OK] 65 vs 96: 0.0847
  [OK] 65 vs 9: 0.2654
  [OK] 67 vs 68: 0.5203
  [OK] 67 vs 6: 0.6823
  [OK] 67 vs 70: 0.1489
  [OK] 67 vs 73: 0.4551
  [OK] 67 vs 71: 0.5203
  [OK] 67 vs 72: 0.6808
  [OK] 67 vs 74: 0.1526
  [OK] 67 vs 78: 0.2813
  [OK] 67 vs 7: 0.6823
  [OK] 67 vs 81: 0.6702
  [OK] 67 vs 82: 0.4704
  [OK] 67 vs 83: 0.5203
  [OK] 67 vs 86: 0.6311
  [OK] 67 vs 89: 0.5402
  [OK] 67 vs 8: 0.2356
  [OK] 67 vs 90: 0.5503
  [OK] 67 vs 95: 0.4359
  [OK] 67 vs 96: 0.1143
  [OK] 67 vs 9: 0.5203
  [OK] 68 vs 6: 0.9442
  [OK] 68 vs 70: 0.0606
  [OK] 68 vs 71: 1.0000
  [OK] 68 vs 72: 0.4314
  [OK] 68 vs 73: 0.1338
  [OK] 68 vs 78: 0.2579
  [OK] 68 vs 74: 0.0000
  [OK] 68 vs 7: 0.9442
  [OK] 68 vs 81: 0.3981
  [OK] 68 vs 82: 0.2554
  [OK] 68 vs 83: 1.0000
  [OK] 68 vs 86: 0.5680
  [OK] 68 vs 89: 0.3416
  [OK] 68 vs 8: 0.1067
  [OK] 68 vs 90: 0.9997
  [OK] 68 vs 95: 0.1785
  [OK] 68 vs 96: 0.0000
  [OK] 68 vs 9: 1.0000
  [OK] 6 vs 70: 0.1556
  [OK] 6 vs 71: 0.9442
  [OK] 6 vs 72: 0.5255
  [OK] 6 vs 74: 0.0367
  [OK] 6 vs 78: 0.3448
  [OK] 6 vs 73: 0.2339
  [OK] 6 vs 7: 0.9384
  [OK] 6 vs 81: 0.4990
  [OK] 6 vs 82: 0.3200
  [OK] 6 vs 83: 0.9442
  [OK] 6 vs 86: 0.6513
  [OK] 6 vs 8: 0.2155
  [OK] 6 vs 89: 0.4426
  [OK] 6 vs 90: 0.9506
  [OK] 6 vs 95: 0.2558
  [OK] 6 vs 96: 0.0316
  [OK] 70 vs 71: 0.0606
  [OK] 6 vs 9: 0.9442
  [OK] 70 vs 72: 0.1823
  [OK] 70 vs 73: 0.2307
  [OK] 70 vs 74: 0.0981
  [OK] 70 vs 78: 0.1114
  [OK] 70 vs 7: 0.1556
  [OK] 70 vs 81: 0.3660
  [OK] 70 vs 83: 0.0606
  [OK] 70 vs 82: 0.1307
  [OK] 70 vs 86: 0.1927
  [OK] 70 vs 89: 0.3365
  [OK] 70 vs 8: 0.9053
  [OK] 70 vs 90: 0.0729
  [OK] 70 vs 95: 0.4003
  [OK] 70 vs 96: 0.1878
  [OK] 70 vs 9: 0.0606
  [OK] 71 vs 72: 0.4314
  [OK] 71 vs 78: 0.2579
  [OK] 71 vs 73: 0.1338
  [OK] 71 vs 7: 0.9442
  [OK] 71 vs 74: 0.0000
  [OK] 71 vs 81: 0.3997
  [OK] 71 vs 82: 0.2554
  [OK] 71 vs 83: 1.0000
  [OK] 71 vs 86: 0.5680
  [OK] 71 vs 90: 0.9997
  [OK] 71 vs 8: 0.1067
  [OK] 71 vs 95: 0.1785
  [OK] 71 vs 89: 0.3400
  [OK] 71 vs 96: 0.0000
  [OK] 71 vs 9: 1.0000
  [OK] 72 vs 73: 0.5611
  [OK] 72 vs 74: 0.1838
  [OK] 72 vs 81: 0.5705
  [OK] 72 vs 78: 0.4358
  [OK] 72 vs 82: 0.6865
  [OK] 72 vs 7: 0.5255
  [OK] 72 vs 83: 0.4314
  [OK] 72 vs 86: 0.5920
  [OK] 72 vs 89: 0.6779
  [OK] 72 vs 8: 0.3457
  [OK] 72 vs 90: 0.4490
  [OK] 72 vs 96: 0.0994
  [OK] 72 vs 95: 0.5102
  [OK] 72 vs 9: 0.4314
  [OK] 73 vs 74: 0.3670
  [OK] 73 vs 78: 0.1631
  [OK] 73 vs 7: 0.2339
  [OK] 73 vs 81: 0.3660
  [OK] 73 vs 82: 0.5745
  [OK] 73 vs 83: 0.1338
  [OK] 73 vs 86: 0.3002
  [OK] 73 vs 89: 0.5688
  [OK] 73 vs 8: 0.3007
  [OK] 73 vs 90: 0.1444
  [OK] 73 vs 95: 0.4214
  [OK] 73 vs 96: 0.1876
  [OK] 73 vs 9: 0.1338
  [OK] 74 vs 81: 0.0920
  [OK] 74 vs 78: 0.0307
  [OK] 74 vs 7: 0.0367
  [OK] 74 vs 82: 0.1432
  [OK] 74 vs 83: 0.0000
  [OK] 74 vs 86: 0.1326
  [OK] 74 vs 89: 0.1942
  [OK] 74 vs 8: 0.0831
  [OK] 74 vs 95: 0.2349
  [OK] 74 vs 96: 0.4402
  [OK] 74 vs 90: 0.0000
  [OK] 74 vs 9: 0.0000
  [OK] 78 vs 7: 0.3448
  [OK] 78 vs 81: 0.2542
  [OK] 78 vs 82: 0.3240
  [OK] 78 vs 83: 0.2579
  [OK] 78 vs 86: 0.3987
  [OK] 78 vs 8: 0.1896
  [OK] 78 vs 89: 0.3761
  [OK] 78 vs 90: 0.2748
  [OK] 78 vs 95: 0.3221
  [OK] 78 vs 96: 0.0290
  [OK] 7 vs 81: 0.4993
  [OK] 78 vs 9: 0.2579
  [OK] 7 vs 83: 0.9442
  [OK] 7 vs 82: 0.3200
  [OK] 7 vs 86: 0.6513
  [OK] 7 vs 89: 0.4426
  [OK] 7 vs 8: 0.2155
  [OK] 7 vs 90: 0.9506
  [OK] 7 vs 96: 0.0316
  [OK] 7 vs 95: 0.2558
  [OK] 7 vs 9: 0.9442
  [OK] 81 vs 82: 0.4014
  [OK] 81 vs 83: 0.3981
  [OK] 81 vs 86: 0.5978
  [OK] 81 vs 89: 0.5974
  [OK] 81 vs 8: 0.4671
  [OK] 81 vs 90: 0.4183
  [OK] 81 vs 95: 0.4551
  [OK] 81 vs 96: 0.1355
  [OK] 81 vs 9: 0.3981
  [OK] 82 vs 83: 0.2554
  [OK] 82 vs 86: 0.4134
  [OK] 82 vs 89: 0.5232
  [OK] 82 vs 8: 0.3146
  [OK] 82 vs 90: 0.2615
  [OK] 82 vs 96: 0.0967
  [OK] 82 vs 95: 0.3971
  [OK] 82 vs 9: 0.2554
  [OK] 83 vs 86: 0.5680
  [OK] 83 vs 89: 0.3407
  [OK] 83 vs 8: 0.1067
  [OK] 83 vs 90: 0.9997
  [OK] 83 vs 95: 0.1785
  [OK] 83 vs 96: 0.0000
  [OK] 83 vs 9: 1.0000
  [OK] 86 vs 89: 0.6364
  [OK] 86 vs 8: 0.2531
  [OK] 86 vs 90: 0.5862
  [OK] 86 vs 95: 0.4442
  [OK] 86 vs 96: 0.1025
  [OK] 86 vs 9: 0.5680
  [OK] 89 vs 90: 0.3616
  [OK] 89 vs 8: 0.3913
  [OK] 89 vs 95: 0.5198
  [OK] 89 vs 96: 0.1362
  [OK] 89 vs 9: 0.3407
  [OK] 8 vs 90: 0.1178
  [OK] 8 vs 95: 0.4887
  [OK] 8 vs 96: 0.1539
  [OK] 8 vs 9: 0.1067
  [OK] 90 vs 95: 0.1899
  [OK] 90 vs 9: 0.9997
  [OK] 90 vs 96: 0.0000
  [OK] 95 vs 96: 0.1166
  [OK] 95 vs 9: 0.1785
  [OK] 96 vs 9: 0.0000
MegaGO parallel execution completed:
  Successful comparisons: 2485
  Failed comparisons: 0

Saved MegaGO similarity matrix to: ./Module_Overview/top_30/megaGO_files/../megago_similarity_matrix.csv
Successfully obtained MegaGO similarity matrix
Created 5 module clusters using MegaGO semantic similarity
  Cluster_0: 4 modules
  Cluster_1: 15 modules
  Cluster_2: 4 modules
  Cluster_3: 6 modules
  Cluster_4: 36 modules
  Cluster_5: 10 modules
Cluster assignments saved to: ./Module_Overview/top_30/cluster_assignments_top_30.csv
Running rrvgo cluster labeling helper...
WARNING: ignoring environment value of R_HOME
Loaded PKN with 2558081 edges, 3907627 lookup entries
Loaded metabolite mapping with 74 entries

Creating interactive visualizations...
Creating interactive network visualization with MegaGO cluster coloring...
Creating cluster-based layout...
Layout: 522 nodes positioned in 6 cluster(s)
Interactive network visualization saved to: ./Module_Overview/interactive_module_network.html
Movable network visualization saved to: ./Module_Overview/interactive_module_network_movable.html

Exporting Cytoscape-compatible files...
  Saved edge list: ./Module_Overview/module_network_edges.txt
  Saved node attributes: ./Module_Overview/module_network_node_attributes.txt
Modules sorted by expression significance
Enhanced module overview saved to: ./Module_Overview/Module_Overview.csv
Regulator rankings HTML saved to: ./Module_Overview/regulator_rankings.html

Creating Module Expression Heatmap...
  Loading expression data...
     Expression data loaded: (3227, 76)
  Loading sample annotations...
     Using group column: 'diagnosis'
     Detected 4 sample groups: ['IDH mutant', 'nmf1', 'nmf2', 'nmf3']
  Processing 75 modules...
     Heatmap data prepared: (75, 4)
  Heatmap created successfully!
     - Modules: 75
     - Sample groups: 4
     - Significant modules marked with *
     - Saved as: ./Module_Expression_Heatmap.png
     - Figure size: 8 x 22.5 inches
Module functional clusters file creation skipped (not needed in output)

================================================================================
                    INTERACTIVE MODULE OVERVIEW COMPLETE!
                           Lemonite Analysis
================================================================================
Total modules processed: 75
Module filtering: Networks/specific_modules.txt (coherence-filtered by lemontree_to_network.py)
Functional clusters created: 6
Modules with pathway data: 71
Expression-prioritized modules: 104
Significantly different modules: 87
PPI enrichment analysis: 75 modules analyzed
Significantly enriched modules (FDR < 0.05): 41
Metabolite-gene enrichment analysis: 58 modules analyzed
Significantly enriched modules (FDR < 0.05): 0

Cluster distribution:
  Cluster_0: 4 modules
  Cluster_1: 15 modules
  Cluster_2: 4 modules
  Cluster_3: 6 modules
  Cluster_4: 36 modules
  Cluster_5: 10 modules

Files created:
  - ./Module_Overview/Module_Overview.csv
  - ./Module_Overview/interactive_module_network.html
  - ./Module_Overview/interactive_module_network_movable.html
  - ./Module_Overview/module_network_edges.txt
  - ./Module_Overview/module_network_node_attributes.txt
  - ./Module_Overview/regulator_rankings.html

Creating comprehensive HTML report...
✓ Comprehensive HTML report created: ./Module_Overview/Module_Overview_Comprehensive.html
  This report includes both network visualization and regulator rankings
  - ./Module_Overview/Module_Overview_Comprehensive.html
  - ./Module_Overview/module_expression_analysis.csv
================================================================================
                     SUCCESS! Analysis Complete
              Open HTML files in web browser for visualizations!
================================================================================
Module overview generation completed
