=== Available staged files ===
total 32
drwxr-xr-x 5 borisvdm users  4096 Apr 30 11:37 .
drwxr-xr-x 4 borisvdm users    82 Apr 30 11:37 ..
-rw-r--r-- 1 borisvdm users     0 Apr 30 11:37 .command.begin
-rw-r--r-- 1 borisvdm users     0 Apr 30 11:37 .command.err
-rw-r--r-- 1 borisvdm users    31 Apr 30 11:37 .command.log
-rw-r--r-- 1 borisvdm users    31 Apr 30 11:37 .command.out
-rw-r--r-- 1 borisvdm users 13217 Apr 30 11:37 .command.run
-rw-r--r-- 1 borisvdm users  2290 Apr 30 11:37 .command.sh
-rw-r--r-- 1 borisvdm users     0 Apr 30 11:37 .command.trace
lrwxrwxrwx 1 borisvdm users   117 Apr 30 11:37 DESeq_groups.txt -> /home/borisvdm/repo/LemonIte/nextflow/work/28/a22b4919fe8359b340e90bf7109452/LemonTree/Preprocessing/DESeq_groups.txt
lrwxrwxrwx 1 borisvdm users   134 Apr 30 11:37 expression_variance_histogram.pdf -> /home/borisvdm/repo/LemonIte/nextflow/work/28/a22b4919fe8359b340e90bf7109452/LemonTree/Preprocessing/expression_variance_histogram.pdf
drwxr-xr-x 3 borisvdm users    27 Apr 30 11:37 Lemon_out
lrwxrwxrwx 1 borisvdm users   131 Apr 30 11:37 LemonPreprocessed_complete.txt -> /home/borisvdm/repo/LemonIte/nextflow/work/28/a22b4919fe8359b340e90bf7109452/LemonTree/Preprocessing/LemonPreprocessed_complete.txt
lrwxrwxrwx 1 borisvdm users   133 Apr 30 11:37 LemonPreprocessed_expression.txt -> /home/borisvdm/repo/LemonIte/nextflow/work/28/a22b4919fe8359b340e90bf7109452/LemonTree/Preprocessing/LemonPreprocessed_expression.txt
lrwxrwxrwx 1 borisvdm users   135 Apr 30 11:37 LemonPreprocessed_metabolomics.txt -> /home/borisvdm/repo/LemonIte/nextflow/work/28/a22b4919fe8359b340e90bf7109452/LemonTree/Preprocessing/LemonPreprocessed_metabolomics.txt
drwxr-xr-x 2 borisvdm users    91 Apr 30 11:37 Lemon_results
lrwxrwxrwx 1 borisvdm users   116 Apr 30 11:37 metabolites.txt -> /home/borisvdm/repo/LemonIte/nextflow/work/28/a22b4919fe8359b340e90bf7109452/LemonTree/Preprocessing/metabolites.txt
lrwxrwxrwx 1 borisvdm users   113 Apr 30 11:37 name_map.csv -> /home/borisvdm/repo/LemonIte/nextflow/work/28/a22b4919fe8359b340e90bf7109452/LemonTree/Preprocessing/name_map.csv
lrwxrwxrwx 1 borisvdm users   117 Apr 30 11:37 name_mapping.tsv -> /home/borisvdm/repo/LemonIte/nextflow/work/28/a22b4919fe8359b340e90bf7109452/LemonTree/Preprocessing/name_mapping.tsv
lrwxrwxrwx 1 borisvdm users   127 Apr 30 11:37 Normalized_metabolites.pdf -> /home/borisvdm/repo/LemonIte/nextflow/work/28/a22b4919fe8359b340e90bf7109452/LemonTree/Preprocessing/Normalized_metabolites.pdf
lrwxrwxrwx 1 borisvdm users   120 Apr 30 11:37 PCA_metabolites.pdf -> /home/borisvdm/repo/LemonIte/nextflow/work/28/a22b4919fe8359b340e90bf7109452/LemonTree/Preprocessing/PCA_metabolites.pdf
lrwxrwxrwx 1 borisvdm users   124 Apr 30 11:37 PCA_transcriptomics.pdf -> /home/borisvdm/repo/LemonIte/nextflow/work/28/a22b4919fe8359b340e90bf7109452/LemonTree/Preprocessing/PCA_transcriptomics.pdf
drwxr-xr-x 2 borisvdm users     6 Apr 30 11:37 Preprocessing
lrwxrwxrwx 1 borisvdm users   108 Apr 30 11:37 tfs.txt -> /home/borisvdm/repo/LemonIte/nextflow/work/28/a22b4919fe8359b340e90bf7109452/LemonTree/Preprocessing/tfs.txt
=============================
=== Files in Preprocessing directory ===
total 8424
drwxr-xr-x 2 borisvdm users    4096 Apr 30 11:37 .
drwxr-xr-x 5 borisvdm users    4096 Apr 30 11:37 ..
-rw-r--r-- 1 borisvdm users    1156 Apr 30 11:37 DESeq_groups.txt
-rw-r--r-- 1 borisvdm users   10178 Apr 30 11:37 expression_variance_histogram.pdf
-rw-r--r-- 1 borisvdm users 4264576 Apr 30 11:37 LemonPreprocessed_complete.txt
-rw-r--r-- 1 borisvdm users 4080745 Apr 30 11:37 LemonPreprocessed_expression.txt
-rw-r--r-- 1 borisvdm users  184436 Apr 30 11:37 LemonPreprocessed_metabolomics.txt
-rw-r--r-- 1 borisvdm users    1908 Apr 30 11:37 metabolites.txt
-rwxr-xr-x 1 borisvdm users    8995 Apr 30 11:37 name_map.csv
-rw-r--r-- 1 borisvdm users      17 Apr 30 11:37 name_mapping.tsv
-rw-r--r-- 1 borisvdm users    3611 Apr 30 11:37 Normalized_metabolites.pdf
-rw-r--r-- 1 borisvdm users   10159 Apr 30 11:37 PCA_metabolites.pdf
-rw-r--r-- 1 borisvdm users   10328 Apr 30 11:37 PCA_transcriptomics.pdf
-rw-r--r-- 1 borisvdm users    9088 Apr 30 11:37 tfs.txt
========================================
Running LemonTree post-clustering analysis...
=====================================================
LemonTree Post-Clustering Analysis
=====================================================
Regulator types: TFs:Lovering_TF_list.txt,Metabolites:Metabolomics.txt
LemonTree JAR: /home/borisvdm/repo/LemonIte/nextflow/LemonTree/lemontree_v3.1.1.jar
Working directory: .
=====================================================
Running LemonTree post-clustering analysis...
Creating consensus cluster file...
Searching for cluster files...
Found 10 cluster files
Generating tight clusters...

LemonTree - Version 3.1.1
-------------------------

Parameters
----------
task:               tight_clusters
data_file:          Preprocessing/LemonPreprocessed_expression.txt
cluster_file:       Lemon_out/clusterfile
output_file:        Lemon_out/tight_clusters.txt
node_clustering:    false
min_weight:         0.25
min_clust_size:     10
min_clust_score:    2

Reading expression data... [ok]
Number of genes in the data matrix: 3227
Number of conditions in the data matrix: 75
Number of missing values in the data matrix: 25057
Total number of expression values: 242025
Reading multiple cluster files...
Reading cluster file Lemon_results/cluster_1
 [ok]
Assigned genes: 3227
Not assigned genes: 0
Number of clusters: 131
Reading cluster file Lemon_results/cluster_2
 [ok]
Assigned genes: 3227
Not assigned genes: 0
Number of clusters: 132
Reading cluster file Lemon_results/cluster_3
 [ok]
Assigned genes: 3227
Not assigned genes: 0
Number of clusters: 133
Reading cluster file Lemon_results/cluster_4
 [ok]
Assigned genes: 3227
Not assigned genes: 0
Number of clusters: 149
Reading cluster file Lemon_results/cluster_5
 [ok]
Assigned genes: 3227
Not assigned genes: 0
Number of clusters: 141
Reading cluster file Lemon_results/cluster_1
 [ok]
Assigned genes: 3227
Not assigned genes: 0
Number of clusters: 131
Reading cluster file Lemon_results/cluster_2
 [ok]
Assigned genes: 3227
Not assigned genes: 0
Number of clusters: 132
Reading cluster file Lemon_results/cluster_3
 [ok]
Assigned genes: 3227
Not assigned genes: 0
Number of clusters: 133
Reading cluster file Lemon_results/cluster_4
 [ok]
Assigned genes: 3227
Not assigned genes: 0
Number of clusters: 149
Reading cluster file Lemon_results/cluster_5
 [ok]
Assigned genes: 3227
Not assigned genes: 0
Number of clusters: 141
[ok]
Init CoClustering... [ok]
Found cluster with score 58.40416666666667 and 96 nodes. Remaining network has 3059 nodes and 52832 edges.
Found cluster with score 61.48421052631578 and 76 nodes. Remaining network has 3059 nodes and 50020 edges.
Found cluster with score 35.93030303030303 and 132 nodes. Remaining network has 3059 nodes and 46198 edges.
Found cluster with score 40.50000000000003 and 60 nodes. Remaining network has 3059 nodes and 44515 edges.
Found cluster with score 34.86526315789474 and 95 nodes. Remaining network has 3035 nodes and 41963 edges.
Found cluster with score 35.268656716417915 and 67 nodes. Remaining network has 3035 nodes and 40028 edges.
Found cluster with score 33.67027027027029 and 37 nodes. Remaining network has 3003 nodes and 39362 edges.
Found cluster with score 27.886486486486497 and 37 nodes. Remaining network has 3003 nodes and 38702 edges.
Found cluster with score 25.757894736842115 and 57 nodes. Remaining network has 3003 nodes and 37527 edges.
Found cluster with score 26.390476190476186 and 42 nodes. Remaining network has 3003 nodes and 36723 edges.
Found cluster with score 24.530434782608708 and 46 nodes. Remaining network has 3003 nodes and 35843 edges.
Found cluster with score 22.898039215686268 and 51 nodes. Remaining network has 3003 nodes and 34834 edges.
Found cluster with score 23.749090909090913 and 55 nodes. Remaining network has 3003 nodes and 33725 edges.
Found cluster with score 21.709090909090914 and 44 nodes. Remaining network has 3003 nodes and 32933 edges.
Found cluster with score 24.616 and 25 nodes. Remaining network has 2979 nodes and 32633 edges.
Found cluster with score 21.626086956521746 and 46 nodes. Remaining network has 2966 nodes and 31852 edges.
Found cluster with score 20.38571428571429 and 28 nodes. Remaining network has 2966 nodes and 31474 edges.
Found cluster with score 19.620289855072468 and 69 nodes. Remaining network has 2965 nodes and 30342 edges.
Found cluster with score 19.74871794871796 and 78 nodes. Remaining network has 2948 nodes and 29274 edges.
Found cluster with score 19.184615384615388 and 26 nodes. Remaining network has 2948 nodes and 28956 edges.
Found cluster with score 17.934615384615388 and 104 nodes. Remaining network has 2948 nodes and 27268 edges.
Found cluster with score 19.0093023255814 and 86 nodes. Remaining network has 2937 nodes and 25861 edges.
Found cluster with score 18.882758620689653 and 58 nodes. Remaining network has 2936 nodes and 24905 edges.
Found cluster with score 17.23529411764707 and 34 nodes. Remaining network has 2935 nodes and 24416 edges.
Found cluster with score 14.810309278350513 and 97 nodes. Remaining network has 2934 nodes and 23185 edges.
Found cluster with score 16.172413793103452 and 29 nodes. Remaining network has 2934 nodes and 22824 edges.
Found cluster with score 15.705882352941176 and 34 nodes. Remaining network has 2933 nodes and 22391 edges.
Found cluster with score 15.374193548387094 and 31 nodes. Remaining network has 2933 nodes and 21975 edges.
Found cluster with score 14.531428571428572 and 35 nodes. Remaining network has 2933 nodes and 21555 edges.
Found cluster with score 16.533333333333328 and 18 nodes. Remaining network has 2931 nodes and 21402 edges.
Found cluster with score 13.615384615384615 and 26 nodes. Remaining network has 2931 nodes and 21100 edges.
Found cluster with score 14.700000000000008 and 28 nodes. Remaining network has 2925 nodes and 20761 edges.
Found cluster with score 14.505882352941175 and 17 nodes. Remaining network has 2925 nodes and 20625 edges.
Found cluster with score 14.00606060606061 and 33 nodes. Remaining network has 2925 nodes and 20203 edges.
Found cluster with score 13.907936507936505 and 63 nodes. Remaining network has 2920 nodes and 19451 edges.
Found cluster with score 14.542857142857141 and 21 nodes. Remaining network has 2907 nodes and 19250 edges.
Found cluster with score 14.12911392405063 and 79 nodes. Remaining network has 2865 nodes and 18371 edges.
Found cluster with score 12.260759493670884 and 79 nodes. Remaining network has 2857 nodes and 17453 edges.
Found cluster with score 17.976623376623376 and 77 nodes. Remaining network has 2849 nodes and 16589 edges.
Found cluster with score 11.977777777777776 and 27 nodes. Remaining network has 2849 nodes and 16319 edges.
Found cluster with score 12.32727272727273 and 22 nodes. Remaining network has 2849 nodes and 16108 edges.
Found cluster with score 12.360000000000003 and 20 nodes. Remaining network has 2849 nodes and 15930 edges.
Found cluster with score 11.723809523809525 and 21 nodes. Remaining network has 2849 nodes and 15741 edges.
Found cluster with score 11.280000000000005 and 40 nodes. Remaining network has 2849 nodes and 15341 edges.
Found cluster with score 12.177777777777779 and 18 nodes. Remaining network has 2849 nodes and 15196 edges.
Found cluster with score 11.715789473684211 and 19 nodes. Remaining network has 2849 nodes and 15039 edges.
Found cluster with score 9.200000000000003 and 34 nodes. Remaining network has 2849 nodes and 14753 edges.
Found cluster with score 22.644183313748524 and 851 nodes. Remaining network has 2268 nodes and 9775 edges.
Found cluster with score 10.786666666666665 and 15 nodes. Remaining network has 2260 nodes and 9670 edges.
Found cluster with score 11.35 and 16 nodes. Remaining network has 2259 nodes and 9554 edges.
Found cluster with score 10.705263157894738 and 19 nodes. Remaining network has 2256 nodes and 9406 edges.
Found cluster with score 9.346666666666668 and 15 nodes. Remaining network has 2256 nodes and 9307 edges.
Found cluster with score 8.55294117647059 and 17 nodes. Remaining network has 2253 nodes and 9191 edges.
Found cluster with score 11.539759036144583 and 83 nodes. Remaining network has 2249 nodes and 8583 edges.
Found cluster with score 16.98888888888889 and 36 nodes. Remaining network has 2233 nodes and 8318 edges.
Found cluster with score 7.729411764705882 and 17 nodes. Remaining network has 2233 nodes and 8212 edges.
Found cluster with score 7.319999999999999 and 60 nodes. Remaining network has 2233 nodes and 7842 edges.
Found cluster with score 7.685714285714285 and 14 nodes. Remaining network has 2233 nodes and 7760 edges.
Found cluster with score 13.95827338129496 and 139 nodes. Remaining network has 2184 nodes and 6954 edges.
Found cluster with score 6.7846153846153845 and 13 nodes. Remaining network has 2184 nodes and 6880 edges.
Found cluster with score 13.86896551724138 and 29 nodes. Remaining network has 2169 nodes and 6673 edges.
Found cluster with score 21.963636363636372 and 44 nodes. Remaining network has 2143 nodes and 6458 edges.
Found cluster with score 6.2 and 10 nodes. Remaining network has 2136 nodes and 6437 edges.
Found cluster with score 54.82142857142862 and 56 nodes. Remaining network has 2080 nodes and 6382 edges.
Found cluster with score 11.245454545454546 and 44 nodes. Remaining network has 2070 nodes and 6178 edges.
Found cluster with score 5.76 and 10 nodes. Remaining network has 2069 nodes and 6137 edges.
Found cluster with score 5.085714285714286 and 14 nodes. Remaining network has 2069 nodes and 6081 edges.
Found cluster with score 15.109090909090908 and 22 nodes. Remaining network has 2054 nodes and 5974 edges.
Found cluster with score 8.530864197530864 and 243 nodes. Remaining network has 1996 nodes and 4929 edges.
Found cluster with score 11.736000000000004 and 25 nodes. Remaining network has 1981 nodes and 4802 edges.
Found cluster with score 8.222222222222221 and 36 nodes. Remaining network has 1973 nodes and 4667 edges.
Found cluster with score 8.925925925925927 and 27 nodes. Remaining network has 1964 nodes and 4565 edges.
Found cluster with score 10.272727272727275 and 33 nodes. Remaining network has 1952 nodes and 4441 edges.
Found cluster with score 4.623529411764706 and 17 nodes. Remaining network has 1942 nodes and 4385 edges.
Found cluster with score 8.893333333333336 and 15 nodes. Remaining network has 1932 nodes and 4331 edges.
Found cluster with score 11.188235294117645 and 34 nodes. Remaining network has 1914 nodes and 4198 edges.
Found cluster with score 8.06290322580645 and 248 nodes. Remaining network has 1806 nodes and 3430 edges.
Found cluster with score 10.8 and 14 nodes. Remaining network has 1795 nodes and 3397 edges.
Found cluster with score 7.936585365853661 and 41 nodes. Remaining network has 1780 nodes and 3264 edges.
Found cluster with score 4.359999999999999 and 5 nodes. Remaining network has 1776 nodes and 3254 edges.
Found cluster with score 5.85 and 8 nodes. Remaining network has 1770 nodes and 3236 edges.
Found cluster with score 5.418181818181818 and 44 nodes. Remaining network has 1766 nodes and 3113 edges.
Found cluster with score 5.266666666666667 and 18 nodes. Remaining network has 1760 nodes and 3063 edges.
Found cluster with score 10.903999999999998 and 25 nodes. Remaining network has 1744 nodes and 3001 edges.
Found cluster with score 3.6666666666666665 and 12 nodes. Remaining network has 1742 nodes and 2970 edges.
Found cluster with score 11.0 and 14 nodes. Remaining network has 1729 nodes and 2935 edges.
Found cluster with score 6.833333333333333 and 12 nodes. Remaining network has 1728 nodes and 2899 edges.
Found cluster with score 7.306666666666666 and 30 nodes. Remaining network has 1716 nodes and 2826 edges.
Found cluster with score 10.636363636363635 and 11 nodes. Remaining network has 1705 nodes and 2771 edges.
Found cluster with score 7.27368421052632 and 114 nodes. Remaining network has 1653 nodes and 2494 edges.
Found cluster with score 3.5999999999999996 and 6 nodes. Remaining network has 1648 nodes and 2481 edges.
Found cluster with score 3.5 and 4 nodes. Remaining network has 1646 nodes and 2475 edges.
Found cluster with score 6.0307692307692315 and 26 nodes. Remaining network has 1632 nodes and 2408 edges.
Found cluster with score 7.64666666666667 and 60 nodes. Remaining network has 1602 nodes and 2270 edges.
Found cluster with score 9.171428571428573 and 14 nodes. Remaining network has 1592 nodes and 2238 edges.
Found cluster with score 4.32 and 10 nodes. Remaining network has 1587 nodes and 2215 edges.
Found cluster with score 6.56 and 10 nodes. Remaining network has 1582 nodes and 2193 edges.
Found cluster with score 6.954347826086955 and 184 nodes. Remaining network has 1446 nodes and 1920 edges.
Found cluster with score 17.840000000000007 and 20 nodes. Remaining network has 1426 nodes and 1884 edges.
Found cluster with score 9.78709677419355 and 31 nodes. Remaining network has 1408 nodes and 1820 edges.
Found cluster with score 4.431578947368421 and 19 nodes. Remaining network has 1401 nodes and 1783 edges.
Found cluster with score 6.6467836257309925 and 171 nodes. Remaining network has 1261 nodes and 1558 edges.
Found cluster with score 7.339999999999998 and 20 nodes. Remaining network has 1249 nodes and 1520 edges.
Found cluster with score 2.9999999999999996 and 5 nodes. Remaining network has 1247 nodes and 1514 edges.
Found cluster with score 13.880000000000003 and 15 nodes. Remaining network has 1232 nodes and 1500 edges.
Found cluster with score 6.0 and 6 nodes. Remaining network has 1232 nodes and 1485 edges.
Found cluster with score 6.904761904761905 and 21 nodes. Remaining network has 1219 nodes and 1442 edges.
Found cluster with score 12.885714285714288 and 14 nodes. Remaining network has 1205 nodes and 1429 edges.
Found cluster with score 4.552941176470589 and 17 nodes. Remaining network has 1200 nodes and 1395 edges.
Found cluster with score 3.8380952380952387 and 21 nodes. Remaining network has 1193 nodes and 1356 edges.
Found cluster with score 9.142857142857142 and 14 nodes. Remaining network has 1179 nodes and 1343 edges.
Found cluster with score 4.236363636363636 and 11 nodes. Remaining network has 1175 nodes and 1328 edges.
Found cluster with score 12.46666666666667 and 27 nodes. Remaining network has 1148 nodes and 1302 edges.
Found cluster with score 3.742857142857143 and 7 nodes. Remaining network has 1148 nodes and 1292 edges.
Found cluster with score 5.179310344827587 and 29 nodes. Remaining network has 1124 nodes and 1247 edges.
Found cluster with score 8.345454545454546 and 11 nodes. Remaining network has 1115 nodes and 1229 edges.
Found cluster with score 5.634782608695652 and 46 nodes. Remaining network has 1070 nodes and 1178 edges.
Found cluster with score 3.1599999999999993 and 5 nodes. Remaining network has 1066 nodes and 1172 edges.
Found cluster with score 2.3 and 4 nodes. Remaining network has 1066 nodes and 1166 edges.
Found cluster with score 2.9499999999999997 and 8 nodes. Remaining network has 1064 nodes and 1153 edges.
Found cluster with score 3.8266666666666658 and 15 nodes. Remaining network has 1054 nodes and 1127 edges.
Found cluster with score 4.369411764705884 and 85 nodes. Remaining network has 1005 nodes and 1004 edges.
Found cluster with score 3.599999999999999 and 6 nodes. Remaining network has 1001 nodes and 995 edges.
Found cluster with score 5.233333333333333 and 12 nodes. Remaining network has 995 nodes and 971 edges.
Found cluster with score 7.933333333333334 and 9 nodes. Remaining network has 986 nodes and 963 edges.
Found cluster with score 2.96 and 10 nodes. Remaining network has 979 nodes and 948 edges.
Found cluster with score 3.711111111111111 and 9 nodes. Remaining network has 972 nodes and 934 edges.
Found cluster with score 2.4 and 6 nodes. Remaining network has 970 nodes and 926 edges.
Found cluster with score 3.2500000000000004 and 16 nodes. Remaining network has 964 nodes and 905 edges.
Found cluster with score 3.5999999999999996 and 12 nodes. Remaining network has 952 nodes and 893 edges.
Found cluster with score 3.3333333333333335 and 6 nodes. Remaining network has 948 nodes and 885 edges.
Found cluster with score 4.0 and 4 nodes. Remaining network has 944 nodes and 879 edges.
Found cluster with score 4.0 and 4 nodes. Remaining network has 940 nodes and 873 edges.
Found cluster with score 5.048000000000003 and 75 nodes. Remaining network has 871 nodes and 794 edges.
Found cluster with score 3.3200000000000003 and 5 nodes. Remaining network has 867 nodes and 788 edges.
Found cluster with score 2.6666666666666665 and 6 nodes. Remaining network has 864 nodes and 779 edges.
Found cluster with score 3.6222222222222222 and 9 nodes. Remaining network has 858 nodes and 767 edges.
Found cluster with score 3.3199999999999994 and 10 nodes. Remaining network has 852 nodes and 756 edges.
Found cluster with score 4.95 and 8 nodes. Remaining network has 844 nodes and 749 edges.
Found cluster with score 6.022222222222222 and 9 nodes. Remaining network has 835 nodes and 741 edges.
Found cluster with score 2.1999999999999997 and 4 nodes. Remaining network has 833 nodes and 737 edges.
Found cluster with score 2.36 and 5 nodes. Remaining network has 829 nodes and 731 edges.
Found cluster with score 2.7161290322580656 and 62 nodes. Remaining network has 775 nodes and 664 edges.
Found cluster with score 4.428571428571429 and 7 nodes. Remaining network has 768 nodes and 658 edges.
Found cluster with score 5.457142857142856 and 7 nodes. Remaining network has 761 nodes and 652 edges.
Found cluster with score 4.6 and 10 nodes. Remaining network has 751 nodes and 643 edges.
Found cluster with score 3.6545454545454543 and 11 nodes. Remaining network has 742 nodes and 631 edges.
Found cluster with score 3.4333333333333336 and 12 nodes. Remaining network has 730 nodes and 619 edges.
Found cluster with score 4.314285714285714 and 7 nodes. Remaining network has 723 nodes and 613 edges.
Found cluster with score 3.6000000000000005 and 18 nodes. Remaining network has 705 nodes and 596 edges.
Found cluster with score 5.3999999999999995 and 7 nodes. Remaining network has 698 nodes and 590 edges.
Found cluster with score 5.685714285714285 and 7 nodes. Remaining network has 691 nodes and 584 edges.
Found cluster with score 3.6588235294117646 and 17 nodes. Remaining network has 674 nodes and 568 edges.
Found cluster with score 5.971428571428571 and 7 nodes. Remaining network has 667 nodes and 562 edges.
Found cluster with score 5.971428571428571 and 7 nodes. Remaining network has 660 nodes and 556 edges.
Found cluster with score 5.0 and 6 nodes. Remaining network has 654 nodes and 551 edges.
Found cluster with score 3.933333333333333 and 12 nodes. Remaining network has 644 nodes and 533 edges.
Found cluster with score 4.771428571428571 and 7 nodes. Remaining network has 637 nodes and 523 edges.
Found cluster with score 2.84 and 10 nodes. Remaining network has 627 nodes and 514 edges.
Found cluster with score 4.0 and 6 nodes. Remaining network has 621 nodes and 509 edges.
Found cluster with score 3.6999999999999997 and 8 nodes. Remaining network has 613 nodes and 502 edges.
Found cluster with score 3.857142857142857 and 7 nodes. Remaining network has 607 nodes and 495 edges.
Found cluster with score 5.0 and 6 nodes. Remaining network has 601 nodes and 490 edges.
Found cluster with score 2.5384615384615383 and 13 nodes. Remaining network has 589 nodes and 477 edges.
Found cluster with score 4.428571428571429 and 7 nodes. Remaining network has 583 nodes and 470 edges.
Found cluster with score 5.369230769230769 and 13 nodes. Remaining network has 570 nodes and 457 edges.
Found cluster with score 3.1599999999999993 and 5 nodes. Remaining network has 566 nodes and 451 edges.
Found cluster with score 2.733333333333333 and 6 nodes. Remaining network has 563 nodes and 443 edges.
Found cluster with score 2.44 and 5 nodes. Remaining network has 561 nodes and 438 edges.
Found cluster with score 3.228571428571428 and 7 nodes. Remaining network has 554 nodes and 432 edges.
Found cluster with score 2.5 and 4 nodes. Remaining network has 551 nodes and 427 edges.
Found cluster with score 2.066666666666667 and 3 nodes. Remaining network has 549 nodes and 424 edges.
Found cluster with score 3.466666666666667 and 6 nodes. Remaining network has 544 nodes and 416 edges.
Found cluster with score 4.371428571428572 and 7 nodes. Remaining network has 537 nodes and 410 edges.
Found cluster with score 2.657142857142857 and 7 nodes. Remaining network has 530 nodes and 404 edges.
Found cluster with score 2.44 and 5 nodes. Remaining network has 526 nodes and 397 edges.
Found cluster with score 2.2 and 4 nodes. Remaining network has 524 nodes and 393 edges.
Found cluster with score 1.9333333333333333 and 6 nodes. Remaining network has 518 nodes and 388 edges.
Found cluster with score 3.0666666666666664 and 6 nodes. Remaining network has 512 nodes and 383 edges.
Found cluster with score 1.7999999999999998 and 3 nodes. Remaining network has 510 nodes and 380 edges.
Found cluster with score 2.533333333333333 and 6 nodes. Remaining network has 504 nodes and 375 edges.
Found cluster with score 2.9999999999999996 and 5 nodes. Remaining network has 500 nodes and 369 edges.
Found cluster with score 1.8000000000000003 and 10 nodes. Remaining network has 490 nodes and 360 edges.
Found cluster with score 2.533333333333333 and 6 nodes. Remaining network has 486 nodes and 354 edges.
Found cluster with score 3.6571428571428575 and 14 nodes. Remaining network has 475 nodes and 339 edges.
Found cluster with score 3.25 and 8 nodes. Remaining network has 467 nodes and 332 edges.
Found cluster with score 2.3999999999999995 and 4 nodes. Remaining network has 464 nodes and 327 edges.
Found cluster with score 2.8666666666666667 and 6 nodes. Remaining network has 461 nodes and 321 edges.
Found cluster with score 1.9333333333333333 and 3 nodes. Remaining network has 459 nodes and 318 edges.
Found cluster with score 2.1333333333333333 and 6 nodes. Remaining network has 453 nodes and 313 edges.
Found cluster with score 2.261538461538461 and 13 nodes. Remaining network has 440 nodes and 301 edges.
Found cluster with score 1.6666666666666663 and 6 nodes. Remaining network has 434 nodes and 296 edges.
Found cluster with score 2.0 and 6 nodes. Remaining network has 428 nodes and 291 edges.
Found cluster with score 3.1 and 4 nodes. Remaining network has 424 nodes and 288 edges.
Found cluster with score 2.8999999999999995 and 4 nodes. Remaining network has 420 nodes and 285 edges.
Found cluster with score 2.0666666666666664 and 6 nodes. Remaining network has 415 nodes and 279 edges.
Found cluster with score 1.981818181818182 and 11 nodes. Remaining network has 404 nodes and 269 edges.
Found cluster with score 2.1199999999999997 and 5 nodes. Remaining network has 399 nodes and 265 edges.
Found cluster with score 2.0999999999999996 and 4 nodes. Remaining network has 395 nodes and 262 edges.
Found cluster with score 1.85 and 8 nodes. Remaining network has 387 nodes and 255 edges.
Found cluster with score 3.0999999999999996 and 4 nodes. Remaining network has 383 nodes and 252 edges.
Found cluster with score 2.5999999999999996 and 4 nodes. Remaining network has 380 nodes and 248 edges.
Found cluster with score 1.9 and 4 nodes. Remaining network has 376 nodes and 245 edges.
Found cluster with score 3.1 and 4 nodes. Remaining network has 372 nodes and 242 edges.
Found cluster with score 2.5 and 4 nodes. Remaining network has 368 nodes and 239 edges.
Found cluster with score 2.3714285714285714 and 7 nodes. Remaining network has 361 nodes and 233 edges.
Found cluster with score 1.7999999999999998 and 3 nodes. Remaining network has 359 nodes and 230 edges.
Found cluster with score 3.1 and 4 nodes. Remaining network has 355 nodes and 227 edges.
Found cluster with score 3.0999999999999996 and 4 nodes. Remaining network has 351 nodes and 224 edges.
Found cluster with score 2.9999999999999996 and 5 nodes. Remaining network has 346 nodes and 218 edges.
Found cluster with score 2.5999999999999996 and 4 nodes. Remaining network has 343 nodes and 214 edges.
Found cluster with score 3.1 and 4 nodes. Remaining network has 339 nodes and 211 edges.
Found cluster with score 2.1 and 4 nodes. Remaining network has 335 nodes and 208 edges.
Found cluster with score 2.1999999999999997 and 3 nodes. Remaining network has 332 nodes and 206 edges.
Found cluster with score 2.3 and 4 nodes. Remaining network has 328 nodes and 202 edges.
Found cluster with score 2.1999999999999997 and 3 nodes. Remaining network has 325 nodes and 200 edges.
Found cluster with score 1.7999999999999998 and 4 nodes. Remaining network has 321 nodes and 197 edges.
Found cluster with score 1.9333333333333333 and 3 nodes. Remaining network has 318 nodes and 195 edges.
Found cluster with score 2.04 and 5 nodes. Remaining network has 313 nodes and 191 edges.
Found cluster with score 2.1999999999999997 and 3 nodes. Remaining network has 310 nodes and 189 edges.
Found cluster with score 1.9 and 4 nodes. Remaining network has 306 nodes and 186 edges.
Found cluster with score 1.6 and 4 nodes. Remaining network has 302 nodes and 183 edges.
Found cluster with score 1.9333333333333333 and 3 nodes. Remaining network has 299 nodes and 181 edges.
Found cluster with score 1.5333333333333332 and 3 nodes. Remaining network has 296 nodes and 179 edges.
Found cluster with score 1.8799999999999997 and 5 nodes. Remaining network has 291 nodes and 175 edges.
Found cluster with score 2.1999999999999997 and 3 nodes. Remaining network has 288 nodes and 173 edges.
Found cluster with score 1.6 and 4 nodes. Remaining network has 284 nodes and 170 edges.
Found cluster with score 1.6 and 4 nodes. Remaining network has 280 nodes and 167 edges.
Found cluster with score 2.1999999999999997 and 3 nodes. Remaining network has 277 nodes and 165 edges.
Found cluster with score 1.7999999999999998 and 6 nodes. Remaining network has 271 nodes and 160 edges.
Found cluster with score 1.5333333333333332 and 3 nodes. Remaining network has 268 nodes and 158 edges.
Found cluster with score 1.7999999999999998 and 3 nodes. Remaining network has 265 nodes and 156 edges.
Found cluster with score 2.68 and 5 nodes. Remaining network has 260 nodes and 152 edges.
Found cluster with score 2.066666666666667 and 3 nodes. Remaining network has 257 nodes and 150 edges.
Found cluster with score 1.5333333333333332 and 3 nodes. Remaining network has 254 nodes and 148 edges.
Found cluster with score 2.066666666666667 and 3 nodes. Remaining network has 251 nodes and 146 edges.
Found cluster with score 2.1999999999999997 and 3 nodes. Remaining network has 248 nodes and 144 edges.
Found cluster with score 1.7999999999999998 and 3 nodes. Remaining network has 245 nodes and 142 edges.
Found cluster with score 1.7999999999999998 and 4 nodes. Remaining network has 241 nodes and 139 edges.
Found cluster with score 1.5333333333333332 and 3 nodes. Remaining network has 238 nodes and 137 edges.
Found cluster with score 1.5999999999999999 and 4 nodes. Remaining network has 234 nodes and 134 edges.
Found cluster with score 1.7999999999999998 and 3 nodes. Remaining network has 231 nodes and 132 edges.
Found cluster with score 1.5333333333333332 and 3 nodes. Remaining network has 228 nodes and 130 edges.
Found cluster with score 1.5999999999999999 and 4 nodes. Remaining network has 224 nodes and 127 edges.
Found cluster with score 2.1999999999999997 and 3 nodes. Remaining network has 221 nodes and 125 edges.
Found cluster with score 1.5333333333333332 and 3 nodes. Remaining network has 218 nodes and 123 edges.
Found cluster with score 2.1999999999999997 and 6 nodes. Remaining network has 212 nodes and 118 edges.
Found cluster with score 2.0999999999999996 and 4 nodes. Remaining network has 208 nodes and 115 edges.
Found cluster with score 1.6 and 4 nodes. Remaining network has 204 nodes and 112 edges.
Found cluster with score 1.9999999999999996 and 4 nodes. Remaining network has 200 nodes and 109 edges.
Found cluster with score 1.5333333333333332 and 3 nodes. Remaining network has 197 nodes and 107 edges.
Found cluster with score 2.066666666666667 and 3 nodes. Remaining network has 194 nodes and 105 edges.
Found cluster with score 1.7999999999999998 and 3 nodes. Remaining network has 191 nodes and 103 edges.
Found cluster with score 2.1999999999999997 and 3 nodes. Remaining network has 188 nodes and 101 edges.
Found cluster with score 2.066666666666667 and 3 nodes. Remaining network has 185 nodes and 99 edges.
Found cluster with score 2.066666666666667 and 3 nodes. Remaining network has 182 nodes and 97 edges.
Found cluster with score 1.7999999999999998 and 3 nodes. Remaining network has 179 nodes and 95 edges.
Found cluster with score 1.9333333333333333 and 3 nodes. Remaining network has 176 nodes and 93 edges.
Found cluster with score 1.9333333333333333 and 3 nodes. Remaining network has 173 nodes and 91 edges.
Found cluster with score 2.1999999999999997 and 3 nodes. Remaining network has 170 nodes and 89 edges.
Found cluster with score 1.9333333333333333 and 3 nodes. Remaining network has 167 nodes and 87 edges.
Found cluster with score 1.9333333333333333 and 3 nodes. Remaining network has 164 nodes and 85 edges.
Found cluster with score 2.1999999999999997 and 3 nodes. Remaining network has 161 nodes and 83 edges.
Found cluster with score 1.5333333333333332 and 3 nodes. Remaining network has 158 nodes and 81 edges.
Found cluster with score 1.5333333333333332 and 3 nodes. Remaining network has 155 nodes and 79 edges.
Found cluster with score 1.5333333333333332 and 3 nodes. Remaining network has 152 nodes and 77 edges.
Found cluster with score 2.066666666666667 and 3 nodes. Remaining network has 149 nodes and 75 edges.
Found cluster with score 1.5333333333333332 and 3 nodes. Remaining network has 146 nodes and 73 edges.
Found cluster with score 1.6 and 2 nodes. Remaining network has 144 nodes and 72 edges.
Found cluster with score 1.4 and 2 nodes. Remaining network has 142 nodes and 71 edges.
Found cluster with score 1.4 and 2 nodes. Remaining network has 140 nodes and 70 edges.
Found cluster with score 1.4 and 2 nodes. Remaining network has 138 nodes and 69 edges.
Found cluster with score 1.4 and 2 nodes. Remaining network has 136 nodes and 68 edges.
Found cluster with score 1.4 and 2 nodes. Remaining network has 134 nodes and 67 edges.
Found cluster with score 1.4 and 2 nodes. Remaining network has 132 nodes and 66 edges.
Found cluster with score 1.4 and 2 nodes. Remaining network has 130 nodes and 65 edges.
Found cluster with score 1.4 and 2 nodes. Remaining network has 128 nodes and 64 edges.
Found cluster with score 1.4 and 2 nodes. Remaining network has 126 nodes and 63 edges.
Found cluster with score 1.4 and 2 nodes. Remaining network has 124 nodes and 62 edges.
Found cluster with score 1.4 and 2 nodes. Remaining network has 122 nodes and 61 edges.
Found cluster with score 1.4 and 2 nodes. Remaining network has 120 nodes and 60 edges.
Found cluster with score 1.4 and 2 nodes. Remaining network has 118 nodes and 59 edges.
Found cluster with score 1.4 and 2 nodes. Remaining network has 116 nodes and 58 edges.
Found cluster with score 1.4 and 2 nodes. Remaining network has 114 nodes and 57 edges.
Found cluster with score 1.4 and 2 nodes. Remaining network has 112 nodes and 56 edges.
Found cluster with score 1.4 and 2 nodes. Remaining network has 110 nodes and 55 edges.
Found cluster with score 1.4 and 2 nodes. Remaining network has 108 nodes and 54 edges.
Found cluster with score 1.4 and 2 nodes. Remaining network has 106 nodes and 53 edges.
Found cluster with score 1.4 and 2 nodes. Remaining network has 104 nodes and 52 edges.
Found cluster with score 1.4 and 2 nodes. Remaining network has 102 nodes and 51 edges.
Found cluster with score 1.4 and 2 nodes. Remaining network has 100 nodes and 50 edges.
Found cluster with score 1.4 and 2 nodes. Remaining network has 98 nodes and 49 edges.
Found cluster with score 1.4 and 2 nodes. Remaining network has 96 nodes and 48 edges.
Found cluster with score 1.4 and 2 nodes. Remaining network has 94 nodes and 47 edges.
Found cluster with score 1.4 and 2 nodes. Remaining network has 92 nodes and 46 edges.
Found cluster with score 1.4 and 2 nodes. Remaining network has 90 nodes and 45 edges.
Found cluster with score 1.4 and 2 nodes. Remaining network has 88 nodes and 44 edges.
Found cluster with score 1.4 and 2 nodes. Remaining network has 86 nodes and 43 edges.
Found cluster with score 1.4 and 2 nodes. Remaining network has 84 nodes and 42 edges.
Found cluster with score 1.4 and 2 nodes. Remaining network has 82 nodes and 41 edges.
Found cluster with score 1.4 and 2 nodes. Remaining network has 80 nodes and 40 edges.
Found cluster with score 1.4 and 2 nodes. Remaining network has 78 nodes and 39 edges.
Found cluster with score 1.4 and 2 nodes. Remaining network has 76 nodes and 38 edges.
Found cluster with score 1.4 and 2 nodes. Remaining network has 74 nodes and 37 edges.
Found cluster with score 1.4 and 2 nodes. Remaining network has 72 nodes and 36 edges.
Found cluster with score 1.4 and 2 nodes. Remaining network has 70 nodes and 35 edges.
Found cluster with score 1.4 and 2 nodes. Remaining network has 68 nodes and 34 edges.
Found cluster with score 1.4 and 2 nodes. Remaining network has 66 nodes and 33 edges.
Found cluster with score 1.4 and 2 nodes. Remaining network has 64 nodes and 32 edges.
Found cluster with score 1.4 and 2 nodes. Remaining network has 62 nodes and 31 edges.
Found cluster with score 1.4 and 2 nodes. Remaining network has 60 nodes and 30 edges.
Found cluster with score 1.4 and 2 nodes. Remaining network has 58 nodes and 29 edges.
Found cluster with score 1.4 and 2 nodes. Remaining network has 56 nodes and 28 edges.
Found cluster with score 1.4 and 2 nodes. Remaining network has 54 nodes and 27 edges.
Found cluster with score 1.4 and 2 nodes. Remaining network has 52 nodes and 26 edges.
Found cluster with score 1.4 and 2 nodes. Remaining network has 50 nodes and 25 edges.
Found cluster with score 1.4 and 2 nodes. Remaining network has 48 nodes and 24 edges.
Found cluster with score 1.4 and 2 nodes. Remaining network has 46 nodes and 23 edges.
Found cluster with score 1.4 and 2 nodes. Remaining network has 44 nodes and 22 edges.
Found cluster with score 1.4 and 2 nodes. Remaining network has 42 nodes and 21 edges.
Found cluster with score 1.4 and 2 nodes. Remaining network has 40 nodes and 20 edges.
Found cluster with score 1.4 and 2 nodes. Remaining network has 38 nodes and 19 edges.
Found cluster with score 1.4 and 2 nodes. Remaining network has 36 nodes and 18 edges.
Found cluster with score 1.4 and 2 nodes. Remaining network has 34 nodes and 17 edges.
Found cluster with score 1.4 and 2 nodes. Remaining network has 32 nodes and 16 edges.
Found cluster with score 1.4 and 2 nodes. Remaining network has 30 nodes and 15 edges.
Found cluster with score 1.4 and 2 nodes. Remaining network has 28 nodes and 14 edges.
Found cluster with score 1.4 and 2 nodes. Remaining network has 26 nodes and 13 edges.
Found cluster with score 1.4 and 2 nodes. Remaining network has 24 nodes and 12 edges.
Found cluster with score 1.4 and 2 nodes. Remaining network has 22 nodes and 11 edges.
Found cluster with score 1.4 and 2 nodes. Remaining network has 20 nodes and 10 edges.
Found cluster with score 1.4 and 2 nodes. Remaining network has 18 nodes and 9 edges.
Found cluster with score 1.4 and 2 nodes. Remaining network has 16 nodes and 8 edges.
Found cluster with score 1.4 and 2 nodes. Remaining network has 14 nodes and 7 edges.
Found cluster with score 1.4 and 2 nodes. Remaining network has 12 nodes and 6 edges.
Found cluster with score 1.4 and 2 nodes. Remaining network has 10 nodes and 5 edges.
Found cluster with score 1.4 and 2 nodes. Remaining network has 8 nodes and 4 edges.
Found cluster with score 1.4 and 2 nodes. Remaining network has 6 nodes and 3 edges.
Found cluster with score 1.4 and 2 nodes. Remaining network has 4 nodes and 2 edges.
Found cluster with score 1.4 and 2 nodes. Remaining network has 2 nodes and 1 edges.
Found cluster with score 1.4 and 2 nodes. Remaining network has 0 nodes and 0 edges.
Found 130 clusters with at least 10 nodes and score higher than 2.0.
Printing clusters... [ok]
Generating regulators for all regulator types...

Processing TFs regulators...
  Regulator list: ./Preprocessing/tfs.txt
  Data type: c (c=continuous, d=discrete)
  Output prefix: Lemon_out/TFs

LemonTree - Version 3.1.1
-------------------------

Parameters
----------
task:               regulators
data_file:          Preprocessing/LemonPreprocessed_complete.txt
reg_file:           ./Preprocessing/tfs.txt
cluster_file:       Lemon_out/tight_clusters.txt
output_file:        Lemon_out/TFs
lambda:             0.1
mu:                 0.0
alpha:              0.1
beta:               0.1
num_runs:           1
num_steps:          1100
burn_in:            100
sample_steps:       100
score_gain:         0.0
num_reg:            10
Reading expression data... [ok]
Number of genes in the data matrix: 3362
Number of conditions in the data matrix: 75
Number of missing values in the data matrix: 25192
Total number of expression values: 252150
Reading cluster file Lemon_out/tight_clusters.txt
 [ok]
Assigned genes: 6085
Not assigned genes: 0
Number of clusters: 130
Reading candidate regulators... [ok]
Found 1364 regulators belonging to the geneset.
0 of them are discrete
92 regulators do not belong to the gene set
dataMean: -2.1379481490465866E-17
dataSigma: 0.9932202608115038
dataMin: -6.5847528461407
dataMax: 6.02652929670819
Gibbs sampling hierarchical trees...
sampling module 0 timestamp: Thu Apr 30 11:37:55 CEST 2026
sampling module 1 timestamp: Thu Apr 30 11:37:59 CEST 2026
sampling module 2 timestamp: Thu Apr 30 11:38:02 CEST 2026
sampling module 3 timestamp: Thu Apr 30 11:38:08 CEST 2026
sampling module 4 timestamp: Thu Apr 30 11:38:10 CEST 2026
sampling module 5 timestamp: Thu Apr 30 11:38:14 CEST 2026
sampling module 6 timestamp: Thu Apr 30 11:38:16 CEST 2026
sampling module 7 timestamp: Thu Apr 30 11:38:18 CEST 2026
sampling module 8 timestamp: Thu Apr 30 11:38:19 CEST 2026
sampling module 9 timestamp: Thu Apr 30 11:38:22 CEST 2026
sampling module 10 timestamp: Thu Apr 30 11:38:24 CEST 2026
sampling module 11 timestamp: Thu Apr 30 11:38:25 CEST 2026
sampling module 12 timestamp: Thu Apr 30 11:38:27 CEST 2026
sampling module 13 timestamp: Thu Apr 30 11:38:29 CEST 2026
sampling module 14 timestamp: Thu Apr 30 11:38:30 CEST 2026
sampling module 15 timestamp: Thu Apr 30 11:38:31 CEST 2026
sampling module 16 timestamp: Thu Apr 30 11:38:33 CEST 2026
sampling module 17 timestamp: Thu Apr 30 11:38:34 CEST 2026
sampling module 18 timestamp: Thu Apr 30 11:38:36 CEST 2026
sampling module 19 timestamp: Thu Apr 30 11:38:39 CEST 2026
sampling module 20 timestamp: Thu Apr 30 11:38:40 CEST 2026
sampling module 21 timestamp: Thu Apr 30 11:38:44 CEST 2026
sampling module 22 timestamp: Thu Apr 30 11:38:46 CEST 2026
sampling module 23 timestamp: Thu Apr 30 11:38:48 CEST 2026
sampling module 24 timestamp: Thu Apr 30 11:38:48 CEST 2026
sampling module 25 timestamp: Thu Apr 30 11:38:52 CEST 2026
sampling module 26 timestamp: Thu Apr 30 11:38:53 CEST 2026
sampling module 27 timestamp: Thu Apr 30 11:38:54 CEST 2026
sampling module 28 timestamp: Thu Apr 30 11:38:54 CEST 2026
sampling module 29 timestamp: Thu Apr 30 11:38:55 CEST 2026
sampling module 30 timestamp: Thu Apr 30 11:38:56 CEST 2026
sampling module 31 timestamp: Thu Apr 30 11:38:57 CEST 2026
sampling module 32 timestamp: Thu Apr 30 11:38:57 CEST 2026
sampling module 33 timestamp: Thu Apr 30 11:38:58 CEST 2026
sampling module 34 timestamp: Thu Apr 30 11:38:59 CEST 2026
sampling module 35 timestamp: Thu Apr 30 11:39:01 CEST 2026
sampling module 36 timestamp: Thu Apr 30 11:39:01 CEST 2026
sampling module 37 timestamp: Thu Apr 30 11:39:04 CEST 2026
sampling module 38 timestamp: Thu Apr 30 11:39:06 CEST 2026
sampling module 39 timestamp: Thu Apr 30 11:39:09 CEST 2026
sampling module 40 timestamp: Thu Apr 30 11:39:10 CEST 2026
sampling module 41 timestamp: Thu Apr 30 11:39:10 CEST 2026
sampling module 42 timestamp: Thu Apr 30 11:39:11 CEST 2026
sampling module 43 timestamp: Thu Apr 30 11:39:11 CEST 2026
sampling module 44 timestamp: Thu Apr 30 11:39:12 CEST 2026
sampling module 45 timestamp: Thu Apr 30 11:39:13 CEST 2026
sampling module 46 timestamp: Thu Apr 30 11:39:13 CEST 2026
sampling module 47 timestamp: Thu Apr 30 11:39:14 CEST 2026
sampling module 48 timestamp: Thu Apr 30 11:40:12 CEST 2026
sampling module 49 timestamp: Thu Apr 30 11:40:13 CEST 2026
sampling module 50 timestamp: Thu Apr 30 11:40:14 CEST 2026
sampling module 51 timestamp: Thu Apr 30 11:40:14 CEST 2026
sampling module 52 timestamp: Thu Apr 30 11:40:15 CEST 2026
sampling module 53 timestamp: Thu Apr 30 11:40:15 CEST 2026
sampling module 54 timestamp: Thu Apr 30 11:40:18 CEST 2026
sampling module 55 timestamp: Thu Apr 30 11:40:19 CEST 2026
sampling module 56 timestamp: Thu Apr 30 11:40:20 CEST 2026
sampling module 57 timestamp: Thu Apr 30 11:40:21 CEST 2026
sampling module 58 timestamp: Thu Apr 30 11:40:22 CEST 2026
sampling module 59 timestamp: Thu Apr 30 11:40:27 CEST 2026
sampling module 60 timestamp: Thu Apr 30 11:40:27 CEST 2026
sampling module 61 timestamp: Thu Apr 30 11:40:28 CEST 2026
sampling module 62 timestamp: Thu Apr 30 11:40:29 CEST 2026
sampling module 63 timestamp: Thu Apr 30 11:40:30 CEST 2026
sampling module 64 timestamp: Thu Apr 30 11:40:32 CEST 2026
sampling module 65 timestamp: Thu Apr 30 11:40:33 CEST 2026
sampling module 66 timestamp: Thu Apr 30 11:40:33 CEST 2026
sampling module 67 timestamp: Thu Apr 30 11:40:34 CEST 2026
sampling module 68 timestamp: Thu Apr 30 11:40:35 CEST 2026
sampling module 69 timestamp: Thu Apr 30 11:40:40 CEST 2026
sampling module 70 timestamp: Thu Apr 30 11:40:41 CEST 2026
sampling module 71 timestamp: Thu Apr 30 11:40:43 CEST 2026
sampling module 72 timestamp: Thu Apr 30 11:40:44 CEST 2026
sampling module 73 timestamp: Thu Apr 30 11:40:45 CEST 2026
sampling module 74 timestamp: Thu Apr 30 11:40:46 CEST 2026
sampling module 75 timestamp: Thu Apr 30 11:40:46 CEST 2026
sampling module 76 timestamp: Thu Apr 30 11:40:48 CEST 2026
sampling module 77 timestamp: Thu Apr 30 11:40:56 CEST 2026
sampling module 78 timestamp: Thu Apr 30 11:40:57 CEST 2026
sampling module 79 timestamp: Thu Apr 30 11:40:58 CEST 2026
sampling module 80 timestamp: Thu Apr 30 11:40:59 CEST 2026
sampling module 81 timestamp: Thu Apr 30 11:40:59 CEST 2026
sampling module 82 timestamp: Thu Apr 30 11:41:00 CEST 2026
sampling module 83 timestamp: Thu Apr 30 11:41:01 CEST 2026
sampling module 84 timestamp: Thu Apr 30 11:41:01 CEST 2026
sampling module 85 timestamp: Thu Apr 30 11:41:02 CEST 2026
sampling module 86 timestamp: Thu Apr 30 11:41:03 CEST 2026
sampling module 87 timestamp: Thu Apr 30 11:41:03 CEST 2026
sampling module 88 timestamp: Thu Apr 30 11:41:06 CEST 2026
sampling module 89 timestamp: Thu Apr 30 11:41:07 CEST 2026
sampling module 90 timestamp: Thu Apr 30 11:41:10 CEST 2026
sampling module 91 timestamp: Thu Apr 30 11:41:10 CEST 2026
sampling module 92 timestamp: Thu Apr 30 11:41:11 CEST 2026
sampling module 93 timestamp: Thu Apr 30 11:41:11 CEST 2026
sampling module 94 timestamp: Thu Apr 30 11:41:16 CEST 2026
sampling module 95 timestamp: Thu Apr 30 11:41:17 CEST 2026
sampling module 96 timestamp: Thu Apr 30 11:41:18 CEST 2026
sampling module 97 timestamp: Thu Apr 30 11:41:19 CEST 2026
sampling module 98 timestamp: Thu Apr 30 11:41:25 CEST 2026
sampling module 99 timestamp: Thu Apr 30 11:41:25 CEST 2026
sampling module 100 timestamp: Thu Apr 30 11:41:26 CEST 2026
sampling module 101 timestamp: Thu Apr 30 11:41:27 CEST 2026
sampling module 102 timestamp: Thu Apr 30 11:41:27 CEST 2026
sampling module 103 timestamp: Thu Apr 30 11:41:28 CEST 2026
sampling module 104 timestamp: Thu Apr 30 11:41:29 CEST 2026
sampling module 105 timestamp: Thu Apr 30 11:41:29 CEST 2026
sampling module 106 timestamp: Thu Apr 30 11:41:30 CEST 2026
sampling module 107 timestamp: Thu Apr 30 11:41:31 CEST 2026
sampling module 108 timestamp: Thu Apr 30 11:41:32 CEST 2026
sampling module 109 timestamp: Thu Apr 30 11:41:32 CEST 2026
sampling module 110 timestamp: Thu Apr 30 11:41:34 CEST 2026
sampling module 111 timestamp: Thu Apr 30 11:41:34 CEST 2026
sampling module 112 timestamp: Thu Apr 30 11:41:35 CEST 2026
sampling module 113 timestamp: Thu Apr 30 11:41:36 CEST 2026
sampling module 114 timestamp: Thu Apr 30 11:41:36 CEST 2026
sampling module 115 timestamp: Thu Apr 30 11:41:37 CEST 2026
sampling module 116 timestamp: Thu Apr 30 11:41:37 CEST 2026
sampling module 117 timestamp: Thu Apr 30 11:41:39 CEST 2026
sampling module 118 timestamp: Thu Apr 30 11:41:39 CEST 2026
sampling module 119 timestamp: Thu Apr 30 11:41:40 CEST 2026
sampling module 120 timestamp: Thu Apr 30 11:41:40 CEST 2026
sampling module 121 timestamp: Thu Apr 30 11:41:41 CEST 2026
sampling module 122 timestamp: Thu Apr 30 11:41:41 CEST 2026
sampling module 123 timestamp: Thu Apr 30 11:41:41 CEST 2026
sampling module 124 timestamp: Thu Apr 30 11:41:42 CEST 2026
sampling module 125 timestamp: Thu Apr 30 11:41:42 CEST 2026
sampling module 126 timestamp: Thu Apr 30 11:41:42 CEST 2026
sampling module 127 timestamp: Thu Apr 30 11:41:43 CEST 2026
sampling module 128 timestamp: Thu Apr 30 11:41:43 CEST 2026
sampling module 129 timestamp: Thu Apr 30 11:41:44 CEST 2026
done.
Assigning regulators stochastically ...
module: 0
module: 1
module: 2
module: 3
module: 4
module: 5
module: 6
module: 7
module: 8
module: 9
module: 10
module: 11
module: 12
module: 13
module: 14
module: 15
module: 16
module: 17
module: 18
module: 19
module: 20
module: 21
module: 22
module: 23
module: 24
module: 25
module: 26
module: 27
module: 28
module: 29
module: 30
module: 31
module: 32
module: 33
module: 34
module: 35
module: 36
module: 37
module: 38
module: 39
module: 40
module: 41
module: 42
module: 43
module: 44
module: 45
module: 46
module: 47
module: 48
module: 49
module: 50
module: 51
module: 52
module: 53
module: 54
module: 55
module: 56
module: 57
module: 58
module: 59
module: 60
module: 61
module: 62
module: 63
module: 64
module: 65
module: 66
module: 67
module: 68
module: 69
module: 70
module: 71
module: 72
module: 73
module: 74
module: 75
module: 76
module: 77
module: 78
module: 79
module: 80
module: 81
module: 82
module: 83
module: 84
module: 85
module: 86
module: 87
module: 88
module: 89
module: 90
module: 91
module: 92
module: 93
module: 94
module: 95
module: 96
module: 97
module: 98
module: 99
module: 100
module: 101
module: 102
module: 103
module: 104
module: 105
module: 106
module: 107
module: 108
module: 109
module: 110
module: 111
module: 112
module: 113
module: 114
module: 115
module: 116
module: 117
module: 118
module: 119
module: 120
module: 121
module: 122
module: 123
module: 124
module: 125
module: 126
module: 127
module: 128
module: 129
[ok]
Printing regulator file Lemon_out/TFs.allreg.txt [ok]
Printing regulator file Lemon_out/TFs.topreg.txt [ok]
Printing random regulator file Lemon_out/TFs.randomreg.txt [ok]
Writing xml file Lemon_out/TFs.xml.gz [ok]
✅ Successfully generated TFs regulators (from ./Preprocessing/tfs.txt)

Processing Metabolites regulators...
  Regulator list: ./Preprocessing/metabolites.txt
  Data type: c (c=continuous, d=discrete)
  Output prefix: Lemon_out/Metabolites

LemonTree - Version 3.1.1
-------------------------

Parameters
----------
task:               regulators
data_file:          Preprocessing/LemonPreprocessed_complete.txt
reg_file:           ./Preprocessing/metabolites.txt
cluster_file:       Lemon_out/tight_clusters.txt
output_file:        Lemon_out/Metabolites
lambda:             0.1
mu:                 0.0
alpha:              0.1
beta:               0.1
num_runs:           1
num_steps:          1100
burn_in:            100
sample_steps:       100
score_gain:         0.0
num_reg:            10
Reading expression data... [ok]
Number of genes in the data matrix: 3362
Number of conditions in the data matrix: 75
Number of missing values in the data matrix: 25192
Total number of expression values: 252150
Reading cluster file Lemon_out/tight_clusters.txt
 [ok]
Assigned genes: 6085
Not assigned genes: 0
Number of clusters: 130
Reading candidate regulators... [ok]
Found 134 regulators belonging to the geneset.
0 of them are discrete
0 regulators do not belong to the gene set
dataMean: -2.1379481490465866E-17
dataSigma: 0.9932202608115038
dataMin: -6.5847528461407
dataMax: 6.02652929670819
Gibbs sampling hierarchical trees...
sampling module 0 timestamp: Thu Apr 30 11:51:30 CEST 2026
sampling module 1 timestamp: Thu Apr 30 11:51:35 CEST 2026
sampling module 2 timestamp: Thu Apr 30 11:51:38 CEST 2026
sampling module 3 timestamp: Thu Apr 30 11:51:43 CEST 2026
sampling module 4 timestamp: Thu Apr 30 11:51:46 CEST 2026
sampling module 5 timestamp: Thu Apr 30 11:51:50 CEST 2026
sampling module 6 timestamp: Thu Apr 30 11:51:52 CEST 2026
sampling module 7 timestamp: Thu Apr 30 11:51:54 CEST 2026
sampling module 8 timestamp: Thu Apr 30 11:51:56 CEST 2026
sampling module 9 timestamp: Thu Apr 30 11:51:58 CEST 2026
sampling module 10 timestamp: Thu Apr 30 11:51:59 CEST 2026
sampling module 11 timestamp: Thu Apr 30 11:52:00 CEST 2026
sampling module 12 timestamp: Thu Apr 30 11:52:02 CEST 2026
sampling module 13 timestamp: Thu Apr 30 11:52:04 CEST 2026
sampling module 14 timestamp: Thu Apr 30 11:52:05 CEST 2026
sampling module 15 timestamp: Thu Apr 30 11:52:06 CEST 2026
sampling module 16 timestamp: Thu Apr 30 11:52:07 CEST 2026
sampling module 17 timestamp: Thu Apr 30 11:52:08 CEST 2026
sampling module 18 timestamp: Thu Apr 30 11:52:11 CEST 2026
sampling module 19 timestamp: Thu Apr 30 11:52:14 CEST 2026
sampling module 20 timestamp: Thu Apr 30 11:52:15 CEST 2026
sampling module 21 timestamp: Thu Apr 30 11:52:19 CEST 2026
sampling module 22 timestamp: Thu Apr 30 11:52:21 CEST 2026
sampling module 23 timestamp: Thu Apr 30 11:52:23 CEST 2026
sampling module 24 timestamp: Thu Apr 30 11:52:24 CEST 2026
sampling module 25 timestamp: Thu Apr 30 11:52:27 CEST 2026
sampling module 26 timestamp: Thu Apr 30 11:52:28 CEST 2026
sampling module 27 timestamp: Thu Apr 30 11:52:29 CEST 2026
sampling module 28 timestamp: Thu Apr 30 11:52:30 CEST 2026
sampling module 29 timestamp: Thu Apr 30 11:52:31 CEST 2026
sampling module 30 timestamp: Thu Apr 30 11:52:31 CEST 2026
sampling module 31 timestamp: Thu Apr 30 11:52:32 CEST 2026
sampling module 32 timestamp: Thu Apr 30 11:52:33 CEST 2026
sampling module 33 timestamp: Thu Apr 30 11:52:33 CEST 2026
sampling module 34 timestamp: Thu Apr 30 11:52:34 CEST 2026
sampling module 35 timestamp: Thu Apr 30 11:52:36 CEST 2026
sampling module 36 timestamp: Thu Apr 30 11:52:37 CEST 2026
sampling module 37 timestamp: Thu Apr 30 11:52:39 CEST 2026
sampling module 38 timestamp: Thu Apr 30 11:52:41 CEST 2026
sampling module 39 timestamp: Thu Apr 30 11:52:43 CEST 2026
sampling module 40 timestamp: Thu Apr 30 11:52:44 CEST 2026
sampling module 41 timestamp: Thu Apr 30 11:52:45 CEST 2026
sampling module 42 timestamp: Thu Apr 30 11:52:45 CEST 2026
sampling module 43 timestamp: Thu Apr 30 11:52:46 CEST 2026
sampling module 44 timestamp: Thu Apr 30 11:52:47 CEST 2026
sampling module 45 timestamp: Thu Apr 30 11:52:47 CEST 2026
sampling module 46 timestamp: Thu Apr 30 11:52:48 CEST 2026
sampling module 47 timestamp: Thu Apr 30 11:52:49 CEST 2026
sampling module 48 timestamp: Thu Apr 30 11:53:51 CEST 2026
sampling module 49 timestamp: Thu Apr 30 11:53:52 CEST 2026
sampling module 50 timestamp: Thu Apr 30 11:53:52 CEST 2026
sampling module 51 timestamp: Thu Apr 30 11:53:53 CEST 2026
sampling module 52 timestamp: Thu Apr 30 11:53:53 CEST 2026
sampling module 53 timestamp: Thu Apr 30 11:53:54 CEST 2026
sampling module 54 timestamp: Thu Apr 30 11:53:56 CEST 2026
sampling module 55 timestamp: Thu Apr 30 11:53:57 CEST 2026
sampling module 56 timestamp: Thu Apr 30 11:53:58 CEST 2026
sampling module 57 timestamp: Thu Apr 30 11:53:59 CEST 2026
sampling module 58 timestamp: Thu Apr 30 11:54:00 CEST 2026
sampling module 59 timestamp: Thu Apr 30 11:54:05 CEST 2026
sampling module 60 timestamp: Thu Apr 30 11:54:05 CEST 2026
sampling module 61 timestamp: Thu Apr 30 11:54:06 CEST 2026
sampling module 62 timestamp: Thu Apr 30 11:54:07 CEST 2026
sampling module 63 timestamp: Thu Apr 30 11:54:08 CEST 2026
sampling module 64 timestamp: Thu Apr 30 11:54:10 CEST 2026
sampling module 65 timestamp: Thu Apr 30 11:54:11 CEST 2026
sampling module 66 timestamp: Thu Apr 30 11:54:12 CEST 2026
sampling module 67 timestamp: Thu Apr 30 11:54:12 CEST 2026
sampling module 68 timestamp: Thu Apr 30 11:54:13 CEST 2026
sampling module 69 timestamp: Thu Apr 30 11:54:18 CEST 2026
sampling module 70 timestamp: Thu Apr 30 11:54:19 CEST 2026
sampling module 71 timestamp: Thu Apr 30 11:54:20 CEST 2026
sampling module 72 timestamp: Thu Apr 30 11:54:21 CEST 2026
sampling module 73 timestamp: Thu Apr 30 11:54:22 CEST 2026
sampling module 74 timestamp: Thu Apr 30 11:54:23 CEST 2026
sampling module 75 timestamp: Thu Apr 30 11:54:23 CEST 2026
sampling module 76 timestamp: Thu Apr 30 11:54:25 CEST 2026
sampling module 77 timestamp: Thu Apr 30 11:54:32 CEST 2026
sampling module 78 timestamp: Thu Apr 30 11:54:33 CEST 2026
sampling module 79 timestamp: Thu Apr 30 11:54:33 CEST 2026
sampling module 80 timestamp: Thu Apr 30 11:54:35 CEST 2026
sampling module 81 timestamp: Thu Apr 30 11:54:35 CEST 2026
sampling module 82 timestamp: Thu Apr 30 11:54:36 CEST 2026
sampling module 83 timestamp: Thu Apr 30 11:54:36 CEST 2026
sampling module 84 timestamp: Thu Apr 30 11:54:36 CEST 2026
sampling module 85 timestamp: Thu Apr 30 11:54:37 CEST 2026
sampling module 86 timestamp: Thu Apr 30 11:54:38 CEST 2026
sampling module 87 timestamp: Thu Apr 30 11:54:38 CEST 2026
sampling module 88 timestamp: Thu Apr 30 11:54:41 CEST 2026
sampling module 89 timestamp: Thu Apr 30 11:54:41 CEST 2026
sampling module 90 timestamp: Thu Apr 30 11:54:43 CEST 2026
sampling module 91 timestamp: Thu Apr 30 11:54:44 CEST 2026
sampling module 92 timestamp: Thu Apr 30 11:54:44 CEST 2026
sampling module 93 timestamp: Thu Apr 30 11:54:45 CEST 2026
sampling module 94 timestamp: Thu Apr 30 11:54:49 CEST 2026
sampling module 95 timestamp: Thu Apr 30 11:54:50 CEST 2026
sampling module 96 timestamp: Thu Apr 30 11:54:51 CEST 2026
sampling module 97 timestamp: Thu Apr 30 11:54:51 CEST 2026
sampling module 98 timestamp: Thu Apr 30 11:54:56 CEST 2026
sampling module 99 timestamp: Thu Apr 30 11:54:57 CEST 2026
sampling module 100 timestamp: Thu Apr 30 11:54:57 CEST 2026
sampling module 101 timestamp: Thu Apr 30 11:54:58 CEST 2026
sampling module 102 timestamp: Thu Apr 30 11:54:59 CEST 2026
sampling module 103 timestamp: Thu Apr 30 11:54:59 CEST 2026
sampling module 104 timestamp: Thu Apr 30 11:55:00 CEST 2026
sampling module 105 timestamp: Thu Apr 30 11:55:00 CEST 2026
sampling module 106 timestamp: Thu Apr 30 11:55:01 CEST 2026
sampling module 107 timestamp: Thu Apr 30 11:55:02 CEST 2026
sampling module 108 timestamp: Thu Apr 30 11:55:03 CEST 2026
sampling module 109 timestamp: Thu Apr 30 11:55:03 CEST 2026
sampling module 110 timestamp: Thu Apr 30 11:55:05 CEST 2026
sampling module 111 timestamp: Thu Apr 30 11:55:05 CEST 2026
sampling module 112 timestamp: Thu Apr 30 11:55:07 CEST 2026
sampling module 113 timestamp: Thu Apr 30 11:55:07 CEST 2026
sampling module 114 timestamp: Thu Apr 30 11:55:07 CEST 2026
sampling module 115 timestamp: Thu Apr 30 11:55:08 CEST 2026
sampling module 116 timestamp: Thu Apr 30 11:55:08 CEST 2026
sampling module 117 timestamp: Thu Apr 30 11:55:10 CEST 2026
sampling module 118 timestamp: Thu Apr 30 11:55:10 CEST 2026
sampling module 119 timestamp: Thu Apr 30 11:55:11 CEST 2026
sampling module 120 timestamp: Thu Apr 30 11:55:11 CEST 2026
sampling module 121 timestamp: Thu Apr 30 11:55:12 CEST 2026
sampling module 122 timestamp: Thu Apr 30 11:55:12 CEST 2026
sampling module 123 timestamp: Thu Apr 30 11:55:13 CEST 2026
sampling module 124 timestamp: Thu Apr 30 11:55:13 CEST 2026
sampling module 125 timestamp: Thu Apr 30 11:55:13 CEST 2026
sampling module 126 timestamp: Thu Apr 30 11:55:14 CEST 2026
sampling module 127 timestamp: Thu Apr 30 11:55:14 CEST 2026
sampling module 128 timestamp: Thu Apr 30 11:55:14 CEST 2026
sampling module 129 timestamp: Thu Apr 30 11:55:15 CEST 2026
done.
Assigning regulators stochastically ...
module: 0
module: 1
module: 2
module: 3
module: 4
module: 5
module: 6
module: 7
module: 8
module: 9
module: 10
module: 11
module: 12
module: 13
module: 14
module: 15
module: 16
module: 17
module: 18
module: 19
module: 20
module: 21
module: 22
module: 23
module: 24
module: 25
module: 26
module: 27
module: 28
module: 29
module: 30
module: 31
module: 32
module: 33
module: 34
module: 35
module: 36
module: 37
module: 38
module: 39
module: 40
module: 41
module: 42
module: 43
module: 44
module: 45
module: 46
module: 47
module: 48
module: 49
module: 50
module: 51
module: 52
module: 53
module: 54
module: 55
module: 56
module: 57
module: 58
module: 59
module: 60
module: 61
module: 62
module: 63
module: 64
module: 65
module: 66
module: 67
module: 68
module: 69
module: 70
module: 71
module: 72
module: 73
module: 74
module: 75
module: 76
module: 77
module: 78
module: 79
module: 80
module: 81
module: 82
module: 83
module: 84
module: 85
module: 86
module: 87
module: 88
module: 89
module: 90
module: 91
module: 92
module: 93
module: 94
module: 95
module: 96
module: 97
module: 98
module: 99
module: 100
module: 101
module: 102
module: 103
module: 104
module: 105
module: 106
module: 107
module: 108
module: 109
module: 110
module: 111
module: 112
module: 113
module: 114
module: 115
module: 116
module: 117
module: 118
module: 119
module: 120
module: 121
module: 122
module: 123
module: 124
module: 125
module: 126
module: 127
module: 128
module: 129
[ok]
Printing regulator file Lemon_out/Metabolites.allreg.txt [ok]
Printing regulator file Lemon_out/Metabolites.topreg.txt [ok]
Printing random regulator file Lemon_out/Metabolites.randomreg.txt [ok]
Writing xml file Lemon_out/Metabolites.xml.gz [ok]
✅ Successfully generated Metabolites regulators (from ./Preprocessing/metabolites.txt)

LemonTree post-clustering analysis completed successfully
=== Files generated by post-clustering ===
Lemon_out/tight_clusters.txt
Lemon_out/TFs.allreg.txt
Lemon_out/TFs.topreg.txt
Lemon_out/TFs.randomreg.txt
Lemon_out/Metabolites.allreg.txt
Lemon_out/Metabolites.topreg.txt
Lemon_out/Metabolites.randomreg.txt
==========================================
