May-05 14:48:55.932 [main] DEBUG nextflow.cli.Launcher - $> nextflow run main.nf -profile test -resume 2d43858b-a300-41d2-b04e-67df50773a1c
May-05 14:48:56.151 [main] DEBUG nextflow.cli.CmdRun - N E X T F L O W  ~  version 25.04.6
May-05 14:48:56.171 [main] DEBUG nextflow.plugin.PluginsFacade - Setting up plugin manager > mode=prod; embedded=false; plugins-dir=/home/borisvdm/.nextflow/plugins; core-plugins: nf-amazon@2.15.0,nf-azure@1.16.0,nf-cloudcache@0.4.3,nf-codecommit@0.2.3,nf-console@1.2.1,nf-google@1.21.1,nf-k8s@1.0.0,nf-tower@1.11.4,nf-wave@1.12.1
May-05 14:48:56.189 [main] INFO  o.pf4j.DefaultPluginStatusProvider - Enabled plugins: []
May-05 14:48:56.190 [main] INFO  o.pf4j.DefaultPluginStatusProvider - Disabled plugins: []
May-05 14:48:56.193 [main] INFO  org.pf4j.DefaultPluginManager - PF4J version 3.12.0 in 'deployment' mode
May-05 14:48:56.202 [main] INFO  org.pf4j.AbstractPluginManager - No plugins
May-05 14:48:56.227 [main] DEBUG nextflow.config.ConfigBuilder - Found config local: /home/borisvdm/repo/LemonIte/nextflow/nextflow.config
May-05 14:48:56.245 [main] DEBUG nextflow.config.ConfigBuilder - Parsing config file: /home/borisvdm/repo/LemonIte/nextflow/nextflow.config
May-05 14:48:56.289 [main] DEBUG n.secret.LocalSecretsProvider - Secrets store: /home/borisvdm/.nextflow/secrets/store.json
May-05 14:48:56.294 [main] DEBUG nextflow.secret.SecretsLoader - Discovered secrets providers: [nextflow.secret.LocalSecretsProvider@522b2631] - activable => nextflow.secret.LocalSecretsProvider@522b2631
May-05 14:48:56.302 [main] DEBUG nextflow.config.ConfigBuilder - Applying config profile: `test`
May-05 14:48:57.498 [main] DEBUG nextflow.config.ConfigBuilder - Available config profiles: [bih, cfc_dev, uzl_omics, ifb_core, embl_hd, denbi_qbic, alice, mjolnir_globe, uppmax, giga, incliva, ilifu, ki_luria, uge, icr_alma, rosalind_uge, dev, lugh, mccleary, unibe_ibu, vai, czbiohub_aws, jax, roslin, iris, tes, scw, unc_longleaf, tigem, tubingen_apg, apollo, ipop_up, vsc_calcua, pdc_kth, ceci_nic5, ccga_cau, humantechnopole, stjude, daisybio, eddie, medair, biowulf, mahuika, bi, bigpurple, adcra, cedars, pawsey_setonix, local, vsc_kul_uhasselt, purdue_gautschi, pawsey_nimbus, rki, ucl_myriad, utd_ganymede, fred_hutch, seattlechildrens, hpc, icr_davros, ceres, purdue_negishi, munin, rosalind, hasta, cfc, uzh, shu_bmrc, ebi_codon_slurm, ebc, ccga_dx, crick, ku_sund_danhead, marvin, lrz_cm4, purdue_bell, biohpc_gen, mana, york_viking, unc_lccc, wehi, awsbatch, wustl_htcf, arcc, ceci_dragon2, imperial, maestro, cannon, genotoul, nci_gadi, abims, eva_grace, janelia, nu_genomics, googlebatch, oist, sahmri, kaust, alliance_canada, mpcdf, leicester, vsc_ugent, create, sage, cambridge, jex, ebi_codon, cheaha, xanadu, nyu_hpc, test, marjorie, computerome, ucd_sonic, seg_globe, mssm, sanger, dkfz, bluebear, pasteur, einstein, ethz_euler, m3c, imb, ucl_cscluster, tuos_stanage, azurebatch, seadragon, crukmi, csiro_petrichor, qmul_apocrita, docker, engaging, gis, hypatia, psmn, eva, unity, cropdiversityhpc, nygc, fgcz, conda, crg, singularity, mpcdf_viper, dirac, self_hosted_runner, tufts, uw_hyak_pedslabs, binac2, hki_genie, debug, genouest, cbe, unsw_katana, utd_juno, phoenix, seawulf, uod_hpc, fub_curta, lovelace, uct_hpc, aws_tower, fsu_draco]
May-05 14:48:57.527 [main] DEBUG nextflow.cli.CmdRun - Applied DSL=2 from script declaration
May-05 14:48:57.544 [main] DEBUG nextflow.cli.CmdRun - Launching `main.nf` [crazy_mendel] DSL2 - revision: f32e62868e
May-05 14:48:57.546 [main] DEBUG nextflow.plugin.PluginsFacade - Plugins default=[]
May-05 14:48:57.546 [main] DEBUG nextflow.plugin.PluginsFacade - Plugins resolved requirement=[]
May-05 14:48:57.600 [main] DEBUG nextflow.Session - Session UUID: 2d43858b-a300-41d2-b04e-67df50773a1c
May-05 14:48:57.601 [main] DEBUG nextflow.Session - Run name: crazy_mendel
May-05 14:48:57.601 [main] DEBUG nextflow.Session - Executor pool size: 12
May-05 14:48:57.617 [main] DEBUG nextflow.file.FilePorter - File porter settings maxRetries=3; maxTransfers=50; pollTimeout=null
May-05 14:48:57.627 [main] DEBUG nextflow.util.ThreadPoolBuilder - Creating thread pool 'FileTransfer' minSize=10; maxSize=36; workQueue=LinkedBlockingQueue[-1]; allowCoreThreadTimeout=false
May-05 14:48:57.676 [main] DEBUG nextflow.cli.CmdRun - 
  Version: 25.04.6 build 5954
  Created: 01-07-2025 11:27 UTC (13:27 CEST)
  System: Linux 5.14.0-611.49.2.el9_7.x86_64
  Runtime: Groovy 4.0.26 on OpenJDK 64-Bit Server VM 17.0.19+10-LTS
  Encoding: UTF-8 (UTF-8)
  Process: 22327@cn1878.irc.ugent.be [192.168.72.26]
  CPUs: 12 - Mem: 30.8 GB (19.3 GB) - Swap: 4 GB (4 GB)
May-05 14:48:57.757 [main] DEBUG nextflow.Session - Work-dir: /home/borisvdm/repo/LemonIte/nextflow/work [xfs]
May-05 14:48:57.758 [main] DEBUG nextflow.Session - Script base path does not exist or is not a directory: /home/borisvdm/repo/LemonIte/nextflow/bin
May-05 14:48:57.770 [main] DEBUG nextflow.executor.ExecutorFactory - Extension executors providers=[]
May-05 14:48:57.779 [main] DEBUG nextflow.Session - Observer factory: DefaultObserverFactory
May-05 14:48:57.802 [main] DEBUG nextflow.Session - Observer factory (v2): LinObserverFactory
May-05 14:48:57.835 [main] DEBUG nextflow.cache.CacheFactory - Using Nextflow cache factory: nextflow.cache.DefaultCacheFactory
May-05 14:48:57.845 [main] DEBUG nextflow.util.CustomThreadPool - Creating default thread pool > poolSize: 13; maxThreads: 1000
May-05 14:48:57.920 [main] DEBUG nextflow.Session - Session start
May-05 14:48:57.929 [main] DEBUG nextflow.trace.TraceFileObserver - Workflow started -- trace file: /home/borisvdm/repo/LemonIte/nextflow/results/pipeline_info/execution_trace_2026-05-05_14-48-57.txt
May-05 14:48:58.183 [main] DEBUG nextflow.script.ScriptRunner - > Launching execution
May-05 14:48:58.199 [main] INFO  nextflow.Nextflow - 
╔════════════════════════════════════════════════════════════════════════════════════════════════╗
║                                                                                                ║
║                L E M O N I T E      A N A L Y S I S       P I P E L I N E                      ║
║                                                                                                ║
║            ██╗     ███████╗███╗   ███╗ ██████╗ ███╗   ██╗██╗████████╗███████╗                  ║
║            ██║     ██╔════╝████╗ ████║██╔═══██╗████╗  ██║██║╚══██╔══╝██╔════╝                  ║
║            ██║     █████╗  ██╔████╔██║██║   ██║██╔██╗ ██║██║   ██║   █████╗                    ║
║            ██║     ██╔══╝  ██║╚██╔╝██║██║   ██║██║╚██╗██║██║   ██║   ██╔══╝                    ║
║            ███████╗███████╗██║ ╚═╝ ██║╚██████╔╝██║ ╚████║██║   ██║   ███████╗                  ║
║            ╚══════╝╚══════╝╚═╝     ╚═╝ ╚═════╝ ╚═╝  ╚═══╝╚═╝   ╚═╝   ╚══════╝                  ║
║                                                                                                ║
║            🧬 Advanced Multi-Omics Integration & Network Analysis Platform 🧬                  ║
║                                                                                                ║
╠════════════════════════════════════════════════════════════════════════════════════════════════╣
║                                                                                                ║
║  PIPELINE CONFIGURATION                                                                        ║
║  ┌──────────────────────────────────────────────────────────────────────────────────────────┐  ║
║  │  Input Directory        : /home/borisvdm/repo/LemonIte/nextflow/test_dataset             │  ║
║  │  Output Directory       : /home/borisvdm/repo/LemonIte/nextflow/test_dataset/results     │  ║
║  │  Work Directory         : /home/borisvdm/repo/LemonIte/nextflow/test_dataset/work        │  ║
║  │  Run Identifier         : 2000HVG_coherence0.5_top2.0pct_clusters5                       │  ║
║  │  Number of Clusters     : 5                                                              │  ║
║  │  Coherence Threshold    : 0.5                                                            │  ║
║  │  Top N% Regulators      : 2.0                                                            │  ║
║  │  Top Variable Genes     : 2000                                                           │  ║
║  │  Enrichment Method      : EnrichR                                                        │  ║
║  │  Organism               : human                                                          │  ║
║  └──────────────────────────────────────────────────────────────────────────────────────────┘  ║
║                                                                                                ║
║  PIPELINE WORKFLOW STEPS                                                                       ║
║  ┌──────────────────────────────────────────────────────────────────────────────────────────┐  ║
║  │  1. Preprocessing & TFA Analysis                                                         │  ║
║  │  2. LemonTree Clustering - 5 module-based Gibbs samplers                                 │  ║
║  │  3. LemonTree regulator assignment                                                       │  ║
║  │  4. Module filtering, regulator selection and network generation                         │  ║
║  │  5. Comparison Lemonite data-driven network with Lemonite PKN                            │  ║
║  │  6. Create module heatmaps                                                               │  ║
║  │  7. Pathway Enrichment Analysis on module genes and regulator targets                    │  ║
║  │  8. Differential Expression Analysis & build module overview                             │  ║
║  └──────────────────────────────────────────────────────────────────────────────────────────┘  ║
║                                                                                                ║
║                                                                                                ║
║  💡 Pipeline developed by Vandemoortele Boris, CBIGR lab @ Ghent university                    ║
║                                                                                                ║
╚════════════════════════════════════════════════════════════════════════════════════════════════╝



🌟 Initializing Lemonite Analysis Pipeline... 🌟
⏰ Start Time: 2026-05-05 14:48:58

☕️ This will take a while, go grab a coffee ☕️


May-05 14:48:58.755 [main] DEBUG nextflow.script.ProcessConfig - Config settings `withName:LOG_PARAMETERS` matches process LOG_PARAMETERS
May-05 14:48:58.766 [main] DEBUG nextflow.executor.ExecutorFactory - << taskConfig executor: null
May-05 14:48:58.766 [main] DEBUG nextflow.executor.ExecutorFactory - >> processorType: 'local'
May-05 14:48:58.773 [main] DEBUG nextflow.executor.Executor - [warm up] executor > local
May-05 14:48:58.778 [main] DEBUG n.processor.LocalPollingMonitor - Creating local task monitor for executor 'local' > cpus=12; memory=30.8 GB; capacity=12; pollInterval=100ms; dumpInterval=5m
May-05 14:48:58.780 [main] DEBUG n.processor.TaskPollingMonitor - >>> barrier register (monitor: local)
May-05 14:48:58.800 [main] DEBUG nextflow.processor.TaskProcessor - Creating process 'LOG_PARAMETERS': maxForks=0; fair=false; array=0
May-05 14:48:58.842 [main] DEBUG nextflow.script.ProcessConfig - Config settings `withName:PREPROCESSING_TFA` matches process PREPROCESSING_TFA
May-05 14:48:58.845 [main] DEBUG nextflow.executor.ExecutorFactory - << taskConfig executor: null
May-05 14:48:58.845 [main] DEBUG nextflow.executor.ExecutorFactory - >> processorType: 'local'
May-05 14:48:58.846 [main] DEBUG nextflow.processor.TaskProcessor - Creating process 'PREPROCESSING_TFA': maxForks=0; fair=false; array=0
May-05 14:48:58.878 [main] DEBUG nextflow.script.ProcessConfig - Config settings `withName:CLUSTERING` matches process CLUSTERING
May-05 14:48:58.880 [main] DEBUG nextflow.executor.ExecutorFactory - << taskConfig executor: null
May-05 14:48:58.880 [main] DEBUG nextflow.executor.ExecutorFactory - >> processorType: 'local'
May-05 14:48:58.881 [main] DEBUG nextflow.processor.TaskProcessor - Creating process 'CLUSTERING': maxForks=0; fair=false; array=0
May-05 14:48:58.894 [main] DEBUG nextflow.script.ProcessConfig - Config settings `withName:POST_CLUSTERING` matches process POST_CLUSTERING
May-05 14:48:58.895 [main] DEBUG nextflow.executor.ExecutorFactory - << taskConfig executor: null
May-05 14:48:58.895 [main] DEBUG nextflow.executor.ExecutorFactory - >> processorType: 'local'
May-05 14:48:58.896 [main] DEBUG nextflow.processor.TaskProcessor - Creating process 'POST_CLUSTERING': maxForks=0; fair=false; array=0
May-05 14:48:58.904 [main] DEBUG nextflow.script.ProcessConfig - Config settings `withName:NETWORK_GENERATION` matches process NETWORK_GENERATION
May-05 14:48:58.906 [main] DEBUG nextflow.executor.ExecutorFactory - << taskConfig executor: null
May-05 14:48:58.906 [main] DEBUG nextflow.executor.ExecutorFactory - >> processorType: 'local'
May-05 14:48:58.907 [main] DEBUG nextflow.processor.TaskProcessor - Creating process 'NETWORK_GENERATION': maxForks=0; fair=false; array=0
May-05 14:48:58.915 [main] DEBUG nextflow.script.ProcessConfig - Config settings `withName:SUBNETWORK_GRAPHS` matches process SUBNETWORK_GRAPHS
May-05 14:48:58.916 [main] DEBUG nextflow.executor.ExecutorFactory - << taskConfig executor: null
May-05 14:48:58.916 [main] DEBUG nextflow.executor.ExecutorFactory - >> processorType: 'local'
May-05 14:48:58.917 [main] DEBUG nextflow.processor.TaskProcessor - Creating process 'SUBNETWORK_GRAPHS': maxForks=0; fair=false; array=0
May-05 14:48:58.928 [main] DEBUG nextflow.script.ProcessConfig - Config settings `withName:PKN_EVALUATION` matches process PKN_EVALUATION
May-05 14:48:58.930 [main] DEBUG nextflow.executor.ExecutorFactory - << taskConfig executor: null
May-05 14:48:58.930 [main] DEBUG nextflow.executor.ExecutorFactory - >> processorType: 'local'
May-05 14:48:58.931 [main] DEBUG nextflow.processor.TaskProcessor - Creating process 'PKN_EVALUATION': maxForks=0; fair=false; array=0
May-05 14:48:58.944 [main] DEBUG nextflow.script.ProcessConfig - Config settings `withName:MODULE_VIEWER_HEATMAPS` matches process MODULE_VIEWER_HEATMAPS
May-05 14:48:58.946 [main] DEBUG nextflow.executor.ExecutorFactory - << taskConfig executor: null
May-05 14:48:58.946 [main] DEBUG nextflow.executor.ExecutorFactory - >> processorType: 'local'
May-05 14:48:58.947 [main] DEBUG nextflow.processor.TaskProcessor - Creating process 'MODULE_VIEWER_HEATMAPS': maxForks=0; fair=false; array=0
May-05 14:48:58.959 [main] DEBUG nextflow.script.ProcessConfig - Config settings `withName:ENRICHMENT_ANALYSIS` matches process ENRICHMENT_ANALYSIS
May-05 14:48:58.961 [main] DEBUG nextflow.executor.ExecutorFactory - << taskConfig executor: null
May-05 14:48:58.962 [main] DEBUG nextflow.executor.ExecutorFactory - >> processorType: 'local'
May-05 14:48:58.963 [main] DEBUG nextflow.processor.TaskProcessor - Creating process 'ENRICHMENT_ANALYSIS': maxForks=0; fair=false; array=0
May-05 14:48:58.979 [main] DEBUG nextflow.script.ProcessConfig - Config settings `withName:MODULE_OVERVIEW_INTERACTIVE` matches process MODULE_OVERVIEW_INTERACTIVE
May-05 14:48:58.981 [main] DEBUG nextflow.executor.ExecutorFactory - << taskConfig executor: null
May-05 14:48:58.982 [main] DEBUG nextflow.executor.ExecutorFactory - >> processorType: 'local'
May-05 14:48:58.983 [main] DEBUG nextflow.processor.TaskProcessor - Creating process 'MODULE_OVERVIEW_INTERACTIVE': maxForks=0; fair=false; array=0
May-05 14:48:58.998 [main] DEBUG nextflow.script.ProcessConfig - Config settings `withName:SUMMARY_REPORT` matches process SUMMARY_REPORT
May-05 14:48:58.999 [main] DEBUG nextflow.executor.ExecutorFactory - << taskConfig executor: null
May-05 14:48:59.000 [main] DEBUG nextflow.executor.ExecutorFactory - >> processorType: 'local'
May-05 14:48:59.000 [main] DEBUG nextflow.processor.TaskProcessor - Creating process 'SUMMARY_REPORT': maxForks=0; fair=false; array=0
May-05 14:48:59.005 [main] DEBUG nextflow.Session - Workflow process names [dsl2]: ENRICHMENT_ANALYSIS, CLUSTERING, SUBNETWORK_GRAPHS, POST_CLUSTERING, NETWORK_GENERATION, SUMMARY_REPORT, MODULE_OVERVIEW_INTERACTIVE, MODULE_VIEWER_HEATMAPS, PREPROCESSING_TFA, LOG_PARAMETERS, PKN_EVALUATION
May-05 14:48:59.010 [main] DEBUG nextflow.Session - Igniting dataflow network (17)
May-05 14:48:59.017 [main] DEBUG nextflow.processor.TaskProcessor - Starting process > LOG_PARAMETERS
May-05 14:48:59.017 [main] DEBUG nextflow.processor.TaskProcessor - Starting process > PREPROCESSING_TFA
May-05 14:48:59.018 [main] DEBUG nextflow.processor.TaskProcessor - Starting process > CLUSTERING
May-05 14:48:59.018 [main] DEBUG nextflow.processor.TaskProcessor - Starting process > POST_CLUSTERING
May-05 14:48:59.018 [main] DEBUG nextflow.processor.TaskProcessor - Starting process > NETWORK_GENERATION
May-05 14:48:59.018 [main] DEBUG nextflow.processor.TaskProcessor - Starting process > SUBNETWORK_GRAPHS
May-05 14:48:59.018 [main] DEBUG nextflow.processor.TaskProcessor - Starting process > PKN_EVALUATION
May-05 14:48:59.018 [main] DEBUG nextflow.processor.TaskProcessor - Starting process > MODULE_VIEWER_HEATMAPS
May-05 14:48:59.019 [main] DEBUG nextflow.processor.TaskProcessor - Starting process > ENRICHMENT_ANALYSIS
May-05 14:48:59.019 [main] DEBUG nextflow.processor.TaskProcessor - Starting process > MODULE_OVERVIEW_INTERACTIVE
May-05 14:48:59.019 [main] DEBUG nextflow.processor.TaskProcessor - Starting process > SUMMARY_REPORT
May-05 14:48:59.019 [main] DEBUG nextflow.script.ScriptRunner - Parsed script files:
  Script_c7763f62847183a4: /home/borisvdm/repo/LemonIte/nextflow/modules/overview.nf
  Script_f90a67a04be7db72: /home/borisvdm/repo/LemonIte/nextflow/main.nf
  Script_9435be71685882ab: /home/borisvdm/repo/LemonIte/nextflow/modules/enrichment.nf
  Script_73cfcf4241e63832: /home/borisvdm/repo/LemonIte/nextflow/modules/evaluation.nf
  Script_d9fecbb0d320808d: /home/borisvdm/repo/LemonIte/nextflow/modules/clustering.nf
  Script_3848380bc9b83b29: /home/borisvdm/repo/LemonIte/nextflow/modules/viewer_heatmaps.nf
  Script_811dd7cc54b1da3d: /home/borisvdm/repo/LemonIte/nextflow/modules/preprocessing.nf
  Script_c108d41cc908d32b: /home/borisvdm/repo/LemonIte/nextflow/modules/network.nf
  Script_001106981b318f4c: /home/borisvdm/repo/LemonIte/nextflow/modules/log_parameters.nf
  Script_c85b363e2b73dde1: /home/borisvdm/repo/LemonIte/nextflow/modules/summary_report.nf
May-05 14:48:59.020 [main] DEBUG nextflow.script.ScriptRunner - > Awaiting termination 
May-05 14:48:59.020 [main] DEBUG nextflow.Session - Session await
May-05 14:48:59.155 [Actor Thread 8] DEBUG nextflow.conda.CondaCache - conda found local env for environment=/home/borisvdm/Software/miniconda3/envs/LemonIte; path=/home/borisvdm/Software/miniconda3/envs/LemonIte
May-05 14:48:59.279 [Actor Thread 9] INFO  nextflow.processor.TaskProcessor - [76/174d06] Cached process > LOG_PARAMETERS (Logging pipeline parameters)
May-05 14:48:59.279 [Actor Thread 7] INFO  nextflow.processor.TaskProcessor - [64/cd8ef6] Cached process > PREPROCESSING_TFA (Preprocessing and TFA analysis)
May-05 14:48:59.315 [Actor Thread 9] DEBUG nextflow.util.ThreadPoolBuilder - Creating thread pool 'PublishDir' minSize=10; maxSize=36; workQueue=LinkedBlockingQueue[-1]; allowCoreThreadTimeout=false
May-05 14:48:59.354 [Actor Thread 7] DEBUG nextflow.processor.TaskProcessor - Process PREPROCESSING_TFA > Skipping output binding because one or more optional files are missing: fileoutparam<8>
May-05 14:48:59.390 [Actor Thread 9] INFO  nextflow.processor.TaskProcessor - [65/979987] Cached process > CLUSTERING (CLUSTERING 1)
May-05 14:48:59.390 [Actor Thread 11] INFO  nextflow.processor.TaskProcessor - [25/86a287] Cached process > CLUSTERING (CLUSTERING 2)
May-05 14:48:59.390 [Actor Thread 5] INFO  nextflow.processor.TaskProcessor - [b1/37dd07] Cached process > CLUSTERING (CLUSTERING 5)
May-05 14:48:59.390 [Actor Thread 8] INFO  nextflow.processor.TaskProcessor - [3f/58ea2d] Cached process > CLUSTERING (CLUSTERING 4)
May-05 14:48:59.390 [Actor Thread 12] INFO  nextflow.processor.TaskProcessor - [76/ff997e] Cached process > CLUSTERING (CLUSTERING 3)
May-05 14:48:59.429 [Actor Thread 5] INFO  nextflow.processor.TaskProcessor - [52/3b39a7] Cached process > POST_CLUSTERING (LemonTree post-clustering analysis)
May-05 14:48:59.511 [Actor Thread 6] INFO  nextflow.processor.TaskProcessor - [44/ada7a6] Cached process > NETWORK_GENERATION (Network generation and filtering)
May-05 14:48:59.513 [Actor Thread 6] DEBUG nextflow.processor.TaskProcessor - Process NETWORK_GENERATION > Skipping output binding because one or more optional files are missing: fileoutparam<2>
May-05 14:48:59.513 [Actor Thread 6] DEBUG nextflow.processor.TaskProcessor - Process NETWORK_GENERATION > Skipping output binding because one or more optional files are missing: fileoutparam<3>
May-05 14:48:59.514 [Actor Thread 6] DEBUG nextflow.processor.TaskProcessor - Process NETWORK_GENERATION > Skipping output binding because one or more optional files are missing: fileoutparam<8>
May-05 14:48:59.514 [Actor Thread 6] DEBUG nextflow.processor.TaskProcessor - Process NETWORK_GENERATION > Skipping output binding because one or more optional files are missing: fileoutparam<13>
May-05 14:48:59.542 [Actor Thread 12] INFO  nextflow.processor.TaskProcessor - [d2/4055ca] Cached process > PKN_EVALUATION (PKN evaluation)
May-05 14:48:59.544 [Actor Thread 5] INFO  nextflow.processor.TaskProcessor - [f2/074eaf] Cached process > SUBNETWORK_GRAPHS (Creating subnetwork visualization graphs)
May-05 14:48:59.544 [Actor Thread 12] DEBUG nextflow.processor.TaskProcessor - Process PKN_EVALUATION > Skipping output binding because one or more optional files are missing: fileoutparam<0>
May-05 14:48:59.545 [Actor Thread 12] DEBUG nextflow.processor.TaskProcessor - Process PKN_EVALUATION > Skipping output binding because one or more optional files are missing: fileoutparam<3>
May-05 14:48:59.598 [Actor Thread 14] INFO  nextflow.processor.TaskProcessor - [d1/57bf13] Cached process > MODULE_VIEWER_HEATMAPS (Module viewer heatmaps)
May-05 14:48:59.600 [Actor Thread 13] INFO  nextflow.processor.TaskProcessor - [b1/06a7af] Cached process > ENRICHMENT_ANALYSIS (Pathway enrichment analysis)
May-05 14:48:59.660 [Actor Thread 4] DEBUG nextflow.processor.TaskProcessor - Process `MODULE_OVERVIEW_INTERACTIVE (1)` is unable to find [UnixPath]: `/home/borisvdm/repo/LemonIte/nextflow/work/60/93a6230be859987f8a5b10b13a3558/Module_Overview/Module_Expression_Heatmap.png` (pattern: `Module_Overview/Module_Expression_Heatmap.png`)
May-05 14:48:59.662 [Actor Thread 4] INFO  nextflow.processor.TaskProcessor - [60/93a623] Cached process > MODULE_OVERVIEW_INTERACTIVE (Interactive module overview)
May-05 14:48:59.663 [Actor Thread 4] DEBUG nextflow.processor.TaskProcessor - Process MODULE_OVERVIEW_INTERACTIVE > Skipping output binding because one or more optional files are missing: fileoutparam<1>
May-05 14:48:59.702 [Actor Thread 3] INFO  nextflow.processor.TaskProcessor - [b1/5921f6] Cached process > SUMMARY_REPORT (Generating summary report)
May-05 14:48:59.707 [main] DEBUG nextflow.Session - Session await > all processes finished
May-05 14:48:59.788 [Task monitor] DEBUG n.processor.TaskPollingMonitor - <<< barrier arrives (monitor: local) - terminating tasks monitor poll loop
May-05 14:48:59.788 [main] DEBUG nextflow.Session - Session await > all barriers passed
May-05 14:48:59.793 [main] DEBUG nextflow.util.ThreadPoolManager - Thread pool 'PublishDir' shutdown completed (hard=false)
May-05 14:48:59.797 [main] INFO  nextflow.Nextflow -         
        ╔══════════════════════════════════════════════════════════════════════════════════╗
        ║                                                                                  ║
        ║         🎉✨ L E M O N I T E   P I P E L I N E   S U C C E S S ! ✨🎉            ║
        ║                                                                                  ║
        ║        ███████╗██╗   ██╗ ██████╗ ██████╗███████╗███████╗███████╗██╗              ║
        ║        ██╔════╝██║   ██║██╔════╝██╔════╝██╔════╝██╔════╝██╔════╝██║              ║
        ║        ███████╗██║   ██║██║     ██║     █████╗  ███████╗███████╗██║              ║
        ║        ╚════██║██║   ██║██║     ██║     ██╔══╝  ╚════██║╚════██║╚═╝              ║
        ║        ███████║╚██████╔╝╚██████╗╚██████╗███████╗███████║███████║██╗              ║
        ║        ╚══════╝ ╚═════╝  ╚═════╝ ╚═════╝╚══════╝╚══════╝╚══════╝╚═╝              ║
        ║                                                                                  ║
        ║          🌟 Your multi-omics analysis has completed successfully! 🌟             ║
        ║                                                                                  ║
        ╠══════════════════════════════════════════════════════════════════════════════════╣
        ║                                                                                  ║
        ║  🍋🌳 PIPELINE SUMMARY                                                           ║
        ║  ┌────────────────────────────────────────────────────────────────────────────┐  ║
        ║  │  ✅ All processes finished without errors                                  │  ║
        ║  │  ⏰ Start Time: 2026-05-05T14:48:57.812451104+02:00                            │  ║
        ║  │  🏁 End Time: 2026-05-05T14:48:59.793507839+02:00                            │  ║
        ║  │  ⌛ Duration: 2s                                                             │  ║
        ║  │  📁 Results: ./results                                                      │  ║
        ║  └────────────────────────────────────────────────────────────────────────────┘  ║
        ║                                                                                  ║
        ║  🎯 Your results include:                                                        ║
        ║  • 🧩 Gene modules with TF and metabolite regulators                             ║
        ║  • 🔗 Metabolite-gene regulatory networks with PKN evaluation                    ║
        ║  • 📊 Enrichment analysis and functional annotations                             ║
        ║  • 🎨 Interactive network visualizations and heatmaps                            ║
        ║  • 📋 Comprehensive module overview and statistics                               ║
        ║                                                                                  ║
        ║  🌟          Thank you for using Lemonite! Happy analyzing! 🌟                   ║
        ║  🧠  Remember: don't just run pipelines, understand what's happening! 🧠         ║
        ║                                                                                  ║
        ╚══════════════════════════════════════════════════════════════════════════════════╝
        
        
May-05 14:48:59.804 [main] DEBUG n.trace.WorkflowStatsObserver - Workflow completed > WorkflowStats[succeededCount=0; failedCount=0; ignoredCount=0; cachedCount=15; pendingCount=0; submittedCount=0; runningCount=0; retriesCount=0; abortedCount=0; succeedDuration=0ms; failedDuration=0ms; cachedDuration=6h 53m 37s;loadCpus=0; loadMemory=0; peakRunning=0; peakCpus=0; peakMemory=0; ]
May-05 14:48:59.805 [main] DEBUG nextflow.trace.TraceFileObserver - Workflow completed -- saving trace file
May-05 14:48:59.806 [main] DEBUG nextflow.trace.ReportObserver - Workflow completed -- rendering execution report
May-05 14:49:00.208 [main] DEBUG nextflow.trace.TimelineObserver - Workflow completed -- rendering execution timeline
May-05 14:49:00.394 [main] DEBUG nextflow.cache.CacheDB - Closing CacheDB done
May-05 14:49:00.415 [main] DEBUG nextflow.util.ThreadPoolManager - Thread pool 'FileTransfer' shutdown completed (hard=false)
May-05 14:49:00.416 [main] DEBUG nextflow.script.ScriptRunner - > Execution complete -- Goodbye
