Using bundled network from projectDir: /home/borisvdm/repo/LemonIte/nextflow/PKN/CollecTRI_network.txt
Found core files:
Expression: data/Counts.tsv
Metadata: data/Metadata.txt
Prior network: /home/borisvdm/repo/LemonIte/nextflow/PKN/CollecTRI_network.txt
Copied name_map.csv to Preprocessing directory
WARNING: ignoring environment value of R_HOME

 Regulator types configuration:
   - TFs: Lovering_TF_list.txt (continuous)
   - Metabolites: Metabolomics.txt (continuous)
Metadata columns to include: diagnosis 
   [OK] Using custom TF list: TFs (data/Lovering_TF_list.txt)
   [OK] Identified TF list: TFs
   [OK] Identified regulator data: Metabolites (Metabolomics.txt)
Starting preprocessing with the following parameters:
Expression file: data/Counts.tsv 
Metadata file: data/Metadata.txt 
TF list file: data/Lovering_TF_list.txt 
Metabolites file: data/Metabolomics.txt
Metadata file: data/Metadata.txt 
Output directory: . 
Top n variable genes: 2000 
Perform TFA: TRUE 
Prior network: /home/borisvdm/repo/LemonIte/nextflow/PKN/CollecTRI_network.txt 
TF list: data/Lovering_TF_list.txt 

=== TFA ANALYSIS PREREQUISITES CHECK ===
[OK] Prior network file found: /home/borisvdm/repo/LemonIte/nextflow/PKN/CollecTRI_network.txt 
[OK] TFA analysis will proceed using available network source
============================================

=== METADATA REQUIREMENTS VALIDATION ===
 Expected metadata structure for Lemonite pipeline:
   - Sample IDs as row names or in column: Sample_ID 
   - Required columns: diagnosis (or diagnosis )
   - Optional columns: sex, age, batch, biopsy_location
   - File format: Tab-separated (.txt)
   - Output: DESeq_groups.txt for downstream analysis
=============================================

Reading RNA-seq data...
Connecting to Ensembl BioMart...
Trying Ensembl server: https://www.ensembl.org
Successfully connected to: https://www.ensembl.org
Processing metadata and performing normalization...
 Metadata file loaded:
   - Dimensions: 74 samples x 10 columns
   - Available columns: Sample_ID, cause_of_death, gender, age_at_diagnosis, progression_or_recurrence, site_of_resection_or_biopsy, diagnosis2, sample_type, diagnosis, rna_wang_cancer_cell_2017 
[OK] Using metadata columns: diagnosis 
 Setting row names from column: Sample_ID 
 DESeq_groups structure:
   - Dimensions: 74 samples x 1 columns
   - Column 'diagnosis': 4 levels (IDH mutant, nmf1, nmf2)

 DESeq2 contrast analysis setup:
   - Contrast column: diagnosis 
   - Unique conditions: nmf3, nmf1, nmf2, IDH mutant 
   - Sample distribution:
     * IDH mutant: 6 samples
     * nmf1: 21 samples
     * nmf2: 28 samples
     * nmf3: 19 samples
Auto-detected 4 groups in 'diagnosis': using nmf1 vs IDH mutant for DESeq2 normalization
Note: All groups (IDH mutant, nmf1, nmf2, nmf3) will be used for clustering, this contrast is only for normalization
RNA-seq samples found: 74 
Metadata samples found: 74 
Sample ID column used: Sample_ID 
Sample ID values in metadata: C3L-00365, C3L-00674, C3L-00677, C3L-01043, C3L-01045 
Sample ID values in RNA-seq: C3L-00365, C3L-00674, C3L-00677, C3L-01043, C3L-01045 
Using design formula: ~ diagnosis 
Final DESeq_groups columns (for DESeq2): diagnosis 
All metadata columns (for visualization): diagnosis 
null device 
          1 
Number of variable genes selected: 2000 

=== Creating PCA plot for Transcriptomics ===
  Data dimensions: 17110 features x 74 samples
  Removing 3153 features with NA or infinite values
[OK] Saved PCA plot: ./LemonTree/Preprocessing/PCA_transcriptomics.pdf

=== RE-INTRODUCING TFs FROM USER LIST ===
 Reading TF list from: data/Lovering_TF_list.txt 
   [INFO]  Multi-column file detected, using first column
 Total TFs in user list: 1456 
 TFs found in expression data: 1364 
 TFs to add (not in HVG selection): 1227 
[OK] Added 1227 TFs to variable genes
   Total features now: 3227 ( 2000 HVGs + 1227 TFs )
=============================================


=== STARTING TFA ANALYSIS ===
perform_TFA: TRUE 
prior_network: /home/borisvdm/repo/LemonIte/nextflow/PKN/CollecTRI_network.txt 
prior_network exists: TRUE 
[OK] TFA analysis enabled, proceeding...
 Reading prior network from file: /home/borisvdm/repo/LemonIte/nextflow/PKN/CollecTRI_network.txt 
 Network loaded with 45398 interactions
 Running decouple analysis...
[ERROR] Error in TFA analysis: In index: 1. 
[WARNING]  Continuing without TFA...
[INFO] TFA analysis disabled (perform_TFA=FALSE)
=== CREATING EXPRESSION-ONLY DATASET (NO TFA) ===
[OK] Created expression-only dataset with 3227 features (all scaled)
=============================================

[INFO] Using expression-only dataset because TFA is disabled
===========================


 Processing Metabolites data from: data/Metabolomics.txt (data_type=c)

=======================================================================
Processing Metabolites data...
=======================================================================
Reading Metabolites file...
[WARNING]  fread failed, trying read.csv...
[OK] Successfully read with read.csv
  Data dimensions: 134 features x 75 columns
  First 5 feature names: 2_hydroxybutyric_acid, 2_hydroxyglutaric_acid, 3_hydroxybutyric_acid, 3_phosphoglycerate, adenine
  First 5 feature names (cleaned): 2_hydroxybutyric_acid, 2_hydroxyglutaric_acid, 3_hydroxybutyric_acid, 3_phosphoglycerate, adenine
[WARNING]  Data appears to be already log-transformed (median: 20.9 , max: 27.4 )
   Skipping log transformation to avoid double-logging
Using data as-is (already in log space)
Applying Pareto scaling for Metabolites ...
[OK] Saved visualization to: ./LemonTree/Preprocessing/Normalized_metabolites.pdf 

=== Creating PCA plot for Metabolites ===
  Data dimensions: 134 features x 74 samples
[OK] Saved PCA plot: ./LemonTree/Preprocessing/PCA_metabolites.pdf

=======================================================================
Creating output files...
=======================================================================
[OK] Saved: LemonPreprocessed_expression.txt (HVGs + Lovering TFs, NO TFA)
[OK] Prepared RNA data with TFA for complete dataframe
[OK] Saved: LemonPreprocessed_metabolomics.txt
[OK] Saved: metabolites regulator list (134 features, e.g. 2_hydroxybutyric_acid, 2_hydroxyglutaric_acid, 3_hydroxybutyric_acid) -> ./LemonTree/Preprocessing/metabolites.txt

 Processing TF list from: data/Lovering_TF_list.txt
   [INFO]  Multi-column file detected, using first column
[OK] Saved: tfs list (1456 TFs) -> ./LemonTree/Preprocessing/tfs.txt
[OK] Saved: LemonPreprocessed_complete.txt

 Creating DESeq_groups.txt for downstream analysis...
   - Format: Tab-separated with sample IDs as row names
   - Dimensions: 74 samples x 1 columns
   - Columns: diagnosis 

 Pipeline compatibility check:
   - [OK] DESeq_groups.txt: Compatible with DESeq2 and overview modules
   - [OK] Sample IDs: Available as row names for sample matching
   - [OK] Contrast column: ' diagnosis ' available for differential analysis
   - [INFO]  No additional metadata columns detected (sex, age, batch, etc.)
   -  Ready for module_overview_interactive.py and other downstream tools

 Preprocessing completed successfully!
 Output files created in: ./LemonTree/
   - LemonPreprocessed_expression.txt (without TFA)
   - LemonPreprocessed_complete.txt (with all omics data)
   - DESeq_groups.txt
   - tfs.txt (TF list)
   - LemonPreprocessed_metabolomics.txt
   - metabolites.txt (regulator list)
   - LemonPreprocessed_lovering_tf_list.txt
   - tfs.txt (regulator list)
 TFA ANALYSIS FILES:
 TFA visualization files in: ./TFA/
[INFO] No feature names were modified by cleaning — name_mapping.tsv is empty

=======================================================================
[OK] PREPROCESSING COMPLETED SUCCESSFULLY
=======================================================================
