=== Files staged by Nextflow ===
total 32
drwxr-xr-x 4 borisvdm users  4096 May 29 11:53 .
drwxr-xr-x 3 borisvdm users    44 May 29 11:53 ..
lrwxrwxrwx 1 borisvdm users    98 May 29 11:53 clusterfile -> /home/borisvdm/repo/LemonIte/nextflow/work/c3/e3ad34f5be9973a2ab67c56060d541/Lemon_out/clusterfile
-rw-r--r-- 1 borisvdm users     0 May 29 11:53 .command.begin
-rw-r--r-- 1 borisvdm users     0 May 29 11:53 .command.err
-rw-r--r-- 1 borisvdm users    33 May 29 11:53 .command.log
-rw-r--r-- 1 borisvdm users    33 May 29 11:53 .command.out
-rw-r--r-- 1 borisvdm users 14407 May 29 11:53 .command.run
-rw-r--r-- 1 borisvdm users  3008 May 29 11:53 .command.sh
-rw-r--r-- 1 borisvdm users     0 May 29 11:53 .command.trace
lrwxrwxrwx 1 borisvdm users   107 May 29 11:53 DESeq_groups.txt -> /home/borisvdm/repo/LemonIte/nextflow/work/c3/e3ad34f5be9973a2ab67c56060d541/Preprocessing/DESeq_groups.txt
lrwxrwxrwx 1 borisvdm users   103 May 29 11:53 hPTMs.allreg.txt -> /home/borisvdm/repo/LemonIte/nextflow/work/c3/e3ad34f5be9973a2ab67c56060d541/Lemon_out/hPTMs.allreg.txt
lrwxrwxrwx 1 borisvdm users   106 May 29 11:53 hPTMs.randomreg.txt -> /home/borisvdm/repo/LemonIte/nextflow/work/c3/e3ad34f5be9973a2ab67c56060d541/Lemon_out/hPTMs.randomreg.txt
lrwxrwxrwx 1 borisvdm users   103 May 29 11:53 hPTMs.topreg.txt -> /home/borisvdm/repo/LemonIte/nextflow/work/c3/e3ad34f5be9973a2ab67c56060d541/Lemon_out/hPTMs.topreg.txt
lrwxrwxrwx 1 borisvdm users   100 May 29 11:53 hptms.txt -> /home/borisvdm/repo/LemonIte/nextflow/work/c3/e3ad34f5be9973a2ab67c56060d541/Preprocessing/hptms.txt
lrwxrwxrwx 1 borisvdm users    99 May 29 11:53 hPTMs.xml.gz -> /home/borisvdm/repo/LemonIte/nextflow/work/c3/e3ad34f5be9973a2ab67c56060d541/Lemon_out/hPTMs.xml.gz
drwxr-xr-x 2 borisvdm users     6 May 29 11:53 Lemon_out
lrwxrwxrwx 1 borisvdm users   121 May 29 11:53 LemonPreprocessed_complete.txt -> /home/borisvdm/repo/LemonIte/nextflow/work/c3/e3ad34f5be9973a2ab67c56060d541/Preprocessing/LemonPreprocessed_complete.txt
lrwxrwxrwx 1 borisvdm users   123 May 29 11:53 LemonPreprocessed_expression.txt -> /home/borisvdm/repo/LemonIte/nextflow/work/c3/e3ad34f5be9973a2ab67c56060d541/Preprocessing/LemonPreprocessed_expression.txt
lrwxrwxrwx 1 borisvdm users   117 May 29 11:53 LemonPreprocessed_hPTM.txt -> /home/borisvdm/repo/LemonIte/nextflow/work/c3/e3ad34f5be9973a2ab67c56060d541/Preprocessing/LemonPreprocessed_hPTM.txt
lrwxrwxrwx 1 borisvdm users   125 May 29 11:53 LemonPreprocessed_metabolomics.txt -> /home/borisvdm/repo/LemonIte/nextflow/work/c3/e3ad34f5be9973a2ab67c56060d541/Preprocessing/LemonPreprocessed_metabolomics.txt
lrwxrwxrwx 1 borisvdm users   123 May 29 11:53 LemonPreprocessed_proteomics.txt -> /home/borisvdm/repo/LemonIte/nextflow/work/c3/e3ad34f5be9973a2ab67c56060d541/Preprocessing/LemonPreprocessed_proteomics.txt
lrwxrwxrwx 1 borisvdm users   100 May 29 11:53 Lemon_results -> /home/borisvdm/repo/LemonIte/nextflow/work/c3/e3ad34f5be9973a2ab67c56060d541/Lemon_out/Lemon_results
lrwxrwxrwx 1 borisvdm users   109 May 29 11:53 Metabolites.allreg.txt -> /home/borisvdm/repo/LemonIte/nextflow/work/c3/e3ad34f5be9973a2ab67c56060d541/Lemon_out/Metabolites.allreg.txt
lrwxrwxrwx 1 borisvdm users   112 May 29 11:53 Metabolites.randomreg.txt -> /home/borisvdm/repo/LemonIte/nextflow/work/c3/e3ad34f5be9973a2ab67c56060d541/Lemon_out/Metabolites.randomreg.txt
lrwxrwxrwx 1 borisvdm users   109 May 29 11:53 Metabolites.topreg.txt -> /home/borisvdm/repo/LemonIte/nextflow/work/c3/e3ad34f5be9973a2ab67c56060d541/Lemon_out/Metabolites.topreg.txt
lrwxrwxrwx 1 borisvdm users   106 May 29 11:53 metabolites.txt -> /home/borisvdm/repo/LemonIte/nextflow/work/c3/e3ad34f5be9973a2ab67c56060d541/Preprocessing/metabolites.txt
lrwxrwxrwx 1 borisvdm users   105 May 29 11:53 Metabolites.xml.gz -> /home/borisvdm/repo/LemonIte/nextflow/work/c3/e3ad34f5be9973a2ab67c56060d541/Lemon_out/Metabolites.xml.gz
lrwxrwxrwx 1 borisvdm users   107 May 29 11:53 name_mapping.tsv -> /home/borisvdm/repo/LemonIte/nextflow/work/c3/e3ad34f5be9973a2ab67c56060d541/Preprocessing/name_mapping.tsv
lrwxrwxrwx 1 borisvdm users   103 May 29 11:53 PCA_hptm.pdf -> /home/borisvdm/repo/LemonIte/nextflow/work/c3/e3ad34f5be9973a2ab67c56060d541/Preprocessing/PCA_hptm.pdf
lrwxrwxrwx 1 borisvdm users   111 May 29 11:53 PCA_metabolomics.pdf -> /home/borisvdm/repo/LemonIte/nextflow/work/c3/e3ad34f5be9973a2ab67c56060d541/Preprocessing/PCA_metabolomics.pdf
lrwxrwxrwx 1 borisvdm users   109 May 29 11:53 PCA_proteomics.pdf -> /home/borisvdm/repo/LemonIte/nextflow/work/c3/e3ad34f5be9973a2ab67c56060d541/Preprocessing/PCA_proteomics.pdf
drwxr-xr-x 2 borisvdm users     6 May 29 11:53 Preprocessing
lrwxrwxrwx 1 borisvdm users   105 May 29 11:53 tight_clusters.txt -> /home/borisvdm/repo/LemonIte/nextflow/work/c3/e3ad34f5be9973a2ab67c56060d541/Lemon_out/tight_clusters.txt
=================================
=== Available files before network generation ===
=== Lemon_out contents ===
total 2420
drwxr-xr-x 3 borisvdm users   4096 May 29 11:53 .
drwxr-xr-x 4 borisvdm users   4096 May 29 11:53 ..
-rw-r--r-- 1 borisvdm users    240 May 29 11:53 clusterfile
-rw-r--r-- 1 borisvdm users  92342 May 29 11:53 hPTMs.allreg.txt
-rw-r--r-- 1 borisvdm users 118904 May 29 11:53 hPTMs.randomreg.txt
-rw-r--r-- 1 borisvdm users    917 May 29 11:53 hPTMs.topreg.txt
-rw-r--r-- 1 borisvdm users 750646 May 29 11:53 hPTMs.xml.gz
drwxr-xr-x 2 borisvdm users     91 May 29 11:53 Lemon_results
-rw-r--r-- 1 borisvdm users 206961 May 29 11:53 Metabolites.allreg.txt
-rw-r--r-- 1 borisvdm users 367497 May 29 11:53 Metabolites.randomreg.txt
-rw-r--r-- 1 borisvdm users   1890 May 29 11:53 Metabolites.topreg.txt
-rw-r--r-- 1 borisvdm users 883427 May 29 11:53 Metabolites.xml.gz
-rw-r--r-- 1 borisvdm users  21016 May 29 11:53 tight_clusters.txt
Lemon_out/Metabolites.allreg.txt
Lemon_out/Metabolites.topreg.txt
Lemon_out/hPTMs.allreg.txt
Lemon_out/hPTMs.topreg.txt
=== Preprocessing contents ===
total 8288
drwxr-xr-x 2 borisvdm users    4096 May 29 11:53 .
drwxr-xr-x 4 borisvdm users    4096 May 29 11:53 ..
-rw-r--r-- 1 borisvdm users    4253 May 29 11:53 DESeq_groups.txt
-rw-r--r-- 1 borisvdm users    2719 May 29 11:53 hptms.txt
-rw-r--r-- 1 borisvdm users 3300343 May 29 11:53 LemonPreprocessed_complete.txt
-rw-r--r-- 1 borisvdm users 1770988 May 29 11:53 LemonPreprocessed_expression.txt
-rw-r--r-- 1 borisvdm users  283605 May 29 11:53 LemonPreprocessed_hPTM.txt
-rw-r--r-- 1 borisvdm users 1256055 May 29 11:53 LemonPreprocessed_metabolomics.txt
-rw-r--r-- 1 borisvdm users 1770988 May 29 11:53 LemonPreprocessed_proteomics.txt
-rw-r--r-- 1 borisvdm users   17549 May 29 11:53 metabolites.txt
-rw-r--r-- 1 borisvdm users      16 May 29 11:53 name_mapping.tsv
-rw-r--r-- 1 borisvdm users   12843 May 29 11:53 PCA_hptm.pdf
-rw-r--r-- 1 borisvdm users   12852 May 29 11:53 PCA_metabolomics.pdf
-rw-r--r-- 1 borisvdm users   12907 May 29 11:53 PCA_proteomics.pdf
=================================================
Running network generation...

================================================================================
LEMONTREE TO NETWORK CONVERSION
================================================================================
Run ID: minW0p15
Input directory: .
Output directory: .
Regulator selection method: fold_per_module
Method suffix: fold2.0x_permodule
Threshold value: 2.0
Coherence threshold: 0.5
Skip coherence filtering: False

================================================================================
REGULATOR CONFIGURATION
================================================================================
Available regulator types: 2
  [OK] hPTMs: hPTMs
  [OK] Metabolites: Metabolites

================================================================================
STEP 1: Creating sample mapping file
================================================================================
97 samples included in the analysis.
Found metadata column 'Cell_line' with 18 unique values: FKH-1, HL-60, KASUMI-1, KG-1a, ME-1, MOLM-13, MOLM-16, MONO-MAC-6, MUTZ-3, MV4-11, OCI-AML3, OCI-AML5, OCI-AML6, OCI-M1, SHI-1, SKM-1, THP-1, USCD-AML1
Found metadata column 'Origin' with 2 unique values: adult, pediatric
Found metadata column 'FAB' with 6 unique values: M0, M2, M4, M5, M6, No data
Found metadata column 'MITO_subtype' with 2 unique values: MITOhigh, MITOlow
Found metadata column 'Risk_classification' with 3 unique values: adverse, favorable, intermediate
Created sample mapping with 5 metadata types: Cell_line, Origin, FAB, MITO_subtype, Risk_classification

================================================================================
STEP 2: REGULATOR SELECTION (FOLD_PER_MODULE)
Selection performed on ORIGINAL LemonTree scores before normalization
================================================================================

Processing hPTMs regulators (hPTMs)...
Max random score across all modules:
4.745034
3 remain for module 0 with a cutoff of 2.0 > random
5 remain for module 1 with a cutoff of 2.0 > random
4 remain for module 2 with a cutoff of 2.0 > random
7 remain for module 3 with a cutoff of 2.0 > random
5 remain for module 4 with a cutoff of 2.0 > random
4 remain for module 5 with a cutoff of 2.0 > random
4 remain for module 6 with a cutoff of 2.0 > random
3 remain for module 7 with a cutoff of 2.0 > random
3 remain for module 8 with a cutoff of 2.0 > random
2 remain for module 9 with a cutoff of 2.0 > random
7 remain for module 10 with a cutoff of 2.0 > random
6 remain for module 11 with a cutoff of 2.0 > random
4 remain for module 12 with a cutoff of 2.0 > random
4 remain for module 13 with a cutoff of 2.0 > random
3 remain for module 14 with a cutoff of 2.0 > random
4 remain for module 15 with a cutoff of 2.0 > random
2 remain for module 16 with a cutoff of 2.0 > random
3 remain for module 18 with a cutoff of 2.0 > random
2 remain for module 19 with a cutoff of 2.0 > random
4 remain for module 20 with a cutoff of 2.0 > random
2 remain for module 21 with a cutoff of 2.0 > random
8 remain for module 22 with a cutoff of 2.0 > random
3 remain for module 23 with a cutoff of 2.0 > random
6 remain for module 24 with a cutoff of 2.0 > random
4 remain for module 25 with a cutoff of 2.0 > random
2 remain for module 26 with a cutoff of 2.0 > random
Processing ./Lemon_out/hPTMs.fold2.0x_permodule.txt: 4 columns
Written 26 clusters to ./ModuleViewer_files/hPTMs.selected_regs_list.txt
Saved distribution plot to: Networks/hPTMs.selected_regs_list_distribution_plot.png

Processing Metabolites regulators (Metabolites)...
Max random score across all modules:
2.381018
7 remain for module 0 with a cutoff of 2.0 > random
9 remain for module 1 with a cutoff of 2.0 > random
7 remain for module 2 with a cutoff of 2.0 > random
7 remain for module 3 with a cutoff of 2.0 > random
5 remain for module 4 with a cutoff of 2.0 > random
11 remain for module 5 with a cutoff of 2.0 > random
7 remain for module 6 with a cutoff of 2.0 > random
6 remain for module 7 with a cutoff of 2.0 > random
7 remain for module 8 with a cutoff of 2.0 > random
11 remain for module 9 with a cutoff of 2.0 > random
7 remain for module 10 with a cutoff of 2.0 > random
10 remain for module 11 with a cutoff of 2.0 > random
13 remain for module 12 with a cutoff of 2.0 > random
16 remain for module 13 with a cutoff of 2.0 > random
8 remain for module 14 with a cutoff of 2.0 > random
8 remain for module 15 with a cutoff of 2.0 > random
10 remain for module 16 with a cutoff of 2.0 > random
3 remain for module 17 with a cutoff of 2.0 > random
9 remain for module 18 with a cutoff of 2.0 > random
3 remain for module 19 with a cutoff of 2.0 > random
10 remain for module 20 with a cutoff of 2.0 > random
5 remain for module 21 with a cutoff of 2.0 > random
8 remain for module 22 with a cutoff of 2.0 > random
5 remain for module 23 with a cutoff of 2.0 > random
10 remain for module 24 with a cutoff of 2.0 > random
7 remain for module 25 with a cutoff of 2.0 > random
6 remain for module 26 with a cutoff of 2.0 > random
Processing ./Lemon_out/Metabolites.fold2.0x_permodule.txt: 4 columns
Written 27 clusters to ./ModuleViewer_files/Metabolites.selected_regs_list.txt
Saved distribution plot to: Networks/Metabolites.selected_regs_list_distribution_plot.png

================================================================================
STEP 3: NORMALIZING SELECTED REGULATOR SCORES (SUM NORMALIZATION)
Global sum normalization divides scores by the TOTAL sum of selected regulator scores,
then scales by 100 to make numbers more interpretable
Normalized scores OVERWRITE original selection files for downstream use
================================================================================

Normalizing selected hPTMs regulators (hPTMs)...
  Normalized 104 selected regulator-module pairs
  Original range: [4.4723, 78.5805]
  Original sum (all modules): 1620.5386
  Normalized sum (all modules): 1000.0000 (scaled to sum=1000 across all modules)
  Normalized range: [2.759790, 48.490376]
  Note: Scores now sum to ~100 across all modules (global normalization and scaling)
  Overwritten: ./Lemon_out/hPTMs.fold2.0x_permodule.txt

Normalizing selected Metabolites regulators (Metabolites)...
  Normalized 215 selected regulator-module pairs
  Original range: [2.4935, 62.6672]
  Original sum (all modules): 2159.2052
  Normalized sum (all modules): 1000.0000 (scaled to sum=1000 across all modules)
  Normalized range: [1.154833, 29.023284]
  Note: Scores now sum to ~100 across all modules (global normalization and scaling)
  Overwritten: ./Lemon_out/Metabolites.fold2.0x_permodule.txt

================================================================================
STEP 4: Creating list files and distribution plots
================================================================================

================================================================================
STEP 5: Creating cluster list files
================================================================================
Processing ./Lemon_out/tight_clusters.txt: 2 columns
Written 27 clusters to ./ModuleViewer_files/clusters_list.txt
  Copied selected regulator scores: ./ModuleViewer_files/hPTMs.selected_regulators_scores.txt
  Copied selected regulator scores: ./ModuleViewer_files/Metabolites.selected_regulators_scores.txt

================================================================================
STEP 6: Loading module-gene mappings
================================================================================
Found 27 modules

================================================================================
STEP 7: Calculating module coherence
================================================================================
Loaded expression data: (1000, 100)
Calculating module coherence scores...
Module 2: Low coherence (0.275 < 0.5), marking for removal
Module 3: Low coherence (0.499 < 0.5), marking for removal
Module 5: Low coherence (0.435 < 0.5), marking for removal
Module 6: Low coherence (0.298 < 0.5), marking for removal
Module 10: Low coherence (0.430 < 0.5), marking for removal
Module 11: Low coherence (0.240 < 0.5), marking for removal
Module 13: Low coherence (0.260 < 0.5), marking for removal
Module 17: Low coherence (0.375 < 0.5), marking for removal
Module 19: Low coherence (0.330 < 0.5), marking for removal
Module 21: Low coherence (0.403 < 0.5), marking for removal
Module 22: Low coherence (0.243 < 0.5), marking for removal
Module 23: Low coherence (0.256 < 0.5), marking for removal
Module 24: Low coherence (0.435 < 0.5), marking for removal
Module 25: Low coherence (0.335 < 0.5), marking for removal
Module 26: Low coherence (0.433 < 0.5), marking for removal
Original number of modules: 27
Modules after coherence filtering: 12
Saved coherence scores to: ./Networks/Module_coherence_scores.txt
   Module  coherence_score
0       7         0.735504
1      18         0.659155
2      15         0.645939
3       1         0.635145
4      20         0.592571
5      14         0.591520
6      12         0.590949
7       9         0.576053
8      16         0.561359
9       4         0.554224
10      8         0.548577
11      0         0.504747

================================================================================
STEP 9: Defining modules for network construction
================================================================================
12 modules in specific_modules
================================================================================
SUMMARY OF MODULE FILTERING AND PRIORITIZATION
================================================================================
Original number of modules: 27
Modules removed due to low coherence (< 0.5): 15
Modules remaining after coherence filtering: 12

Prioritization method: Module coherence scores
All coherence-filtered modules used for network construction: 12

Final network will be built using 12 modules
Coherence threshold used: 0.5
Regulator selection method: fold_per_module
Method suffix: fold2.0x_permodule

IMPORTANT: No modules are removed based on expression significance.
Modules are only filtered by coherence, then ordered by coherence scores.
================================================================================

================================================================================
STEP 11: Building regulatory network
================================================================================
Building network for 12 selected modules
Modules to keep: ['7', '18', '15', '1', '20', '14', '12', '9', '16', '4']...
Network saved to: ./Networks/LemonNetwork_fold2.0x_permodule_12modules.txt
The network contains 274 unique genes.
The network contains 33 unique hPTMs regulators.
The network contains 81 unique Metabolites regulators.

================================================================================
STEP 12: Creating regulator-target mappings
================================================================================
  hPTMs: 33 regulators
  Metabolites: 81 regulators
  hPTMs: 33 regulators -> ./Networks/hPTMs2targets_fold2.0x_permodule_12_modules.txt
  Metabolites: 81 regulators -> ./Networks/Metabolites2targets_fold2.0x_permodule_12_modules.txt

================================================================================
STEP 13: Creating ranked regulator files
================================================================================
  Top hPTMs regulators:
            Regulator  ...                                            Targets
18   H31_[27]_(K)_Me3  ...  PTK2B|FMNL1|FAM114A2|CORO7|RAP1GDS1|ITGB2|PIK3...
1     H1_[16]_(K)_Me3  ...  COG6|RFX1|MAP2K7|RPL28|USO1|LSM3|NMNAT1|PRPF38...
30  H4_[20]_(K)_Unmod  ...  HACL1|UBE2J1|FABP5|PRIM2|SF1|BCL2|TMEM161A|TME...
14    H31_[14]_(K)_Ac  ...  MPG|GGT1|CHMP2A|LCP2|ABR|WDFY4|TNFAIP2|HNRNPLL...
31      H4_[8]_(K)_Ac  ...  CD4|TYROBP|HLA-C|YIPF3|PAAF1|SEMA4C|LMBRD1|TME...

[5 rows x 6 columns]
  Saved: ./Networks/Network_fold2.0x_permodule_12_modules_hPTMs_ranked_regulators.txt
  Top Metabolites regulators:
                  Regulator  ...                                            Targets
26              choline_C18  ...  COG6|RFX1|MAP2K7|RPL28|USO1|LSM3|NMNAT1|PRPF38...
78   propionylcarnitine_C18  ...  PTK2B|FMNL1|FAM114A2|CORO7|RAP1GDS1|ITGB2|PIK3...
75     pantothenic_acid_C18  ...  MPG|GGT1|CHMP2A|LCP2|ABR|WDFY4|TNFAIP2|HNRNPLL...
47        l____carnitine_HI  ...  COG6|RFX1|MAP2K7|RPL28|USO1|LSM3|NMNAT1|PRPF38...
62  n8_acetylspermidine_C18  ...  HSPG2|STAT5A|PRKAG1|CCDC90B|MCUR1|TMBIM1|CD151...

[5 rows x 6 columns]
  Saved: ./Networks/Network_fold2.0x_permodule_12_modules_Metabolites_ranked_regulators.txt

================================================================================
STEP 14: Creating Cytoscape network files
================================================================================
Creating Cytoscape files for 12 modules: [7, 18, 15, 1, 20, 14, 12, 9, 16, 4]...
hPTMs regulators: 41 interactions for filtered modules
Metabolites regulators: 103 interactions for filtered modules
Created Cytoscape files for 114 regulators and 12 modules

================================================================================
STEP 15: Creating filtered distribution plots
================================================================================
Saved plot for 33 unique regulators
Saved plot for 81 unique regulators

================================================================================
Network generation completed successfully for run: minW0p15
================================================================================

