=== Files staged by Nextflow ===
total 36
drwxr-xr-x 6 borisvdm users  4096 Apr 30 15:12 .
drwxr-xr-x 4 borisvdm users    82 Apr 30 15:12 ..
lrwxrwxrwx 1 borisvdm users   113 Apr 30 15:12 clusters_list.txt -> /home/borisvdm/repo/LemonIte/nextflow/work/44/ada7a617fd70cfabe613f4ca6078dc/ModuleViewer_files/clusters_list.txt
-rw-r--r-- 1 borisvdm users     0 Apr 30 15:12 .command.begin
-rw-r--r-- 1 borisvdm users     0 Apr 30 15:12 .command.err
-rw-r--r-- 1 borisvdm users    33 Apr 30 15:12 .command.log
-rw-r--r-- 1 borisvdm users    33 Apr 30 15:12 .command.out
-rw-r--r-- 1 borisvdm users 13387 Apr 30 15:12 .command.run
-rw-r--r-- 1 borisvdm users  4348 Apr 30 15:12 .command.sh
-rw-r--r-- 1 borisvdm users     0 Apr 30 15:12 .command.trace
lrwxrwxrwx 1 borisvdm users   107 Apr 30 15:12 DESeq_groups.txt -> /home/borisvdm/repo/LemonIte/nextflow/work/52/3b39a72652dd6f2936215c113a33e1/Preprocessing/DESeq_groups.txt
lrwxrwxrwx 1 borisvdm users   124 Apr 30 15:12 expression_variance_histogram.pdf -> /home/borisvdm/repo/LemonIte/nextflow/work/52/3b39a72652dd6f2936215c113a33e1/Preprocessing/expression_variance_histogram.pdf
drwxr-xr-x 2 borisvdm users     6 Apr 30 15:12 Lemon_out
lrwxrwxrwx 1 borisvdm users   121 Apr 30 15:12 LemonPreprocessed_complete.txt -> /home/borisvdm/repo/LemonIte/nextflow/work/52/3b39a72652dd6f2936215c113a33e1/Preprocessing/LemonPreprocessed_complete.txt
lrwxrwxrwx 1 borisvdm users   123 Apr 30 15:12 LemonPreprocessed_expression.txt -> /home/borisvdm/repo/LemonIte/nextflow/work/52/3b39a72652dd6f2936215c113a33e1/Preprocessing/LemonPreprocessed_expression.txt
lrwxrwxrwx 1 borisvdm users   125 Apr 30 15:12 LemonPreprocessed_metabolomics.txt -> /home/borisvdm/repo/LemonIte/nextflow/work/52/3b39a72652dd6f2936215c113a33e1/Preprocessing/LemonPreprocessed_metabolomics.txt
lrwxrwxrwx 1 borisvdm users   130 Apr 30 15:12 Metabolites.selected_regs_list.txt -> /home/borisvdm/repo/LemonIte/nextflow/work/44/ada7a617fd70cfabe613f4ca6078dc/ModuleViewer_files/Metabolites.selected_regs_list.txt
lrwxrwxrwx 1 borisvdm users   138 Apr 30 15:12 Metabolites.selected_regulators_scores.txt -> /home/borisvdm/repo/LemonIte/nextflow/work/44/ada7a617fd70cfabe613f4ca6078dc/ModuleViewer_files/Metabolites.selected_regulators_scores.txt
lrwxrwxrwx 1 borisvdm users   106 Apr 30 15:12 metabolites.txt -> /home/borisvdm/repo/LemonIte/nextflow/work/52/3b39a72652dd6f2936215c113a33e1/Preprocessing/metabolites.txt
drwxr-xr-x 2 borisvdm users     6 Apr 30 15:12 ModuleViewer_files
lrwxrwxrwx 1 borisvdm users   103 Apr 30 15:12 name_map.csv -> /home/borisvdm/repo/LemonIte/nextflow/work/52/3b39a72652dd6f2936215c113a33e1/Preprocessing/name_map.csv
lrwxrwxrwx 1 borisvdm users   107 Apr 30 15:12 name_mapping.tsv -> /home/borisvdm/repo/LemonIte/nextflow/work/52/3b39a72652dd6f2936215c113a33e1/Preprocessing/name_mapping.tsv
drwxr-xr-x 3 borisvdm users    25 Apr 30 15:12 Networks
lrwxrwxrwx 1 borisvdm users   117 Apr 30 15:12 Normalized_metabolites.pdf -> /home/borisvdm/repo/LemonIte/nextflow/work/52/3b39a72652dd6f2936215c113a33e1/Preprocessing/Normalized_metabolites.pdf
lrwxrwxrwx 1 borisvdm users   110 Apr 30 15:12 PCA_metabolites.pdf -> /home/borisvdm/repo/LemonIte/nextflow/work/52/3b39a72652dd6f2936215c113a33e1/Preprocessing/PCA_metabolites.pdf
lrwxrwxrwx 1 borisvdm users   114 Apr 30 15:12 PCA_transcriptomics.pdf -> /home/borisvdm/repo/LemonIte/nextflow/work/52/3b39a72652dd6f2936215c113a33e1/Preprocessing/PCA_transcriptomics.pdf
drwxr-xr-x 2 borisvdm users     6 Apr 30 15:12 Preprocessing
lrwxrwxrwx 1 borisvdm users   114 Apr 30 15:12 sample_mapping.mvf -> /home/borisvdm/repo/LemonIte/nextflow/work/44/ada7a617fd70cfabe613f4ca6078dc/ModuleViewer_files/sample_mapping.mvf
lrwxrwxrwx 1 borisvdm users   122 Apr 30 15:12 TFs.selected_regs_list.txt -> /home/borisvdm/repo/LemonIte/nextflow/work/44/ada7a617fd70cfabe613f4ca6078dc/ModuleViewer_files/TFs.selected_regs_list.txt
lrwxrwxrwx 1 borisvdm users   130 Apr 30 15:12 TFs.selected_regulators_scores.txt -> /home/borisvdm/repo/LemonIte/nextflow/work/44/ada7a617fd70cfabe613f4ca6078dc/ModuleViewer_files/TFs.selected_regulators_scores.txt
lrwxrwxrwx 1 borisvdm users    98 Apr 30 15:12 tfs.txt -> /home/borisvdm/repo/LemonIte/nextflow/work/52/3b39a72652dd6f2936215c113a33e1/Preprocessing/tfs.txt
=================================
=== ModuleViewer_files contents ===
total 104
drwxr-xr-x 2 borisvdm users  4096 Apr 30 15:12 .
drwxr-xr-x 6 borisvdm users  4096 Apr 30 15:12 ..
-rw-r--r-- 1 borisvdm users 38228 Apr 30 15:12 clusters_list.txt
-rw-r--r-- 1 borisvdm users  3933 Apr 30 15:12 Metabolites.selected_regs_list.txt
-rw-r--r-- 1 borisvdm users  9475 Apr 30 15:12 Metabolites.selected_regulators_scores.txt
-rw-r--r-- 1 borisvdm users  1304 Apr 30 15:12 sample_mapping.mvf
-rw-r--r-- 1 borisvdm users  5552 Apr 30 15:12 TFs.selected_regs_list.txt
-rw-r--r-- 1 borisvdm users 27283 Apr 30 15:12 TFs.selected_regulators_scores.txt
=== Preprocessing contents ===
total 8424
drwxr-xr-x 2 borisvdm users    4096 Apr 30 15:12 .
drwxr-xr-x 6 borisvdm users    4096 Apr 30 15:12 ..
-rw-r--r-- 1 borisvdm users    1156 Apr 30 15:12 DESeq_groups.txt
-rw-r--r-- 1 borisvdm users   10178 Apr 30 15:12 expression_variance_histogram.pdf
-rw-r--r-- 1 borisvdm users 4264576 Apr 30 15:12 LemonPreprocessed_complete.txt
-rw-r--r-- 1 borisvdm users 4080745 Apr 30 15:12 LemonPreprocessed_expression.txt
-rw-r--r-- 1 borisvdm users  184436 Apr 30 15:12 LemonPreprocessed_metabolomics.txt
-rw-r--r-- 1 borisvdm users    1908 Apr 30 15:12 metabolites.txt
-rwxr-xr-x 1 borisvdm users    8995 Apr 30 15:12 name_map.csv
-rw-r--r-- 1 borisvdm users      17 Apr 30 15:12 name_mapping.tsv
-rw-r--r-- 1 borisvdm users    3611 Apr 30 15:12 Normalized_metabolites.pdf
-rw-r--r-- 1 borisvdm users   10159 Apr 30 15:12 PCA_metabolites.pdf
-rw-r--r-- 1 borisvdm users   10328 Apr 30 15:12 PCA_transcriptomics.pdf
-rw-r--r-- 1 borisvdm users    9088 Apr 30 15:12 tfs.txt
=================================
Warning: Multiple files found for TFs, using: ModuleViewer_files/TFs.selected_regs_list.txt
Found TFs regulators: ModuleViewer_files/TFs.selected_regs_list.txt
Warning: Multiple files found for Metabolites, using: ModuleViewer_files/Metabolites.selected_regs_list.txt
Found Metabolites regulators: ModuleViewer_files/Metabolites.selected_regs_list.txt
Creating subnetwork visualization graphs...
Using metabolite mapping file: ./Preprocessing/name_map.csv
Using name mapping file for original name restoration: ./Preprocessing/name_mapping.tsv
============================================================
Creating subnetwork visualizations
============================================================
Parsing regulator files: TFs:ModuleViewer_files/TFs.selected_regs_list.txt,Metabolites:ModuleViewer_files/Metabolites.selected_regs_list.txt
Found regulator types: ['TFs', 'Metabolites']
Reading TFs regulators from ModuleViewer_files/TFs.selected_regs_list.txt
Reading Metabolites regulators from ModuleViewer_files/Metabolites.selected_regs_list.txt
Reading module genes from ./Lemon_out/clusters_list.txt
Reading PKN from /home/borisvdm/repo/LemonIte/nextflow/PKN/Lemonite_PKN.tsv
PKN contains 41137 nodes and 1955213 edges
Reading metabolite mapping from ./Preprocessing/name_map.csv
Found 74 metabolite mappings
Loaded 0 name mappings for original name restoration

Creating subnetwork graphs for 104 modules
Module 0: 1 metabolites, 2 TFs, 71 targets.
Edge statistics: {'PPI': 1, 'Metabolic_pathway': 1}

Cytoscape files with categorized edges saved for module 0:
  Edges: ./Networks/cytoscape/module_0_edges_categorized.tsv
  Attributes: ./Networks/cytoscape/module_0_attributes.tsv
Module 1: 1 metabolites, 7 TFs, 68 targets.
Edge statistics: {'PPI': 2, 'Metabolic_pathway': 2}

Cytoscape files with categorized edges saved for module 1:
  Edges: ./Networks/cytoscape/module_1_edges_categorized.tsv
  Attributes: ./Networks/cytoscape/module_1_attributes.tsv
Module 10: 1 metabolites, 11 TFs, 53 targets.
Edge statistics: {'PPI': 2, 'Ambiguous': 1}

Cytoscape files with categorized edges saved for module 10:
  Edges: ./Networks/cytoscape/module_10_edges_categorized.tsv
  Attributes: ./Networks/cytoscape/module_10_attributes.tsv
Module 100: 2 metabolites, 3 TFs, 15 targets.
Edge statistics: {'PPI': 2, 'Metabolic_pathway': 2}

Cytoscape files with categorized edges saved for module 100:
  Edges: ./Networks/cytoscape/module_100_edges_categorized.tsv
  Attributes: ./Networks/cytoscape/module_100_attributes.tsv
Module 101: 1 metabolites, 10 TFs, 10 targets.
Edge statistics: {'PPI': 9, 'Metabolic_pathway': 4}

Cytoscape files with categorized edges saved for module 101:
  Edges: ./Networks/cytoscape/module_101_edges_categorized.tsv
  Attributes: ./Networks/cytoscape/module_101_attributes.tsv
Module 102: 2 metabolites, 12 TFs, 11 targets.
Edge statistics: {'PPI': 27, 'Metabolic_pathway': 6, 'Ambiguous': 1}

Cytoscape files with categorized edges saved for module 102:
  Edges: ./Networks/cytoscape/module_102_edges_categorized.tsv
  Attributes: ./Networks/cytoscape/module_102_attributes.tsv
Module 103: 1 metabolites, 7 TFs, 10 targets.
No valid connections for module 103.
Module 11: 3 metabolites, 8 TFs, 45 targets.
Edge statistics: {'PPI': 14, 'Metabolic_pathway': 4}

Cytoscape files with categorized edges saved for module 11:
  Edges: ./Networks/cytoscape/module_11_edges_categorized.tsv
  Attributes: ./Networks/cytoscape/module_11_attributes.tsv
Module 12: 3 metabolites, 6 TFs, 66 targets.
No valid connections for module 12.
Module 13: 5 metabolites, 8 TFs, 91 targets.
Edge statistics: {'Metabolic_pathway': 6, 'PPI': 12, 'Ambiguous': 1}

Cytoscape files with categorized edges saved for module 13:
  Edges: ./Networks/cytoscape/module_13_edges_categorized.tsv
  Attributes: ./Networks/cytoscape/module_13_attributes.tsv
Module 14: 2 metabolites, 11 TFs, 35 targets.
Edge statistics: {'PPI': 15, 'Metabolic_pathway': 6}

Cytoscape files with categorized edges saved for module 14:
  Edges: ./Networks/cytoscape/module_14_edges_categorized.tsv
  Attributes: ./Networks/cytoscape/module_14_attributes.tsv
Module 15: 4 metabolites, 8 TFs, 50 targets.
Edge statistics: {'PPI': 6, 'Metabolic_pathway': 4}

Cytoscape files with categorized edges saved for module 15:
  Edges: ./Networks/cytoscape/module_15_edges_categorized.tsv
  Attributes: ./Networks/cytoscape/module_15_attributes.tsv
Module 16: 3 metabolites, 11 TFs, 159 targets.
Edge statistics: {'Metabolic_pathway': 4, 'PPI': 6}

Cytoscape files with categorized edges saved for module 16:
  Edges: ./Networks/cytoscape/module_16_edges_categorized.tsv
  Attributes: ./Networks/cytoscape/module_16_attributes.tsv
Module 17: 3 metabolites, 13 TFs, 42 targets.
Edge statistics: {'PPI': 13, 'Metabolic_pathway': 14}

Cytoscape files with categorized edges saved for module 17:
  Edges: ./Networks/cytoscape/module_17_edges_categorized.tsv
  Attributes: ./Networks/cytoscape/module_17_attributes.tsv
Module 18: 2 metabolites, 1 TFs, 26 targets.
Edge statistics: {'PPI': 3, 'Metabolic_pathway': 1}

Cytoscape files with categorized edges saved for module 18:
  Edges: ./Networks/cytoscape/module_18_edges_categorized.tsv
  Attributes: ./Networks/cytoscape/module_18_attributes.tsv
Module 19: 3 metabolites, 10 TFs, 43 targets.
No valid connections for module 19.
Module 2: 3 metabolites, 6 TFs, 65 targets.
Edge statistics: {'Metabolic_pathway': 13, 'PPI': 8}

Cytoscape files with categorized edges saved for module 2:
  Edges: ./Networks/cytoscape/module_2_edges_categorized.tsv
  Attributes: ./Networks/cytoscape/module_2_attributes.tsv
Module 20: 3 metabolites, 7 TFs, 36 targets.
Edge statistics: {'Metabolic_pathway': 5, 'PPI': 8}

Cytoscape files with categorized edges saved for module 20:
  Edges: ./Networks/cytoscape/module_20_edges_categorized.tsv
  Attributes: ./Networks/cytoscape/module_20_attributes.tsv
Module 21: 1 metabolites, 10 TFs, 48 targets.
Edge statistics: {'Metabolic_pathway': 6, 'PPI': 12}

Cytoscape files with categorized edges saved for module 21:
  Edges: ./Networks/cytoscape/module_21_edges_categorized.tsv
  Attributes: ./Networks/cytoscape/module_21_attributes.tsv
Module 22: 4 metabolites, 9 TFs, 124 targets.
Edge statistics: {'Metabolic_pathway': 25, 'PPI': 28, 'Ambiguous': 1}

Cytoscape files with categorized edges saved for module 22:
  Edges: ./Networks/cytoscape/module_22_edges_categorized.tsv
  Attributes: ./Networks/cytoscape/module_22_attributes.tsv
Module 23: 5 metabolites, 8 TFs, 42 targets.
Edge statistics: {'Metabolic_pathway': 6, 'PPI': 10, 'Ambiguous': 1}

Cytoscape files with categorized edges saved for module 23:
  Edges: ./Networks/cytoscape/module_23_edges_categorized.tsv
  Attributes: ./Networks/cytoscape/module_23_attributes.tsv
Module 24: 1 metabolites, 6 TFs, 27 targets.
No valid connections for module 24.
Module 25: 2 metabolites, 9 TFs, 29 targets.
Edge statistics: {'PPI': 19, 'Ambiguous': 1, 'Metabolic_pathway': 5}

Cytoscape files with categorized edges saved for module 25:
  Edges: ./Networks/cytoscape/module_25_edges_categorized.tsv
  Attributes: ./Networks/cytoscape/module_25_attributes.tsv
Module 26: 0 metabolites, 9 TFs, 43 targets.
No valid connections for module 26.
Module 27: 1 metabolites, 13 TFs, 31 targets.
No valid connections for module 27.
Module 28: 6 metabolites, 9 TFs, 27 targets.
Edge statistics: {'Metabolic_pathway': 9, 'PPI': 26, 'Ambiguous': 3}

Cytoscape files with categorized edges saved for module 28:
  Edges: ./Networks/cytoscape/module_28_edges_categorized.tsv
  Attributes: ./Networks/cytoscape/module_28_attributes.tsv
Module 29: 1 metabolites, 5 TFs, 21 targets.
No valid connections for module 29.
Module 3: 1 metabolites, 10 TFs, 61 targets.
No valid connections for module 3.
Module 30: 0 metabolites, 11 TFs, 39 targets.
No valid connections for module 30.
Module 31: 2 metabolites, 9 TFs, 101 targets.
Edge statistics: {'Metabolic_pathway': 7, 'PPI': 16}

Cytoscape files with categorized edges saved for module 31:
  Edges: ./Networks/cytoscape/module_31_edges_categorized.tsv
  Attributes: ./Networks/cytoscape/module_31_attributes.tsv
Module 32: 2 metabolites, 9 TFs, 32 targets.
Edge statistics: {'PPI': 9, 'Metabolic_pathway': 5}

Cytoscape files with categorized edges saved for module 32:
  Edges: ./Networks/cytoscape/module_32_edges_categorized.tsv
  Attributes: ./Networks/cytoscape/module_32_attributes.tsv
Module 33: 2 metabolites, 6 TFs, 17 targets.
Edge statistics: {'PPI': 21, 'Metabolic_pathway': 4}

Cytoscape files with categorized edges saved for module 33:
  Edges: ./Networks/cytoscape/module_33_edges_categorized.tsv
  Attributes: ./Networks/cytoscape/module_33_attributes.tsv
Module 34: 3 metabolites, 10 TFs, 35 targets.
Edge statistics: {'PPI': 42, 'Metabolic_pathway': 17, 'Ambiguous': 2}

Cytoscape files with categorized edges saved for module 34:
  Edges: ./Networks/cytoscape/module_34_edges_categorized.tsv
  Attributes: ./Networks/cytoscape/module_34_attributes.tsv
Module 35: 3 metabolites, 9 TFs, 31 targets.
Edge statistics: {'PPI': 4, 'Metabolic_pathway': 3}

Cytoscape files with categorized edges saved for module 35:
  Edges: ./Networks/cytoscape/module_35_edges_categorized.tsv
  Attributes: ./Networks/cytoscape/module_35_attributes.tsv
Module 36: 4 metabolites, 8 TFs, 29 targets.
Edge statistics: {'PPI': 4, 'Metabolic_pathway': 2}

Cytoscape files with categorized edges saved for module 36:
  Edges: ./Networks/cytoscape/module_36_edges_categorized.tsv
  Attributes: ./Networks/cytoscape/module_36_attributes.tsv
Module 37: 1 metabolites, 6 TFs, 28 targets.
No valid connections for module 37.
Module 38: 2 metabolites, 10 TFs, 31 targets.
Edge statistics: {'PPI': 4, 'Metabolic_pathway': 3}

Cytoscape files with categorized edges saved for module 38:
  Edges: ./Networks/cytoscape/module_38_edges_categorized.tsv
  Attributes: ./Networks/cytoscape/module_38_attributes.tsv
Module 39: 2 metabolites, 6 TFs, 26 targets.
Edge statistics: {'PPI': 12, 'Metabolic_pathway': 8}

Cytoscape files with categorized edges saved for module 39:
  Edges: ./Networks/cytoscape/module_39_edges_categorized.tsv
  Attributes: ./Networks/cytoscape/module_39_attributes.tsv
Module 4: 2 metabolites, 6 TFs, 62 targets.
Edge statistics: {'Metabolic_pathway': 13, 'PPI': 20}

Cytoscape files with categorized edges saved for module 4:
  Edges: ./Networks/cytoscape/module_4_edges_categorized.tsv
  Attributes: ./Networks/cytoscape/module_4_attributes.tsv
Module 40: 1 metabolites, 5 TFs, 21 targets.
Edge statistics: {'PPI': 5, 'Metabolic_pathway': 3}

Cytoscape files with categorized edges saved for module 40:
  Edges: ./Networks/cytoscape/module_40_edges_categorized.tsv
  Attributes: ./Networks/cytoscape/module_40_attributes.tsv
Module 41: 2 metabolites, 10 TFs, 26 targets.
Edge statistics: {'PPI': 11, 'Causal': 1, 'Ambiguous': 1, 'Metabolic_pathway': 3}

Cytoscape files with categorized edges saved for module 41:
  Edges: ./Networks/cytoscape/module_41_edges_categorized.tsv
  Attributes: ./Networks/cytoscape/module_41_attributes.tsv
Module 42: 2 metabolites, 6 TFs, 33 targets.
Edge statistics: {'PPI': 14, 'Metabolic_pathway': 3, 'Ambiguous': 1}

Cytoscape files with categorized edges saved for module 42:
  Edges: ./Networks/cytoscape/module_42_edges_categorized.tsv
  Attributes: ./Networks/cytoscape/module_42_attributes.tsv
Module 43: 3 metabolites, 9 TFs, 20 targets.
Edge statistics: {'Metabolic_pathway': 16, 'PPI': 45, 'Ambiguous': 2}

Cytoscape files with categorized edges saved for module 43:
  Edges: ./Networks/cytoscape/module_43_edges_categorized.tsv
  Attributes: ./Networks/cytoscape/module_43_attributes.tsv
Module 44: 3 metabolites, 11 TFs, 32 targets.
Edge statistics: {'PPI': 1, 'Ambiguous': 1}

Cytoscape files with categorized edges saved for module 44:
  Edges: ./Networks/cytoscape/module_44_edges_categorized.tsv
  Attributes: ./Networks/cytoscape/module_44_attributes.tsv
Module 45: 3 metabolites, 8 TFs, 18 targets.
Edge statistics: {'PPI': 7, 'Metabolic_pathway': 3, 'Causal': 1}

Cytoscape files with categorized edges saved for module 45:
  Edges: ./Networks/cytoscape/module_45_edges_categorized.tsv
  Attributes: ./Networks/cytoscape/module_45_attributes.tsv
Module 46: 1 metabolites, 13 TFs, 66 targets.
Edge statistics: {'Metabolic_pathway': 3, 'PPI': 3}

Cytoscape files with categorized edges saved for module 46:
  Edges: ./Networks/cytoscape/module_46_edges_categorized.tsv
  Attributes: ./Networks/cytoscape/module_46_attributes.tsv
Module 47: 2 metabolites, 4 TFs, 44 targets.
Edge statistics: {'Metabolic_pathway': 3, 'PPI': 4, 'Ambiguous': 1}

Cytoscape files with categorized edges saved for module 47:
  Edges: ./Networks/cytoscape/module_47_edges_categorized.tsv
  Attributes: ./Networks/cytoscape/module_47_attributes.tsv
Module 48: 1 metabolites, 6 TFs, 46 targets.
Edge statistics: {'Metabolic_pathway': 3, 'PPI': 3}

Cytoscape files with categorized edges saved for module 48:
  Edges: ./Networks/cytoscape/module_48_edges_categorized.tsv
  Attributes: ./Networks/cytoscape/module_48_attributes.tsv
Module 49: 3 metabolites, 13 TFs, 16 targets.
Edge statistics: {'PPI': 19, 'Metabolic_pathway': 8, 'Ambiguous': 2}

Cytoscape files with categorized edges saved for module 49:
  Edges: ./Networks/cytoscape/module_49_edges_categorized.tsv
  Attributes: ./Networks/cytoscape/module_49_attributes.tsv
Module 5: 3 metabolites, 3 TFs, 47 targets.
Edge statistics: {'Metabolic_pathway': 6, 'PPI': 4}

Cytoscape files with categorized edges saved for module 5:
  Edges: ./Networks/cytoscape/module_5_edges_categorized.tsv
  Attributes: ./Networks/cytoscape/module_5_attributes.tsv
Module 50: 2 metabolites, 8 TFs, 29 targets.
Edge statistics: {'PPI': 2, 'Metabolic_pathway': 4}

Cytoscape files with categorized edges saved for module 50:
  Edges: ./Networks/cytoscape/module_50_edges_categorized.tsv
  Attributes: ./Networks/cytoscape/module_50_attributes.tsv
Module 51: 3 metabolites, 9 TFs, 19 targets.
Edge statistics: {'PPI': 13, 'Metabolic_pathway': 5}

Cytoscape files with categorized edges saved for module 51:
  Edges: ./Networks/cytoscape/module_51_edges_categorized.tsv
  Attributes: ./Networks/cytoscape/module_51_attributes.tsv
Module 52: 4 metabolites, 5 TFs, 18 targets.
Edge statistics: {'Metabolic_pathway': 4, 'PPI': 6}

Cytoscape files with categorized edges saved for module 52:
  Edges: ./Networks/cytoscape/module_52_edges_categorized.tsv
  Attributes: ./Networks/cytoscape/module_52_attributes.tsv
Module 53: 3 metabolites, 10 TFs, 22 targets.
No valid connections for module 53.
Module 54: 4 metabolites, 14 TFs, 183 targets.
Edge statistics: {'Metabolic_pathway': 29, 'PPI': 52, 'Ambiguous': 3}

Cytoscape files with categorized edges saved for module 54:
  Edges: ./Networks/cytoscape/module_54_edges_categorized.tsv
  Attributes: ./Networks/cytoscape/module_54_attributes.tsv
Module 55: 1 metabolites, 8 TFs, 10 targets.
No valid connections for module 55.
Module 56: 5 metabolites, 8 TFs, 141 targets.
Edge statistics: {'Metabolic_pathway': 38, 'PPI': 44, 'Ambiguous': 1}

Cytoscape files with categorized edges saved for module 56:
  Edges: ./Networks/cytoscape/module_56_edges_categorized.tsv
  Attributes: ./Networks/cytoscape/module_56_attributes.tsv
Module 57: 3 metabolites, 6 TFs, 23 targets.
Edge statistics: {'PPI': 10, 'Metabolic_pathway': 6}

Cytoscape files with categorized edges saved for module 57:
  Edges: ./Networks/cytoscape/module_57_edges_categorized.tsv
  Attributes: ./Networks/cytoscape/module_57_attributes.tsv
Module 58: 0 metabolites, 6 TFs, 14 targets.
No valid connections for module 58.
Module 59: 0 metabolites, 8 TFs, 58 targets.
No valid connections for module 59.
Module 6: 3 metabolites, 15 TFs, 65 targets.
Edge statistics: {'PPI': 6, 'Causal': 2}

Cytoscape files with categorized edges saved for module 6:
  Edges: ./Networks/cytoscape/module_6_edges_categorized.tsv
  Attributes: ./Networks/cytoscape/module_6_attributes.tsv
Module 60: 3 metabolites, 9 TFs, 1040 targets.
Edge statistics: {'Metabolic_pathway': 32, 'Ambiguous': 1, 'PPI': 27}

Cytoscape files with categorized edges saved for module 60:
  Edges: ./Networks/cytoscape/module_60_edges_categorized.tsv
  Attributes: ./Networks/cytoscape/module_60_attributes.tsv
Module 61: 3 metabolites, 10 TFs, 11 targets.
Edge statistics: {'PPI': 11, 'Metabolic_pathway': 6}

Cytoscape files with categorized edges saved for module 61:
  Edges: ./Networks/cytoscape/module_61_edges_categorized.tsv
  Attributes: ./Networks/cytoscape/module_61_attributes.tsv
Module 62: 1 metabolites, 12 TFs, 96 targets.
Edge statistics: {'PPI': 6, 'Metabolic_pathway': 3, 'Ambiguous': 1}

Cytoscape files with categorized edges saved for module 62:
  Edges: ./Networks/cytoscape/module_62_edges_categorized.tsv
  Attributes: ./Networks/cytoscape/module_62_attributes.tsv
Module 63: 2 metabolites, 9 TFs, 29 targets.
Edge statistics: {'Metabolic_pathway': 9, 'PPI': 26, 'Causal': 1, 'Ambiguous': 1}

Cytoscape files with categorized edges saved for module 63:
  Edges: ./Networks/cytoscape/module_63_edges_categorized.tsv
  Attributes: ./Networks/cytoscape/module_63_attributes.tsv
Module 64: 2 metabolites, 9 TFs, 40 targets.
Edge statistics: {'PPI': 16, 'Metabolic_pathway': 10}

Cytoscape files with categorized edges saved for module 64:
  Edges: ./Networks/cytoscape/module_64_edges_categorized.tsv
  Attributes: ./Networks/cytoscape/module_64_attributes.tsv
Module 65: 1 metabolites, 7 TFs, 11 targets.
Edge statistics: {'PPI': 4, 'Metabolic_pathway': 3}

Cytoscape files with categorized edges saved for module 65:
  Edges: ./Networks/cytoscape/module_65_edges_categorized.tsv
  Attributes: ./Networks/cytoscape/module_65_attributes.tsv
Module 66: 3 metabolites, 14 TFs, 131 targets.
Edge statistics: {'Metabolic_pathway': 8, 'PPI': 20, 'Ambiguous': 1}

Cytoscape files with categorized edges saved for module 66:
  Edges: ./Networks/cytoscape/module_66_edges_categorized.tsv
  Attributes: ./Networks/cytoscape/module_66_attributes.tsv
Module 67: 3 metabolites, 8 TFs, 12 targets.
Edge statistics: {'Metabolic_pathway': 16, 'PPI': 31}

Cytoscape files with categorized edges saved for module 67:
  Edges: ./Networks/cytoscape/module_67_edges_categorized.tsv
  Attributes: ./Networks/cytoscape/module_67_attributes.tsv
Module 68: 4 metabolites, 5 TFs, 19 targets.
Edge statistics: {'PPI': 1, 'Metabolic_pathway': 1}

Cytoscape files with categorized edges saved for module 68:
  Edges: ./Networks/cytoscape/module_68_edges_categorized.tsv
  Attributes: ./Networks/cytoscape/module_68_attributes.tsv
Module 69: 2 metabolites, 8 TFs, 108 targets.
Edge statistics: {'Metabolic_pathway': 2, 'PPI': 3}

Cytoscape files with categorized edges saved for module 69:
  Edges: ./Networks/cytoscape/module_69_edges_categorized.tsv
  Attributes: ./Networks/cytoscape/module_69_attributes.tsv
Module 7: 6 metabolites, 14 TFs, 58 targets.
Edge statistics: {'Metabolic_pathway': 3, 'PPI': 3, 'Ambiguous': 1}

Cytoscape files with categorized edges saved for module 7:
  Edges: ./Networks/cytoscape/module_7_edges_categorized.tsv
  Attributes: ./Networks/cytoscape/module_7_attributes.tsv
Module 70: 4 metabolites, 3 TFs, 46 targets.
Edge statistics: {'PPI': 8, 'Metabolic_pathway': 4}

Cytoscape files with categorized edges saved for module 70:
  Edges: ./Networks/cytoscape/module_70_edges_categorized.tsv
  Attributes: ./Networks/cytoscape/module_70_attributes.tsv
Module 71: 2 metabolites, 16 TFs, 39 targets.
No valid connections for module 71.
Module 72: 4 metabolites, 7 TFs, 13 targets.
Edge statistics: {'PPI': 11, 'Metabolic_pathway': 4, 'Ambiguous': 3}

Cytoscape files with categorized edges saved for module 72:
  Edges: ./Networks/cytoscape/module_72_edges_categorized.tsv
  Attributes: ./Networks/cytoscape/module_72_attributes.tsv
Module 73: 1 metabolites, 3 TFs, 16 targets.
No valid connections for module 73.
Module 74: 0 metabolites, 4 TFs, 12 targets.
No valid connections for module 74.
Module 75: 5 metabolites, 10 TFs, 35 targets.
Edge statistics: {'Metabolic_pathway': 5, 'PPI': 18}

Cytoscape files with categorized edges saved for module 75:
  Edges: ./Networks/cytoscape/module_75_edges_categorized.tsv
  Attributes: ./Networks/cytoscape/module_75_attributes.tsv
Module 76: 2 metabolites, 7 TFs, 22 targets.
Edge statistics: {'PPI': 11, 'Ambiguous': 3, 'Metabolic_pathway': 5}

Cytoscape files with categorized edges saved for module 76:
  Edges: ./Networks/cytoscape/module_76_edges_categorized.tsv
  Attributes: ./Networks/cytoscape/module_76_attributes.tsv
Module 77: 1 metabolites, 12 TFs, 18 targets.
No valid connections for module 77.
Module 78: 2 metabolites, 13 TFs, 35 targets.
Edge statistics: {'PPI': 17, 'Metabolic_pathway': 9, 'Ambiguous': 1}

Cytoscape files with categorized edges saved for module 78:
  Edges: ./Networks/cytoscape/module_78_edges_categorized.tsv
  Attributes: ./Networks/cytoscape/module_78_attributes.tsv
Module 79: 3 metabolites, 14 TFs, 553 targets.
Edge statistics: {'Metabolic_pathway': 12, 'Ambiguous': 1, 'PPI': 15}

Cytoscape files with categorized edges saved for module 79:
  Edges: ./Networks/cytoscape/module_79_edges_categorized.tsv
  Attributes: ./Networks/cytoscape/module_79_attributes.tsv
Module 8: 2 metabolites, 3 TFs, 37 targets.
Edge statistics: {'PPI': 4, 'Metabolic_pathway': 2}

Cytoscape files with categorized edges saved for module 8:
  Edges: ./Networks/cytoscape/module_8_edges_categorized.tsv
  Attributes: ./Networks/cytoscape/module_8_attributes.tsv
Module 80: 2 metabolites, 11 TFs, 13 targets.
Edge statistics: {'PPI': 2, 'Metabolic_pathway': 1}

Cytoscape files with categorized edges saved for module 80:
  Edges: ./Networks/cytoscape/module_80_edges_categorized.tsv
  Attributes: ./Networks/cytoscape/module_80_attributes.tsv
Module 81: 3 metabolites, 5 TFs, 11 targets.
No valid connections for module 81.
Module 82: 1 metabolites, 1 TFs, 27 targets.
No valid connections for module 82.
Module 83: 0 metabolites, 10 TFs, 22 targets.
No valid connections for module 83.
Module 84: 0 metabolites, 8 TFs, 23 targets.
No valid connections for module 84.
Module 85: 5 metabolites, 12 TFs, 384 targets.
Edge statistics: {'Metabolic_pathway': 9, 'PPI': 7, 'Ambiguous': 1}

Cytoscape files with categorized edges saved for module 85:
  Edges: ./Networks/cytoscape/module_85_edges_categorized.tsv
  Attributes: ./Networks/cytoscape/module_85_attributes.tsv
Module 86: 1 metabolites, 8 TFs, 27 targets.
No valid connections for module 86.
Module 87: 3 metabolites, 7 TFs, 16 targets.
Edge statistics: {'Metabolic_pathway': 2, 'PPI': 1}

Cytoscape files with categorized edges saved for module 87:
  Edges: ./Networks/cytoscape/module_87_edges_categorized.tsv
  Attributes: ./Networks/cytoscape/module_87_attributes.tsv
Module 88: 2 metabolites, 6 TFs, 147 targets.
Edge statistics: {'Metabolic_pathway': 4, 'PPI': 9}

Cytoscape files with categorized edges saved for module 88:
  Edges: ./Networks/cytoscape/module_88_edges_categorized.tsv
  Attributes: ./Networks/cytoscape/module_88_attributes.tsv
Module 89: 1 metabolites, 5 TFs, 15 targets.
No valid connections for module 89.
Module 9: 2 metabolites, 10 TFs, 94 targets.
No valid connections for module 9.
Module 90: 3 metabolites, 6 TFs, 16 targets.
Edge statistics: {'Metabolic_pathway': 4, 'PPI': 7}

Cytoscape files with categorized edges saved for module 90:
  Edges: ./Networks/cytoscape/module_90_edges_categorized.tsv
  Attributes: ./Networks/cytoscape/module_90_attributes.tsv
Module 91: 3 metabolites, 4 TFs, 13 targets.
Edge statistics: {'Metabolic_pathway': 6, 'PPI': 5}

Cytoscape files with categorized edges saved for module 91:
  Edges: ./Networks/cytoscape/module_91_edges_categorized.tsv
  Attributes: ./Networks/cytoscape/module_91_attributes.tsv
Module 92: 2 metabolites, 10 TFs, 13 targets.
Edge statistics: {'PPI': 8, 'Metabolic_pathway': 6}

Cytoscape files with categorized edges saved for module 92:
  Edges: ./Networks/cytoscape/module_92_edges_categorized.tsv
  Attributes: ./Networks/cytoscape/module_92_attributes.tsv
Module 93: 3 metabolites, 5 TFs, 11 targets.
No valid connections for module 93.
Module 94: 2 metabolites, 8 TFs, 15 targets.
Edge statistics: {'Metabolic_pathway': 6, 'PPI': 12}

Cytoscape files with categorized edges saved for module 94:
  Edges: ./Networks/cytoscape/module_94_edges_categorized.tsv
  Attributes: ./Networks/cytoscape/module_94_attributes.tsv
Module 95: 1 metabolites, 8 TFs, 10 targets.
Edge statistics: {'PPI': 11, 'Metabolic_pathway': 6}

Cytoscape files with categorized edges saved for module 95:
  Edges: ./Networks/cytoscape/module_95_edges_categorized.tsv
  Attributes: ./Networks/cytoscape/module_95_attributes.tsv
Module 96: 1 metabolites, 3 TFs, 11 targets.
No valid connections for module 96.
Module 97: 0 metabolites, 10 TFs, 12 targets.
No valid connections for module 97.
Module 98: 1 metabolites, 9 TFs, 17 targets.
Edge statistics: {'PPI': 2, 'Metabolic_pathway': 1}

Cytoscape files with categorized edges saved for module 98:
  Edges: ./Networks/cytoscape/module_98_edges_categorized.tsv
  Attributes: ./Networks/cytoscape/module_98_attributes.tsv
Module 99: 1 metabolites, 5 TFs, 13 targets.
No valid connections for module 99.
Subnetwork graphs created successfully
