Using bundled network from projectDir: /home/borisvdm/repo/LemonIte/nextflow/PKN/CollecTRI_network.txt
Found core files:
Expression: data/Counts.tsv
Metadata: data/Metadata.txt
Prior network: /home/borisvdm/repo/LemonIte/nextflow/PKN/CollecTRI_network.txt
Copied name_map.csv to Preprocessing directory
WARNING: ignoring environment value of R_HOME

 Regulator types configuration:
   - TFs: Lovering_TF_list.txt (continuous)
   - Metabolites: Metabolomics.txt (continuous)
Metadata columns to include: diagnosis 
   [OK] Using custom TF list: TFs (data/Lovering_TF_list.txt)
   [OK] Identified TF list: TFs
   [OK] Identified regulator data: Metabolites (Metabolomics.txt)
Starting preprocessing with the following parameters:
Expression file: data/Counts.tsv 
Metadata file: data/Metadata.txt 
TF list file: data/Lovering_TF_list.txt 
Metabolites file: data/Metabolomics.txt
Metadata file: data/Metadata.txt 
Output directory: . 
Top n variable genes: 5000 
Perform TFA: TRUE 
Prior network: /home/borisvdm/repo/LemonIte/nextflow/PKN/CollecTRI_network.txt 
TF list: data/Lovering_TF_list.txt 

=== TFA ANALYSIS PREREQUISITES CHECK ===
[OK] Prior network file found: /home/borisvdm/repo/LemonIte/nextflow/PKN/CollecTRI_network.txt 
[OK] TFA analysis will proceed using available network source
============================================

=== METADATA REQUIREMENTS VALIDATION ===
 Expected metadata structure for Lemonite pipeline:
   - Sample IDs as row names or in column: Sample_ID 
   - Required columns: diagnosis (or diagnosis )
   - Optional columns: sex, age, batch, biopsy_location
   - File format: Tab-separated (.txt)
   - Output: DESeq_groups.txt for downstream analysis
=============================================

Reading RNA-seq data...
Connecting to Ensembl BioMart...
Trying Ensembl server: https://www.ensembl.org
Successfully connected to: https://www.ensembl.org
Processing metadata and performing normalization...
 Metadata file loaded:
   - Dimensions: 74 samples x 10 columns
   - Available columns: Sample_ID, cause_of_death, gender, age_at_diagnosis, progression_or_recurrence, site_of_resection_or_biopsy, diagnosis2, sample_type, diagnosis, rna_wang_cancer_cell_2017 
[OK] Using metadata columns: diagnosis 
 Setting row names from column: Sample_ID 
 DESeq_groups structure:
   - Dimensions: 74 samples x 1 columns
   - Column 'diagnosis': 4 levels (IDH mutant, nmf1, nmf2)

 DESeq2 contrast analysis setup:
   - Contrast column: diagnosis 
   - Unique conditions: nmf3, nmf1, nmf2, IDH mutant 
   - Sample distribution:
     * IDH mutant: 6 samples
     * nmf1: 21 samples
     * nmf2: 28 samples
     * nmf3: 19 samples
Auto-detected 4 groups in 'diagnosis': using nmf1 vs IDH mutant for DESeq2 normalization
Note: All groups (IDH mutant, nmf1, nmf2, nmf3) will be used for clustering, this contrast is only for normalization
RNA-seq samples found: 74 
Metadata samples found: 74 
Sample ID column used: Sample_ID 
Sample ID values in metadata: C3L-00365, C3L-00674, C3L-00677, C3L-01043, C3L-01045 
Sample ID values in RNA-seq: C3L-00365, C3L-00674, C3L-00677, C3L-01043, C3L-01045 
Using design formula: ~ diagnosis 
Final DESeq_groups columns (for DESeq2): diagnosis 
All metadata columns (for visualization): diagnosis 
