=== Files staged by Nextflow ===
total 32
drwxr-xr-x 4 borisvdm users  4096 Apr 30 15:11 .
drwxr-xr-x 3 borisvdm users    44 Apr 30 15:11 ..
lrwxrwxrwx 1 borisvdm users    98 Apr 30 15:11 clusterfile -> /home/borisvdm/repo/LemonIte/nextflow/work/52/3b39a72652dd6f2936215c113a33e1/Lemon_out/clusterfile
-rw-r--r-- 1 borisvdm users     0 Apr 30 15:11 .command.begin
-rw-r--r-- 1 borisvdm users     0 Apr 30 15:11 .command.err
-rw-r--r-- 1 borisvdm users    33 Apr 30 15:11 .command.log
-rw-r--r-- 1 borisvdm users    33 Apr 30 15:11 .command.out
-rw-r--r-- 1 borisvdm users 14392 Apr 30 15:11 .command.run
-rw-r--r-- 1 borisvdm users  3017 Apr 30 15:11 .command.sh
-rw-r--r-- 1 borisvdm users     0 Apr 30 15:11 .command.trace
lrwxrwxrwx 1 borisvdm users   107 Apr 30 15:11 DESeq_groups.txt -> /home/borisvdm/repo/LemonIte/nextflow/work/52/3b39a72652dd6f2936215c113a33e1/Preprocessing/DESeq_groups.txt
lrwxrwxrwx 1 borisvdm users   124 Apr 30 15:11 expression_variance_histogram.pdf -> /home/borisvdm/repo/LemonIte/nextflow/work/52/3b39a72652dd6f2936215c113a33e1/Preprocessing/expression_variance_histogram.pdf
drwxr-xr-x 2 borisvdm users     6 Apr 30 15:11 Lemon_out
lrwxrwxrwx 1 borisvdm users   121 Apr 30 15:11 LemonPreprocessed_complete.txt -> /home/borisvdm/repo/LemonIte/nextflow/work/52/3b39a72652dd6f2936215c113a33e1/Preprocessing/LemonPreprocessed_complete.txt
lrwxrwxrwx 1 borisvdm users   123 Apr 30 15:11 LemonPreprocessed_expression.txt -> /home/borisvdm/repo/LemonIte/nextflow/work/52/3b39a72652dd6f2936215c113a33e1/Preprocessing/LemonPreprocessed_expression.txt
lrwxrwxrwx 1 borisvdm users   125 Apr 30 15:11 LemonPreprocessed_metabolomics.txt -> /home/borisvdm/repo/LemonIte/nextflow/work/52/3b39a72652dd6f2936215c113a33e1/Preprocessing/LemonPreprocessed_metabolomics.txt
lrwxrwxrwx 1 borisvdm users   100 Apr 30 15:11 Lemon_results -> /home/borisvdm/repo/LemonIte/nextflow/work/52/3b39a72652dd6f2936215c113a33e1/Lemon_out/Lemon_results
lrwxrwxrwx 1 borisvdm users   109 Apr 30 15:11 Metabolites.allreg.txt -> /home/borisvdm/repo/LemonIte/nextflow/work/52/3b39a72652dd6f2936215c113a33e1/Lemon_out/Metabolites.allreg.txt
lrwxrwxrwx 1 borisvdm users   112 Apr 30 15:11 Metabolites.randomreg.txt -> /home/borisvdm/repo/LemonIte/nextflow/work/52/3b39a72652dd6f2936215c113a33e1/Lemon_out/Metabolites.randomreg.txt
lrwxrwxrwx 1 borisvdm users   109 Apr 30 15:11 Metabolites.topreg.txt -> /home/borisvdm/repo/LemonIte/nextflow/work/52/3b39a72652dd6f2936215c113a33e1/Lemon_out/Metabolites.topreg.txt
lrwxrwxrwx 1 borisvdm users   106 Apr 30 15:11 metabolites.txt -> /home/borisvdm/repo/LemonIte/nextflow/work/52/3b39a72652dd6f2936215c113a33e1/Preprocessing/metabolites.txt
lrwxrwxrwx 1 borisvdm users   105 Apr 30 15:11 Metabolites.xml.gz -> /home/borisvdm/repo/LemonIte/nextflow/work/52/3b39a72652dd6f2936215c113a33e1/Lemon_out/Metabolites.xml.gz
lrwxrwxrwx 1 borisvdm users   103 Apr 30 15:11 name_map.csv -> /home/borisvdm/repo/LemonIte/nextflow/work/52/3b39a72652dd6f2936215c113a33e1/Preprocessing/name_map.csv
lrwxrwxrwx 1 borisvdm users   107 Apr 30 15:11 name_mapping.tsv -> /home/borisvdm/repo/LemonIte/nextflow/work/52/3b39a72652dd6f2936215c113a33e1/Preprocessing/name_mapping.tsv
lrwxrwxrwx 1 borisvdm users   117 Apr 30 15:11 Normalized_metabolites.pdf -> /home/borisvdm/repo/LemonIte/nextflow/work/52/3b39a72652dd6f2936215c113a33e1/Preprocessing/Normalized_metabolites.pdf
lrwxrwxrwx 1 borisvdm users   110 Apr 30 15:11 PCA_metabolites.pdf -> /home/borisvdm/repo/LemonIte/nextflow/work/52/3b39a72652dd6f2936215c113a33e1/Preprocessing/PCA_metabolites.pdf
lrwxrwxrwx 1 borisvdm users   114 Apr 30 15:11 PCA_transcriptomics.pdf -> /home/borisvdm/repo/LemonIte/nextflow/work/52/3b39a72652dd6f2936215c113a33e1/Preprocessing/PCA_transcriptomics.pdf
drwxr-xr-x 2 borisvdm users     6 Apr 30 15:11 Preprocessing
lrwxrwxrwx 1 borisvdm users   101 Apr 30 15:11 TFs.allreg.txt -> /home/borisvdm/repo/LemonIte/nextflow/work/52/3b39a72652dd6f2936215c113a33e1/Lemon_out/TFs.allreg.txt
lrwxrwxrwx 1 borisvdm users   104 Apr 30 15:11 TFs.randomreg.txt -> /home/borisvdm/repo/LemonIte/nextflow/work/52/3b39a72652dd6f2936215c113a33e1/Lemon_out/TFs.randomreg.txt
lrwxrwxrwx 1 borisvdm users   101 Apr 30 15:11 TFs.topreg.txt -> /home/borisvdm/repo/LemonIte/nextflow/work/52/3b39a72652dd6f2936215c113a33e1/Lemon_out/TFs.topreg.txt
lrwxrwxrwx 1 borisvdm users    98 Apr 30 15:11 tfs.txt -> /home/borisvdm/repo/LemonIte/nextflow/work/52/3b39a72652dd6f2936215c113a33e1/Preprocessing/tfs.txt
lrwxrwxrwx 1 borisvdm users    97 Apr 30 15:11 TFs.xml.gz -> /home/borisvdm/repo/LemonIte/nextflow/work/52/3b39a72652dd6f2936215c113a33e1/Lemon_out/TFs.xml.gz
lrwxrwxrwx 1 borisvdm users   105 Apr 30 15:11 tight_clusters.txt -> /home/borisvdm/repo/LemonIte/nextflow/work/52/3b39a72652dd6f2936215c113a33e1/Lemon_out/tight_clusters.txt
=================================
=== Available files before network generation ===
=== Lemon_out contents ===
total 12764
drwxr-xr-x 3 borisvdm users    4096 Apr 30 15:11 .
drwxr-xr-x 4 borisvdm users    4096 Apr 30 15:11 ..
-rw-r--r-- 1 borisvdm users     240 Apr 30 15:11 clusterfile
drwxr-xr-x 2 borisvdm users      91 Apr 30 15:11 Lemon_results
-rw-r--r-- 1 borisvdm users  329088 Apr 30 15:11 Metabolites.allreg.txt
-rw-r--r-- 1 borisvdm users  346270 Apr 30 15:11 Metabolites.randomreg.txt
-rw-r--r-- 1 borisvdm users    3442 Apr 30 15:11 Metabolites.topreg.txt
-rw-r--r-- 1 borisvdm users 4943198 Apr 30 15:11 Metabolites.xml.gz
-rw-r--r-- 1 borisvdm users  855709 Apr 30 15:11 TFs.allreg.txt
-rw-r--r-- 1 borisvdm users 1254088 Apr 30 15:11 TFs.randomreg.txt
-rw-r--r-- 1 borisvdm users    8533 Apr 30 15:11 TFs.topreg.txt
-rw-r--r-- 1 borisvdm users 5243333 Apr 30 15:11 TFs.xml.gz
-rw-r--r-- 1 borisvdm users   55406 Apr 30 15:11 tight_clusters.txt
Lemon_out/Metabolites.allreg.txt
Lemon_out/Metabolites.topreg.txt
Lemon_out/TFs.allreg.txt
Lemon_out/TFs.topreg.txt
=== Preprocessing contents ===
total 8424
drwxr-xr-x 2 borisvdm users    4096 Apr 30 15:11 .
drwxr-xr-x 4 borisvdm users    4096 Apr 30 15:11 ..
-rw-r--r-- 1 borisvdm users    1156 Apr 30 15:11 DESeq_groups.txt
-rw-r--r-- 1 borisvdm users   10178 Apr 30 15:11 expression_variance_histogram.pdf
-rw-r--r-- 1 borisvdm users 4264576 Apr 30 15:11 LemonPreprocessed_complete.txt
-rw-r--r-- 1 borisvdm users 4080745 Apr 30 15:11 LemonPreprocessed_expression.txt
-rw-r--r-- 1 borisvdm users  184436 Apr 30 15:11 LemonPreprocessed_metabolomics.txt
-rw-r--r-- 1 borisvdm users    1908 Apr 30 15:11 metabolites.txt
-rwxr-xr-x 1 borisvdm users    8995 Apr 30 15:11 name_map.csv
-rw-r--r-- 1 borisvdm users      17 Apr 30 15:11 name_mapping.tsv
-rw-r--r-- 1 borisvdm users    3611 Apr 30 15:11 Normalized_metabolites.pdf
-rw-r--r-- 1 borisvdm users   10159 Apr 30 15:11 PCA_metabolites.pdf
-rw-r--r-- 1 borisvdm users   10328 Apr 30 15:11 PCA_transcriptomics.pdf
-rw-r--r-- 1 borisvdm users    9088 Apr 30 15:11 tfs.txt
=================================================
Running network generation...

================================================================================
LEMONTREE TO NETWORK CONVERSION
================================================================================
Run ID: 2000HVG_coherence0.5_top2.0pct_clusters5
Input directory: .
Output directory: .
Regulator selection method: percentage
Method suffix: top2.0pct
Threshold value: 2.0
Coherence threshold: 0.5
Skip coherence filtering: False

================================================================================
REGULATOR CONFIGURATION
================================================================================
Available regulator types: 2
  [OK] TFs: TFs
  [OK] Metabolites: Metabolites

================================================================================
STEP 1: Creating sample mapping file
================================================================================
74 samples included in the analysis.
Found metadata column 'diagnosis' with 4 unique values: IDH mutant, nmf1, nmf2, nmf3
Created sample mapping with 1 metadata types: diagnosis

================================================================================
STEP 2: REGULATOR SELECTION (PERCENTAGE)
Selection performed on ORIGINAL LemonTree scores before normalization
================================================================================

Processing TFs regulators (TFs)...
Max random score across all modules:
2.290075
2 remain for module 0 with a cutoff of 2.0 > random
7 remain for module 1 with a cutoff of 2.0 > random
6 remain for module 2 with a cutoff of 2.0 > random
10 remain for module 3 with a cutoff of 2.0 > random
6 remain for module 4 with a cutoff of 2.0 > random
3 remain for module 5 with a cutoff of 2.0 > random
15 remain for module 6 with a cutoff of 2.0 > random
14 remain for module 7 with a cutoff of 2.0 > random
3 remain for module 8 with a cutoff of 2.0 > random
10 remain for module 9 with a cutoff of 2.0 > random
11 remain for module 10 with a cutoff of 2.0 > random
8 remain for module 11 with a cutoff of 2.0 > random
6 remain for module 12 with a cutoff of 2.0 > random
8 remain for module 13 with a cutoff of 2.0 > random
11 remain for module 14 with a cutoff of 2.0 > random
8 remain for module 15 with a cutoff of 2.0 > random
11 remain for module 16 with a cutoff of 2.0 > random
13 remain for module 17 with a cutoff of 2.0 > random
1 remain for module 18 with a cutoff of 2.0 > random
10 remain for module 19 with a cutoff of 2.0 > random
7 remain for module 20 with a cutoff of 2.0 > random
10 remain for module 21 with a cutoff of 2.0 > random
9 remain for module 22 with a cutoff of 2.0 > random
8 remain for module 23 with a cutoff of 2.0 > random
6 remain for module 24 with a cutoff of 2.0 > random
9 remain for module 25 with a cutoff of 2.0 > random
9 remain for module 26 with a cutoff of 2.0 > random
13 remain for module 27 with a cutoff of 2.0 > random
9 remain for module 28 with a cutoff of 2.0 > random
5 remain for module 29 with a cutoff of 2.0 > random
11 remain for module 30 with a cutoff of 2.0 > random
9 remain for module 31 with a cutoff of 2.0 > random
9 remain for module 32 with a cutoff of 2.0 > random
6 remain for module 33 with a cutoff of 2.0 > random
10 remain for module 34 with a cutoff of 2.0 > random
9 remain for module 35 with a cutoff of 2.0 > random
8 remain for module 36 with a cutoff of 2.0 > random
6 remain for module 37 with a cutoff of 2.0 > random
10 remain for module 38 with a cutoff of 2.0 > random
6 remain for module 39 with a cutoff of 2.0 > random
5 remain for module 40 with a cutoff of 2.0 > random
10 remain for module 41 with a cutoff of 2.0 > random
6 remain for module 42 with a cutoff of 2.0 > random
9 remain for module 43 with a cutoff of 2.0 > random
11 remain for module 44 with a cutoff of 2.0 > random
8 remain for module 45 with a cutoff of 2.0 > random
13 remain for module 46 with a cutoff of 2.0 > random
4 remain for module 47 with a cutoff of 2.0 > random
6 remain for module 48 with a cutoff of 2.0 > random
13 remain for module 49 with a cutoff of 2.0 > random
8 remain for module 50 with a cutoff of 2.0 > random
9 remain for module 51 with a cutoff of 2.0 > random
5 remain for module 52 with a cutoff of 2.0 > random
10 remain for module 53 with a cutoff of 2.0 > random
14 remain for module 54 with a cutoff of 2.0 > random
8 remain for module 55 with a cutoff of 2.0 > random
8 remain for module 56 with a cutoff of 2.0 > random
6 remain for module 57 with a cutoff of 2.0 > random
6 remain for module 58 with a cutoff of 2.0 > random
8 remain for module 59 with a cutoff of 2.0 > random
9 remain for module 60 with a cutoff of 2.0 > random
10 remain for module 61 with a cutoff of 2.0 > random
12 remain for module 62 with a cutoff of 2.0 > random
9 remain for module 63 with a cutoff of 2.0 > random
9 remain for module 64 with a cutoff of 2.0 > random
7 remain for module 65 with a cutoff of 2.0 > random
14 remain for module 66 with a cutoff of 2.0 > random
8 remain for module 67 with a cutoff of 2.0 > random
5 remain for module 68 with a cutoff of 2.0 > random
8 remain for module 69 with a cutoff of 2.0 > random
3 remain for module 70 with a cutoff of 2.0 > random
16 remain for module 71 with a cutoff of 2.0 > random
7 remain for module 72 with a cutoff of 2.0 > random
3 remain for module 73 with a cutoff of 2.0 > random
4 remain for module 74 with a cutoff of 2.0 > random
10 remain for module 75 with a cutoff of 2.0 > random
7 remain for module 76 with a cutoff of 2.0 > random
12 remain for module 77 with a cutoff of 2.0 > random
13 remain for module 78 with a cutoff of 2.0 > random
14 remain for module 79 with a cutoff of 2.0 > random
11 remain for module 80 with a cutoff of 2.0 > random
5 remain for module 81 with a cutoff of 2.0 > random
1 remain for module 82 with a cutoff of 2.0 > random
10 remain for module 83 with a cutoff of 2.0 > random
8 remain for module 84 with a cutoff of 2.0 > random
12 remain for module 85 with a cutoff of 2.0 > random
8 remain for module 86 with a cutoff of 2.0 > random
7 remain for module 87 with a cutoff of 2.0 > random
6 remain for module 88 with a cutoff of 2.0 > random
5 remain for module 89 with a cutoff of 2.0 > random
6 remain for module 90 with a cutoff of 2.0 > random
4 remain for module 91 with a cutoff of 2.0 > random
10 remain for module 92 with a cutoff of 2.0 > random
5 remain for module 93 with a cutoff of 2.0 > random
8 remain for module 94 with a cutoff of 2.0 > random
8 remain for module 95 with a cutoff of 2.0 > random
3 remain for module 96 with a cutoff of 2.0 > random
10 remain for module 97 with a cutoff of 2.0 > random
9 remain for module 98 with a cutoff of 2.0 > random
5 remain for module 99 with a cutoff of 2.0 > random
3 remain for module 100 with a cutoff of 2.0 > random
10 remain for module 101 with a cutoff of 2.0 > random
12 remain for module 102 with a cutoff of 2.0 > random
7 remain for module 103 with a cutoff of 2.0 > random
Processing ./Lemon_out/TFs.top2.0pct.txt: 4 columns
Written 104 clusters to ./ModuleViewer_files/TFs.selected_regs_list.txt
Warning: Could not create distribution plot for ./ModuleViewer_files/TFs.selected_regs_list.txt: [Errno 2] No such file or directory: './ModuleViewer_files/./ModuleViewer_files/TFs.selected_regs_list.txt'

Processing Metabolites regulators (Metabolites)...
Max random score across all modules:
7.240229
1 remain for module 0 with a cutoff of 2.0 > random
1 remain for module 1 with a cutoff of 2.0 > random
3 remain for module 2 with a cutoff of 2.0 > random
1 remain for module 3 with a cutoff of 2.0 > random
2 remain for module 4 with a cutoff of 2.0 > random
3 remain for module 5 with a cutoff of 2.0 > random
3 remain for module 6 with a cutoff of 2.0 > random
6 remain for module 7 with a cutoff of 2.0 > random
2 remain for module 8 with a cutoff of 2.0 > random
2 remain for module 9 with a cutoff of 2.0 > random
1 remain for module 10 with a cutoff of 2.0 > random
3 remain for module 11 with a cutoff of 2.0 > random
3 remain for module 12 with a cutoff of 2.0 > random
5 remain for module 13 with a cutoff of 2.0 > random
2 remain for module 14 with a cutoff of 2.0 > random
4 remain for module 15 with a cutoff of 2.0 > random
3 remain for module 16 with a cutoff of 2.0 > random
3 remain for module 17 with a cutoff of 2.0 > random
2 remain for module 18 with a cutoff of 2.0 > random
3 remain for module 19 with a cutoff of 2.0 > random
3 remain for module 20 with a cutoff of 2.0 > random
1 remain for module 21 with a cutoff of 2.0 > random
4 remain for module 22 with a cutoff of 2.0 > random
5 remain for module 23 with a cutoff of 2.0 > random
1 remain for module 24 with a cutoff of 2.0 > random
2 remain for module 25 with a cutoff of 2.0 > random
1 remain for module 27 with a cutoff of 2.0 > random
6 remain for module 28 with a cutoff of 2.0 > random
1 remain for module 29 with a cutoff of 2.0 > random
2 remain for module 31 with a cutoff of 2.0 > random
2 remain for module 32 with a cutoff of 2.0 > random
2 remain for module 33 with a cutoff of 2.0 > random
3 remain for module 34 with a cutoff of 2.0 > random
3 remain for module 35 with a cutoff of 2.0 > random
4 remain for module 36 with a cutoff of 2.0 > random
1 remain for module 37 with a cutoff of 2.0 > random
2 remain for module 38 with a cutoff of 2.0 > random
2 remain for module 39 with a cutoff of 2.0 > random
1 remain for module 40 with a cutoff of 2.0 > random
2 remain for module 41 with a cutoff of 2.0 > random
2 remain for module 42 with a cutoff of 2.0 > random
3 remain for module 43 with a cutoff of 2.0 > random
3 remain for module 44 with a cutoff of 2.0 > random
3 remain for module 45 with a cutoff of 2.0 > random
1 remain for module 46 with a cutoff of 2.0 > random
2 remain for module 47 with a cutoff of 2.0 > random
1 remain for module 48 with a cutoff of 2.0 > random
3 remain for module 49 with a cutoff of 2.0 > random
2 remain for module 50 with a cutoff of 2.0 > random
3 remain for module 51 with a cutoff of 2.0 > random
4 remain for module 52 with a cutoff of 2.0 > random
3 remain for module 53 with a cutoff of 2.0 > random
4 remain for module 54 with a cutoff of 2.0 > random
1 remain for module 55 with a cutoff of 2.0 > random
5 remain for module 56 with a cutoff of 2.0 > random
3 remain for module 57 with a cutoff of 2.0 > random
3 remain for module 60 with a cutoff of 2.0 > random
3 remain for module 61 with a cutoff of 2.0 > random
1 remain for module 62 with a cutoff of 2.0 > random
2 remain for module 63 with a cutoff of 2.0 > random
2 remain for module 64 with a cutoff of 2.0 > random
1 remain for module 65 with a cutoff of 2.0 > random
3 remain for module 66 with a cutoff of 2.0 > random
3 remain for module 67 with a cutoff of 2.0 > random
4 remain for module 68 with a cutoff of 2.0 > random
2 remain for module 69 with a cutoff of 2.0 > random
4 remain for module 70 with a cutoff of 2.0 > random
2 remain for module 71 with a cutoff of 2.0 > random
4 remain for module 72 with a cutoff of 2.0 > random
1 remain for module 73 with a cutoff of 2.0 > random
5 remain for module 75 with a cutoff of 2.0 > random
2 remain for module 76 with a cutoff of 2.0 > random
1 remain for module 77 with a cutoff of 2.0 > random
2 remain for module 78 with a cutoff of 2.0 > random
3 remain for module 79 with a cutoff of 2.0 > random
2 remain for module 80 with a cutoff of 2.0 > random
3 remain for module 81 with a cutoff of 2.0 > random
1 remain for module 82 with a cutoff of 2.0 > random
5 remain for module 85 with a cutoff of 2.0 > random
1 remain for module 86 with a cutoff of 2.0 > random
3 remain for module 87 with a cutoff of 2.0 > random
2 remain for module 88 with a cutoff of 2.0 > random
1 remain for module 89 with a cutoff of 2.0 > random
3 remain for module 90 with a cutoff of 2.0 > random
3 remain for module 91 with a cutoff of 2.0 > random
2 remain for module 92 with a cutoff of 2.0 > random
3 remain for module 93 with a cutoff of 2.0 > random
2 remain for module 94 with a cutoff of 2.0 > random
1 remain for module 95 with a cutoff of 2.0 > random
1 remain for module 96 with a cutoff of 2.0 > random
1 remain for module 98 with a cutoff of 2.0 > random
1 remain for module 99 with a cutoff of 2.0 > random
2 remain for module 100 with a cutoff of 2.0 > random
1 remain for module 101 with a cutoff of 2.0 > random
2 remain for module 102 with a cutoff of 2.0 > random
1 remain for module 103 with a cutoff of 2.0 > random
Processing ./Lemon_out/Metabolites.top2.0pct.txt: 4 columns
Written 96 clusters to ./ModuleViewer_files/Metabolites.selected_regs_list.txt
Warning: Could not create distribution plot for ./ModuleViewer_files/Metabolites.selected_regs_list.txt: [Errno 2] No such file or directory: './ModuleViewer_files/./ModuleViewer_files/Metabolites.selected_regs_list.txt'

================================================================================
STEP 3: NORMALIZING SELECTED REGULATOR SCORES (SUM NORMALIZATION)
Global sum normalization divides scores by the TOTAL sum of selected regulator scores,
then scales by 100 to make numbers more interpretable
Normalized scores OVERWRITE original selection files for downstream use
================================================================================

Normalizing selected TFs regulators (TFs)...
  Normalized 852 selected regulator-module pairs
  Original range: [3.5793, 201.6367]
  Original sum (all modules): 12642.0993
  Normalized sum (all modules): 1000.0000 (scaled to sum=1000 across all modules)
  Normalized range: [0.283126, 15.949624]
  Note: Scores now sum to ~100 across all modules (global normalization and scaling)
  Overwritten: ./Lemon_out/TFs.top2.0pct.txt

Normalizing selected Metabolites regulators (Metabolites)...
  Normalized 233 selected regulator-module pairs
  Original range: [11.8375, 97.3190]
  Original sum (all modules): 5307.5937
  Normalized sum (all modules): 1000.0000 (scaled to sum=1000 across all modules)
  Normalized range: [2.230304, 18.335800]
  Note: Scores now sum to ~100 across all modules (global normalization and scaling)
  Overwritten: ./Lemon_out/Metabolites.top2.0pct.txt

================================================================================
STEP 4: Creating list files and distribution plots
================================================================================

================================================================================
STEP 5: Creating cluster list files
================================================================================
Processing ./Lemon_out/tight_clusters.txt: 2 columns
Written 104 clusters to ./ModuleViewer_files/clusters_list.txt
  Copied selected regulator scores: ./ModuleViewer_files/TFs.selected_regulators_scores.txt
  Copied selected regulator scores: ./ModuleViewer_files/Metabolites.selected_regulators_scores.txt

================================================================================
STEP 6: Loading module-gene mappings
================================================================================
Found 104 modules

================================================================================
STEP 7: Calculating module coherence
================================================================================
Loaded expression data: (3227, 76)
Calculating module coherence scores...
Error processing module 22: Input X contains NaN.
PCA does not accept missing values encoded as NaN natively. For supervised learning, you might want to consider sklearn.ensemble.HistGradientBoostingClassifier and Regressor which accept missing values encoded as NaNs natively. Alternatively, it is possible to preprocess the data, for instance by using an imputer transformer in a pipeline or drop samples with missing values. See https://scikit-learn.org/stable/modules/impute.html You can find a list of all estimators that handle NaN values at the following page: https://scikit-learn.org/stable/modules/impute.html#estimators-that-handle-nan-values
Error processing module 31: Input X contains NaN.
PCA does not accept missing values encoded as NaN natively. For supervised learning, you might want to consider sklearn.ensemble.HistGradientBoostingClassifier and Regressor which accept missing values encoded as NaNs natively. Alternatively, it is possible to preprocess the data, for instance by using an imputer transformer in a pipeline or drop samples with missing values. See https://scikit-learn.org/stable/modules/impute.html You can find a list of all estimators that handle NaN values at the following page: https://scikit-learn.org/stable/modules/impute.html#estimators-that-handle-nan-values
Error processing module 35: Input X contains NaN.
PCA does not accept missing values encoded as NaN natively. For supervised learning, you might want to consider sklearn.ensemble.HistGradientBoostingClassifier and Regressor which accept missing values encoded as NaNs natively. Alternatively, it is possible to preprocess the data, for instance by using an imputer transformer in a pipeline or drop samples with missing values. See https://scikit-learn.org/stable/modules/impute.html You can find a list of all estimators that handle NaN values at the following page: https://scikit-learn.org/stable/modules/impute.html#estimators-that-handle-nan-values
Error processing module 48: Input X contains NaN.
PCA does not accept missing values encoded as NaN natively. For supervised learning, you might want to consider sklearn.ensemble.HistGradientBoostingClassifier and Regressor which accept missing values encoded as NaNs natively. Alternatively, it is possible to preprocess the data, for instance by using an imputer transformer in a pipeline or drop samples with missing values. See https://scikit-learn.org/stable/modules/impute.html You can find a list of all estimators that handle NaN values at the following page: https://scikit-learn.org/stable/modules/impute.html#estimators-that-handle-nan-values
Module 54: Low coherence (0.489 < 0.5), marking for removal
Error processing module 56: Input X contains NaN.
PCA does not accept missing values encoded as NaN natively. For supervised learning, you might want to consider sklearn.ensemble.HistGradientBoostingClassifier and Regressor which accept missing values encoded as NaNs natively. Alternatively, it is possible to preprocess the data, for instance by using an imputer transformer in a pipeline or drop samples with missing values. See https://scikit-learn.org/stable/modules/impute.html You can find a list of all estimators that handle NaN values at the following page: https://scikit-learn.org/stable/modules/impute.html#estimators-that-handle-nan-values
Error processing module 60: Input X contains NaN.
PCA does not accept missing values encoded as NaN natively. For supervised learning, you might want to consider sklearn.ensemble.HistGradientBoostingClassifier and Regressor which accept missing values encoded as NaNs natively. Alternatively, it is possible to preprocess the data, for instance by using an imputer transformer in a pipeline or drop samples with missing values. See https://scikit-learn.org/stable/modules/impute.html You can find a list of all estimators that handle NaN values at the following page: https://scikit-learn.org/stable/modules/impute.html#estimators-that-handle-nan-values
Module 62: Low coherence (0.358 < 0.5), marking for removal
Module 64: Low coherence (0.475 < 0.5), marking for removal
Module 66: Low coherence (0.446 < 0.5), marking for removal
Error processing module 69: Input X contains NaN.
PCA does not accept missing values encoded as NaN natively. For supervised learning, you might want to consider sklearn.ensemble.HistGradientBoostingClassifier and Regressor which accept missing values encoded as NaNs natively. Alternatively, it is possible to preprocess the data, for instance by using an imputer transformer in a pipeline or drop samples with missing values. See https://scikit-learn.org/stable/modules/impute.html You can find a list of all estimators that handle NaN values at the following page: https://scikit-learn.org/stable/modules/impute.html#estimators-that-handle-nan-values
Error processing module 75: Input X contains NaN.
PCA does not accept missing values encoded as NaN natively. For supervised learning, you might want to consider sklearn.ensemble.HistGradientBoostingClassifier and Regressor which accept missing values encoded as NaNs natively. Alternatively, it is possible to preprocess the data, for instance by using an imputer transformer in a pipeline or drop samples with missing values. See https://scikit-learn.org/stable/modules/impute.html You can find a list of all estimators that handle NaN values at the following page: https://scikit-learn.org/stable/modules/impute.html#estimators-that-handle-nan-values
Error processing module 76: Input X contains NaN.
PCA does not accept missing values encoded as NaN natively. For supervised learning, you might want to consider sklearn.ensemble.HistGradientBoostingClassifier and Regressor which accept missing values encoded as NaNs natively. Alternatively, it is possible to preprocess the data, for instance by using an imputer transformer in a pipeline or drop samples with missing values. See https://scikit-learn.org/stable/modules/impute.html You can find a list of all estimators that handle NaN values at the following page: https://scikit-learn.org/stable/modules/impute.html#estimators-that-handle-nan-values
Error processing module 77: Input X contains NaN.
PCA does not accept missing values encoded as NaN natively. For supervised learning, you might want to consider sklearn.ensemble.HistGradientBoostingClassifier and Regressor which accept missing values encoded as NaNs natively. Alternatively, it is possible to preprocess the data, for instance by using an imputer transformer in a pipeline or drop samples with missing values. See https://scikit-learn.org/stable/modules/impute.html You can find a list of all estimators that handle NaN values at the following page: https://scikit-learn.org/stable/modules/impute.html#estimators-that-handle-nan-values
Error processing module 79: Input X contains NaN.
PCA does not accept missing values encoded as NaN natively. For supervised learning, you might want to consider sklearn.ensemble.HistGradientBoostingClassifier and Regressor which accept missing values encoded as NaNs natively. Alternatively, it is possible to preprocess the data, for instance by using an imputer transformer in a pipeline or drop samples with missing values. See https://scikit-learn.org/stable/modules/impute.html You can find a list of all estimators that handle NaN values at the following page: https://scikit-learn.org/stable/modules/impute.html#estimators-that-handle-nan-values
Error processing module 80: Input X contains NaN.
PCA does not accept missing values encoded as NaN natively. For supervised learning, you might want to consider sklearn.ensemble.HistGradientBoostingClassifier and Regressor which accept missing values encoded as NaNs natively. Alternatively, it is possible to preprocess the data, for instance by using an imputer transformer in a pipeline or drop samples with missing values. See https://scikit-learn.org/stable/modules/impute.html You can find a list of all estimators that handle NaN values at the following page: https://scikit-learn.org/stable/modules/impute.html#estimators-that-handle-nan-values
Module 84: Low coherence (0.450 < 0.5), marking for removal
Error processing module 85: Input X contains NaN.
PCA does not accept missing values encoded as NaN natively. For supervised learning, you might want to consider sklearn.ensemble.HistGradientBoostingClassifier and Regressor which accept missing values encoded as NaNs natively. Alternatively, it is possible to preprocess the data, for instance by using an imputer transformer in a pipeline or drop samples with missing values. See https://scikit-learn.org/stable/modules/impute.html You can find a list of all estimators that handle NaN values at the following page: https://scikit-learn.org/stable/modules/impute.html#estimators-that-handle-nan-values
Error processing module 87: Input X contains NaN.
PCA does not accept missing values encoded as NaN natively. For supervised learning, you might want to consider sklearn.ensemble.HistGradientBoostingClassifier and Regressor which accept missing values encoded as NaNs natively. Alternatively, it is possible to preprocess the data, for instance by using an imputer transformer in a pipeline or drop samples with missing values. See https://scikit-learn.org/stable/modules/impute.html You can find a list of all estimators that handle NaN values at the following page: https://scikit-learn.org/stable/modules/impute.html#estimators-that-handle-nan-values
Error processing module 88: Input X contains NaN.
PCA does not accept missing values encoded as NaN natively. For supervised learning, you might want to consider sklearn.ensemble.HistGradientBoostingClassifier and Regressor which accept missing values encoded as NaNs natively. Alternatively, it is possible to preprocess the data, for instance by using an imputer transformer in a pipeline or drop samples with missing values. See https://scikit-learn.org/stable/modules/impute.html You can find a list of all estimators that handle NaN values at the following page: https://scikit-learn.org/stable/modules/impute.html#estimators-that-handle-nan-values
Error processing module 91: Input X contains NaN.
PCA does not accept missing values encoded as NaN natively. For supervised learning, you might want to consider sklearn.ensemble.HistGradientBoostingClassifier and Regressor which accept missing values encoded as NaNs natively. Alternatively, it is possible to preprocess the data, for instance by using an imputer transformer in a pipeline or drop samples with missing values. See https://scikit-learn.org/stable/modules/impute.html You can find a list of all estimators that handle NaN values at the following page: https://scikit-learn.org/stable/modules/impute.html#estimators-that-handle-nan-values
Error processing module 92: Input X contains NaN.
PCA does not accept missing values encoded as NaN natively. For supervised learning, you might want to consider sklearn.ensemble.HistGradientBoostingClassifier and Regressor which accept missing values encoded as NaNs natively. Alternatively, it is possible to preprocess the data, for instance by using an imputer transformer in a pipeline or drop samples with missing values. See https://scikit-learn.org/stable/modules/impute.html You can find a list of all estimators that handle NaN values at the following page: https://scikit-learn.org/stable/modules/impute.html#estimators-that-handle-nan-values
Error processing module 93: Input X contains NaN.
PCA does not accept missing values encoded as NaN natively. For supervised learning, you might want to consider sklearn.ensemble.HistGradientBoostingClassifier and Regressor which accept missing values encoded as NaNs natively. Alternatively, it is possible to preprocess the data, for instance by using an imputer transformer in a pipeline or drop samples with missing values. See https://scikit-learn.org/stable/modules/impute.html You can find a list of all estimators that handle NaN values at the following page: https://scikit-learn.org/stable/modules/impute.html#estimators-that-handle-nan-values
Error processing module 94: Input X contains NaN.
PCA does not accept missing values encoded as NaN natively. For supervised learning, you might want to consider sklearn.ensemble.HistGradientBoostingClassifier and Regressor which accept missing values encoded as NaNs natively. Alternatively, it is possible to preprocess the data, for instance by using an imputer transformer in a pipeline or drop samples with missing values. See https://scikit-learn.org/stable/modules/impute.html You can find a list of all estimators that handle NaN values at the following page: https://scikit-learn.org/stable/modules/impute.html#estimators-that-handle-nan-values
Error processing module 97: Input X contains NaN.
PCA does not accept missing values encoded as NaN natively. For supervised learning, you might want to consider sklearn.ensemble.HistGradientBoostingClassifier and Regressor which accept missing values encoded as NaNs natively. Alternatively, it is possible to preprocess the data, for instance by using an imputer transformer in a pipeline or drop samples with missing values. See https://scikit-learn.org/stable/modules/impute.html You can find a list of all estimators that handle NaN values at the following page: https://scikit-learn.org/stable/modules/impute.html#estimators-that-handle-nan-values
Error processing module 98: Input X contains NaN.
PCA does not accept missing values encoded as NaN natively. For supervised learning, you might want to consider sklearn.ensemble.HistGradientBoostingClassifier and Regressor which accept missing values encoded as NaNs natively. Alternatively, it is possible to preprocess the data, for instance by using an imputer transformer in a pipeline or drop samples with missing values. See https://scikit-learn.org/stable/modules/impute.html You can find a list of all estimators that handle NaN values at the following page: https://scikit-learn.org/stable/modules/impute.html#estimators-that-handle-nan-values
Module 99: Low coherence (0.461 < 0.5), marking for removal
Error processing module 100: Input X contains NaN.
PCA does not accept missing values encoded as NaN natively. For supervised learning, you might want to consider sklearn.ensemble.HistGradientBoostingClassifier and Regressor which accept missing values encoded as NaNs natively. Alternatively, it is possible to preprocess the data, for instance by using an imputer transformer in a pipeline or drop samples with missing values. See https://scikit-learn.org/stable/modules/impute.html You can find a list of all estimators that handle NaN values at the following page: https://scikit-learn.org/stable/modules/impute.html#estimators-that-handle-nan-values
Error processing module 102: Input X contains NaN.
PCA does not accept missing values encoded as NaN natively. For supervised learning, you might want to consider sklearn.ensemble.HistGradientBoostingClassifier and Regressor which accept missing values encoded as NaNs natively. Alternatively, it is possible to preprocess the data, for instance by using an imputer transformer in a pipeline or drop samples with missing values. See https://scikit-learn.org/stable/modules/impute.html You can find a list of all estimators that handle NaN values at the following page: https://scikit-learn.org/stable/modules/impute.html#estimators-that-handle-nan-values
Original number of modules: 104
Modules after coherence filtering: 75
Saved coherence scores to: ./Networks/Module_coherence_scores.txt
   Module  coherence_score
0      81         0.914808
1      18         0.887768
2      82         0.884906
3      83         0.864377
4      68         0.861704
..    ...              ...
70     46         0.549750
71     53         0.537381
72     16         0.509588
73     74         0.507860
74     59         0.500704

[75 rows x 2 columns]

================================================================================
STEP 9: Defining modules for network construction
================================================================================
75 modules in specific_modules
================================================================================
SUMMARY OF MODULE FILTERING AND PRIORITIZATION
================================================================================
Original number of modules: 104
Modules removed due to low coherence (< 0.5): 29
Modules remaining after coherence filtering: 75

Prioritization method: Module coherence scores
All coherence-filtered modules used for network construction: 75

Final network will be built using 75 modules
Coherence threshold used: 0.5
Regulator selection method: percentage
Method suffix: top2.0pct

IMPORTANT: No modules are removed based on expression significance.
Modules are only filtered by coherence, then ordered by coherence scores.
================================================================================

================================================================================
STEP 11: Building regulatory network
================================================================================
Building network for 75 selected modules
Modules to keep: ['81', '18', '82', '83', '68', '0', '89', '8', '71', '5']...
Network saved to: ./Networks/LemonNetwork_top2.0pct_75modules.txt
The network contains 2197 unique genes.
The network contains 384 unique TFs regulators.
The network contains 63 unique Metabolites regulators.

================================================================================
STEP 12: Creating regulator-target mappings
================================================================================
  TFs: 384 regulators
  Metabolites: 63 regulators
  TFs: 384 regulators -> ./Networks/TFs2targets_top2.0pct_75_modules.txt
  Metabolites: 63 regulators -> ./Networks/Metabolites2targets_top2.0pct_75_modules.txt

================================================================================
STEP 13: Creating ranked regulator files
================================================================================
  Top TFs regulators:
    Regulator      Score  N_modules  N_targets                    Modules                                            Targets
114     MYT1L  50.948288       10.0      523.0  0|1|2|5|13|15|21|47|49|57  CELF4|CAMK2A|MTUS2|CRYM|PSD|SLC30A3|MPPED1|PHY...
47      FOXJ1  36.044681        4.0      123.0                 8|36|70|96  SLC9C2|DCDC1|CFAP54|RSPH4A|DNAH6|ANKRD45|NEK5|...
71      IKZF3  31.673565        2.0       53.0                      18|82  CD52|IKZF3|CD8A|SLAMF6|CD27|TIGIT|IL2RB|SLAMF7...
70      IKZF1  16.614916        2.0       42.0                      24|89  SCIN|CEBPA|HAMP|PRR15|IRF8|CLEC17A|CD69|IRF5|C...
112      MYRF  14.154394        4.0      166.0                13|38|40|57  TMEM144|ASPA|CTNNA3|CMTM5|TRPV6|ASB4|ENPP2|S10...
  Saved: ./Networks/Network_top2.0pct_75_modules_TFs_ranked_regulators.txt
  Top Metabolites regulators:
                 Regulator  ...                                            Targets
0   2_hydroxyglutaric_acid  ...  ESM1|STRA6|MMP11|FOXC1|RFX8|ITGA8|COL12A1|COL1...
44              creatinine  ...  CELF4|CAMK2A|MTUS2|CRYM|PSD|SLC30A3|MPPED1|PHY...
50            homocysteine  ...  CSPG5|MAP2|CADM2|FAM181B|ELAVL3|SOX8|THSD7A|OL...
53            myo_inositol  ...  LILRA6|SLC16A10|CCL2|IL1B|GPR84|LILRA5|SLC39A8...
60           pyrophosphate  ...  TCEAL2|NUDT10|NALCN|SLC44A5|GABRQ|MCF2L2|VAT1L...

[5 rows x 6 columns]
  Saved: ./Networks/Network_top2.0pct_75_modules_Metabolites_ranked_regulators.txt

================================================================================
STEP 14: Creating Cytoscape network files
================================================================================
Creating Cytoscape files for 75 modules: [81, 18, 82, 83, 68, 0, 89, 8, 71, 5]...
TFs regulators: 592 interactions for filtered modules
Metabolites regulators: 164 interactions for filtered modules
Created Cytoscape files for 447 regulators and 75 modules

================================================================================
STEP 15: Creating filtered distribution plots
================================================================================
Saved plot for 384 unique regulators
Saved plot for 63 unique regulators

================================================================================
Network generation completed successfully for run: 2000HVG_coherence0.5_top2.0pct_clusters5
================================================================================

